<!doctype html public "-//w3c//dtd html 4.0 transitional//en">
<html><head>
<title>Static Call Graph - [.\FLASH\MDR_200W.axf]</title></head>
<body><HR>
<H1>Static Call Graph for image .\FLASH\MDR_200W.axf</H1><HR>
<BR><P>#&#060CALLGRAPH&#062# ARM Linker, 5.03 [Build 76]: Last Updated: Sun Feb 02 19:11:37 2014
<BR><P>
<H3>Maximum Stack Usage =        424 bytes + Unknown(Functions without stacksize, Cycles, Untraceable Function Pointers)</H3><H3>
Call chain for Maximum Stack Depth:</H3>
vTaskUARTReceiver &rArr; UART_sendStrAlloc &rArr; xQueueGenericSend &rArr; xTaskResumeAll &rArr; xTaskIncrementTick &rArr; vApplicationTickHook &rArr; xQueueGenericSendFromISR &rArr; xTaskRemoveFromEventList
<P>
<H3>
Functions with no stack information
</H3><UL>
 <LI><a href="#[40]">__user_initial_stackheap</a>
</UL>
</UL>
<P>
<H3>
Mutually Recursive functions
</H3> <LI><a href="#[5]">NMI_Handler</a>&nbsp;&nbsp;&nbsp;&rArr;&nbsp;&nbsp;&nbsp;<a href="#[5]">NMI_Handler</a><BR>
 <LI><a href="#[7]">MemManage_Handler</a>&nbsp;&nbsp;&nbsp;&rArr;&nbsp;&nbsp;&nbsp;<a href="#[7]">MemManage_Handler</a><BR>
 <LI><a href="#[8]">BusFault_Handler</a>&nbsp;&nbsp;&nbsp;&rArr;&nbsp;&nbsp;&nbsp;<a href="#[8]">BusFault_Handler</a><BR>
 <LI><a href="#[9]">UsageFault_Handler</a>&nbsp;&nbsp;&nbsp;&rArr;&nbsp;&nbsp;&nbsp;<a href="#[9]">UsageFault_Handler</a><BR>
 <LI><a href="#[b]">DebugMon_Handler</a>&nbsp;&nbsp;&nbsp;&rArr;&nbsp;&nbsp;&nbsp;<a href="#[b]">DebugMon_Handler</a><BR>
 <LI><a href="#[1b]">ADC_IRQHandler</a>&nbsp;&nbsp;&nbsp;&rArr;&nbsp;&nbsp;&nbsp;<a href="#[1b]">ADC_IRQHandler</a><BR>
</UL>
<P>
<H3>
Function Pointers
</H3><UL>
 <LI><a href="#[1b]">ADC_IRQHandler</a> from startup_mdr32f9x.o(.text) referenced from startup_mdr32f9x.o(RESET)
 <LI><a href="#[1e]">BACKUP_IRQHandler</a> from startup_mdr32f9x.o(.text) referenced from startup_mdr32f9x.o(RESET)
 <LI><a href="#[8]">BusFault_Handler</a> from startup_mdr32f9x.o(.text) referenced from startup_mdr32f9x.o(RESET)
 <LI><a href="#[e]">CAN1_IRQHandler</a> from startup_mdr32f9x.o(.text) referenced from startup_mdr32f9x.o(RESET)
 <LI><a href="#[f]">CAN2_IRQHandler</a> from startup_mdr32f9x.o(.text) referenced from startup_mdr32f9x.o(RESET)
 <LI><a href="#[1c]">COMPARATOR_IRQHandler</a> from startup_mdr32f9x.o(.text) referenced from startup_mdr32f9x.o(RESET)
 <LI><a href="#[11]">DMA_IRQHandler</a> from uart.o(.text) referenced from startup_mdr32f9x.o(RESET)
 <LI><a href="#[b]">DebugMon_Handler</a> from startup_mdr32f9x.o(.text) referenced from startup_mdr32f9x.o(RESET)
 <LI><a href="#[1f]">EXT_INT1_IRQHandler</a> from startup_mdr32f9x.o(.text) referenced from startup_mdr32f9x.o(RESET)
 <LI><a href="#[20]">EXT_INT2_IRQHandler</a> from startup_mdr32f9x.o(.text) referenced from startup_mdr32f9x.o(RESET)
 <LI><a href="#[21]">EXT_INT3_IRQHandler</a> from startup_mdr32f9x.o(.text) referenced from startup_mdr32f9x.o(RESET)
 <LI><a href="#[22]">EXT_INT4_IRQHandler</a> from startup_mdr32f9x.o(.text) referenced from startup_mdr32f9x.o(RESET)
 <LI><a href="#[6]">HardFault_Handler</a> from startup_mdr32f9x.o(.text) referenced from startup_mdr32f9x.o(RESET)
 <LI><a href="#[15]">I2C_IRQHandler</a> from startup_mdr32f9x.o(.text) referenced from startup_mdr32f9x.o(RESET)
 <LI><a href="#[7]">MemManage_Handler</a> from startup_mdr32f9x.o(.text) referenced from startup_mdr32f9x.o(RESET)
 <LI><a href="#[5]">NMI_Handler</a> from startup_mdr32f9x.o(.text) referenced from startup_mdr32f9x.o(RESET)
 <LI><a href="#[16]">POWER_IRQHandler</a> from startup_mdr32f9x.o(.text) referenced from startup_mdr32f9x.o(RESET)
 <LI><a href="#[c]">PendSV_Handler</a> from port.o(.emb_text) referenced from startup_mdr32f9x.o(RESET)
 <LI><a href="#[3e]">Reset_Handler</a> from startup_mdr32f9x.o(.text) referenced from startup_mdr32f9x.o(RESET)
 <LI><a href="#[14]">SSP1_IRQHandler</a> from startup_mdr32f9x.o(.text) referenced from startup_mdr32f9x.o(RESET)
 <LI><a href="#[1d]">SSP2_IRQHandler</a> from startup_mdr32f9x.o(.text) referenced from startup_mdr32f9x.o(RESET)
 <LI><a href="#[a]">SVC_Handler</a> from port.o(.emb_text) referenced from startup_mdr32f9x.o(RESET)
 <LI><a href="#[d]">SysTick_Handler</a> from port.o(.text) referenced from startup_mdr32f9x.o(RESET)
 <LI><a href="#[23]">SystemInit</a> from system_mdr32f9qx.o(.text) referenced from startup_mdr32f9x.o(.text)
 <LI><a href="#[18]">Timer1_IRQHandler</a> from startup_mdr32f9x.o(.text) referenced from startup_mdr32f9x.o(RESET)
 <LI><a href="#[19]">Timer2_IRQHandler</a> from systick.o(.text) referenced from startup_mdr32f9x.o(RESET)
 <LI><a href="#[1a]">Timer3_IRQHandler</a> from startup_mdr32f9x.o(.text) referenced from startup_mdr32f9x.o(RESET)
 <LI><a href="#[12]">UART1_IRQHandler</a> from startup_mdr32f9x.o(.text) referenced from startup_mdr32f9x.o(RESET)
 <LI><a href="#[13]">UART2_IRQHandler</a> from startup_mdr32f9x.o(.text) referenced from startup_mdr32f9x.o(RESET)
 <LI><a href="#[10]">USB_IRQHandler</a> from startup_mdr32f9x.o(.text) referenced from startup_mdr32f9x.o(RESET)
 <LI><a href="#[9]">UsageFault_Handler</a> from startup_mdr32f9x.o(.text) referenced from startup_mdr32f9x.o(RESET)
 <LI><a href="#[17]">WWDG_IRQHandler</a> from startup_mdr32f9x.o(.text) referenced from startup_mdr32f9x.o(RESET)
 <LI><a href="#[3f]">__main</a> from __main.o(!!!main) referenced from startup_mdr32f9x.o(.text)
 <LI><a href="#[3c]">_get_lc_ctype</a> from lc_ctype_c.o(locale$$code) referenced from rt_ctype_table.o(.text)
 <LI><a href="#[3d]">_printf_input_char</a> from _printf_char_common.o(.text) referenced from _printf_char_common.o(.text)
 <LI><a href="#[3b]">_sputc</a> from _sputc.o(.text) referenced from noretval__2sprintf.o(.text)
 <LI><a href="#[1a2]">guiCheckBox_ProcessEvent</a> from guicheckbox.o(.text) referenced from guicheckbox.o(.text)
 <LI><a href="#[196]">guiCore_UpdateValidator</a> from guicore.o(.text) referenced from guicore.o(.text)
 <LI><a href="#[2f]">guiMainForm_ProcessEvents</a> from guimainform.o(.text) referenced from guimainform.o(.text)
 <LI><a href="#[30]">guiMasterPanel_ProcessEvents</a> from guimasterpanel.o(.text) referenced from guimasterpanel.o(.text)
 <LI><a href="#[181]">guiPanel_ProcessEvent</a> from guipanel.o(.text) referenced from guipanel.o(.text)
 <LI><a href="#[38]">guiSetupList_ProcessEvent</a> from guisetuppanel.o(.text) referenced from guisetuppanel.o(.text)
 <LI><a href="#[37]">guiSetupList_onIndexChanged</a> from guisetuppanel.o(.text) referenced from guisetuppanel.o(.text)
 <LI><a href="#[36]">guiSetupPanel_ProcessEvents</a> from guisetuppanel.o(.text) referenced from guisetuppanel.o(.text)
 <LI><a href="#[17c]">guiSpinBox_ProcessEvent</a> from guispinbox.o(.text) referenced from guispinbox.o(.text)
 <LI><a href="#[189]">guiStringList_ProcessEvent</a> from guistringlist.o(.text) referenced from guistringlist.o(.text)
 <LI><a href="#[1b4]">guiTextLabel_ProcessEvent</a> from guitextlabel.o(.text) referenced from guitextlabel.o(.text)
 <LI><a href="#[3a]">onHighVoltageLimitChanged</a> from guisetuppanel.o(.text) referenced 2 times from guisetuppanel.o(.text)
 <LI><a href="#[39]">onLowVoltageLimitChanged</a> from guisetuppanel.o(.text) referenced from guisetuppanel.o(.text)
 <LI><a href="#[34]">onSpinBoxDrawEvent</a> from guimasterpanel.o(.text) referenced from guimasterpanel.o(.text)
 <LI><a href="#[35]">onSpinBoxValueChanged</a> from guimasterpanel.o(.text) referenced from guimasterpanel.o(.text)
 <LI><a href="#[31]">onTextLabelDrawEvent</a> from guimasterpanel.o(.text) referenced from guimasterpanel.o(.text)
 <LI><a href="#[32]">onTextLabelKeyEncoderEvent</a> from guimasterpanel.o(.text) referenced from guimasterpanel.o(.text)
 <LI><a href="#[2e]">prvIdleTask</a> from tasks.o(.text) referenced from tasks.o(.text)
 <LI><a href="#[2d]">prvTaskExitError</a> from port.o(.text) referenced from port.o(.text)
 <LI><a href="#[33]">spinBoxEventProcessFunction</a> from guimasterpanel.o(.text) referenced from guimasterpanel.o(.text)
 <LI><a href="#[29]">vTaskADC</a> from adc.o(.text) referenced from main.o(.text)
 <LI><a href="#[26]">vTaskConverter</a> from converter.o(.text) referenced from main.o(.text)
 <LI><a href="#[28]">vTaskDispatcher</a> from dispatcher.o(.text) referenced from main.o(.text)
 <LI><a href="#[25]">vTaskGUI</a> from guitop.o(.text) referenced from main.o(.text)
 <LI><a href="#[27]">vTaskService</a> from service.o(.text) referenced from main.o(.text)
 <LI><a href="#[2c]">vTaskSound</a> from sound_driver.o(.text) referenced from main.o(.text)
 <LI><a href="#[2a]">vTaskUARTReceiver</a> from uart.o(.text) referenced from main.o(.text)
 <LI><a href="#[2b]">vTaskUARTTransmitter</a> from uart.o(.text) referenced from main.o(.text)
</UL>
<P>
<H3>
Global Symbols
</H3>
<P><STRONG><a name="[3f]"></a>__main</STRONG> (Thumb, 8 bytes, Stack size 0 bytes, __main.o(!!!main))
<BR><BR>[Calls]<UL><LI><a href="#[42]">&gt;&gt;</a>&nbsp;&nbsp;&nbsp;__rt_entry
<LI><a href="#[41]">&gt;&gt;</a>&nbsp;&nbsp;&nbsp;__scatterload
</UL>

<P><STRONG><a name="[41]"></a>__scatterload</STRONG> (Thumb, 0 bytes, Stack size unknown bytes, __scatter.o(!!!scatter))
<BR><BR>[Called By]<UL><LI><a href="#[3f]">&gt;&gt;</a>&nbsp;&nbsp;&nbsp;__main
</UL>

<P><STRONG><a name="[43]"></a>__scatterload_rt2</STRONG> (Thumb, 44 bytes, Stack size unknown bytes, __scatter.o(!!!scatter), UNUSED)
<BR><BR>[Calls]<UL><LI><a href="#[42]">&gt;&gt;</a>&nbsp;&nbsp;&nbsp;__rt_entry
</UL>

<P><STRONG><a name="[1ec]"></a>__scatterload_rt2_thumb_only</STRONG> (Thumb, 0 bytes, Stack size unknown bytes, __scatter.o(!!!scatter), UNUSED)

<P><STRONG><a name="[1ed]"></a>__scatterload_null</STRONG> (Thumb, 0 bytes, Stack size unknown bytes, __scatter.o(!!!scatter), UNUSED)

<P><STRONG><a name="[1ee]"></a>__decompress</STRONG> (Thumb, 90 bytes, Stack size unknown bytes, __dczerorl2.o(!!dczerorl2), UNUSED)

<P><STRONG><a name="[1ef]"></a>__decompress1</STRONG> (Thumb, 0 bytes, Stack size unknown bytes, __dczerorl2.o(!!dczerorl2), UNUSED)

<P><STRONG><a name="[1f0]"></a>__scatterload_zeroinit</STRONG> (Thumb, 28 bytes, Stack size unknown bytes, __scatter_zi.o(!!handler_zi), UNUSED)

<P><STRONG><a name="[44]"></a>_printf_f</STRONG> (Thumb, 0 bytes, Stack size unknown bytes, _printf_f.o(.ARM.Collect$$_printf_percent$$00000003))
<BR><BR>[Stack]<UL><LI>Max Depth = 320 + Unknown Stack Size
<LI>Call Chain = _printf_f &rArr; _printf_fp_dec &rArr; _printf_fp_dec_real &rArr; _fp_digits &rArr; _btod_etento &rArr; _btod_emul &rArr; _e2e
</UL>
<BR>[Calls]<UL><LI><a href="#[45]">&gt;&gt;</a>&nbsp;&nbsp;&nbsp;_printf_fp_dec
</UL>

<P><STRONG><a name="[1c3]"></a>_printf_percent</STRONG> (Thumb, 0 bytes, Stack size unknown bytes, _printf_percent.o(.ARM.Collect$$_printf_percent$$00000000))
<BR><BR>[Called By]<UL><LI><a href="#[1c1]">&gt;&gt;</a>&nbsp;&nbsp;&nbsp;__printf
</UL>

<P><STRONG><a name="[46]"></a>_printf_d</STRONG> (Thumb, 0 bytes, Stack size unknown bytes, _printf_d.o(.ARM.Collect$$_printf_percent$$00000009))
<BR><BR>[Stack]<UL><LI>Max Depth = 72 + Unknown Stack Size
<LI>Call Chain = _printf_d &rArr; _printf_int_dec &rArr; _printf_int_common &rArr; _printf_post_padding
</UL>
<BR>[Calls]<UL><LI><a href="#[47]">&gt;&gt;</a>&nbsp;&nbsp;&nbsp;_printf_int_dec
</UL>

<P><STRONG><a name="[48]"></a>_printf_c</STRONG> (Thumb, 0 bytes, Stack size unknown bytes, _printf_c.o(.ARM.Collect$$_printf_percent$$00000013))
<BR><BR>[Stack]<UL><LI>Max Depth = 40 + Unknown Stack Size
<LI>Call Chain = _printf_c &rArr; _printf_char &rArr; _printf_cs_common &rArr; _printf_str &rArr; _printf_post_padding
</UL>
<BR>[Calls]<UL><LI><a href="#[49]">&gt;&gt;</a>&nbsp;&nbsp;&nbsp;_printf_char
</UL>

<P><STRONG><a name="[1f1]"></a>_printf_percent_end</STRONG> (Thumb, 0 bytes, Stack size unknown bytes, _printf_percent_end.o(.ARM.Collect$$_printf_percent$$00000017))

<P><STRONG><a name="[52]"></a>__rt_lib_init</STRONG> (Thumb, 0 bytes, Stack size unknown bytes, libinit.o(.ARM.Collect$$libinit$$00000000))
<BR><BR>[Called By]<UL><LI><a href="#[51]">&gt;&gt;</a>&nbsp;&nbsp;&nbsp;__rt_entry_li
</UL>

<P><STRONG><a name="[1f2]"></a>__rt_lib_init_fp_1</STRONG> (Thumb, 0 bytes, Stack size unknown bytes, libinit2.o(.ARM.Collect$$libinit$$00000002))

<P><STRONG><a name="[1f3]"></a>__rt_lib_init_heap_1</STRONG> (Thumb, 0 bytes, Stack size unknown bytes, libinit2.o(.ARM.Collect$$libinit$$00000008))

<P><STRONG><a name="[4a]"></a>__rt_lib_init_lc_common</STRONG> (Thumb, 0 bytes, Stack size unknown bytes, libinit2.o(.ARM.Collect$$libinit$$0000000D))
<BR><BR>[Calls]<UL><LI><a href="#[4b]">&gt;&gt;</a>&nbsp;&nbsp;&nbsp;__rt_locale
</UL>

<P><STRONG><a name="[1f4]"></a>__rt_lib_init_rand_1</STRONG> (Thumb, 0 bytes, Stack size unknown bytes, libinit2.o(.ARM.Collect$$libinit$$0000000C))

<P><STRONG><a name="[1f5]"></a>__rt_lib_init_user_alloc_1</STRONG> (Thumb, 0 bytes, Stack size unknown bytes, libinit2.o(.ARM.Collect$$libinit$$0000000A))

<P><STRONG><a name="[1f6]"></a>__rt_lib_init_lc_collate_1</STRONG> (Thumb, 0 bytes, Stack size unknown bytes, libinit2.o(.ARM.Collect$$libinit$$0000000F))

<P><STRONG><a name="[4c]"></a>__rt_lib_init_lc_ctype_2</STRONG> (Thumb, 0 bytes, Stack size unknown bytes, libinit2.o(.ARM.Collect$$libinit$$00000010))
<BR><BR>[Stack]<UL><LI>Max Depth = 8 + Unknown Stack Size
<LI>Call Chain = __rt_lib_init_lc_ctype_2 &rArr; _get_lc_ctype
</UL>
<BR>[Calls]<UL><LI><a href="#[3c]">&gt;&gt;</a>&nbsp;&nbsp;&nbsp;_get_lc_ctype
</UL>

<P><STRONG><a name="[1f7]"></a>__rt_lib_init_lc_ctype_1</STRONG> (Thumb, 0 bytes, Stack size unknown bytes, libinit2.o(.ARM.Collect$$libinit$$00000011))

<P><STRONG><a name="[1f8]"></a>__rt_lib_init_lc_monetary_1</STRONG> (Thumb, 0 bytes, Stack size unknown bytes, libinit2.o(.ARM.Collect$$libinit$$00000013))

<P><STRONG><a name="[4d]"></a>__rt_lib_init_lc_numeric_2</STRONG> (Thumb, 0 bytes, Stack size unknown bytes, libinit2.o(.ARM.Collect$$libinit$$00000014))
<BR><BR>[Stack]<UL><LI>Max Depth = 8 + Unknown Stack Size
<LI>Call Chain = __rt_lib_init_lc_numeric_2 &rArr; _get_lc_numeric
</UL>
<BR>[Calls]<UL><LI><a href="#[4e]">&gt;&gt;</a>&nbsp;&nbsp;&nbsp;_get_lc_numeric
</UL>

<P><STRONG><a name="[1f9]"></a>__rt_lib_init_alloca_1</STRONG> (Thumb, 0 bytes, Stack size unknown bytes, libinit2.o(.ARM.Collect$$libinit$$0000002C))

<P><STRONG><a name="[1fa]"></a>__rt_lib_init_argv_1</STRONG> (Thumb, 0 bytes, Stack size unknown bytes, libinit2.o(.ARM.Collect$$libinit$$0000002A))

<P><STRONG><a name="[1fb]"></a>__rt_lib_init_atexit_1</STRONG> (Thumb, 0 bytes, Stack size unknown bytes, libinit2.o(.ARM.Collect$$libinit$$00000019))

<P><STRONG><a name="[1fc]"></a>__rt_lib_init_clock_1</STRONG> (Thumb, 0 bytes, Stack size unknown bytes, libinit2.o(.ARM.Collect$$libinit$$0000001F))

<P><STRONG><a name="[1fd]"></a>__rt_lib_init_cpp_1</STRONG> (Thumb, 0 bytes, Stack size unknown bytes, libinit2.o(.ARM.Collect$$libinit$$00000030))

<P><STRONG><a name="[1fe]"></a>__rt_lib_init_exceptions_1</STRONG> (Thumb, 0 bytes, Stack size unknown bytes, libinit2.o(.ARM.Collect$$libinit$$0000002E))

<P><STRONG><a name="[1ff]"></a>__rt_lib_init_fp_trap_1</STRONG> (Thumb, 0 bytes, Stack size unknown bytes, libinit2.o(.ARM.Collect$$libinit$$0000001D))

<P><STRONG><a name="[200]"></a>__rt_lib_init_getenv_1</STRONG> (Thumb, 0 bytes, Stack size unknown bytes, libinit2.o(.ARM.Collect$$libinit$$00000021))

<P><STRONG><a name="[201]"></a>__rt_lib_init_lc_numeric_1</STRONG> (Thumb, 0 bytes, Stack size unknown bytes, libinit2.o(.ARM.Collect$$libinit$$00000015))

<P><STRONG><a name="[202]"></a>__rt_lib_init_lc_time_1</STRONG> (Thumb, 0 bytes, Stack size unknown bytes, libinit2.o(.ARM.Collect$$libinit$$00000017))

<P><STRONG><a name="[203]"></a>__rt_lib_init_return</STRONG> (Thumb, 0 bytes, Stack size unknown bytes, libinit2.o(.ARM.Collect$$libinit$$00000031))

<P><STRONG><a name="[204]"></a>__rt_lib_init_signal_1</STRONG> (Thumb, 0 bytes, Stack size unknown bytes, libinit2.o(.ARM.Collect$$libinit$$0000001B))

<P><STRONG><a name="[205]"></a>__rt_lib_init_stdio_1</STRONG> (Thumb, 0 bytes, Stack size unknown bytes, libinit2.o(.ARM.Collect$$libinit$$00000023))

<P><STRONG><a name="[57]"></a>__rt_lib_shutdown</STRONG> (Thumb, 0 bytes, Stack size unknown bytes, libshutdown.o(.ARM.Collect$$libshutdown$$00000000))
<BR><BR>[Called By]<UL><LI><a href="#[56]">&gt;&gt;</a>&nbsp;&nbsp;&nbsp;__rt_exit_ls
</UL>

<P><STRONG><a name="[206]"></a>__rt_lib_shutdown_fp_trap_1</STRONG> (Thumb, 0 bytes, Stack size unknown bytes, libshutdown2.o(.ARM.Collect$$libshutdown$$00000006))

<P><STRONG><a name="[207]"></a>__rt_lib_shutdown_heap_1</STRONG> (Thumb, 0 bytes, Stack size unknown bytes, libshutdown2.o(.ARM.Collect$$libshutdown$$0000000E))

<P><STRONG><a name="[208]"></a>__rt_lib_shutdown_return</STRONG> (Thumb, 0 bytes, Stack size unknown bytes, libshutdown2.o(.ARM.Collect$$libshutdown$$0000000F))

<P><STRONG><a name="[209]"></a>__rt_lib_shutdown_signal_1</STRONG> (Thumb, 0 bytes, Stack size unknown bytes, libshutdown2.o(.ARM.Collect$$libshutdown$$00000009))

<P><STRONG><a name="[20a]"></a>__rt_lib_shutdown_stdio_1</STRONG> (Thumb, 0 bytes, Stack size unknown bytes, libshutdown2.o(.ARM.Collect$$libshutdown$$00000003))

<P><STRONG><a name="[20b]"></a>__rt_lib_shutdown_user_alloc_1</STRONG> (Thumb, 0 bytes, Stack size unknown bytes, libshutdown2.o(.ARM.Collect$$libshutdown$$0000000B))

<P><STRONG><a name="[42]"></a>__rt_entry</STRONG> (Thumb, 0 bytes, Stack size unknown bytes, rtentry.o(.ARM.Collect$$rtentry$$00000000))
<BR><BR>[Called By]<UL><LI><a href="#[3f]">&gt;&gt;</a>&nbsp;&nbsp;&nbsp;__main
<LI><a href="#[43]">&gt;&gt;</a>&nbsp;&nbsp;&nbsp;__scatterload_rt2
</UL>

<P><STRONG><a name="[20c]"></a>__rt_entry_presh_1</STRONG> (Thumb, 0 bytes, Stack size unknown bytes, rtentry2.o(.ARM.Collect$$rtentry$$00000002))

<P><STRONG><a name="[4f]"></a>__rt_entry_sh</STRONG> (Thumb, 0 bytes, Stack size unknown bytes, rtentry4.o(.ARM.Collect$$rtentry$$00000004))
<BR><BR>[Stack]<UL><LI>Max Depth = 8 + Unknown Stack Size
<LI>Call Chain = __rt_entry_sh &rArr; __user_setup_stackheap
</UL>
<BR>[Calls]<UL><LI><a href="#[50]">&gt;&gt;</a>&nbsp;&nbsp;&nbsp;__user_setup_stackheap
</UL>

<P><STRONG><a name="[51]"></a>__rt_entry_li</STRONG> (Thumb, 0 bytes, Stack size unknown bytes, rtentry2.o(.ARM.Collect$$rtentry$$0000000A))
<BR><BR>[Calls]<UL><LI><a href="#[52]">&gt;&gt;</a>&nbsp;&nbsp;&nbsp;__rt_lib_init
</UL>

<P><STRONG><a name="[20d]"></a>__rt_entry_postsh_1</STRONG> (Thumb, 0 bytes, Stack size unknown bytes, rtentry2.o(.ARM.Collect$$rtentry$$00000009))

<P><STRONG><a name="[53]"></a>__rt_entry_main</STRONG> (Thumb, 0 bytes, Stack size unknown bytes, rtentry2.o(.ARM.Collect$$rtentry$$0000000D))
<BR><BR>[Stack]<UL><LI>Max Depth = 264 + Unknown Stack Size
<LI>Call Chain = __rt_entry_main &rArr; main &rArr; vTaskStartScheduler &rArr; xTaskGenericCreate &rArr; prvAllocateTCBAndStack &rArr; pvPortMalloc &rArr; xTaskResumeAll &rArr; xTaskIncrementTick &rArr; vApplicationTickHook &rArr; xQueueGenericSendFromISR &rArr; xTaskRemoveFromEventList
</UL>
<BR>[Calls]<UL><LI><a href="#[54]">&gt;&gt;</a>&nbsp;&nbsp;&nbsp;main
<LI><a href="#[55]">&gt;&gt;</a>&nbsp;&nbsp;&nbsp;exit
</UL>

<P><STRONG><a name="[20e]"></a>__rt_entry_postli_1</STRONG> (Thumb, 0 bytes, Stack size unknown bytes, rtentry2.o(.ARM.Collect$$rtentry$$0000000C))

<P><STRONG><a name="[1da]"></a>__rt_exit</STRONG> (Thumb, 0 bytes, Stack size unknown bytes, rtexit.o(.ARM.Collect$$rtexit$$00000000))
<BR><BR>[Called By]<UL><LI><a href="#[55]">&gt;&gt;</a>&nbsp;&nbsp;&nbsp;exit
</UL>

<P><STRONG><a name="[56]"></a>__rt_exit_ls</STRONG> (Thumb, 0 bytes, Stack size unknown bytes, rtexit2.o(.ARM.Collect$$rtexit$$00000003))
<BR><BR>[Calls]<UL><LI><a href="#[57]">&gt;&gt;</a>&nbsp;&nbsp;&nbsp;__rt_lib_shutdown
</UL>

<P><STRONG><a name="[20f]"></a>__rt_exit_prels_1</STRONG> (Thumb, 0 bytes, Stack size unknown bytes, rtexit2.o(.ARM.Collect$$rtexit$$00000002))

<P><STRONG><a name="[58]"></a>__rt_exit_exit</STRONG> (Thumb, 0 bytes, Stack size unknown bytes, rtexit2.o(.ARM.Collect$$rtexit$$00000004))
<BR><BR>[Calls]<UL><LI><a href="#[59]">&gt;&gt;</a>&nbsp;&nbsp;&nbsp;_sys_exit
</UL>

<P><STRONG><a name="[a]"></a>SVC_Handler</STRONG> (Thumb, 28 bytes, Stack size 0 bytes, port.o(.emb_text))
<BR>[Address Reference Count : 1]<UL><LI> startup_mdr32f9x.o(RESET)
</UL>
<P><STRONG><a name="[146]"></a>__asm___6_port_c_39a90d8d__prvStartFirstTask</STRONG> (Thumb, 16 bytes, Stack size 0 bytes, port.o(.emb_text))
<BR><BR>[Called By]<UL><LI><a href="#[144]">&gt;&gt;</a>&nbsp;&nbsp;&nbsp;xPortStartScheduler
</UL>

<P><STRONG><a name="[c]"></a>PendSV_Handler</STRONG> (Thumb, 56 bytes, Stack size 0 bytes, port.o(.emb_text))
<BR><BR>[Calls]<UL><LI><a href="#[5a]">&gt;&gt;</a>&nbsp;&nbsp;&nbsp;vTaskSwitchContext
</UL>
<BR>[Address Reference Count : 1]<UL><LI> startup_mdr32f9x.o(RESET)
</UL>
<P><STRONG><a name="[143]"></a>ulPortSetInterruptMask</STRONG> (Thumb, 14 bytes, Stack size 0 bytes, port.o(.emb_text))
<BR><BR>[Called By]<UL><LI><a href="#[8d]">&gt;&gt;</a>&nbsp;&nbsp;&nbsp;xQueueGenericSendFromISR
<LI><a href="#[88]">&gt;&gt;</a>&nbsp;&nbsp;&nbsp;vTaskStartScheduler
<LI><a href="#[172]">&gt;&gt;</a>&nbsp;&nbsp;&nbsp;xTaskGetTickCountFromISR
<LI><a href="#[170]">&gt;&gt;</a>&nbsp;&nbsp;&nbsp;vTaskEndScheduler
<LI><a href="#[16d]">&gt;&gt;</a>&nbsp;&nbsp;&nbsp;xTaskResumeFromISR
<LI><a href="#[15b]">&gt;&gt;</a>&nbsp;&nbsp;&nbsp;xQueuePeekFromISR
<LI><a href="#[15a]">&gt;&gt;</a>&nbsp;&nbsp;&nbsp;xQueueReceiveFromISR
<LI><a href="#[d]">&gt;&gt;</a>&nbsp;&nbsp;&nbsp;SysTick_Handler
<LI><a href="#[147]">&gt;&gt;</a>&nbsp;&nbsp;&nbsp;vPortEnterCritical
<LI><a href="#[2d]">&gt;&gt;</a>&nbsp;&nbsp;&nbsp;prvTaskExitError
</UL>

<P><STRONG><a name="[149]"></a>vPortClearInterruptMask</STRONG> (Thumb, 6 bytes, Stack size 0 bytes, port.o(.emb_text))
<BR><BR>[Called By]<UL><LI><a href="#[8d]">&gt;&gt;</a>&nbsp;&nbsp;&nbsp;xQueueGenericSendFromISR
<LI><a href="#[172]">&gt;&gt;</a>&nbsp;&nbsp;&nbsp;xTaskGetTickCountFromISR
<LI><a href="#[16d]">&gt;&gt;</a>&nbsp;&nbsp;&nbsp;xTaskResumeFromISR
<LI><a href="#[15b]">&gt;&gt;</a>&nbsp;&nbsp;&nbsp;xQueuePeekFromISR
<LI><a href="#[15a]">&gt;&gt;</a>&nbsp;&nbsp;&nbsp;xQueueReceiveFromISR
<LI><a href="#[d]">&gt;&gt;</a>&nbsp;&nbsp;&nbsp;SysTick_Handler
<LI><a href="#[148]">&gt;&gt;</a>&nbsp;&nbsp;&nbsp;vPortExitCritical
</UL>

<P><STRONG><a name="[210]"></a>vPortGetIPSR</STRONG> (Thumb, 6 bytes, Stack size 0 bytes, port.o(.emb_text), UNUSED)

<P><STRONG><a name="[3e]"></a>Reset_Handler</STRONG> (Thumb, 8 bytes, Stack size 0 bytes, startup_mdr32f9x.o(.text))

<P><STRONG><a name="[5]"></a>NMI_Handler</STRONG> (Thumb, 2 bytes, Stack size 0 bytes, startup_mdr32f9x.o(.text))
<BR><BR>[Calls]<UL><LI><a href="#[5]">&gt;&gt;</a>&nbsp;&nbsp;&nbsp;NMI_Handler
</UL>
<BR>[Called By]<UL><LI><a href="#[5]">&gt;&gt;</a>&nbsp;&nbsp;&nbsp;NMI_Handler
</UL>
<BR>[Address Reference Count : 1]<UL><LI> startup_mdr32f9x.o(RESET)
</UL>
<P><STRONG><a name="[6]"></a>HardFault_Handler</STRONG> (Thumb, 18 bytes, Stack size 0 bytes, startup_mdr32f9x.o(.text))
<BR><BR>[Calls]<UL><LI><a href="#[5b]">&gt;&gt;</a>&nbsp;&nbsp;&nbsp;hard_fault_handler_c
</UL>
<BR>[Address Reference Count : 1]<UL><LI> startup_mdr32f9x.o(RESET)
</UL>
<P><STRONG><a name="[7]"></a>MemManage_Handler</STRONG> (Thumb, 2 bytes, Stack size 0 bytes, startup_mdr32f9x.o(.text))
<BR><BR>[Calls]<UL><LI><a href="#[7]">&gt;&gt;</a>&nbsp;&nbsp;&nbsp;MemManage_Handler
</UL>
<BR>[Called By]<UL><LI><a href="#[7]">&gt;&gt;</a>&nbsp;&nbsp;&nbsp;MemManage_Handler
</UL>
<BR>[Address Reference Count : 1]<UL><LI> startup_mdr32f9x.o(RESET)
</UL>
<P><STRONG><a name="[8]"></a>BusFault_Handler</STRONG> (Thumb, 2 bytes, Stack size 0 bytes, startup_mdr32f9x.o(.text))
<BR><BR>[Calls]<UL><LI><a href="#[8]">&gt;&gt;</a>&nbsp;&nbsp;&nbsp;BusFault_Handler
</UL>
<BR>[Called By]<UL><LI><a href="#[8]">&gt;&gt;</a>&nbsp;&nbsp;&nbsp;BusFault_Handler
</UL>
<BR>[Address Reference Count : 1]<UL><LI> startup_mdr32f9x.o(RESET)
</UL>
<P><STRONG><a name="[9]"></a>UsageFault_Handler</STRONG> (Thumb, 2 bytes, Stack size 0 bytes, startup_mdr32f9x.o(.text))
<BR><BR>[Calls]<UL><LI><a href="#[9]">&gt;&gt;</a>&nbsp;&nbsp;&nbsp;UsageFault_Handler
</UL>
<BR>[Called By]<UL><LI><a href="#[9]">&gt;&gt;</a>&nbsp;&nbsp;&nbsp;UsageFault_Handler
</UL>
<BR>[Address Reference Count : 1]<UL><LI> startup_mdr32f9x.o(RESET)
</UL>
<P><STRONG><a name="[b]"></a>DebugMon_Handler</STRONG> (Thumb, 2 bytes, Stack size 0 bytes, startup_mdr32f9x.o(.text))
<BR><BR>[Calls]<UL><LI><a href="#[b]">&gt;&gt;</a>&nbsp;&nbsp;&nbsp;DebugMon_Handler
</UL>
<BR>[Called By]<UL><LI><a href="#[b]">&gt;&gt;</a>&nbsp;&nbsp;&nbsp;DebugMon_Handler
</UL>
<BR>[Address Reference Count : 1]<UL><LI> startup_mdr32f9x.o(RESET)
</UL>
<P><STRONG><a name="[1b]"></a>ADC_IRQHandler</STRONG> (Thumb, 0 bytes, Stack size 0 bytes, startup_mdr32f9x.o(.text))
<BR><BR>[Calls]<UL><LI><a href="#[1b]">&gt;&gt;</a>&nbsp;&nbsp;&nbsp;ADC_IRQHandler
</UL>
<BR>[Called By]<UL><LI><a href="#[1b]">&gt;&gt;</a>&nbsp;&nbsp;&nbsp;ADC_IRQHandler
</UL>
<BR>[Address Reference Count : 1]<UL><LI> startup_mdr32f9x.o(RESET)
</UL>
<P><STRONG><a name="[1e]"></a>BACKUP_IRQHandler</STRONG> (Thumb, 0 bytes, Stack size 0 bytes, startup_mdr32f9x.o(.text))
<BR>[Address Reference Count : 1]<UL><LI> startup_mdr32f9x.o(RESET)
</UL>
<P><STRONG><a name="[e]"></a>CAN1_IRQHandler</STRONG> (Thumb, 0 bytes, Stack size 0 bytes, startup_mdr32f9x.o(.text))
<BR>[Address Reference Count : 1]<UL><LI> startup_mdr32f9x.o(RESET)
</UL>
<P><STRONG><a name="[f]"></a>CAN2_IRQHandler</STRONG> (Thumb, 0 bytes, Stack size 0 bytes, startup_mdr32f9x.o(.text))
<BR>[Address Reference Count : 1]<UL><LI> startup_mdr32f9x.o(RESET)
</UL>
<P><STRONG><a name="[1c]"></a>COMPARATOR_IRQHandler</STRONG> (Thumb, 0 bytes, Stack size 0 bytes, startup_mdr32f9x.o(.text))
<BR>[Address Reference Count : 1]<UL><LI> startup_mdr32f9x.o(RESET)
</UL>
<P><STRONG><a name="[1f]"></a>EXT_INT1_IRQHandler</STRONG> (Thumb, 0 bytes, Stack size 0 bytes, startup_mdr32f9x.o(.text))
<BR>[Address Reference Count : 1]<UL><LI> startup_mdr32f9x.o(RESET)
</UL>
<P><STRONG><a name="[20]"></a>EXT_INT2_IRQHandler</STRONG> (Thumb, 0 bytes, Stack size 0 bytes, startup_mdr32f9x.o(.text))
<BR>[Address Reference Count : 1]<UL><LI> startup_mdr32f9x.o(RESET)
</UL>
<P><STRONG><a name="[21]"></a>EXT_INT3_IRQHandler</STRONG> (Thumb, 0 bytes, Stack size 0 bytes, startup_mdr32f9x.o(.text))
<BR>[Address Reference Count : 1]<UL><LI> startup_mdr32f9x.o(RESET)
</UL>
<P><STRONG><a name="[22]"></a>EXT_INT4_IRQHandler</STRONG> (Thumb, 0 bytes, Stack size 0 bytes, startup_mdr32f9x.o(.text))
<BR>[Address Reference Count : 1]<UL><LI> startup_mdr32f9x.o(RESET)
</UL>
<P><STRONG><a name="[15]"></a>I2C_IRQHandler</STRONG> (Thumb, 0 bytes, Stack size 0 bytes, startup_mdr32f9x.o(.text))
<BR>[Address Reference Count : 1]<UL><LI> startup_mdr32f9x.o(RESET)
</UL>
<P><STRONG><a name="[16]"></a>POWER_IRQHandler</STRONG> (Thumb, 0 bytes, Stack size 0 bytes, startup_mdr32f9x.o(.text))
<BR>[Address Reference Count : 1]<UL><LI> startup_mdr32f9x.o(RESET)
</UL>
<P><STRONG><a name="[14]"></a>SSP1_IRQHandler</STRONG> (Thumb, 0 bytes, Stack size 0 bytes, startup_mdr32f9x.o(.text))
<BR>[Address Reference Count : 1]<UL><LI> startup_mdr32f9x.o(RESET)
</UL>
<P><STRONG><a name="[1d]"></a>SSP2_IRQHandler</STRONG> (Thumb, 0 bytes, Stack size 0 bytes, startup_mdr32f9x.o(.text))
<BR>[Address Reference Count : 1]<UL><LI> startup_mdr32f9x.o(RESET)
</UL>
<P><STRONG><a name="[18]"></a>Timer1_IRQHandler</STRONG> (Thumb, 0 bytes, Stack size 0 bytes, startup_mdr32f9x.o(.text))
<BR>[Address Reference Count : 1]<UL><LI> startup_mdr32f9x.o(RESET)
</UL>
<P><STRONG><a name="[1a]"></a>Timer3_IRQHandler</STRONG> (Thumb, 0 bytes, Stack size 0 bytes, startup_mdr32f9x.o(.text))
<BR>[Address Reference Count : 1]<UL><LI> startup_mdr32f9x.o(RESET)
</UL>
<P><STRONG><a name="[12]"></a>UART1_IRQHandler</STRONG> (Thumb, 0 bytes, Stack size 0 bytes, startup_mdr32f9x.o(.text))
<BR>[Address Reference Count : 1]<UL><LI> startup_mdr32f9x.o(RESET)
</UL>
<P><STRONG><a name="[13]"></a>UART2_IRQHandler</STRONG> (Thumb, 0 bytes, Stack size 0 bytes, startup_mdr32f9x.o(.text))
<BR>[Address Reference Count : 1]<UL><LI> startup_mdr32f9x.o(RESET)
</UL>
<P><STRONG><a name="[10]"></a>USB_IRQHandler</STRONG> (Thumb, 0 bytes, Stack size 0 bytes, startup_mdr32f9x.o(.text))
<BR>[Address Reference Count : 1]<UL><LI> startup_mdr32f9x.o(RESET)
</UL>
<P><STRONG><a name="[17]"></a>WWDG_IRQHandler</STRONG> (Thumb, 0 bytes, Stack size 0 bytes, startup_mdr32f9x.o(.text))
<BR>[Address Reference Count : 1]<UL><LI> startup_mdr32f9x.o(RESET)
</UL>
<P><STRONG><a name="[40]"></a>__user_initial_stackheap</STRONG> (Thumb, 0 bytes, Stack size unknown bytes, startup_mdr32f9x.o(.text))
<BR><BR>[Called By]<UL><LI><a href="#[50]">&gt;&gt;</a>&nbsp;&nbsp;&nbsp;__user_setup_stackheap
</UL>

<P><STRONG><a name="[5c]"></a>SystemCoreClockUpdate</STRONG> (Thumb, 98 bytes, Stack size 8 bytes, system_mdr32f9qx.o(.text))
<BR><BR>[Stack]<UL><LI>Max Depth = 8<LI>Call Chain = SystemCoreClockUpdate
</UL>
<BR>[Called By]<UL><LI><a href="#[79]">&gt;&gt;</a>&nbsp;&nbsp;&nbsp;Setup_CPU_Clock
<LI><a href="#[23]">&gt;&gt;</a>&nbsp;&nbsp;&nbsp;SystemInit
</UL>

<P><STRONG><a name="[23]"></a>SystemInit</STRONG> (Thumb, 30 bytes, Stack size 0 bytes, system_mdr32f9qx.o(.text))
<BR><BR>[Stack]<UL><LI>Max Depth = 8<LI>Call Chain = SystemInit &rArr; SystemCoreClockUpdate
</UL>
<BR>[Calls]<UL><LI><a href="#[5c]">&gt;&gt;</a>&nbsp;&nbsp;&nbsp;SystemCoreClockUpdate
</UL>
<BR>[Address Reference Count : 1]<UL><LI> startup_mdr32f9x.o(.text)
</UL>
<P><STRONG><a name="[211]"></a>SSP_DeInit</STRONG> (Thumb, 18 bytes, Stack size 0 bytes, mdr32f9qx_ssp.o(.text), UNUSED)

<P><STRONG><a name="[10c]"></a>SSP_Init</STRONG> (Thumb, 38 bytes, Stack size 8 bytes, mdr32f9qx_ssp.o(.text))
<BR><BR>[Stack]<UL><LI>Max Depth = 8<LI>Call Chain = SSP_Init
</UL>
<BR>[Called By]<UL><LI><a href="#[7c]">&gt;&gt;</a>&nbsp;&nbsp;&nbsp;HW_SSPInit
</UL>

<P><STRONG><a name="[10b]"></a>SSP_StructInit</STRONG> (Thumb, 22 bytes, Stack size 0 bytes, mdr32f9qx_ssp.o(.text))
<BR><BR>[Called By]<UL><LI><a href="#[7c]">&gt;&gt;</a>&nbsp;&nbsp;&nbsp;HW_SSPInit
</UL>

<P><STRONG><a name="[10d]"></a>SSP_Cmd</STRONG> (Thumb, 26 bytes, Stack size 0 bytes, mdr32f9qx_ssp.o(.text))
<BR><BR>[Called By]<UL><LI><a href="#[7c]">&gt;&gt;</a>&nbsp;&nbsp;&nbsp;HW_SSPInit
</UL>

<P><STRONG><a name="[212]"></a>SSP_ITConfig</STRONG> (Thumb, 20 bytes, Stack size 0 bytes, mdr32f9qx_ssp.o(.text), UNUSED)

<P><STRONG><a name="[213]"></a>SSP_GetITStatus</STRONG> (Thumb, 14 bytes, Stack size 0 bytes, mdr32f9qx_ssp.o(.text), UNUSED)

<P><STRONG><a name="[214]"></a>SSP_GetITStatusMasked</STRONG> (Thumb, 14 bytes, Stack size 0 bytes, mdr32f9qx_ssp.o(.text), UNUSED)

<P><STRONG><a name="[215]"></a>SSP_ClearITPendingBit</STRONG> (Thumb, 8 bytes, Stack size 0 bytes, mdr32f9qx_ssp.o(.text), UNUSED)

<P><STRONG><a name="[216]"></a>SSP_DMACmd</STRONG> (Thumb, 24 bytes, Stack size 0 bytes, mdr32f9qx_ssp.o(.text), UNUSED)

<P><STRONG><a name="[e3]"></a>SSP_SendData</STRONG> (Thumb, 4 bytes, Stack size 0 bytes, mdr32f9qx_ssp.o(.text))
<BR><BR>[Called By]<UL><LI><a href="#[e1]">&gt;&gt;</a>&nbsp;&nbsp;&nbsp;LcdWrite
</UL>

<P><STRONG><a name="[217]"></a>SSP_ReceiveData</STRONG> (Thumb, 6 bytes, Stack size 0 bytes, mdr32f9qx_ssp.o(.text), UNUSED)

<P><STRONG><a name="[e2]"></a>SSP_GetFlagStatus</STRONG> (Thumb, 14 bytes, Stack size 0 bytes, mdr32f9qx_ssp.o(.text))
<BR><BR>[Called By]<UL><LI><a href="#[83]">&gt;&gt;</a>&nbsp;&nbsp;&nbsp;LcdInit
<LI><a href="#[e7]">&gt;&gt;</a>&nbsp;&nbsp;&nbsp;LcdUpdateByCore
<LI><a href="#[e1]">&gt;&gt;</a>&nbsp;&nbsp;&nbsp;LcdWrite
<LI><a href="#[cb]">&gt;&gt;</a>&nbsp;&nbsp;&nbsp;LcdUpdateBothByCore
</UL>

<P><STRONG><a name="[109]"></a>SSP_BRGInit</STRONG> (Thumb, 46 bytes, Stack size 8 bytes, mdr32f9qx_ssp.o(.text))
<BR><BR>[Stack]<UL><LI>Max Depth = 8<LI>Call Chain = SSP_BRGInit
</UL>
<BR>[Called By]<UL><LI><a href="#[7c]">&gt;&gt;</a>&nbsp;&nbsp;&nbsp;HW_SSPInit
<LI><a href="#[82]">&gt;&gt;</a>&nbsp;&nbsp;&nbsp;HW_DMAInit
</UL>

<P><STRONG><a name="[100]"></a>PORT_DeInit</STRONG> (Thumb, 20 bytes, Stack size 0 bytes, mdr32f9qx_port.o(.text))
<BR><BR>[Called By]<UL><LI><a href="#[7f]">&gt;&gt;</a>&nbsp;&nbsp;&nbsp;HW_PortInit
<LI><a href="#[123]">&gt;&gt;</a>&nbsp;&nbsp;&nbsp;ProcessPowerOff
</UL>

<P><STRONG><a name="[102]"></a>PORT_Init</STRONG> (Thumb, 384 bytes, Stack size 52 bytes, mdr32f9qx_port.o(.text))
<BR><BR>[Stack]<UL><LI>Max Depth = 52<LI>Call Chain = PORT_Init
</UL>
<BR>[Called By]<UL><LI><a href="#[7f]">&gt;&gt;</a>&nbsp;&nbsp;&nbsp;HW_PortInit
</UL>

<P><STRONG><a name="[101]"></a>PORT_StructInit</STRONG> (Thumb, 28 bytes, Stack size 0 bytes, mdr32f9qx_port.o(.text))
<BR><BR>[Called By]<UL><LI><a href="#[7f]">&gt;&gt;</a>&nbsp;&nbsp;&nbsp;HW_PortInit
</UL>

<P><STRONG><a name="[218]"></a>PORT_ReadInputDataBit</STRONG> (Thumb, 14 bytes, Stack size 0 bytes, mdr32f9qx_port.o(.text), UNUSED)

<P><STRONG><a name="[219]"></a>PORT_ReadInputData</STRONG> (Thumb, 4 bytes, Stack size 0 bytes, mdr32f9qx_port.o(.text), UNUSED)

<P><STRONG><a name="[98]"></a>PORT_SetBits</STRONG> (Thumb, 22 bytes, Stack size 0 bytes, mdr32f9qx_port.o(.text))
<BR><BR>[Called By]<UL><LI><a href="#[9b]">&gt;&gt;</a>&nbsp;&nbsp;&nbsp;SetOutputLoad
<LI><a href="#[9a]">&gt;&gt;</a>&nbsp;&nbsp;&nbsp;SetCurrentRange
<LI><a href="#[99]">&gt;&gt;</a>&nbsp;&nbsp;&nbsp;SetFeedbackChannel
<LI><a href="#[96]">&gt;&gt;</a>&nbsp;&nbsp;&nbsp;SetConverterState
<LI><a href="#[83]">&gt;&gt;</a>&nbsp;&nbsp;&nbsp;LcdInit
<LI><a href="#[7f]">&gt;&gt;</a>&nbsp;&nbsp;&nbsp;HW_PortInit
<LI><a href="#[e5]">&gt;&gt;</a>&nbsp;&nbsp;&nbsp;LcdSelect
<LI><a href="#[b8]">&gt;&gt;</a>&nbsp;&nbsp;&nbsp;UpdateLEDs
</UL>

<P><STRONG><a name="[97]"></a>PORT_ResetBits</STRONG> (Thumb, 22 bytes, Stack size 0 bytes, mdr32f9qx_port.o(.text))
<BR><BR>[Called By]<UL><LI><a href="#[9b]">&gt;&gt;</a>&nbsp;&nbsp;&nbsp;SetOutputLoad
<LI><a href="#[9a]">&gt;&gt;</a>&nbsp;&nbsp;&nbsp;SetCurrentRange
<LI><a href="#[99]">&gt;&gt;</a>&nbsp;&nbsp;&nbsp;SetFeedbackChannel
<LI><a href="#[96]">&gt;&gt;</a>&nbsp;&nbsp;&nbsp;SetConverterState
<LI><a href="#[83]">&gt;&gt;</a>&nbsp;&nbsp;&nbsp;LcdInit
<LI><a href="#[e5]">&gt;&gt;</a>&nbsp;&nbsp;&nbsp;LcdSelect
<LI><a href="#[b8]">&gt;&gt;</a>&nbsp;&nbsp;&nbsp;UpdateLEDs
</UL>

<P><STRONG><a name="[21a]"></a>PORT_WriteBit</STRONG> (Thumb, 32 bytes, Stack size 8 bytes, mdr32f9qx_port.o(.text), UNUSED)

<P><STRONG><a name="[21b]"></a>PORT_Write</STRONG> (Thumb, 18 bytes, Stack size 0 bytes, mdr32f9qx_port.o(.text), UNUSED)

<P><STRONG><a name="[21c]"></a>TIMER_DeInit</STRONG> (Thumb, 68 bytes, Stack size 0 bytes, mdr32f9qx_timer.o(.text), UNUSED)

<P><STRONG><a name="[11b]"></a>TIMER_CntInit</STRONG> (Thumb, 54 bytes, Stack size 8 bytes, mdr32f9qx_timer.o(.text))
<BR><BR>[Stack]<UL><LI>Max Depth = 8<LI>Call Chain = TIMER_CntInit
</UL>
<BR>[Called By]<UL><LI><a href="#[7e]">&gt;&gt;</a>&nbsp;&nbsp;&nbsp;HW_TimersInit
</UL>

<P><STRONG><a name="[11a]"></a>TIMER_CntStructInit</STRONG> (Thumb, 28 bytes, Stack size 0 bytes, mdr32f9qx_timer.o(.text))
<BR><BR>[Called By]<UL><LI><a href="#[7e]">&gt;&gt;</a>&nbsp;&nbsp;&nbsp;HW_TimersInit
</UL>

<P><STRONG><a name="[121]"></a>TIMER_Cmd</STRONG> (Thumb, 20 bytes, Stack size 0 bytes, mdr32f9qx_timer.o(.text))
<BR><BR>[Called By]<UL><LI><a href="#[7e]">&gt;&gt;</a>&nbsp;&nbsp;&nbsp;HW_TimersInit
</UL>

<P><STRONG><a name="[21d]"></a>TIMER_SetCounter</STRONG> (Thumb, 4 bytes, Stack size 0 bytes, mdr32f9qx_timer.o(.text), UNUSED)

<P><STRONG><a name="[21e]"></a>TIMER_SetCntPrescaler</STRONG> (Thumb, 4 bytes, Stack size 0 bytes, mdr32f9qx_timer.o(.text), UNUSED)

<P><STRONG><a name="[21f]"></a>TIMER_SetCntAutoreload</STRONG> (Thumb, 4 bytes, Stack size 0 bytes, mdr32f9qx_timer.o(.text), UNUSED)

<P><STRONG><a name="[220]"></a>TIMER_CntAutoreloadConfig</STRONG> (Thumb, 14 bytes, Stack size 0 bytes, mdr32f9qx_timer.o(.text), UNUSED)

<P><STRONG><a name="[221]"></a>TIMER_GetCounter</STRONG> (Thumb, 6 bytes, Stack size 0 bytes, mdr32f9qx_timer.o(.text), UNUSED)

<P><STRONG><a name="[222]"></a>TIMER_CntEventSourceConfig</STRONG> (Thumb, 12 bytes, Stack size 0 bytes, mdr32f9qx_timer.o(.text), UNUSED)

<P><STRONG><a name="[223]"></a>TIMER_FilterSamplingConfig</STRONG> (Thumb, 12 bytes, Stack size 0 bytes, mdr32f9qx_timer.o(.text), UNUSED)

<P><STRONG><a name="[224]"></a>TIMER_CounterModeConfig</STRONG> (Thumb, 12 bytes, Stack size 0 bytes, mdr32f9qx_timer.o(.text), UNUSED)

<P><STRONG><a name="[225]"></a>TIMER_SetCounterDirection</STRONG> (Thumb, 12 bytes, Stack size 0 bytes, mdr32f9qx_timer.o(.text), UNUSED)

<P><STRONG><a name="[226]"></a>TIMER_ETRInputConfig</STRONG> (Thumb, 20 bytes, Stack size 8 bytes, mdr32f9qx_timer.o(.text), UNUSED)

<P><STRONG><a name="[227]"></a>TIMER_ETRFilterConfig</STRONG> (Thumb, 14 bytes, Stack size 0 bytes, mdr32f9qx_timer.o(.text), UNUSED)

<P><STRONG><a name="[228]"></a>TIMER_ETRPrescalerConfig</STRONG> (Thumb, 12 bytes, Stack size 0 bytes, mdr32f9qx_timer.o(.text), UNUSED)

<P><STRONG><a name="[229]"></a>TIMER_ETRPolarityConfig</STRONG> (Thumb, 12 bytes, Stack size 0 bytes, mdr32f9qx_timer.o(.text), UNUSED)

<P><STRONG><a name="[22a]"></a>TIMER_BRKPolarityConfig</STRONG> (Thumb, 12 bytes, Stack size 0 bytes, mdr32f9qx_timer.o(.text), UNUSED)

<P><STRONG><a name="[22b]"></a>TIMER_GetCounterDirection</STRONG> (Thumb, 16 bytes, Stack size 0 bytes, mdr32f9qx_timer.o(.text), UNUSED)

<P><STRONG><a name="[22c]"></a>TIMER_GetCntWriteComplete</STRONG> (Thumb, 16 bytes, Stack size 0 bytes, mdr32f9qx_timer.o(.text), UNUSED)

<P><STRONG><a name="[11d]"></a>TIMER_ChnInit</STRONG> (Thumb, 64 bytes, Stack size 8 bytes, mdr32f9qx_timer.o(.text))
<BR><BR>[Stack]<UL><LI>Max Depth = 8<LI>Call Chain = TIMER_ChnInit
</UL>
<BR>[Called By]<UL><LI><a href="#[7e]">&gt;&gt;</a>&nbsp;&nbsp;&nbsp;HW_TimersInit
</UL>

<P><STRONG><a name="[11c]"></a>TIMER_ChnStructInit</STRONG> (Thumb, 28 bytes, Stack size 0 bytes, mdr32f9qx_timer.o(.text))
<BR><BR>[Called By]<UL><LI><a href="#[7e]">&gt;&gt;</a>&nbsp;&nbsp;&nbsp;HW_TimersInit
</UL>

<P><STRONG><a name="[22d]"></a>TIMER_SetChnCompare</STRONG> (Thumb, 8 bytes, Stack size 0 bytes, mdr32f9qx_timer.o(.text), UNUSED)

<P><STRONG><a name="[22e]"></a>TIMER_SetChnCompare1</STRONG> (Thumb, 8 bytes, Stack size 0 bytes, mdr32f9qx_timer.o(.text), UNUSED)

<P><STRONG><a name="[22f]"></a>TIMER_ChnCompareConfig</STRONG> (Thumb, 24 bytes, Stack size 8 bytes, mdr32f9qx_timer.o(.text), UNUSED)

<P><STRONG><a name="[230]"></a>TIMER_ChnCompare1Config</STRONG> (Thumb, 24 bytes, Stack size 8 bytes, mdr32f9qx_timer.o(.text), UNUSED)

<P><STRONG><a name="[231]"></a>TIMER_GetChnCapture</STRONG> (Thumb, 10 bytes, Stack size 0 bytes, mdr32f9qx_timer.o(.text), UNUSED)

<P><STRONG><a name="[232]"></a>TIMER_GetChnCapture1</STRONG> (Thumb, 10 bytes, Stack size 0 bytes, mdr32f9qx_timer.o(.text), UNUSED)

<P><STRONG><a name="[233]"></a>TIMER_ChnETR_Cmd</STRONG> (Thumb, 26 bytes, Stack size 0 bytes, mdr32f9qx_timer.o(.text), UNUSED)

<P><STRONG><a name="[234]"></a>TIMER_ChnETRResetConfig</STRONG> (Thumb, 16 bytes, Stack size 0 bytes, mdr32f9qx_timer.o(.text), UNUSED)

<P><STRONG><a name="[235]"></a>TIMER_ChnBRKResetConfig</STRONG> (Thumb, 16 bytes, Stack size 0 bytes, mdr32f9qx_timer.o(.text), UNUSED)

<P><STRONG><a name="[236]"></a>TIMER_ChnREFFormatConfig</STRONG> (Thumb, 16 bytes, Stack size 0 bytes, mdr32f9qx_timer.o(.text), UNUSED)

<P><STRONG><a name="[237]"></a>TIMER_ChnCapturePrescalerConfig</STRONG> (Thumb, 18 bytes, Stack size 0 bytes, mdr32f9qx_timer.o(.text), UNUSED)

<P><STRONG><a name="[238]"></a>TIMER_ChnEventSourceConfig</STRONG> (Thumb, 16 bytes, Stack size 0 bytes, mdr32f9qx_timer.o(.text), UNUSED)

<P><STRONG><a name="[239]"></a>TIMER_ChnFilterConfig</STRONG> (Thumb, 16 bytes, Stack size 0 bytes, mdr32f9qx_timer.o(.text), UNUSED)

<P><STRONG><a name="[23a]"></a>TIMER_GetChnWriteComplete</STRONG> (Thumb, 20 bytes, Stack size 0 bytes, mdr32f9qx_timer.o(.text), UNUSED)

<P><STRONG><a name="[23b]"></a>TIMER_ChnCCR1_EventSourceConfig</STRONG> (Thumb, 16 bytes, Stack size 0 bytes, mdr32f9qx_timer.o(.text), UNUSED)

<P><STRONG><a name="[23c]"></a>TIMER_ChnCCR1_Cmd</STRONG> (Thumb, 26 bytes, Stack size 0 bytes, mdr32f9qx_timer.o(.text), UNUSED)

<P><STRONG><a name="[11f]"></a>TIMER_ChnOutInit</STRONG> (Thumb, 58 bytes, Stack size 8 bytes, mdr32f9qx_timer.o(.text))
<BR><BR>[Stack]<UL><LI>Max Depth = 8<LI>Call Chain = TIMER_ChnOutInit
</UL>
<BR>[Called By]<UL><LI><a href="#[7e]">&gt;&gt;</a>&nbsp;&nbsp;&nbsp;HW_TimersInit
</UL>

<P><STRONG><a name="[11e]"></a>TIMER_ChnOutStructInit</STRONG> (Thumb, 22 bytes, Stack size 0 bytes, mdr32f9qx_timer.o(.text))
<BR><BR>[Called By]<UL><LI><a href="#[7e]">&gt;&gt;</a>&nbsp;&nbsp;&nbsp;HW_TimersInit
</UL>

<P><STRONG><a name="[23d]"></a>TIMER_ChnOutConfig</STRONG> (Thumb, 28 bytes, Stack size 8 bytes, mdr32f9qx_timer.o(.text), UNUSED)

<P><STRONG><a name="[23e]"></a>TIMER_ChnOutSourceConfig</STRONG> (Thumb, 18 bytes, Stack size 0 bytes, mdr32f9qx_timer.o(.text), UNUSED)

<P><STRONG><a name="[23f]"></a>TIMER_ChnOutModeConfig</STRONG> (Thumb, 16 bytes, Stack size 0 bytes, mdr32f9qx_timer.o(.text), UNUSED)

<P><STRONG><a name="[240]"></a>TIMER_ChnOutPolarityConfig</STRONG> (Thumb, 18 bytes, Stack size 0 bytes, mdr32f9qx_timer.o(.text), UNUSED)

<P><STRONG><a name="[241]"></a>TIMER_ChnNOutConfig</STRONG> (Thumb, 30 bytes, Stack size 8 bytes, mdr32f9qx_timer.o(.text), UNUSED)

<P><STRONG><a name="[242]"></a>TIMER_ChnNOutSourceConfig</STRONG> (Thumb, 18 bytes, Stack size 0 bytes, mdr32f9qx_timer.o(.text), UNUSED)

<P><STRONG><a name="[243]"></a>TIMER_ChnNOutModeConfig</STRONG> (Thumb, 18 bytes, Stack size 0 bytes, mdr32f9qx_timer.o(.text), UNUSED)

<P><STRONG><a name="[244]"></a>TIMER_ChnNOutPolarityConfig</STRONG> (Thumb, 18 bytes, Stack size 0 bytes, mdr32f9qx_timer.o(.text), UNUSED)

<P><STRONG><a name="[245]"></a>TIMER_ChnOutDTGConfig</STRONG> (Thumb, 18 bytes, Stack size 8 bytes, mdr32f9qx_timer.o(.text), UNUSED)

<P><STRONG><a name="[246]"></a>TIMER_GetStatus</STRONG> (Thumb, 4 bytes, Stack size 0 bytes, mdr32f9qx_timer.o(.text), UNUSED)

<P><STRONG><a name="[247]"></a>TIMER_GetFlagStatus</STRONG> (Thumb, 14 bytes, Stack size 0 bytes, mdr32f9qx_timer.o(.text), UNUSED)

<P><STRONG><a name="[12d]"></a>TIMER_ClearFlag</STRONG> (Thumb, 8 bytes, Stack size 0 bytes, mdr32f9qx_timer.o(.text))
<BR><BR>[Called By]<UL><LI><a href="#[19]">&gt;&gt;</a>&nbsp;&nbsp;&nbsp;Timer2_IRQHandler
</UL>

<P><STRONG><a name="[248]"></a>TIMER_DMACmd</STRONG> (Thumb, 16 bytes, Stack size 0 bytes, mdr32f9qx_timer.o(.text), UNUSED)

<P><STRONG><a name="[122]"></a>TIMER_ITConfig</STRONG> (Thumb, 16 bytes, Stack size 0 bytes, mdr32f9qx_timer.o(.text))
<BR><BR>[Called By]<UL><LI><a href="#[7e]">&gt;&gt;</a>&nbsp;&nbsp;&nbsp;HW_TimersInit
</UL>

<P><STRONG><a name="[249]"></a>TIMER_GetITStatus</STRONG> (Thumb, 20 bytes, Stack size 0 bytes, mdr32f9qx_timer.o(.text), UNUSED)

<P><STRONG><a name="[120]"></a>TIMER_BRGInit</STRONG> (Thumb, 66 bytes, Stack size 8 bytes, mdr32f9qx_timer.o(.text))
<BR><BR>[Stack]<UL><LI>Max Depth = 8<LI>Call Chain = TIMER_BRGInit
</UL>
<BR>[Called By]<UL><LI><a href="#[7e]">&gt;&gt;</a>&nbsp;&nbsp;&nbsp;HW_TimersInit
</UL>

<P><STRONG><a name="[24a]"></a>I2C_DeInit</STRONG> (Thumb, 18 bytes, Stack size 0 bytes, mdr32f9qx_i2c.o(.text), UNUSED)

<P><STRONG><a name="[10f]"></a>I2C_Init</STRONG> (Thumb, 34 bytes, Stack size 0 bytes, mdr32f9qx_i2c.o(.text))
<BR><BR>[Called By]<UL><LI><a href="#[7d]">&gt;&gt;</a>&nbsp;&nbsp;&nbsp;HW_I2CInit
</UL>

<P><STRONG><a name="[24b]"></a>I2C_StructInit</STRONG> (Thumb, 10 bytes, Stack size 0 bytes, mdr32f9qx_i2c.o(.text), UNUSED)

<P><STRONG><a name="[10e]"></a>I2C_Cmd</STRONG> (Thumb, 22 bytes, Stack size 0 bytes, mdr32f9qx_i2c.o(.text))
<BR><BR>[Called By]<UL><LI><a href="#[7d]">&gt;&gt;</a>&nbsp;&nbsp;&nbsp;HW_I2CInit
</UL>

<P><STRONG><a name="[24c]"></a>I2C_ITConfig</STRONG> (Thumb, 22 bytes, Stack size 0 bytes, mdr32f9qx_i2c.o(.text), UNUSED)

<P><STRONG><a name="[24d]"></a>I2C_GetITStatus</STRONG> (Thumb, 16 bytes, Stack size 0 bytes, mdr32f9qx_i2c.o(.text), UNUSED)

<P><STRONG><a name="[24e]"></a>I2C_ClearITPendingBit</STRONG> (Thumb, 12 bytes, Stack size 0 bytes, mdr32f9qx_i2c.o(.text), UNUSED)

<P><STRONG><a name="[da]"></a>I2C_Send7bitAddress</STRONG> (Thumb, 16 bytes, Stack size 0 bytes, mdr32f9qx_i2c.o(.text), UNUSED)
<BR><BR>[Called By]<UL><LI><a href="#[78]">&gt;&gt;</a>&nbsp;&nbsp;&nbsp;EEPROMReadBlock
<LI><a href="#[e0]">&gt;&gt;</a>&nbsp;&nbsp;&nbsp;EEPROMReady
<LI><a href="#[df]">&gt;&gt;</a>&nbsp;&nbsp;&nbsp;EEPROMWriteBlock
</UL>

<P><STRONG><a name="[dc]"></a>I2C_SendByte</STRONG> (Thumb, 10 bytes, Stack size 0 bytes, mdr32f9qx_i2c.o(.text), UNUSED)
<BR><BR>[Called By]<UL><LI><a href="#[78]">&gt;&gt;</a>&nbsp;&nbsp;&nbsp;EEPROMReadBlock
<LI><a href="#[df]">&gt;&gt;</a>&nbsp;&nbsp;&nbsp;EEPROMWriteBlock
</UL>

<P><STRONG><a name="[db]"></a>I2C_SendSTOP</STRONG> (Thumb, 8 bytes, Stack size 0 bytes, mdr32f9qx_i2c.o(.text), UNUSED)
<BR><BR>[Called By]<UL><LI><a href="#[78]">&gt;&gt;</a>&nbsp;&nbsp;&nbsp;EEPROMReadBlock
<LI><a href="#[e0]">&gt;&gt;</a>&nbsp;&nbsp;&nbsp;EEPROMReady
<LI><a href="#[df]">&gt;&gt;</a>&nbsp;&nbsp;&nbsp;EEPROMWriteBlock
</UL>

<P><STRONG><a name="[dd]"></a>I2C_StartReceiveData</STRONG> (Thumb, 10 bytes, Stack size 0 bytes, mdr32f9qx_i2c.o(.text), UNUSED)
<BR><BR>[Called By]<UL><LI><a href="#[78]">&gt;&gt;</a>&nbsp;&nbsp;&nbsp;EEPROMReadBlock
</UL>

<P><STRONG><a name="[de]"></a>I2C_GetReceivedData</STRONG> (Thumb, 8 bytes, Stack size 0 bytes, mdr32f9qx_i2c.o(.text), UNUSED)
<BR><BR>[Called By]<UL><LI><a href="#[78]">&gt;&gt;</a>&nbsp;&nbsp;&nbsp;EEPROMReadBlock
</UL>

<P><STRONG><a name="[5e]"></a>I2C_GetLastEvent</STRONG> (Thumb, 18 bytes, Stack size 0 bytes, mdr32f9qx_i2c.o(.text), UNUSED)
<BR><BR>[Called By]<UL><LI><a href="#[5f]">&gt;&gt;</a>&nbsp;&nbsp;&nbsp;I2C_GetFlagStatus
<LI><a href="#[5d]">&gt;&gt;</a>&nbsp;&nbsp;&nbsp;I2C_CheckEvent
</UL>

<P><STRONG><a name="[5d]"></a>I2C_CheckEvent</STRONG> (Thumb, 20 bytes, Stack size 4 bytes, mdr32f9qx_i2c.o(.text), UNUSED)
<BR><BR>[Calls]<UL><LI><a href="#[5e]">&gt;&gt;</a>&nbsp;&nbsp;&nbsp;I2C_GetLastEvent
</UL>

<P><STRONG><a name="[5f]"></a>I2C_GetFlagStatus</STRONG> (Thumb, 20 bytes, Stack size 4 bytes, mdr32f9qx_i2c.o(.text), UNUSED)
<BR><BR>[Calls]<UL><LI><a href="#[5e]">&gt;&gt;</a>&nbsp;&nbsp;&nbsp;I2C_GetLastEvent
</UL>
<BR>[Called By]<UL><LI><a href="#[78]">&gt;&gt;</a>&nbsp;&nbsp;&nbsp;EEPROMReadBlock
<LI><a href="#[e0]">&gt;&gt;</a>&nbsp;&nbsp;&nbsp;EEPROMReady
<LI><a href="#[df]">&gt;&gt;</a>&nbsp;&nbsp;&nbsp;EEPROMWriteBlock
</UL>

<P><STRONG><a name="[110]"></a>ADC_DeInit</STRONG> (Thumb, 30 bytes, Stack size 0 bytes, mdr32f9qx_adc.o(.text))
<BR><BR>[Called By]<UL><LI><a href="#[80]">&gt;&gt;</a>&nbsp;&nbsp;&nbsp;HW_ADCInit
</UL>

<P><STRONG><a name="[112]"></a>ADC_Init</STRONG> (Thumb, 44 bytes, Stack size 0 bytes, mdr32f9qx_adc.o(.text))
<BR><BR>[Called By]<UL><LI><a href="#[80]">&gt;&gt;</a>&nbsp;&nbsp;&nbsp;HW_ADCInit
</UL>

<P><STRONG><a name="[111]"></a>ADC_StructInit</STRONG> (Thumb, 18 bytes, Stack size 0 bytes, mdr32f9qx_adc.o(.text))
<BR><BR>[Called By]<UL><LI><a href="#[80]">&gt;&gt;</a>&nbsp;&nbsp;&nbsp;HW_ADCInit
</UL>

<P><STRONG><a name="[24f]"></a>ADC_SetTrim</STRONG> (Thumb, 16 bytes, Stack size 0 bytes, mdr32f9qx_adc.o(.text), UNUSED)

<P><STRONG><a name="[114]"></a>ADC1_Init</STRONG> (Thumb, 80 bytes, Stack size 12 bytes, mdr32f9qx_adc.o(.text))
<BR><BR>[Stack]<UL><LI>Max Depth = 12<LI>Call Chain = ADC1_Init
</UL>
<BR>[Called By]<UL><LI><a href="#[80]">&gt;&gt;</a>&nbsp;&nbsp;&nbsp;HW_ADCInit
</UL>

<P><STRONG><a name="[115]"></a>ADC2_Init</STRONG> (Thumb, 70 bytes, Stack size 12 bytes, mdr32f9qx_adc.o(.text))
<BR><BR>[Stack]<UL><LI>Max Depth = 12<LI>Call Chain = ADC2_Init
</UL>
<BR>[Called By]<UL><LI><a href="#[80]">&gt;&gt;</a>&nbsp;&nbsp;&nbsp;HW_ADCInit
</UL>

<P><STRONG><a name="[113]"></a>ADCx_StructInit</STRONG> (Thumb, 28 bytes, Stack size 0 bytes, mdr32f9qx_adc.o(.text))
<BR><BR>[Called By]<UL><LI><a href="#[80]">&gt;&gt;</a>&nbsp;&nbsp;&nbsp;HW_ADCInit
</UL>

<P><STRONG><a name="[118]"></a>ADC1_Cmd</STRONG> (Thumb, 22 bytes, Stack size 0 bytes, mdr32f9qx_adc.o(.text))
<BR><BR>[Called By]<UL><LI><a href="#[80]">&gt;&gt;</a>&nbsp;&nbsp;&nbsp;HW_ADCInit
</UL>

<P><STRONG><a name="[119]"></a>ADC2_Cmd</STRONG> (Thumb, 22 bytes, Stack size 0 bytes, mdr32f9qx_adc.o(.text))
<BR><BR>[Called By]<UL><LI><a href="#[80]">&gt;&gt;</a>&nbsp;&nbsp;&nbsp;HW_ADCInit
</UL>

<P><STRONG><a name="[8e]"></a>ADC1_SetChannel</STRONG> (Thumb, 16 bytes, Stack size 0 bytes, mdr32f9qx_adc.o(.text))
<BR><BR>[Called By]<UL><LI><a href="#[8c]">&gt;&gt;</a>&nbsp;&nbsp;&nbsp;Converter_HW_ADCProcess
</UL>

<P><STRONG><a name="[e9]"></a>ADC2_SetChannel</STRONG> (Thumb, 16 bytes, Stack size 0 bytes, mdr32f9qx_adc.o(.text))
<BR><BR>[Called By]<UL><LI><a href="#[27]">&gt;&gt;</a>&nbsp;&nbsp;&nbsp;vTaskService
</UL>

<P><STRONG><a name="[250]"></a>ADC1_SetChannels</STRONG> (Thumb, 6 bytes, Stack size 0 bytes, mdr32f9qx_adc.o(.text), UNUSED)

<P><STRONG><a name="[251]"></a>ADC2_SetChannels</STRONG> (Thumb, 6 bytes, Stack size 0 bytes, mdr32f9qx_adc.o(.text), UNUSED)

<P><STRONG><a name="[252]"></a>ADC1_OperationModeConfig</STRONG> (Thumb, 16 bytes, Stack size 0 bytes, mdr32f9qx_adc.o(.text), UNUSED)

<P><STRONG><a name="[253]"></a>ADC2_OperationModeConfig</STRONG> (Thumb, 16 bytes, Stack size 0 bytes, mdr32f9qx_adc.o(.text), UNUSED)

<P><STRONG><a name="[254]"></a>ADC1_SamplingModeConfig</STRONG> (Thumb, 14 bytes, Stack size 0 bytes, mdr32f9qx_adc.o(.text), UNUSED)

<P><STRONG><a name="[255]"></a>ADC2_SamplingModeConfig</STRONG> (Thumb, 14 bytes, Stack size 0 bytes, mdr32f9qx_adc.o(.text), UNUSED)

<P><STRONG><a name="[256]"></a>ADC1_ChannelSwithingConfig</STRONG> (Thumb, 14 bytes, Stack size 0 bytes, mdr32f9qx_adc.o(.text), UNUSED)

<P><STRONG><a name="[257]"></a>ADC2_ChannelSwithingConfig</STRONG> (Thumb, 14 bytes, Stack size 0 bytes, mdr32f9qx_adc.o(.text), UNUSED)

<P><STRONG><a name="[258]"></a>ADC1_LevelsConfig</STRONG> (Thumb, 20 bytes, Stack size 8 bytes, mdr32f9qx_adc.o(.text), UNUSED)

<P><STRONG><a name="[259]"></a>ADC2_LevelsConfig</STRONG> (Thumb, 20 bytes, Stack size 8 bytes, mdr32f9qx_adc.o(.text), UNUSED)

<P><STRONG><a name="[25a]"></a>ADC1_SetLowLevel</STRONG> (Thumb, 6 bytes, Stack size 0 bytes, mdr32f9qx_adc.o(.text), UNUSED)

<P><STRONG><a name="[25b]"></a>ADC2_SetLowLevel</STRONG> (Thumb, 6 bytes, Stack size 0 bytes, mdr32f9qx_adc.o(.text), UNUSED)

<P><STRONG><a name="[25c]"></a>ADC1_SetHighLevel</STRONG> (Thumb, 6 bytes, Stack size 0 bytes, mdr32f9qx_adc.o(.text), UNUSED)

<P><STRONG><a name="[25d]"></a>ADC2_SetHighLevel</STRONG> (Thumb, 6 bytes, Stack size 0 bytes, mdr32f9qx_adc.o(.text), UNUSED)

<P><STRONG><a name="[90]"></a>ADC1_Start</STRONG> (Thumb, 12 bytes, Stack size 0 bytes, mdr32f9qx_adc.o(.text))
<BR><BR>[Called By]<UL><LI><a href="#[8c]">&gt;&gt;</a>&nbsp;&nbsp;&nbsp;Converter_HW_ADCProcess
</UL>

<P><STRONG><a name="[eb]"></a>ADC2_Start</STRONG> (Thumb, 12 bytes, Stack size 0 bytes, mdr32f9qx_adc.o(.text))
<BR><BR>[Called By]<UL><LI><a href="#[27]">&gt;&gt;</a>&nbsp;&nbsp;&nbsp;vTaskService
</UL>

<P><STRONG><a name="[8f]"></a>ADC1_GetResult</STRONG> (Thumb, 6 bytes, Stack size 0 bytes, mdr32f9qx_adc.o(.text))
<BR><BR>[Called By]<UL><LI><a href="#[8c]">&gt;&gt;</a>&nbsp;&nbsp;&nbsp;Converter_HW_ADCProcess
</UL>

<P><STRONG><a name="[ec]"></a>ADC2_GetResult</STRONG> (Thumb, 6 bytes, Stack size 0 bytes, mdr32f9qx_adc.o(.text))
<BR><BR>[Called By]<UL><LI><a href="#[27]">&gt;&gt;</a>&nbsp;&nbsp;&nbsp;vTaskService
</UL>

<P><STRONG><a name="[61]"></a>ADC_GetStatus</STRONG> (Thumb, 12 bytes, Stack size 0 bytes, mdr32f9qx_adc.o(.text), UNUSED)
<BR><BR>[Called By]<UL><LI><a href="#[62]">&gt;&gt;</a>&nbsp;&nbsp;&nbsp;ADC_GetITStatus
<LI><a href="#[60]">&gt;&gt;</a>&nbsp;&nbsp;&nbsp;ADC_GetFlagStatus
</UL>

<P><STRONG><a name="[25e]"></a>ADC1_GetStatus</STRONG> (Thumb, 6 bytes, Stack size 0 bytes, mdr32f9qx_adc.o(.text), UNUSED)

<P><STRONG><a name="[25f]"></a>ADC2_GetStatus</STRONG> (Thumb, 6 bytes, Stack size 0 bytes, mdr32f9qx_adc.o(.text), UNUSED)

<P><STRONG><a name="[60]"></a>ADC_GetFlagStatus</STRONG> (Thumb, 20 bytes, Stack size 4 bytes, mdr32f9qx_adc.o(.text), UNUSED)
<BR><BR>[Calls]<UL><LI><a href="#[61]">&gt;&gt;</a>&nbsp;&nbsp;&nbsp;ADC_GetStatus
</UL>

<P><STRONG><a name="[260]"></a>ADC1_GetFlagStatus</STRONG> (Thumb, 16 bytes, Stack size 0 bytes, mdr32f9qx_adc.o(.text), UNUSED)

<P><STRONG><a name="[261]"></a>ADC2_GetFlagStatus</STRONG> (Thumb, 16 bytes, Stack size 0 bytes, mdr32f9qx_adc.o(.text), UNUSED)

<P><STRONG><a name="[262]"></a>ADC1_ClearOverwriteFlag</STRONG> (Thumb, 12 bytes, Stack size 0 bytes, mdr32f9qx_adc.o(.text), UNUSED)

<P><STRONG><a name="[263]"></a>ADC2_ClearOverwriteFlag</STRONG> (Thumb, 12 bytes, Stack size 0 bytes, mdr32f9qx_adc.o(.text), UNUSED)

<P><STRONG><a name="[264]"></a>ADC1_ClearOutOfRangeFlag</STRONG> (Thumb, 12 bytes, Stack size 0 bytes, mdr32f9qx_adc.o(.text), UNUSED)

<P><STRONG><a name="[265]"></a>ADC2_ClearOutOfRangeFlag</STRONG> (Thumb, 12 bytes, Stack size 0 bytes, mdr32f9qx_adc.o(.text), UNUSED)

<P><STRONG><a name="[266]"></a>ADC_ITConfig</STRONG> (Thumb, 42 bytes, Stack size 16 bytes, mdr32f9qx_adc.o(.text), UNUSED)

<P><STRONG><a name="[116]"></a>ADC1_ITConfig</STRONG> (Thumb, 22 bytes, Stack size 0 bytes, mdr32f9qx_adc.o(.text))
<BR><BR>[Called By]<UL><LI><a href="#[80]">&gt;&gt;</a>&nbsp;&nbsp;&nbsp;HW_ADCInit
</UL>

<P><STRONG><a name="[117]"></a>ADC2_ITConfig</STRONG> (Thumb, 22 bytes, Stack size 0 bytes, mdr32f9qx_adc.o(.text))
<BR><BR>[Called By]<UL><LI><a href="#[80]">&gt;&gt;</a>&nbsp;&nbsp;&nbsp;HW_ADCInit
</UL>

<P><STRONG><a name="[62]"></a>ADC_GetITStatus</STRONG> (Thumb, 24 bytes, Stack size 4 bytes, mdr32f9qx_adc.o(.text), UNUSED)
<BR><BR>[Calls]<UL><LI><a href="#[61]">&gt;&gt;</a>&nbsp;&nbsp;&nbsp;ADC_GetStatus
</UL>

<P><STRONG><a name="[267]"></a>ADC1_GetITStatus</STRONG> (Thumb, 22 bytes, Stack size 0 bytes, mdr32f9qx_adc.o(.text), UNUSED)

<P><STRONG><a name="[268]"></a>ADC2_GetITStatus</STRONG> (Thumb, 22 bytes, Stack size 0 bytes, mdr32f9qx_adc.o(.text), UNUSED)

<P><STRONG><a name="[104]"></a>UART_DeInit</STRONG> (Thumb, 34 bytes, Stack size 0 bytes, mdr32f9qx_uart.o(.text))
<BR><BR>[Called By]<UL><LI><a href="#[81]">&gt;&gt;</a>&nbsp;&nbsp;&nbsp;HW_UARTInit
</UL>

<P><STRONG><a name="[63]"></a>UART_Init</STRONG> (Thumb, 140 bytes, Stack size 40 bytes, mdr32f9qx_uart.o(.text))
<BR><BR>[Stack]<UL><LI>Max Depth = 76<LI>Call Chain = UART_Init &rArr; RST_CLK_GetClocksFreq
</UL>
<BR>[Calls]<UL><LI><a href="#[64]">&gt;&gt;</a>&nbsp;&nbsp;&nbsp;RST_CLK_GetClocksFreq
</UL>
<BR>[Called By]<UL><LI><a href="#[81]">&gt;&gt;</a>&nbsp;&nbsp;&nbsp;HW_UARTInit
</UL>

<P><STRONG><a name="[103]"></a>UART_StructInit</STRONG> (Thumb, 24 bytes, Stack size 0 bytes, mdr32f9qx_uart.o(.text))
<BR><BR>[Called By]<UL><LI><a href="#[81]">&gt;&gt;</a>&nbsp;&nbsp;&nbsp;HW_UARTInit
</UL>

<P><STRONG><a name="[106]"></a>UART_Cmd</STRONG> (Thumb, 26 bytes, Stack size 0 bytes, mdr32f9qx_uart.o(.text))
<BR><BR>[Called By]<UL><LI><a href="#[81]">&gt;&gt;</a>&nbsp;&nbsp;&nbsp;HW_UARTInit
</UL>

<P><STRONG><a name="[269]"></a>UART_ITConfig</STRONG> (Thumb, 20 bytes, Stack size 0 bytes, mdr32f9qx_uart.o(.text), UNUSED)

<P><STRONG><a name="[26a]"></a>UART_GetITStatus</STRONG> (Thumb, 14 bytes, Stack size 0 bytes, mdr32f9qx_uart.o(.text), UNUSED)

<P><STRONG><a name="[26b]"></a>UART_GetITStatusMasked</STRONG> (Thumb, 14 bytes, Stack size 0 bytes, mdr32f9qx_uart.o(.text), UNUSED)

<P><STRONG><a name="[26c]"></a>UART_ClearITPendingBit</STRONG> (Thumb, 8 bytes, Stack size 0 bytes, mdr32f9qx_uart.o(.text), UNUSED)

<P><STRONG><a name="[107]"></a>UART_DMAConfig</STRONG> (Thumb, 8 bytes, Stack size 0 bytes, mdr32f9qx_uart.o(.text))
<BR><BR>[Called By]<UL><LI><a href="#[81]">&gt;&gt;</a>&nbsp;&nbsp;&nbsp;HW_UARTInit
</UL>

<P><STRONG><a name="[13b]"></a>UART_DMACmd</STRONG> (Thumb, 24 bytes, Stack size 0 bytes, mdr32f9qx_uart.o(.text))
<BR><BR>[Called By]<UL><LI><a href="#[2b]">&gt;&gt;</a>&nbsp;&nbsp;&nbsp;vTaskUARTTransmitter
<LI><a href="#[2a]">&gt;&gt;</a>&nbsp;&nbsp;&nbsp;vTaskUARTReceiver
</UL>

<P><STRONG><a name="[26d]"></a>UART_SendData</STRONG> (Thumb, 8 bytes, Stack size 0 bytes, mdr32f9qx_uart.o(.text), UNUSED)

<P><STRONG><a name="[26e]"></a>UART_ReceiveData</STRONG> (Thumb, 6 bytes, Stack size 0 bytes, mdr32f9qx_uart.o(.text), UNUSED)

<P><STRONG><a name="[26f]"></a>UART_BreakLine</STRONG> (Thumb, 26 bytes, Stack size 0 bytes, mdr32f9qx_uart.o(.text), UNUSED)

<P><STRONG><a name="[65]"></a>UART_IrDAConfig</STRONG> (Thumb, 40 bytes, Stack size 32 bytes, mdr32f9qx_uart.o(.text), UNUSED)
<BR><BR>[Calls]<UL><LI><a href="#[64]">&gt;&gt;</a>&nbsp;&nbsp;&nbsp;RST_CLK_GetClocksFreq
</UL>

<P><STRONG><a name="[270]"></a>UART_IrDACmd</STRONG> (Thumb, 26 bytes, Stack size 0 bytes, mdr32f9qx_uart.o(.text), UNUSED)

<P><STRONG><a name="[271]"></a>UART_GetFlagStatus</STRONG> (Thumb, 14 bytes, Stack size 0 bytes, mdr32f9qx_uart.o(.text), UNUSED)

<P><STRONG><a name="[105]"></a>UART_BRGInit</STRONG> (Thumb, 46 bytes, Stack size 8 bytes, mdr32f9qx_uart.o(.text))
<BR><BR>[Stack]<UL><LI>Max Depth = 8<LI>Call Chain = UART_BRGInit
</UL>
<BR>[Called By]<UL><LI><a href="#[81]">&gt;&gt;</a>&nbsp;&nbsp;&nbsp;HW_UARTInit
</UL>

<P><STRONG><a name="[67]"></a>DMA_CtrlDataInit</STRONG> (Thumb, 108 bytes, Stack size 8 bytes, mdr32f9qx_dma.o(.text))
<BR><BR>[Stack]<UL><LI>Max Depth = 8<LI>Call Chain = DMA_CtrlDataInit
</UL>
<BR>[Called By]<UL><LI><a href="#[6a]">&gt;&gt;</a>&nbsp;&nbsp;&nbsp;DMA_Init
<LI><a href="#[69]">&gt;&gt;</a>&nbsp;&nbsp;&nbsp;DMA_SG_Init
<LI><a href="#[68]">&gt;&gt;</a>&nbsp;&nbsp;&nbsp;DMA_SG_CtrlInit
<LI><a href="#[66]">&gt;&gt;</a>&nbsp;&nbsp;&nbsp;DMA_CtrlInit
<LI><a href="#[f4]">&gt;&gt;</a>&nbsp;&nbsp;&nbsp;my_DMA_ChannelInit
</UL>

<P><STRONG><a name="[108]"></a>DMA_DeInit</STRONG> (Thumb, 28 bytes, Stack size 0 bytes, mdr32f9qx_dma.o(.text))
<BR><BR>[Called By]<UL><LI><a href="#[82]">&gt;&gt;</a>&nbsp;&nbsp;&nbsp;HW_DMAInit
</UL>

<P><STRONG><a name="[66]"></a>DMA_CtrlInit</STRONG> (Thumb, 26 bytes, Stack size 0 bytes, mdr32f9qx_dma.o(.text))
<BR><BR>[Stack]<UL><LI>Max Depth = 8<LI>Call Chain = DMA_CtrlInit &rArr; DMA_CtrlDataInit
</UL>
<BR>[Calls]<UL><LI><a href="#[67]">&gt;&gt;</a>&nbsp;&nbsp;&nbsp;DMA_CtrlDataInit
</UL>
<BR>[Called By]<UL><LI><a href="#[2b]">&gt;&gt;</a>&nbsp;&nbsp;&nbsp;vTaskUARTTransmitter
</UL>

<P><STRONG><a name="[68]"></a>DMA_SG_CtrlInit</STRONG> (Thumb, 8 bytes, Stack size 0 bytes, mdr32f9qx_dma.o(.text), UNUSED)
<BR><BR>[Calls]<UL><LI><a href="#[67]">&gt;&gt;</a>&nbsp;&nbsp;&nbsp;DMA_CtrlDataInit
</UL>

<P><STRONG><a name="[69]"></a>DMA_SG_Init</STRONG> (Thumb, 118 bytes, Stack size 56 bytes, mdr32f9qx_dma.o(.text), UNUSED)
<BR><BR>[Calls]<UL><LI><a href="#[67]">&gt;&gt;</a>&nbsp;&nbsp;&nbsp;DMA_CtrlDataInit
</UL>

<P><STRONG><a name="[6a]"></a>DMA_Init</STRONG> (Thumb, 88 bytes, Stack size 16 bytes, mdr32f9qx_dma.o(.text), UNUSED)
<BR><BR>[Calls]<UL><LI><a href="#[67]">&gt;&gt;</a>&nbsp;&nbsp;&nbsp;DMA_CtrlDataInit
</UL>

<P><STRONG><a name="[272]"></a>DMA_StructInit</STRONG> (Thumb, 16 bytes, Stack size 0 bytes, mdr32f9qx_dma.o(.text), UNUSED)

<P><STRONG><a name="[273]"></a>DMA_SG_StructInit</STRONG> (Thumb, 18 bytes, Stack size 0 bytes, mdr32f9qx_dma.o(.text), UNUSED)

<P><STRONG><a name="[13a]"></a>DMA_Cmd</STRONG> (Thumb, 18 bytes, Stack size 0 bytes, mdr32f9qx_dma.o(.text))
<BR><BR>[Called By]<UL><LI><a href="#[2b]">&gt;&gt;</a>&nbsp;&nbsp;&nbsp;vTaskUARTTransmitter
<LI><a href="#[2a]">&gt;&gt;</a>&nbsp;&nbsp;&nbsp;vTaskUARTReceiver
</UL>

<P><STRONG><a name="[274]"></a>DMA_Request</STRONG> (Thumb, 10 bytes, Stack size 0 bytes, mdr32f9qx_dma.o(.text), UNUSED)

<P><STRONG><a name="[142]"></a>DMA_ClearError</STRONG> (Thumb, 8 bytes, Stack size 0 bytes, mdr32f9qx_dma.o(.text))
<BR><BR>[Called By]<UL><LI><a href="#[11]">&gt;&gt;</a>&nbsp;&nbsp;&nbsp;DMA_IRQHandler
</UL>

<P><STRONG><a name="[275]"></a>DMA_GetCurrTransferCounter</STRONG> (Thumb, 30 bytes, Stack size 0 bytes, mdr32f9qx_dma.o(.text), UNUSED)

<P><STRONG><a name="[141]"></a>DMA_GetFlagStatus</STRONG> (Thumb, 84 bytes, Stack size 8 bytes, mdr32f9qx_dma.o(.text))
<BR><BR>[Stack]<UL><LI>Max Depth = 8<LI>Call Chain = DMA_GetFlagStatus
</UL>
<BR>[Called By]<UL><LI><a href="#[11]">&gt;&gt;</a>&nbsp;&nbsp;&nbsp;DMA_IRQHandler
</UL>

<P><STRONG><a name="[71]"></a>RST_CLK_PCLKcmd</STRONG> (Thumb, 22 bytes, Stack size 0 bytes, mdr32f9qx_rst_clk.o(.text))
<BR><BR>[Called By]<UL><LI><a href="#[79]">&gt;&gt;</a>&nbsp;&nbsp;&nbsp;Setup_CPU_Clock
<LI><a href="#[82]">&gt;&gt;</a>&nbsp;&nbsp;&nbsp;HW_DMAInit
<LI><a href="#[70]">&gt;&gt;</a>&nbsp;&nbsp;&nbsp;RST_CLK_DeInit
</UL>

<P><STRONG><a name="[6f]"></a>RST_CLK_CPUclkSelection</STRONG> (Thumb, 14 bytes, Stack size 0 bytes, mdr32f9qx_rst_clk.o(.text))
<BR><BR>[Called By]<UL><LI><a href="#[79]">&gt;&gt;</a>&nbsp;&nbsp;&nbsp;Setup_CPU_Clock
<LI><a href="#[6d]">&gt;&gt;</a>&nbsp;&nbsp;&nbsp;RST_CLK_WarmDeInit
</UL>

<P><STRONG><a name="[6c]"></a>RST_CLK_GetFlagStatus</STRONG> (Thumb, 38 bytes, Stack size 0 bytes, mdr32f9qx_rst_clk.o(.text))
<BR><BR>[Called By]<UL><LI><a href="#[76]">&gt;&gt;</a>&nbsp;&nbsp;&nbsp;RST_CLK_USB_PLLstatus
<LI><a href="#[75]">&gt;&gt;</a>&nbsp;&nbsp;&nbsp;RST_CLK_CPU_PLLstatus
<LI><a href="#[74]">&gt;&gt;</a>&nbsp;&nbsp;&nbsp;RST_CLK_LSIstatus
<LI><a href="#[73]">&gt;&gt;</a>&nbsp;&nbsp;&nbsp;RST_CLK_LSEstatus
<LI><a href="#[72]">&gt;&gt;</a>&nbsp;&nbsp;&nbsp;RST_CLK_HSEstatus
<LI><a href="#[6b]">&gt;&gt;</a>&nbsp;&nbsp;&nbsp;RST_CLK_HSIstatus
</UL>

<P><STRONG><a name="[6b]"></a>RST_CLK_HSIstatus</STRONG> (Thumb, 48 bytes, Stack size 8 bytes, mdr32f9qx_rst_clk.o(.text), UNUSED)
<BR><BR>[Calls]<UL><LI><a href="#[6c]">&gt;&gt;</a>&nbsp;&nbsp;&nbsp;RST_CLK_GetFlagStatus
</UL>
<BR>[Called By]<UL><LI><a href="#[6d]">&gt;&gt;</a>&nbsp;&nbsp;&nbsp;RST_CLK_WarmDeInit
</UL>

<P><STRONG><a name="[6e]"></a>RST_CLK_HSIcmd</STRONG> (Thumb, 6 bytes, Stack size 0 bytes, mdr32f9qx_rst_clk.o(.text), UNUSED)
<BR><BR>[Called By]<UL><LI><a href="#[6d]">&gt;&gt;</a>&nbsp;&nbsp;&nbsp;RST_CLK_WarmDeInit
</UL>

<P><STRONG><a name="[6d]"></a>RST_CLK_WarmDeInit</STRONG> (Thumb, 52 bytes, Stack size 4 bytes, mdr32f9qx_rst_clk.o(.text), UNUSED)
<BR><BR>[Calls]<UL><LI><a href="#[6e]">&gt;&gt;</a>&nbsp;&nbsp;&nbsp;RST_CLK_HSIcmd
<LI><a href="#[6b]">&gt;&gt;</a>&nbsp;&nbsp;&nbsp;RST_CLK_HSIstatus
<LI><a href="#[6f]">&gt;&gt;</a>&nbsp;&nbsp;&nbsp;RST_CLK_CPUclkSelection
</UL>
<BR>[Called By]<UL><LI><a href="#[70]">&gt;&gt;</a>&nbsp;&nbsp;&nbsp;RST_CLK_DeInit
</UL>

<P><STRONG><a name="[70]"></a>RST_CLK_DeInit</STRONG> (Thumb, 34 bytes, Stack size 4 bytes, mdr32f9qx_rst_clk.o(.text), UNUSED)
<BR><BR>[Calls]<UL><LI><a href="#[6d]">&gt;&gt;</a>&nbsp;&nbsp;&nbsp;RST_CLK_WarmDeInit
<LI><a href="#[71]">&gt;&gt;</a>&nbsp;&nbsp;&nbsp;RST_CLK_PCLKcmd
</UL>

<P><STRONG><a name="[f5]"></a>RST_CLK_HSEconfig</STRONG> (Thumb, 38 bytes, Stack size 0 bytes, mdr32f9qx_rst_clk.o(.text))
<BR><BR>[Called By]<UL><LI><a href="#[79]">&gt;&gt;</a>&nbsp;&nbsp;&nbsp;Setup_CPU_Clock
</UL>

<P><STRONG><a name="[72]"></a>RST_CLK_HSEstatus</STRONG> (Thumb, 48 bytes, Stack size 8 bytes, mdr32f9qx_rst_clk.o(.text))
<BR><BR>[Stack]<UL><LI>Max Depth = 8<LI>Call Chain = RST_CLK_HSEstatus
</UL>
<BR>[Calls]<UL><LI><a href="#[6c]">&gt;&gt;</a>&nbsp;&nbsp;&nbsp;RST_CLK_GetFlagStatus
</UL>
<BR>[Called By]<UL><LI><a href="#[79]">&gt;&gt;</a>&nbsp;&nbsp;&nbsp;Setup_CPU_Clock
</UL>

<P><STRONG><a name="[276]"></a>RST_CLK_LSEconfig</STRONG> (Thumb, 38 bytes, Stack size 0 bytes, mdr32f9qx_rst_clk.o(.text), UNUSED)

<P><STRONG><a name="[73]"></a>RST_CLK_LSEstatus</STRONG> (Thumb, 48 bytes, Stack size 8 bytes, mdr32f9qx_rst_clk.o(.text), UNUSED)
<BR><BR>[Calls]<UL><LI><a href="#[6c]">&gt;&gt;</a>&nbsp;&nbsp;&nbsp;RST_CLK_GetFlagStatus
</UL>

<P><STRONG><a name="[277]"></a>RST_CLK_HSIadjust</STRONG> (Thumb, 16 bytes, Stack size 0 bytes, mdr32f9qx_rst_clk.o(.text), UNUSED)

<P><STRONG><a name="[278]"></a>RST_CLK_LSIcmd</STRONG> (Thumb, 8 bytes, Stack size 0 bytes, mdr32f9qx_rst_clk.o(.text), UNUSED)

<P><STRONG><a name="[279]"></a>RST_CLK_LSIadjust</STRONG> (Thumb, 16 bytes, Stack size 0 bytes, mdr32f9qx_rst_clk.o(.text), UNUSED)

<P><STRONG><a name="[74]"></a>RST_CLK_LSIstatus</STRONG> (Thumb, 48 bytes, Stack size 8 bytes, mdr32f9qx_rst_clk.o(.text), UNUSED)
<BR><BR>[Calls]<UL><LI><a href="#[6c]">&gt;&gt;</a>&nbsp;&nbsp;&nbsp;RST_CLK_GetFlagStatus
</UL>

<P><STRONG><a name="[f6]"></a>RST_CLK_CPU_PLLconfig</STRONG> (Thumb, 46 bytes, Stack size 0 bytes, mdr32f9qx_rst_clk.o(.text))
<BR><BR>[Called By]<UL><LI><a href="#[79]">&gt;&gt;</a>&nbsp;&nbsp;&nbsp;Setup_CPU_Clock
</UL>

<P><STRONG><a name="[f9]"></a>RST_CLK_CPU_PLLuse</STRONG> (Thumb, 6 bytes, Stack size 0 bytes, mdr32f9qx_rst_clk.o(.text))
<BR><BR>[Called By]<UL><LI><a href="#[79]">&gt;&gt;</a>&nbsp;&nbsp;&nbsp;Setup_CPU_Clock
</UL>

<P><STRONG><a name="[f7]"></a>RST_CLK_CPU_PLLcmd</STRONG> (Thumb, 6 bytes, Stack size 0 bytes, mdr32f9qx_rst_clk.o(.text))
<BR><BR>[Called By]<UL><LI><a href="#[79]">&gt;&gt;</a>&nbsp;&nbsp;&nbsp;Setup_CPU_Clock
</UL>

<P><STRONG><a name="[75]"></a>RST_CLK_CPU_PLLstatus</STRONG> (Thumb, 48 bytes, Stack size 8 bytes, mdr32f9qx_rst_clk.o(.text))
<BR><BR>[Stack]<UL><LI>Max Depth = 8<LI>Call Chain = RST_CLK_CPU_PLLstatus
</UL>
<BR>[Calls]<UL><LI><a href="#[6c]">&gt;&gt;</a>&nbsp;&nbsp;&nbsp;RST_CLK_GetFlagStatus
</UL>
<BR>[Called By]<UL><LI><a href="#[79]">&gt;&gt;</a>&nbsp;&nbsp;&nbsp;Setup_CPU_Clock
</UL>

<P><STRONG><a name="[f8]"></a>RST_CLK_CPUclkPrescaler</STRONG> (Thumb, 16 bytes, Stack size 0 bytes, mdr32f9qx_rst_clk.o(.text))
<BR><BR>[Called By]<UL><LI><a href="#[79]">&gt;&gt;</a>&nbsp;&nbsp;&nbsp;Setup_CPU_Clock
</UL>

<P><STRONG><a name="[27a]"></a>RST_CLK_USB_PLLconfig</STRONG> (Thumb, 46 bytes, Stack size 0 bytes, mdr32f9qx_rst_clk.o(.text), UNUSED)

<P><STRONG><a name="[27b]"></a>RST_CLK_USB_PLLuse</STRONG> (Thumb, 6 bytes, Stack size 0 bytes, mdr32f9qx_rst_clk.o(.text), UNUSED)

<P><STRONG><a name="[27c]"></a>RST_CLK_USB_PLLcmd</STRONG> (Thumb, 6 bytes, Stack size 0 bytes, mdr32f9qx_rst_clk.o(.text), UNUSED)

<P><STRONG><a name="[76]"></a>RST_CLK_USB_PLLstatus</STRONG> (Thumb, 48 bytes, Stack size 8 bytes, mdr32f9qx_rst_clk.o(.text), UNUSED)
<BR><BR>[Calls]<UL><LI><a href="#[6c]">&gt;&gt;</a>&nbsp;&nbsp;&nbsp;RST_CLK_GetFlagStatus
</UL>

<P><STRONG><a name="[27d]"></a>RST_CLK_USBclkPrescaler</STRONG> (Thumb, 6 bytes, Stack size 0 bytes, mdr32f9qx_rst_clk.o(.text), UNUSED)

<P><STRONG><a name="[27e]"></a>RST_CLK_USBclkEnable</STRONG> (Thumb, 6 bytes, Stack size 0 bytes, mdr32f9qx_rst_clk.o(.text), UNUSED)

<P><STRONG><a name="[fa]"></a>RST_CLK_ADCclkSelection</STRONG> (Thumb, 14 bytes, Stack size 0 bytes, mdr32f9qx_rst_clk.o(.text))
<BR><BR>[Called By]<UL><LI><a href="#[79]">&gt;&gt;</a>&nbsp;&nbsp;&nbsp;Setup_CPU_Clock
</UL>

<P><STRONG><a name="[fb]"></a>RST_CLK_ADCclkPrescaler</STRONG> (Thumb, 16 bytes, Stack size 0 bytes, mdr32f9qx_rst_clk.o(.text))
<BR><BR>[Called By]<UL><LI><a href="#[79]">&gt;&gt;</a>&nbsp;&nbsp;&nbsp;Setup_CPU_Clock
</UL>

<P><STRONG><a name="[fc]"></a>RST_CLK_ADCclkEnable</STRONG> (Thumb, 6 bytes, Stack size 0 bytes, mdr32f9qx_rst_clk.o(.text))
<BR><BR>[Called By]<UL><LI><a href="#[79]">&gt;&gt;</a>&nbsp;&nbsp;&nbsp;Setup_CPU_Clock
</UL>

<P><STRONG><a name="[27f]"></a>RST_CLK_HSIclkPrescaler</STRONG> (Thumb, 16 bytes, Stack size 0 bytes, mdr32f9qx_rst_clk.o(.text), UNUSED)

<P><STRONG><a name="[280]"></a>RST_CLK_RTC_HSIclkEnable</STRONG> (Thumb, 6 bytes, Stack size 0 bytes, mdr32f9qx_rst_clk.o(.text), UNUSED)

<P><STRONG><a name="[281]"></a>RST_CLK_HSEclkPrescaler</STRONG> (Thumb, 14 bytes, Stack size 0 bytes, mdr32f9qx_rst_clk.o(.text), UNUSED)

<P><STRONG><a name="[282]"></a>RST_CLK_RTC_HSEclkEnable</STRONG> (Thumb, 6 bytes, Stack size 0 bytes, mdr32f9qx_rst_clk.o(.text), UNUSED)

<P><STRONG><a name="[64]"></a>RST_CLK_GetClocksFreq</STRONG> (Thumb, 404 bytes, Stack size 36 bytes, mdr32f9qx_rst_clk.o(.text))
<BR><BR>[Stack]<UL><LI>Max Depth = 36<LI>Call Chain = RST_CLK_GetClocksFreq
</UL>
<BR>[Called By]<UL><LI><a href="#[65]">&gt;&gt;</a>&nbsp;&nbsp;&nbsp;UART_IrDAConfig
<LI><a href="#[63]">&gt;&gt;</a>&nbsp;&nbsp;&nbsp;UART_Init
</UL>

<P><STRONG><a name="[77]"></a>EEPROM_test</STRONG> (Thumb, 38 bytes, Stack size 8 bytes, main.o(.text), UNUSED)
<BR><BR>[Calls]<UL><LI><a href="#[78]">&gt;&gt;</a>&nbsp;&nbsp;&nbsp;EEPROMReadBlock
</UL>

<P><STRONG><a name="[54]"></a>main</STRONG> (Thumb, 256 bytes, Stack size 24 bytes, main.o(.text))
<BR><BR>[Stack]<UL><LI>Max Depth = 264 + Unknown Stack Size
<LI>Call Chain = main &rArr; vTaskStartScheduler &rArr; xTaskGenericCreate &rArr; prvAllocateTCBAndStack &rArr; pvPortMalloc &rArr; xTaskResumeAll &rArr; xTaskIncrementTick &rArr; vApplicationTickHook &rArr; xQueueGenericSendFromISR &rArr; xTaskRemoveFromEventList
</UL>
<BR>[Calls]<UL><LI><a href="#[87]">&gt;&gt;</a>&nbsp;&nbsp;&nbsp;xTaskGenericCreate
<LI><a href="#[88]">&gt;&gt;</a>&nbsp;&nbsp;&nbsp;vTaskStartScheduler
<LI><a href="#[79]">&gt;&gt;</a>&nbsp;&nbsp;&nbsp;Setup_CPU_Clock
<LI><a href="#[85]">&gt;&gt;</a>&nbsp;&nbsp;&nbsp;SetCoolerSpeed
<LI><a href="#[86]">&gt;&gt;</a>&nbsp;&nbsp;&nbsp;LcdSetBacklight
<LI><a href="#[83]">&gt;&gt;</a>&nbsp;&nbsp;&nbsp;LcdInit
<LI><a href="#[84]">&gt;&gt;</a>&nbsp;&nbsp;&nbsp;InitButtons
<LI><a href="#[81]">&gt;&gt;</a>&nbsp;&nbsp;&nbsp;HW_UARTInit
<LI><a href="#[7e]">&gt;&gt;</a>&nbsp;&nbsp;&nbsp;HW_TimersInit
<LI><a href="#[7c]">&gt;&gt;</a>&nbsp;&nbsp;&nbsp;HW_SSPInit
<LI><a href="#[7f]">&gt;&gt;</a>&nbsp;&nbsp;&nbsp;HW_PortInit
<LI><a href="#[7a]">&gt;&gt;</a>&nbsp;&nbsp;&nbsp;HW_NVIC_init
<LI><a href="#[7d]">&gt;&gt;</a>&nbsp;&nbsp;&nbsp;HW_I2CInit
<LI><a href="#[82]">&gt;&gt;</a>&nbsp;&nbsp;&nbsp;HW_DMAInit
<LI><a href="#[80]">&gt;&gt;</a>&nbsp;&nbsp;&nbsp;HW_ADCInit
<LI><a href="#[7b]">&gt;&gt;</a>&nbsp;&nbsp;&nbsp;DWT_Init
</UL>
<BR>[Called By]<UL><LI><a href="#[53]">&gt;&gt;</a>&nbsp;&nbsp;&nbsp;__rt_entry_main
</UL>

<P><STRONG><a name="[29]"></a>vTaskADC</STRONG> (Thumb, 178 bytes, Stack size 8 bytes, adc.o(.text))
<BR><BR>[Stack]<UL><LI>Max Depth = 176<LI>Call Chain = vTaskADC &rArr; xQueueGenericSend &rArr; xTaskResumeAll &rArr; xTaskIncrementTick &rArr; vApplicationTickHook &rArr; xQueueGenericSendFromISR &rArr; xTaskRemoveFromEventList
</UL>
<BR>[Calls]<UL><LI><a href="#[8a]">&gt;&gt;</a>&nbsp;&nbsp;&nbsp;xQueueGenericSend
<LI><a href="#[8b]">&gt;&gt;</a>&nbsp;&nbsp;&nbsp;xQueueGenericReceive
<LI><a href="#[89]">&gt;&gt;</a>&nbsp;&nbsp;&nbsp;xQueueGenericCreate
</UL>
<BR>[Address Reference Count : 1]<UL><LI> main.o(.text)
</UL>
<P><STRONG><a name="[8c]"></a>Converter_HW_ADCProcess</STRONG> (Thumb, 220 bytes, Stack size 16 bytes, adc.o(.text))
<BR><BR>[Stack]<UL><LI>Max Depth = 56<LI>Call Chain = Converter_HW_ADCProcess &rArr; xQueueGenericSendFromISR &rArr; xTaskRemoveFromEventList
</UL>
<BR>[Calls]<UL><LI><a href="#[8d]">&gt;&gt;</a>&nbsp;&nbsp;&nbsp;xQueueGenericSendFromISR
<LI><a href="#[8f]">&gt;&gt;</a>&nbsp;&nbsp;&nbsp;ADC1_GetResult
<LI><a href="#[90]">&gt;&gt;</a>&nbsp;&nbsp;&nbsp;ADC1_Start
<LI><a href="#[8e]">&gt;&gt;</a>&nbsp;&nbsp;&nbsp;ADC1_SetChannel
</UL>
<BR>[Called By]<UL><LI><a href="#[19]">&gt;&gt;</a>&nbsp;&nbsp;&nbsp;Timer2_IRQHandler
</UL>

<P><STRONG><a name="[84]"></a>InitButtons</STRONG> (Thumb, 20 bytes, Stack size 0 bytes, buttons.o(.text))
<BR><BR>[Calls]<UL><LI><a href="#[94]">&gt;&gt;</a>&nbsp;&nbsp;&nbsp;ResetButtonEvents
</UL>
<BR>[Called By]<UL><LI><a href="#[54]">&gt;&gt;</a>&nbsp;&nbsp;&nbsp;main
</UL>

<P><STRONG><a name="[95]"></a>ProcessButtons</STRONG> (Thumb, 120 bytes, Stack size 24 bytes, buttons.o(.text))
<BR><BR>[Stack]<UL><LI>Max Depth = 40<LI>Call Chain = ProcessButtons &rArr; UpdateRawButtonState
</UL>
<BR>[Calls]<UL><LI><a href="#[94]">&gt;&gt;</a>&nbsp;&nbsp;&nbsp;ResetButtonEvents
<LI><a href="#[91]">&gt;&gt;</a>&nbsp;&nbsp;&nbsp;UpdateRawButtonState
</UL>
<BR>[Called By]<UL><LI><a href="#[28]">&gt;&gt;</a>&nbsp;&nbsp;&nbsp;vTaskDispatcher
</UL>

<P><STRONG><a name="[b7]"></a>GetOverloadStatus</STRONG> (Thumb, 12 bytes, Stack size 0 bytes, control.o(.text))
<BR><BR>[Called By]<UL><LI><a href="#[b6]">&gt;&gt;</a>&nbsp;&nbsp;&nbsp;Converter_HWProcess
</UL>

<P><STRONG><a name="[124]"></a>GetACLineStatus</STRONG> (Thumb, 12 bytes, Stack size 0 bytes, control.o(.text))
<BR><BR>[Called By]<UL><LI><a href="#[123]">&gt;&gt;</a>&nbsp;&nbsp;&nbsp;ProcessPowerOff
</UL>

<P><STRONG><a name="[96]"></a>SetConverterState</STRONG> (Thumb, 22 bytes, Stack size 0 bytes, control.o(.text))
<BR><BR>[Calls]<UL><LI><a href="#[97]">&gt;&gt;</a>&nbsp;&nbsp;&nbsp;PORT_ResetBits
<LI><a href="#[98]">&gt;&gt;</a>&nbsp;&nbsp;&nbsp;PORT_SetBits
</UL>
<BR>[Called By]<UL><LI><a href="#[123]">&gt;&gt;</a>&nbsp;&nbsp;&nbsp;ProcessPowerOff
<LI><a href="#[b6]">&gt;&gt;</a>&nbsp;&nbsp;&nbsp;Converter_HWProcess
</UL>

<P><STRONG><a name="[283]"></a>GetConverterState</STRONG> (Thumb, 10 bytes, Stack size 0 bytes, control.o(.text), UNUSED)

<P><STRONG><a name="[99]"></a>SetFeedbackChannel</STRONG> (Thumb, 22 bytes, Stack size 0 bytes, control.o(.text))
<BR><BR>[Calls]<UL><LI><a href="#[97]">&gt;&gt;</a>&nbsp;&nbsp;&nbsp;PORT_ResetBits
<LI><a href="#[98]">&gt;&gt;</a>&nbsp;&nbsp;&nbsp;PORT_SetBits
</UL>
<BR>[Called By]<UL><LI><a href="#[b0]">&gt;&gt;</a>&nbsp;&nbsp;&nbsp;Converter_SetFeedBackChannel
<LI><a href="#[a5]">&gt;&gt;</a>&nbsp;&nbsp;&nbsp;Converter_Init
<LI><a href="#[123]">&gt;&gt;</a>&nbsp;&nbsp;&nbsp;ProcessPowerOff
</UL>

<P><STRONG><a name="[9a]"></a>SetCurrentRange</STRONG> (Thumb, 22 bytes, Stack size 0 bytes, control.o(.text))
<BR><BR>[Calls]<UL><LI><a href="#[97]">&gt;&gt;</a>&nbsp;&nbsp;&nbsp;PORT_ResetBits
<LI><a href="#[98]">&gt;&gt;</a>&nbsp;&nbsp;&nbsp;PORT_SetBits
</UL>
<BR>[Called By]<UL><LI><a href="#[b1]">&gt;&gt;</a>&nbsp;&nbsp;&nbsp;Converter_SetCurrentRange
<LI><a href="#[a5]">&gt;&gt;</a>&nbsp;&nbsp;&nbsp;Converter_Init
<LI><a href="#[123]">&gt;&gt;</a>&nbsp;&nbsp;&nbsp;ProcessPowerOff
</UL>

<P><STRONG><a name="[9b]"></a>SetOutputLoad</STRONG> (Thumb, 22 bytes, Stack size 0 bytes, control.o(.text))
<BR><BR>[Calls]<UL><LI><a href="#[97]">&gt;&gt;</a>&nbsp;&nbsp;&nbsp;PORT_ResetBits
<LI><a href="#[98]">&gt;&gt;</a>&nbsp;&nbsp;&nbsp;PORT_SetBits
</UL>
<BR>[Called By]<UL><LI><a href="#[a5]">&gt;&gt;</a>&nbsp;&nbsp;&nbsp;Converter_Init
<LI><a href="#[26]">&gt;&gt;</a>&nbsp;&nbsp;&nbsp;vTaskConverter
<LI><a href="#[123]">&gt;&gt;</a>&nbsp;&nbsp;&nbsp;ProcessPowerOff
</UL>

<P><STRONG><a name="[a5]"></a>Converter_Init</STRONG> (Thumb, 416 bytes, Stack size 24 bytes, converter.o(.text))
<BR><BR>[Stack]<UL><LI>Max Depth = 24<LI>Call Chain = Converter_Init
</UL>
<BR>[Calls]<UL><LI><a href="#[a8]">&gt;&gt;</a>&nbsp;&nbsp;&nbsp;SetVoltageDAC
<LI><a href="#[a9]">&gt;&gt;</a>&nbsp;&nbsp;&nbsp;SetCurrentDAC
<LI><a href="#[a6]">&gt;&gt;</a>&nbsp;&nbsp;&nbsp;Converter_TurnOff
<LI><a href="#[a7]">&gt;&gt;</a>&nbsp;&nbsp;&nbsp;Converter_IsReady
<LI><a href="#[9b]">&gt;&gt;</a>&nbsp;&nbsp;&nbsp;SetOutputLoad
<LI><a href="#[9a]">&gt;&gt;</a>&nbsp;&nbsp;&nbsp;SetCurrentRange
<LI><a href="#[99]">&gt;&gt;</a>&nbsp;&nbsp;&nbsp;SetFeedbackChannel
</UL>
<BR>[Called By]<UL><LI><a href="#[28]">&gt;&gt;</a>&nbsp;&nbsp;&nbsp;vTaskDispatcher
</UL>

<P><STRONG><a name="[26]"></a>vTaskConverter</STRONG> (Thumb, 1114 bytes, Stack size 24 bytes, converter.o(.text))
<BR><BR>[Stack]<UL><LI>Max Depth = 200<LI>Call Chain = vTaskConverter &rArr; SoundEvent_OnGenericError &rArr; xQueueGenericSend &rArr; xTaskResumeAll &rArr; xTaskIncrementTick &rArr; vApplicationTickHook &rArr; xQueueGenericSendFromISR &rArr; xTaskRemoveFromEventList
</UL>
<BR>[Calls]<UL><LI><a href="#[ab]">&gt;&gt;</a>&nbsp;&nbsp;&nbsp;xQueueGenericReset
<LI><a href="#[aa]">&gt;&gt;</a>&nbsp;&nbsp;&nbsp;vTaskSuspend
<LI><a href="#[af]">&gt;&gt;</a>&nbsp;&nbsp;&nbsp;vTaskDelay
<LI><a href="#[a8]">&gt;&gt;</a>&nbsp;&nbsp;&nbsp;SetVoltageDAC
<LI><a href="#[a9]">&gt;&gt;</a>&nbsp;&nbsp;&nbsp;SetCurrentDAC
<LI><a href="#[b2]">&gt;&gt;</a>&nbsp;&nbsp;&nbsp;Converter_TurnOn
<LI><a href="#[a6]">&gt;&gt;</a>&nbsp;&nbsp;&nbsp;Converter_TurnOff
<LI><a href="#[b0]">&gt;&gt;</a>&nbsp;&nbsp;&nbsp;Converter_SetFeedBackChannel
<LI><a href="#[b1]">&gt;&gt;</a>&nbsp;&nbsp;&nbsp;Converter_SetCurrentRange
<LI><a href="#[a7]">&gt;&gt;</a>&nbsp;&nbsp;&nbsp;Converter_IsReady
<LI><a href="#[b3]">&gt;&gt;</a>&nbsp;&nbsp;&nbsp;Converter_ClearOverloadFlag
<LI><a href="#[a4]">&gt;&gt;</a>&nbsp;&nbsp;&nbsp;SoundEvent_OnGenericError
<LI><a href="#[a3]">&gt;&gt;</a>&nbsp;&nbsp;&nbsp;SoundEvent_OnOverload
<LI><a href="#[a2]">&gt;&gt;</a>&nbsp;&nbsp;&nbsp;SoundEvent_OnSettingChanged
<LI><a href="#[ad]">&gt;&gt;</a>&nbsp;&nbsp;&nbsp;Converter_ValidateLimit
<LI><a href="#[ae]">&gt;&gt;</a>&nbsp;&nbsp;&nbsp;Converter_ValidateCurrentRange
<LI><a href="#[ac]">&gt;&gt;</a>&nbsp;&nbsp;&nbsp;Converter_ValidateChannel
<LI><a href="#[a1]">&gt;&gt;</a>&nbsp;&nbsp;&nbsp;Converter_SetCurrentLimit
<LI><a href="#[a0]">&gt;&gt;</a>&nbsp;&nbsp;&nbsp;Converter_SetCurrent
<LI><a href="#[9e]">&gt;&gt;</a>&nbsp;&nbsp;&nbsp;Converter_SetVoltageLimit
<LI><a href="#[9c]">&gt;&gt;</a>&nbsp;&nbsp;&nbsp;Converter_SetVoltage
<LI><a href="#[9b]">&gt;&gt;</a>&nbsp;&nbsp;&nbsp;SetOutputLoad
<LI><a href="#[8a]">&gt;&gt;</a>&nbsp;&nbsp;&nbsp;xQueueGenericSend
<LI><a href="#[8b]">&gt;&gt;</a>&nbsp;&nbsp;&nbsp;xQueueGenericReceive
<LI><a href="#[89]">&gt;&gt;</a>&nbsp;&nbsp;&nbsp;xQueueGenericCreate
</UL>
<BR>[Address Reference Count : 1]<UL><LI> main.o(.text)
</UL>
<P><STRONG><a name="[a8]"></a>SetVoltageDAC</STRONG> (Thumb, 10 bytes, Stack size 0 bytes, converter_hw.o(.text))
<BR><BR>[Calls]<UL><LI><a href="#[b4]">&gt;&gt;</a>&nbsp;&nbsp;&nbsp;SetVoltagePWMPeriod
</UL>
<BR>[Called By]<UL><LI><a href="#[a5]">&gt;&gt;</a>&nbsp;&nbsp;&nbsp;Converter_Init
<LI><a href="#[26]">&gt;&gt;</a>&nbsp;&nbsp;&nbsp;vTaskConverter
</UL>

<P><STRONG><a name="[a9]"></a>SetCurrentDAC</STRONG> (Thumb, 16 bytes, Stack size 0 bytes, converter_hw.o(.text))
<BR><BR>[Calls]<UL><LI><a href="#[b5]">&gt;&gt;</a>&nbsp;&nbsp;&nbsp;SetCurrentPWMPeriod
</UL>
<BR>[Called By]<UL><LI><a href="#[a5]">&gt;&gt;</a>&nbsp;&nbsp;&nbsp;Converter_Init
<LI><a href="#[26]">&gt;&gt;</a>&nbsp;&nbsp;&nbsp;vTaskConverter
</UL>

<P><STRONG><a name="[a7]"></a>Converter_IsReady</STRONG> (Thumb, 10 bytes, Stack size 0 bytes, converter_hw.o(.text))
<BR><BR>[Called By]<UL><LI><a href="#[a5]">&gt;&gt;</a>&nbsp;&nbsp;&nbsp;Converter_Init
<LI><a href="#[26]">&gt;&gt;</a>&nbsp;&nbsp;&nbsp;vTaskConverter
</UL>

<P><STRONG><a name="[b0]"></a>Converter_SetFeedBackChannel</STRONG> (Thumb, 46 bytes, Stack size 8 bytes, converter_hw.o(.text))
[...]
<BR><BR>[Called By]<UL><LI><a href="#[7a]">&gt;&gt;</a>&nbsp;&nbsp;&nbsp;HW_NVIC_init
<LI><a href="#[ff]">&gt;&gt;</a>&nbsp;&nbsp;&nbsp;HW_NVIC_check
</UL>

<P><STRONG><a name="[139]"></a>UART_Init_RX_buffer</STRONG> (Thumb, 26 bytes, Stack size 0 bytes, uart.o(.text))
<BR><BR>[Called By]<UL><LI><a href="#[2a]">&gt;&gt;</a>&nbsp;&nbsp;&nbsp;vTaskUARTReceiver
</UL>

<P><STRONG><a name="[12f]"></a>UART_init_RX_DMA</STRONG> (Thumb, 112 bytes, Stack size 72 bytes, uart.o(.text))
<BR><BR>[Stack]<UL><LI>Max Depth = 104<LI>Call Chain = UART_init_RX_DMA &rArr; my_DMA_ChannelInit &rArr; DMA_CtrlDataInit
</UL>
<BR>[Calls]<UL><LI><a href="#[f4]">&gt;&gt;</a>&nbsp;&nbsp;&nbsp;my_DMA_ChannelInit
</UL>
<BR>[Called By]<UL><LI><a href="#[2a]">&gt;&gt;</a>&nbsp;&nbsp;&nbsp;vTaskUARTReceiver
</UL>

<P><STRONG><a name="[130]"></a>UART_init_TX_DMA</STRONG> (Thumb, 74 bytes, Stack size 24 bytes, uart.o(.text))
<BR><BR>[Stack]<UL><LI>Max Depth = 56<LI>Call Chain = UART_init_TX_DMA &rArr; my_DMA_ChannelInit &rArr; DMA_CtrlDataInit
</UL>
<BR>[Calls]<UL><LI><a href="#[f4]">&gt;&gt;</a>&nbsp;&nbsp;&nbsp;my_DMA_ChannelInit
</UL>
<BR>[Called By]<UL><LI><a href="#[2b]">&gt;&gt;</a>&nbsp;&nbsp;&nbsp;vTaskUARTTransmitter
</UL>

<P><STRONG><a name="[134]"></a>UART_sendStrAlloc</STRONG> (Thumb, 62 bytes, Stack size 16 bytes, uart.o(.text))
<BR><BR>[Stack]<UL><LI>Max Depth = 184<LI>Call Chain = UART_sendStrAlloc &rArr; xQueueGenericSend &rArr; xTaskResumeAll &rArr; xTaskIncrementTick &rArr; vApplicationTickHook &rArr; xQueueGenericSendFromISR &rArr; xTaskRemoveFromEventList
</UL>
<BR>[Calls]<UL><LI><a href="#[8a]">&gt;&gt;</a>&nbsp;&nbsp;&nbsp;xQueueGenericSend
<LI><a href="#[138]">&gt;&gt;</a>&nbsp;&nbsp;&nbsp;vPortFree
<LI><a href="#[136]">&gt;&gt;</a>&nbsp;&nbsp;&nbsp;pvPortMalloc
<LI><a href="#[135]">&gt;&gt;</a>&nbsp;&nbsp;&nbsp;strlen
<LI><a href="#[137]">&gt;&gt;</a>&nbsp;&nbsp;&nbsp;strcpy
</UL>
<BR>[Called By]<UL><LI><a href="#[2a]">&gt;&gt;</a>&nbsp;&nbsp;&nbsp;vTaskUARTReceiver
</UL>

<P><STRONG><a name="[2d]"></a>prvTaskExitError</STRONG> (Thumb, 6 bytes, Stack size 0 bytes, port.o(.text))
<BR><BR>[Calls]<UL><LI><a href="#[143]">&gt;&gt;</a>&nbsp;&nbsp;&nbsp;ulPortSetInterruptMask
</UL>
<BR>[Address Reference Count : 1]<UL><LI> port.o(.text)
</UL>
<P><STRONG><a name="[14e]"></a>prvUnlockQueue</STRONG> (Thumb, 100 bytes, Stack size 16 bytes, queue.o(.text))
<BR><BR>[Stack]<UL><LI>Max Depth = 32<LI>Call Chain = prvUnlockQueue &rArr; xTaskRemoveFromEventList
</UL>
<BR>[Calls]<UL><LI><a href="#[14c]">&gt;&gt;</a>&nbsp;&nbsp;&nbsp;xTaskRemoveFromEventList
<LI><a href="#[14f]">&gt;&gt;</a>&nbsp;&nbsp;&nbsp;vTaskMissedYield
<LI><a href="#[148]">&gt;&gt;</a>&nbsp;&nbsp;&nbsp;vPortExitCritical
<LI><a href="#[147]">&gt;&gt;</a>&nbsp;&nbsp;&nbsp;vPortEnterCritical
</UL>
<BR>[Called By]<UL><LI><a href="#[8a]">&gt;&gt;</a>&nbsp;&nbsp;&nbsp;xQueueGenericSend
<LI><a href="#[8b]">&gt;&gt;</a>&nbsp;&nbsp;&nbsp;xQueueGenericReceive
</UL>

<P><STRONG><a name="[150]"></a>prvIsQueueFull</STRONG> (Thumb, 30 bytes, Stack size 8 bytes, queue.o(.text))
<BR><BR>[Stack]<UL><LI>Max Depth = 16<LI>Call Chain = prvIsQueueFull &rArr; vPortEnterCritical
</UL>
<BR>[Calls]<UL><LI><a href="#[148]">&gt;&gt;</a>&nbsp;&nbsp;&nbsp;vPortExitCritical
<LI><a href="#[147]">&gt;&gt;</a>&nbsp;&nbsp;&nbsp;vPortEnterCritical
</UL>
<BR>[Called By]<UL><LI><a href="#[8a]">&gt;&gt;</a>&nbsp;&nbsp;&nbsp;xQueueGenericSend
</UL>

<P><STRONG><a name="[151]"></a>prvCopyDataToQueue</STRONG> (Thumb, 90 bytes, Stack size 16 bytes, queue.o(.text))
<BR><BR>[Stack]<UL><LI>Max Depth = 16<LI>Call Chain = prvCopyDataToQueue
</UL>
<BR>[Calls]<UL><LI><a href="#[152]">&gt;&gt;</a>&nbsp;&nbsp;&nbsp;__aeabi_memcpy
</UL>
<BR>[Called By]<UL><LI><a href="#[8d]">&gt;&gt;</a>&nbsp;&nbsp;&nbsp;xQueueGenericSendFromISR
<LI><a href="#[8a]">&gt;&gt;</a>&nbsp;&nbsp;&nbsp;xQueueGenericSend
</UL>

<P><STRONG><a name="[158]"></a>prvIsQueueEmpty</STRONG> (Thumb, 26 bytes, Stack size 8 bytes, queue.o(.text))
<BR><BR>[Stack]<UL><LI>Max Depth = 16<LI>Call Chain = prvIsQueueEmpty &rArr; vPortEnterCritical
</UL>
<BR>[Calls]<UL><LI><a href="#[148]">&gt;&gt;</a>&nbsp;&nbsp;&nbsp;vPortExitCritical
<LI><a href="#[147]">&gt;&gt;</a>&nbsp;&nbsp;&nbsp;vPortEnterCritical
</UL>
<BR>[Called By]<UL><LI><a href="#[8b]">&gt;&gt;</a>&nbsp;&nbsp;&nbsp;xQueueGenericReceive
</UL>

<P><STRONG><a name="[159]"></a>prvCopyDataFromQueue</STRONG> (Thumb, 40 bytes, Stack size 8 bytes, queue.o(.text))
<BR><BR>[Stack]<UL><LI>Max Depth = 8<LI>Call Chain = prvCopyDataFromQueue
</UL>
<BR>[Calls]<UL><LI><a href="#[152]">&gt;&gt;</a>&nbsp;&nbsp;&nbsp;__aeabi_memcpy
</UL>
<BR>[Called By]<UL><LI><a href="#[8b]">&gt;&gt;</a>&nbsp;&nbsp;&nbsp;xQueueGenericReceive
<LI><a href="#[15b]">&gt;&gt;</a>&nbsp;&nbsp;&nbsp;xQueuePeekFromISR
<LI><a href="#[15a]">&gt;&gt;</a>&nbsp;&nbsp;&nbsp;xQueueReceiveFromISR
</UL>

<P><STRONG><a name="[15f]"></a>prvInitialiseTaskLists</STRONG> (Thumb, 78 bytes, Stack size 16 bytes, tasks.o(.text))
<BR><BR>[Stack]<UL><LI>Max Depth = 16<LI>Call Chain = prvInitialiseTaskLists
</UL>
<BR>[Calls]<UL><LI><a href="#[14b]">&gt;&gt;</a>&nbsp;&nbsp;&nbsp;vListInitialise
</UL>
<BR>[Called By]<UL><LI><a href="#[87]">&gt;&gt;</a>&nbsp;&nbsp;&nbsp;xTaskGenericCreate
</UL>

<P><STRONG><a name="[160]"></a>prvInitialiseTCBVariables</STRONG> (Thumb, 66 bytes, Stack size 16 bytes, tasks.o(.text))
<BR><BR>[Stack]<UL><LI>Max Depth = 16<LI>Call Chain = prvInitialiseTCBVariables
</UL>
<BR>[Calls]<UL><LI><a href="#[161]">&gt;&gt;</a>&nbsp;&nbsp;&nbsp;vListInitialiseItem
</UL>
<BR>[Called By]<UL><LI><a href="#[87]">&gt;&gt;</a>&nbsp;&nbsp;&nbsp;xTaskGenericCreate
</UL>

<P><STRONG><a name="[162]"></a>prvAllocateTCBAndStack</STRONG> (Thumb, 56 bytes, Stack size 16 bytes, tasks.o(.text))
<BR><BR>[Stack]<UL><LI>Max Depth = 160 + Unknown Stack Size
<LI>Call Chain = prvAllocateTCBAndStack &rArr; pvPortMalloc &rArr; xTaskResumeAll &rArr; xTaskIncrementTick &rArr; vApplicationTickHook &rArr; xQueueGenericSendFromISR &rArr; xTaskRemoveFromEventList
</UL>
<BR>[Calls]<UL><LI><a href="#[138]">&gt;&gt;</a>&nbsp;&nbsp;&nbsp;vPortFree
<LI><a href="#[136]">&gt;&gt;</a>&nbsp;&nbsp;&nbsp;pvPortMalloc
<LI><a href="#[163]">&gt;&gt;</a>&nbsp;&nbsp;&nbsp;__aeabi_memset
</UL>
<BR>[Called By]<UL><LI><a href="#[87]">&gt;&gt;</a>&nbsp;&nbsp;&nbsp;xTaskGenericCreate
</UL>

<P><STRONG><a name="[168]"></a>prvAddCurrentTaskToDelayedList</STRONG> (Thumb, 50 bytes, Stack size 16 bytes, tasks.o(.text))
<BR><BR>[Stack]<UL><LI>Max Depth = 28<LI>Call Chain = prvAddCurrentTaskToDelayedList &rArr; vListInsert
</UL>
<BR>[Calls]<UL><LI><a href="#[169]">&gt;&gt;</a>&nbsp;&nbsp;&nbsp;vListInsert
</UL>
<BR>[Called By]<UL><LI><a href="#[af]">&gt;&gt;</a>&nbsp;&nbsp;&nbsp;vTaskDelay
<LI><a href="#[157]">&gt;&gt;</a>&nbsp;&nbsp;&nbsp;vTaskPlaceOnEventList
<LI><a href="#[ea]">&gt;&gt;</a>&nbsp;&nbsp;&nbsp;vTaskDelayUntil
</UL>

<P><STRONG><a name="[16e]"></a>prvDeleteTCB</STRONG> (Thumb, 20 bytes, Stack size 8 bytes, tasks.o(.text))
<BR><BR>[Stack]<UL><LI>Max Depth = 144<LI>Call Chain = prvDeleteTCB &rArr; vPortFree &rArr; xTaskResumeAll &rArr; xTaskIncrementTick &rArr; vApplicationTickHook &rArr; xQueueGenericSendFromISR &rArr; xTaskRemoveFromEventList
</UL>
<BR>[Calls]<UL><LI><a href="#[138]">&gt;&gt;</a>&nbsp;&nbsp;&nbsp;vPortFree
</UL>
<BR>[Called By]<UL><LI><a href="#[16f]">&gt;&gt;</a>&nbsp;&nbsp;&nbsp;prvCheckTasksWaitingTermination
</UL>

<P><STRONG><a name="[16f]"></a>prvCheckTasksWaitingTermination</STRONG> (Thumb, 76 bytes, Stack size 16 bytes, tasks.o(.text))
<BR><BR>[Stack]<UL><LI>Max Depth = 160<LI>Call Chain = prvCheckTasksWaitingTermination &rArr; prvDeleteTCB &rArr; vPortFree &rArr; xTaskResumeAll &rArr; xTaskIncrementTick &rArr; vApplicationTickHook &rArr; xQueueGenericSendFromISR &rArr; xTaskRemoveFromEventList
</UL>
<BR>[Calls]<UL><LI><a href="#[16e]">&gt;&gt;</a>&nbsp;&nbsp;&nbsp;prvDeleteTCB
<LI><a href="#[156]">&gt;&gt;</a>&nbsp;&nbsp;&nbsp;xTaskResumeAll
<LI><a href="#[154]">&gt;&gt;</a>&nbsp;&nbsp;&nbsp;vTaskSuspendAll
<LI><a href="#[167]">&gt;&gt;</a>&nbsp;&nbsp;&nbsp;uxListRemove
<LI><a href="#[148]">&gt;&gt;</a>&nbsp;&nbsp;&nbsp;vPortExitCritical
<LI><a href="#[147]">&gt;&gt;</a>&nbsp;&nbsp;&nbsp;vPortEnterCritical
</UL>
<BR>[Called By]<UL><LI><a href="#[2e]">&gt;&gt;</a>&nbsp;&nbsp;&nbsp;prvIdleTask
</UL>

<P><STRONG><a name="[2e]"></a>prvIdleTask</STRONG> (Thumb, 18 bytes, Stack size 0 bytes, tasks.o(.text))
<BR><BR>[Stack]<UL><LI>Max Depth = 160<LI>Call Chain = prvIdleTask &rArr; prvCheckTasksWaitingTermination &rArr; prvDeleteTCB &rArr; vPortFree &rArr; xTaskResumeAll &rArr; xTaskIncrementTick &rArr; vApplicationTickHook &rArr; xQueueGenericSendFromISR &rArr; xTaskRemoveFromEventList
</UL>
<BR>[Calls]<UL><LI><a href="#[16f]">&gt;&gt;</a>&nbsp;&nbsp;&nbsp;prvCheckTasksWaitingTermination
<LI><a href="#[14d]">&gt;&gt;</a>&nbsp;&nbsp;&nbsp;vPortYield
</UL>
<BR>[Address Reference Count : 1]<UL><LI> tasks.o(.text)
</UL>
<P><STRONG><a name="[174]"></a>prvInsertBlockIntoFreeList</STRONG> (Thumb, 78 bytes, Stack size 12 bytes, heap_4.o(.text))
<BR><BR>[Stack]<UL><LI>Max Depth = 12<LI>Call Chain = prvInsertBlockIntoFreeList
</UL>
<BR>[Called By]<UL><LI><a href="#[138]">&gt;&gt;</a>&nbsp;&nbsp;&nbsp;vPortFree
<LI><a href="#[136]">&gt;&gt;</a>&nbsp;&nbsp;&nbsp;pvPortMalloc
</UL>

<P><STRONG><a name="[173]"></a>prvHeapInit</STRONG> (Thumb, 52 bytes, Stack size 0 bytes, heap_4.o(.text))
<BR><BR>[Called By]<UL><LI><a href="#[136]">&gt;&gt;</a>&nbsp;&nbsp;&nbsp;pvPortMalloc
</UL>

<P><STRONG><a name="[2f]"></a>guiMainForm_ProcessEvents</STRONG> (Thumb, 370 bytes, Stack size 40 bytes, guimainform.o(.text))
<BR><BR>[Stack]<UL><LI>Max Depth = 144<LI>Call Chain = guiMainForm_ProcessEvents &rArr; LCD_PrintString &rArr; LCD_DrawImage
</UL>
<BR>[Calls]<UL><LI><a href="#[178]">&gt;&gt;</a>&nbsp;&nbsp;&nbsp;guiCore_SetVisible
<LI><a href="#[175]">&gt;&gt;</a>&nbsp;&nbsp;&nbsp;guiCore_SetFocused
<LI><a href="#[176]">&gt;&gt;</a>&nbsp;&nbsp;&nbsp;guiCore_RequestFocusChange
<LI><a href="#[177]">&gt;&gt;</a>&nbsp;&nbsp;&nbsp;LCD_DrawImage
<LI><a href="#[126]">&gt;&gt;</a>&nbsp;&nbsp;&nbsp;LCD_SetPixelOutputMode
<LI><a href="#[127]">&gt;&gt;</a>&nbsp;&nbsp;&nbsp;LCD_SetFont
<LI><a href="#[128]">&gt;&gt;</a>&nbsp;&nbsp;&nbsp;LCD_PrintString
<LI><a href="#[c8]">&gt;&gt;</a>&nbsp;&nbsp;&nbsp;guiCore_AddMessageToQueue
</UL>
<BR>[Address Reference Count : 1]<UL><LI> guimainform.o(.text)
</UL>
<P><STRONG><a name="[35]"></a>onSpinBoxValueChanged</STRONG> (Thumb, 46 bytes, Stack size 8 bytes, guimasterpanel.o(.text))
<BR><BR>[Stack]<UL><LI>Max Depth = 176<LI>Call Chain = onSpinBoxValueChanged &rArr; applyGuiCurrentSetting &rArr; xQueueGenericSend &rArr; xTaskResumeAll &rArr; xTaskIncrementTick &rArr; vApplicationTickHook &rArr; xQueueGenericSendFromISR &rArr; xTaskRemoveFromEventList
</UL>
<BR>[Calls]<UL><LI><a href="#[d7]">&gt;&gt;</a>&nbsp;&nbsp;&nbsp;applyGuiCurrentSetting
<LI><a href="#[d5]">&gt;&gt;</a>&nbsp;&nbsp;&nbsp;applyGuiVoltageSetting
</UL>
<BR>[Address Reference Count : 1]<UL><LI> guimasterpanel.o(.text)
</UL>
<P><STRONG><a name="[34]"></a>onSpinBoxDrawEvent</STRONG> (Thumb, 154 bytes, Stack size 32 bytes, guimasterpanel.o(.text))
<BR><BR>[Stack]<UL><LI>Max Depth = 88<LI>Call Chain = onSpinBoxDrawEvent &rArr; LCD_DrawImage
</UL>
<BR>[Calls]<UL><LI><a href="#[177]">&gt;&gt;</a>&nbsp;&nbsp;&nbsp;LCD_DrawImage
<LI><a href="#[126]">&gt;&gt;</a>&nbsp;&nbsp;&nbsp;LCD_SetPixelOutputMode
</UL>
<BR>[Address Reference Count : 1]<UL><LI> guimasterpanel.o(.text)
</UL>
<P><STRONG><a name="[33]"></a>spinBoxEventProcessFunction</STRONG> (Thumb, 60 bytes, Stack size 24 bytes, guimasterpanel.o(.text))
<BR><BR>[Stack]<UL><LI>Max Depth = 184<LI>Call Chain = spinBoxEventProcessFunction &rArr; guiSpinBox_ProcessEvent &rArr; guiGraph_DrawSpinBox &rArr; LCD_DrawRect &rArr; LCD_DrawVertLine &rArr; LCD_PutPixel
</UL>
<BR>[Calls]<UL><LI><a href="#[c8]">&gt;&gt;</a>&nbsp;&nbsp;&nbsp;guiCore_AddMessageToQueue
<LI><a href="#[17c]">&gt;&gt;</a>&nbsp;&nbsp;&nbsp;guiSpinBox_ProcessEvent
</UL>
<BR>[Address Reference Count : 1]<UL><LI> guimasterpanel.o(.text)
</UL>
<P><STRONG><a name="[32]"></a>onTextLabelKeyEncoderEvent</STRONG> (Thumb, 46 bytes, Stack size 8 bytes, guimasterpanel.o(.text))
<BR><BR>[Stack]<UL><LI>Max Depth = 176<LI>Call Chain = onTextLabelKeyEncoderEvent &rArr; applyGuiCurrentRange &rArr; xQueueGenericSend &rArr; xTaskResumeAll &rArr; xTaskIncrementTick &rArr; vApplicationTickHook &rArr; xQueueGenericSendFromISR &rArr; xTaskRemoveFromEventList
</UL>
<BR>[Calls]<UL><LI><a href="#[d9]">&gt;&gt;</a>&nbsp;&nbsp;&nbsp;applyGuiCurrentRange
</UL>
<BR>[Address Reference Count : 1]<UL><LI> guimasterpanel.o(.text)
</UL>
<P><STRONG><a name="[31]"></a>onTextLabelDrawEvent</STRONG> (Thumb, 80 bytes, Stack size 16 bytes, guimasterpanel.o(.text))
<BR><BR>[Stack]<UL><LI>Max Depth = 72<LI>Call Chain = onTextLabelDrawEvent &rArr; LCD_DrawImage
</UL>
<BR>[Calls]<UL><LI><a href="#[177]">&gt;&gt;</a>&nbsp;&nbsp;&nbsp;LCD_DrawImage
<LI><a href="#[126]">&gt;&gt;</a>&nbsp;&nbsp;&nbsp;LCD_SetPixelOutputMode
</UL>
<BR>[Address Reference Count : 1]<UL><LI> guimasterpanel.o(.text)
</UL>
<P><STRONG><a name="[30]"></a>guiMasterPanel_ProcessEvents</STRONG> (Thumb, 284 bytes, Stack size 32 bytes, guimasterpanel.o(.text))
<BR><BR>[Stack]<UL><LI>Max Depth = 168<LI>Call Chain = guiMasterPanel_ProcessEvents &rArr; guiPanel_ProcessEvent &rArr; guiGraph_DrawPanel &rArr; LCD_DrawRect &rArr; LCD_DrawVertLine &rArr; LCD_PutPixel
</UL>
<BR>[Calls]<UL><LI><a href="#[176]">&gt;&gt;</a>&nbsp;&nbsp;&nbsp;guiCore_RequestFocusChange
<LI><a href="#[126]">&gt;&gt;</a>&nbsp;&nbsp;&nbsp;LCD_SetPixelOutputMode
<LI><a href="#[127]">&gt;&gt;</a>&nbsp;&nbsp;&nbsp;LCD_SetFont
<LI><a href="#[128]">&gt;&gt;</a>&nbsp;&nbsp;&nbsp;LCD_PrintString
<LI><a href="#[c8]">&gt;&gt;</a>&nbsp;&nbsp;&nbsp;guiCore_AddMessageToQueue
<LI><a href="#[181]">&gt;&gt;</a>&nbsp;&nbsp;&nbsp;guiPanel_ProcessEvent
<LI><a href="#[17d]">&gt;&gt;</a>&nbsp;&nbsp;&nbsp;guiGraph_DrawPanel
<LI><a href="#[182]">&gt;&gt;</a>&nbsp;&nbsp;&nbsp;guiCore_RequestFocusNextWidget
<LI><a href="#[17e]">&gt;&gt;</a>&nbsp;&nbsp;&nbsp;LCD_SetLineStyle
<LI><a href="#[180]">&gt;&gt;</a>&nbsp;&nbsp;&nbsp;LCD_DrawVertLine
<LI><a href="#[17f]">&gt;&gt;</a>&nbsp;&nbsp;&nbsp;LCD_DrawHorLine
</UL>
<BR>[Address Reference Count : 1]<UL><LI> guimasterpanel.o(.text)
</UL>
<P><STRONG><a name="[3a]"></a>onHighVoltageLimitChanged</STRONG> (Thumb, 40 bytes, Stack size 8 bytes, guisetuppanel.o(.text))
<BR><BR>[Stack]<UL><LI>Max Depth = 184<LI>Call Chain = onHighVoltageLimitChanged &rArr; applyGuiVoltageLimit &rArr; xQueueGenericSend &rArr; xTaskResumeAll &rArr; xTaskIncrementTick &rArr; vApplicationTickHook &rArr; xQueueGenericSendFromISR &rArr; xTaskRemoveFromEventList
</UL>
<BR>[Calls]<UL><LI><a href="#[d6]">&gt;&gt;</a>&nbsp;&nbsp;&nbsp;applyGuiVoltageLimit
</UL>
<BR>[Address Reference Count : 1]<UL><LI> guisetuppanel.o(.text)
</UL>
<P><STRONG><a name="[39]"></a>onLowVoltageLimitChanged</STRONG> (Thumb, 42 bytes, Stack size 8 bytes, guisetuppanel.o(.text))
<BR><BR>[Stack]<UL><LI>Max Depth = 184<LI>Call Chain = onLowVoltageLimitChanged &rArr; applyGuiVoltageLimit &rArr; xQueueGenericSend &rArr; xTaskResumeAll &rArr; xTaskIncrementTick &rArr; vApplicationTickHook &rArr; xQueueGenericSendFromISR &rArr; xTaskRemoveFromEventList
</UL>
<BR>[Calls]<UL><LI><a href="#[d6]">&gt;&gt;</a>&nbsp;&nbsp;&nbsp;applyGuiVoltageLimit
</UL>
<BR>[Address Reference Count : 1]<UL><LI> guisetuppanel.o(.text)
</UL>
<P><STRONG><a name="[38]"></a>guiSetupList_ProcessEvent</STRONG> (Thumb, 68 bytes, Stack size 24 bytes, guisetuppanel.o(.text))
<BR><BR>[Stack]<UL><LI>Max Depth = 192<LI>Call Chain = guiSetupList_ProcessEvent &rArr; guiStringList_ProcessEvent &rArr; guiGraph_DrawStringList &rArr; LCD_PrintStringAligned &rArr; LCD_DrawImage
</UL>
<BR>[Calls]<UL><LI><a href="#[189]">&gt;&gt;</a>&nbsp;&nbsp;&nbsp;guiStringList_ProcessEvent
<LI><a href="#[182]">&gt;&gt;</a>&nbsp;&nbsp;&nbsp;guiCore_RequestFocusNextWidget
</UL>
<BR>[Address Reference Count : 1]<UL><LI> guisetuppanel.o(.text)
</UL>
<P><STRONG><a name="[37]"></a>guiSetupList_onIndexChanged</STRONG> (Thumb, 56 bytes, Stack size 16 bytes, guisetuppanel.o(.text))
<BR><BR>[Stack]<UL><LI>Max Depth = 56<LI>Call Chain = guiSetupList_onIndexChanged &rArr; guiCore_SetVisibleByTag
</UL>
<BR>[Calls]<UL><LI><a href="#[18a]">&gt;&gt;</a>&nbsp;&nbsp;&nbsp;guiCore_SetVisibleByTag
</UL>
<BR>[Address Reference Count : 1]<UL><LI> guisetuppanel.o(.text)
</UL>
<P><STRONG><a name="[36]"></a>guiSetupPanel_ProcessEvents</STRONG> (Thumb, 176 bytes, Stack size 24 bytes, guisetuppanel.o(.text))
<BR><BR>[Stack]<UL><LI>Max Depth = 160<LI>Call Chain = guiSetupPanel_ProcessEvents &rArr; guiPanel_ProcessEvent &rArr; guiGraph_DrawPanel &rArr; LCD_DrawRect &rArr; LCD_DrawVertLine &rArr; LCD_PutPixel
</UL>
<BR>[Calls]<UL><LI><a href="#[176]">&gt;&gt;</a>&nbsp;&nbsp;&nbsp;guiCore_RequestFocusChange
<LI><a href="#[126]">&gt;&gt;</a>&nbsp;&nbsp;&nbsp;LCD_SetPixelOutputMode
<LI><a href="#[127]">&gt;&gt;</a>&nbsp;&nbsp;&nbsp;LCD_SetFont
<LI><a href="#[128]">&gt;&gt;</a>&nbsp;&nbsp;&nbsp;LCD_PrintString
<LI><a href="#[c8]">&gt;&gt;</a>&nbsp;&nbsp;&nbsp;guiCore_AddMessageToQueue
<LI><a href="#[181]">&gt;&gt;</a>&nbsp;&nbsp;&nbsp;guiPanel_ProcessEvent
<LI><a href="#[17d]">&gt;&gt;</a>&nbsp;&nbsp;&nbsp;guiGraph_DrawPanel
</UL>
<BR>[Address Reference Count : 1]<UL><LI> guisetuppanel.o(.text)
</UL>
<P><STRONG><a name="[1b0]"></a>wrapIndex</STRONG> (Thumb, 28 bytes, Stack size 0 bytes, guistringlist.o(.text))
<BR><BR>[Called By]<UL><LI><a href="#[1ae]">&gt;&gt;</a>&nbsp;&nbsp;&nbsp;guiStringList_SelectNextItem
</UL>

<P><STRONG><a name="[1ae]"></a>guiStringList_SelectNextItem</STRONG> (Thumb, 228 bytes, Stack size 32 bytes, guistringlist.o(.text))
<BR><BR>[Stack]<UL><LI>Max Depth = 56<LI>Call Chain = guiStringList_SelectNextItem &rArr; guiCore_CallEventHandler
</UL>
<BR>[Calls]<UL><LI><a href="#[1af]">&gt;&gt;</a>&nbsp;&nbsp;&nbsp;guiGraph_GetStringListVisibleItemCount
<LI><a href="#[1b0]">&gt;&gt;</a>&nbsp;&nbsp;&nbsp;wrapIndex
<LI><a href="#[19c]">&gt;&gt;</a>&nbsp;&nbsp;&nbsp;guiCore_CallEventHandler
</UL>
<BR>[Called By]<UL><LI><a href="#[1b2]">&gt;&gt;</a>&nbsp;&nbsp;&nbsp;guiStringList_ProcessKey
</UL>

<P><STRONG><a name="[1e7]"></a>_dadd1</STRONG> (Thumb, 0 bytes, Stack size unknown bytes, daddsub_clz.o(x$fpl$dadd), UNUSED)
<BR><BR>[Called By]<UL><LI><a href="#[1e6]">&gt;&gt;</a>&nbsp;&nbsp;&nbsp;_dsub
</UL>

<P><STRONG><a name="[1e1]"></a>_dsub1</STRONG> (Thumb, 0 bytes, Stack size unknown bytes, daddsub_clz.o(x$fpl$dsub), UNUSED)
<BR><BR>[Called By]<UL><LI><a href="#[1e0]">&gt;&gt;</a>&nbsp;&nbsp;&nbsp;_dadd
</UL>

<P><STRONG><a name="[1cb]"></a>_fp_digits</STRONG> (Thumb, 426 bytes, Stack size 96 bytes, _printf_fp_dec.o(.text))
<BR><BR>[Stack]<UL><LI>Max Depth = 216<LI>Call Chain = _fp_digits &rArr; _btod_etento &rArr; _btod_emul &rArr; _e2e
</UL>
<BR>[Calls]<UL><LI><a href="#[1cc]">&gt;&gt;</a>&nbsp;&nbsp;&nbsp;_btod_etento
<LI><a href="#[1d0]">&gt;&gt;</a>&nbsp;&nbsp;&nbsp;_ll_udiv10
<LI><a href="#[1cf]">&gt;&gt;</a>&nbsp;&nbsp;&nbsp;_btod_emul
<LI><a href="#[1ce]">&gt;&gt;</a>&nbsp;&nbsp;&nbsp;_btod_ediv
<LI><a href="#[1cd]">&gt;&gt;</a>&nbsp;&nbsp;&nbsp;_btod_d2e
</UL>
<BR>[Called By]<UL><LI><a href="#[1d1]">&gt;&gt;</a>&nbsp;&nbsp;&nbsp;_printf_fp_dec_real
</UL>

<P><STRONG><a name="[3d]"></a>_printf_input_char</STRONG> (Thumb, 10 bytes, Stack size 0 bytes, _printf_char_common.o(.text))
<BR>[Address Reference Count : 1]<UL><LI> _printf_char_common.o(.text)
</UL><P>
<H3>
Undefined Global Symbols
</H3><HR></body></html>
