ARM Linker, 5.03 [Build 76] [MDK-ARM Standard]

==============================================================================

Section Cross References

    startup_mdr32f9x.o(STACK) refers (Special) to heapauxi.o(.text) for __use_two_region_memory
    startup_mdr32f9x.o(HEAP) refers (Special) to heapauxi.o(.text) for __use_two_region_memory
    startup_mdr32f9x.o(RESET) refers (Special) to heapauxi.o(.text) for __use_two_region_memory
    startup_mdr32f9x.o(RESET) refers to startup_mdr32f9x.o(STACK) for __initial_sp
    startup_mdr32f9x.o(RESET) refers to startup_mdr32f9x.o(.text) for Reset_Handler
    startup_mdr32f9x.o(RESET) refers to port.o(.emb_text) for SVC_Handler
    startup_mdr32f9x.o(RESET) refers to port.o(.text) for SysTick_Handler
    startup_mdr32f9x.o(RESET) refers to isr_user_handlers.o(.text) for DMA_IRQHandler
    startup_mdr32f9x.o(RESET) refers to systick.o(.text) for Timer2_IRQHandler
    startup_mdr32f9x.o(.text) refers (Special) to heapauxi.o(.text) for __use_two_region_memory
    startup_mdr32f9x.o(.text) refers to systemfunc.o(.text) for hard_fault_handler_c
    startup_mdr32f9x.o(.text) refers to system_mdr32f9qx.o(.text) for SystemInit
    startup_mdr32f9x.o(.text) refers to __main.o(!!!main) for __main
    startup_mdr32f9x.o(.text) refers to startup_mdr32f9x.o(HEAP) for Heap_Mem
    startup_mdr32f9x.o(.text) refers to startup_mdr32f9x.o(STACK) for Stack_Mem
    system_mdr32f9qx.o(.text) refers to system_mdr32f9qx.o(.data) for .data
    mdr32f9qx_uart.o(.text) refers to mdr32f9qx_rst_clk.o(.text) for RST_CLK_GetClocksFreq
    mdr32f9qx_dma.o(.text) refers to mdr32f9qx_dma.o(.bss) for .bss
    main.o(.text) refers to systemfunc.o(.text) for Setup_CPU_Clock
    main.o(.text) refers to dwt_delay.o(.text) for DWT_Init
    main.o(.text) refers to buttons.o(.text) for InitButtons
    main.o(.text) refers to lcd_1202.o(.text) for LcdInit
    main.o(.text) refers to eeprom.o(.text) for EE_GetReadyForSystemInit
    main.o(.text) refers to converter.o(.text) for Converter_Init
    main.o(.text) refers to tasks.o(.text) for xTaskGenericCreate
    main.o(.text) refers to systick.o(.text) for Synchronizer_Initialize
    main.o(.text) refers to systick.o(.data) for time_profile
    main.o(.text) refers to guitop.o(.text) for vTaskGUI
    main.o(.text) refers to converter.o(.data) for xTaskHandle_Converter
    main.o(.text) refers to service.o(.text) for vTaskService
    main.o(.text) refers to dispatcher.o(.text) for vTaskDispatcher
    main.o(.text) refers to buttons_top.o(.text) for vTaskButtons
    main.o(.text) refers to adc.o(.text) for vTaskADC
    main.o(.text) refers to uart_rx.o(.text) for vTaskUARTReceiver
    main.o(.text) refers to uart_tx.o(.text) for vTaskUARTTransmitter
    main.o(.text) refers to sound_driver.o(.text) for vTaskSound
    adc.o(.text) refers to queue.o(.text) for xQueueGenericCreate
    adc.o(.text) refers to mdr32f9qx_adc.o(.text) for ADC1_SetChannel
    adc.o(.text) refers to adc.o(.data) for .data
    adc.o(.text) refers to converter.o(.bss) for converter_state
    adc.o(.text) refers to guitop.o(.data) for xQueueGUI
    buttons.o(.text) refers to dwt_delay.o(.text) for DWT_StartDelayUs
    buttons.o(.text) refers to port.o(.text) for vPortEnterCritical
    buttons.o(.text) refers to buttons.o(.data) for .data
    buttons.o(.text) refers to buttons.o(.bss) for .bss
    control.o(.text) refers to mdr32f9qx_port.o(.text) for PORT_ResetBits
    converter.o(.text) refers to converter.o(.bss) for .bss
    converter.o(.text) refers to eeprom.o(.data) for global_settings
    converter.o(.text) refers to rt_memclr_w.o(.text) for __aeabi_memclr4
    converter.o(.text) refers to converter_hw.o(.text) for Converter_TurnOff
    converter.o(.text) refers to control.o(.text) for SetFeedbackChannel
    converter.o(.text) refers to queue.o(.text) for xQueueGenericCreate
    converter.o(.text) refers to port.o(.text) for vPortEnterCritical
    converter.o(.text) refers to tasks.o(.text) for vTaskDelay
    converter.o(.text) refers to converter.o(.data) for .data
    converter.o(.text) refers to dispatcher.o(.data) for xQueueDispatcher
    converter.o(.text) refers to adc.o(.data) for xQueueADC
    converter_hw.o(.text) refers to systemfunc.o(.text) for SetVoltagePWMPeriod
    converter_hw.o(.text) refers to control.o(.text) for SetFeedbackChannel
    converter_hw.o(.text) refers to queue.o(.text) for xQueueGenericSendFromISR
    converter_hw.o(.text) refers to led.o(.text) for UpdateLEDs
    converter_hw.o(.text) refers to eeprom.o(.data) for global_settings
    converter_hw.o(.text) refers to converter_hw.o(.data) for .data
    converter_hw.o(.text) refers to dispatcher.o(.data) for xQueueDispatcher
    converter_hw.o(.text) refers to dispatcher.o(.constdata) for dispatcher_shutdown_msg
    converter_hw.o(.text) refers to converter.o(.bss) for converter_state
[...]
    vListInitialise                          0x080060f1   Thumb Code    22  list.o(.text)
    vListInitialiseItem                      0x08006107   Thumb Code     6  list.o(.text)
    vListInsertEnd                           0x0800610d   Thumb Code    24  list.o(.text)
    vListInsert                              0x08006125   Thumb Code    48  list.o(.text)
    uxListRemove                             0x08006155   Thumb Code    36  list.o(.text)
    xQueueGenericReset                       0x08006179   Thumb Code    98  queue.o(.text)
    xQueueGenericCreate                      0x080061db   Thumb Code    66  queue.o(.text)
    xQueueGenericSend                        0x08006309   Thumb Code   202  queue.o(.text)
    xQueueCreateMutex                        0x080063d3   Thumb Code    68  queue.o(.text)
    xQueueGenericSendFromISR                 0x08006417   Thumb Code    96  queue.o(.text)
    xQueueGenericReceive                     0x080064b9   Thumb Code   252  queue.o(.text)
    xQueueReceiveFromISR                     0x080065b5   Thumb Code    90  queue.o(.text)
    xQueuePeekFromISR                        0x0800660f   Thumb Code    46  queue.o(.text)
    uxQueueMessagesWaiting                   0x0800663d   Thumb Code    18  queue.o(.text)
    uxQueueSpacesAvailable                   0x0800664f   Thumb Code    22  queue.o(.text)
    uxQueueMessagesWaitingFromISR            0x08006665   Thumb Code     4  queue.o(.text)
    vQueueDelete                             0x08006669   Thumb Code    20  queue.o(.text)
    xQueueIsQueueEmptyFromISR                0x0800667d   Thumb Code    14  queue.o(.text)
    xQueueIsQueueFullFromISR                 0x0800668b   Thumb Code    16  queue.o(.text)
    vQueueWaitForMessageRestricted           0x0800669b   Thumb Code    56  queue.o(.text)
    xTaskGenericCreate                       0x0800679f   Thumb Code   198  tasks.o(.text)
    vTaskDelete                              0x08006865   Thumb Code    80  tasks.o(.text)
    xTaskIncrementTick                       0x080068b5   Thumb Code   194  tasks.o(.text)
    xTaskResumeAll                           0x08006977   Thumb Code   152  tasks.o(.text)
    vTaskSuspendAll                          0x08006a41   Thumb Code    10  tasks.o(.text)
    vTaskDelayUntil                          0x08006a4b   Thumb Code    82  tasks.o(.text)
    vTaskDelay                               0x08006a9d   Thumb Code    60  tasks.o(.text)
    uxTaskPriorityGet                        0x08006ad9   Thumb Code    24  tasks.o(.text)
    vTaskPrioritySet                         0x08006af1   Thumb Code   140  tasks.o(.text)
    vTaskSwitchContext                       0x08006b7d   Thumb Code    78  tasks.o(.text)
    vTaskSuspend                             0x08006bcb   Thumb Code    88  tasks.o(.text)
    xTaskIsTaskSuspended                     0x08006c23   Thumb Code    30  tasks.o(.text)
    vTaskResume                              0x08006c41   Thumb Code    86  tasks.o(.text)
    xTaskResumeFromISR                       0x08006c97   Thumb Code    98  tasks.o(.text)
    vTaskStartScheduler                      0x08006d6b   Thumb Code    58  tasks.o(.text)
    vTaskEndScheduler                        0x08006da5   Thumb Code    20  tasks.o(.text)
    xTaskGetTickCount                        0x08006db9   Thumb Code    18  tasks.o(.text)
    xTaskGetTickCountFromISR                 0x08006dcb   Thumb Code    18  tasks.o(.text)
    uxTaskGetNumberOfTasks                   0x08006ddd   Thumb Code     6  tasks.o(.text)
    vTaskPlaceOnEventList                    0x08006de3   Thumb Code    52  tasks.o(.text)
    vTaskPlaceOnEventListRestricted          0x08006e17   Thumb Code    32  tasks.o(.text)
    xTaskRemoveFromEventList                 0x08006e37   Thumb Code    88  tasks.o(.text)
    vTaskSetTimeOutState                     0x08006e8f   Thumb Code    12  tasks.o(.text)
    xTaskCheckForTimeOut                     0x08006e9b   Thumb Code    94  tasks.o(.text)
    vTaskMissedYield                         0x08006ef9   Thumb Code     8  tasks.o(.text)
    xTaskGetCurrentTaskHandle                0x08006f01   Thumb Code     6  tasks.o(.text)
    xTaskGetSchedulerState                   0x08006f07   Thumb Code    24  tasks.o(.text)
    vTaskPriorityInherit                     0x08006f1f   Thumb Code    94  tasks.o(.text)
    vTaskPriorityDisinherit                  0x08006f7d   Thumb Code    66  tasks.o(.text)
    xTimerGenericCommand                     0x08007005   Thumb Code    78  timers.o(.text)
    xTimerCreateTimerTask                    0x08007253   Thumb Code    46  timers.o(.text)
    xTimerCreate                             0x08007281   Thumb Code    64  timers.o(.text)
    xTimerIsTimerActive                      0x080072c1   Thumb Code    26  timers.o(.text)
    pvTimerGetTimerID                        0x080072db   Thumb Code     4  timers.o(.text)
    pvPortMalloc                             0x08007377   Thumb Code   140  heap_4.o(.text)
    vPortFree                                0x08007403   Thumb Code    60  heap_4.o(.text)
    xPortGetFreeHeapSize                     0x0800743f   Thumb Code     8  heap_4.o(.text)
    vPortInitialiseBlocks                    0x08007447   Thumb Code     2  heap_4.o(.text)
    guiMainForm_Initialize                   0x080075bf   Thumb Code    94  guimainform.o(.text)
    showEditPanel1                           0x080078eb   Thumb Code    94  guimasterpanel.o(.text)
    guiMasterPanel_Initialize                0x080079e9   Thumb Code   856  guimasterpanel.o(.text)
    hideEditPanel1                           0x08007d41   Thumb Code    46  guimasterpanel.o(.text)
    guiUpdateVoltageSetting                  0x08007e8b   Thumb Code    36  guimasterpanel.o(.text)
    guiUpdateCurrentSetting                  0x08007eaf   Thumb Code    44  guimasterpanel.o(.text)
    guiUpdateCurrentRange                    0x08007edb   Thumb Code   178  guimasterpanel.o(.text)
    guiUpdateChannel                         0x08007f8d   Thumb Code    82  guimasterpanel.o(.text)
    guiUpdateAdcIndicators                   0x08007fdf   Thumb Code    38  guimasterpanel.o(.text)
    guiUpdateTemperatureIndicator            0x08008005   Thumb Code    22  guimasterpanel.o(.text)
    guiUpdateCurrentLimit                    0x08008577   Thumb Code   104  guisetuppanel.o(.text)
    guiUpdateVoltageLimit                    0x080085df   Thumb Code    90  guisetuppanel.o(.text)
    guiUpdateUartSettings                    0x08008831   Thumb Code   122  guisetuppanel.o(.text)
    guiSetupPanel_Initialize                 0x08008a9b   Thumb Code  3800  guisetuppanel.o(.text)
    hideEditPanel2                           0x08009973   Thumb Code    38  guisetuppanel.o(.text)
    guiUpdateOverloadSettings                0x08009a8b   Thumb Code    40  guisetuppanel.o(.text)
    guiUpdateProfileSettings                 0x08009ab3   Thumb Code    32  guisetuppanel.o(.text)
    guiUpdateProfileListRecord               0x08009ad3   Thumb Code    28  guisetuppanel.o(.text)
    guiUpdateProfileList                     0x08009aef   Thumb Code    36  guisetuppanel.o(.text)
    guiUpdateExtswitchSettings               0x08009b13   Thumb Code    40  guisetuppanel.o(.text)
    guiUpdateDacSettings                     0x08009b3b   Thumb Code   222  guisetuppanel.o(.text)
    guiEditPanel1_Initialize                 0x08009e59   Thumb Code   214  guieditpanel1.o(.text)
    guiMessagePanel1_Initialize              0x0800a177   Thumb Code   104  guimessagepanel1.o(.text)
    guiMessagePanel1_Show                    0x0800a1df   Thumb Code    84  guimessagepanel1.o(.text)
    guiEditPanel2_Initialize                 0x0800a3f5   Thumb Code   196  guieditpanel2.o(.text)
    guiEditPanel2_Show                       0x0800a4b9   Thumb Code    36  guieditpanel2.o(.text)
    guiCore_Error                            0x0800a50d   Thumb Code     2  guicore.o(.text)
    guiCore_malloc                           0x0800a50f   Thumb Code    66  guicore.o(.text)
    guiCore_calloc                           0x0800a551   Thumb Code    26  guicore.o(.text)
    guiCore_GetFreeHeapSize                  0x0800a56b   Thumb Code    12  guicore.o(.text)
    guiCore_AllocateWidgetCollection         0x0800a577   Thumb Code    28  guicore.o(.text)
    guiCore_AllocateHandlers                 0x0800a593   Thumb Code    26  guicore.o(.text)
    guiCore_AddHandler                       0x0800a5ad   Thumb Code    62  guicore.o(.text)
    guiCore_AddMessageToQueue                0x0800a5eb   Thumb Code    72  guicore.o(.text)
    guiCore_GetMessageFromQueue              0x0800a633   Thumb Code    72  guicore.o(.text)
    guiCore_ProcessMessageQueue              0x0800a67b   Thumb Code    44  guicore.o(.text)
    guiCore_PostEventToFocused               0x0800a6a7   Thumb Code    18  guicore.o(.text)
    guiCore_TimerInit                        0x0800a6b9   Thumb Code    42  guicore.o(.text)
    guiCore_TimerStart                       0x0800a6e3   Thumb Code    22  guicore.o(.text)
    guiCore_TimerStop                        0x0800a6f9   Thumb Code    22  guicore.o(.text)
    guiCore_TimerProcess                     0x0800a70f   Thumb Code    80  guicore.o(.text)
    guiCore_Init                             0x0800a75f   Thumb Code    56  guicore.o(.text)
    guiCore_CheckWidgetOvelap                0x0800a797   Thumb Code    78  guicore.o(.text)
    guiCore_RedrawAll                        0x0800a7e5   Thumb Code   492  guicore.o(.text)
    guiCore_ProcessTouchEvent                0x0800a9d1   Thumb Code    56  guicore.o(.text)
    guiCore_ProcessKeyEvent                  0x0800aa09   Thumb Code    32  guicore.o(.text)
    guiCore_ProcessEncoderEvent              0x0800aa29   Thumb Code    34  guicore.o(.text)
    guiCore_ProcessTimers                    0x0800aa4b   Thumb Code    24  guicore.o(.text)
    guiCore_BroadcastEvent                   0x0800aa63   Thumb Code   102  guicore.o(.text)
    guiCore_UpdateValidator                  0x0800aac9   Thumb Code    18  guicore.o(.text)
    guiCore_UpdateAll                        0x0800aadb   Thumb Code    32  guicore.o(.text)
    guiCore_InvalidateRect                   0x0800aafb   Thumb Code    68  guicore.o(.text)
    guiCore_ConvertToAbsoluteXY              0x0800ab3f   Thumb Code    28  guicore.o(.text)
    guiCore_ConvertToRelativeXY              0x0800ab5b   Thumb Code    28  guicore.o(.text)
    guiCore_GetTouchedWidgetAtXY             0x0800ab77   Thumb Code   118  guicore.o(.text)
    guiCore_IsWidgetVisible                  0x0800abed   Thumb Code    22  guicore.o(.text)
    guiCore_AddWidgetToCollection            0x0800ac03   Thumb Code    56  guicore.o(.text)
    guiCore_RequestFocusChange               0x0800ac3b   Thumb Code    20  guicore.o(.text)
    guiCore_GetWidgetIndex                   0x0800ac4f   Thumb Code    46  guicore.o(.text)
    guiCore_AcceptFocus                      0x0800ac7d   Thumb Code    48  guicore.o(.text)
    guiCore_RequestFocusNextWidget           0x0800acad   Thumb Code   124  guicore.o(.text)
    guiCore_CheckWidgetTabIndex              0x0800ad29   Thumb Code    90  guicore.o(.text)
    guiCore_CallEventHandler                 0x0800ad83   Thumb Code    54  guicore.o(.text)
    guiCore_SetVisible                       0x0800adb9   Thumb Code   118  guicore.o(.text)
    guiCore_SetFocused                       0x0800ae2f   Thumb Code    92  guicore.o(.text)
    guiCore_SetVisibleByTag                  0x0800ae8b   Thumb Code   138  guicore.o(.text)
    guiCore_DecodeWidgetTouchEvent           0x0800af15   Thumb Code    56  guicore.o(.text)
    guiCore_DecodeContainerTouchEvent        0x0800af4d   Thumb Code    48  guicore.o(.text)
    guiCheckbox_SetChecked                   0x0800af81   Thumb Code    92  guicheckbox.o(.text)
    guiCheckbox_ProcessKey                   0x0800afdd   Thumb Code    30  guicheckbox.o(.text)
    checkBox_DefaultKeyTranslator            0x0800affb   Thumb Code    24  guicheckbox.o(.text)
    guiCheckBox_ProcessEvent                 0x0800b013   Thumb Code   204  guicheckbox.o(.text)
    guiCheckBox_SetText                      0x0800b0df   Thumb Code    16  guicheckbox.o(.text)
    guiCheckBox_Initialize                   0x0800b0ef   Thumb Code    64  guicheckbox.o(.text)
    guiPanel_ProcessKey                      0x0800b131   Thumb Code   142  guipanel.o(.text)
    guiPanel_DefaultKeyTranslator            0x0800b1bf   Thumb Code    96  guipanel.o(.text)
    guiPanel_ProcessEvent                    0x0800b21f   Thumb Code   204  guipanel.o(.text)
    guiPanel_Initialize                      0x0800b2eb   Thumb Code    66  guipanel.o(.text)
    guiSpinBox_SetActiveDigit                0x0800b32d   Thumb Code    72  guispinbox.o(.text)
    guiSpinBox_SetValue                      0x0800b375   Thumb Code   104  guispinbox.o(.text)
    guiSpinBox_SetActive                     0x0800b3dd   Thumb Code   140  guispinbox.o(.text)
    guiSpinBox_IncrementValue                0x0800b469   Thumb Code    50  guispinbox.o(.text)
    guiSpinBox_ProcessKey                    0x0800b49b   Thumb Code   100  guispinbox.o(.text)
    guiSpinBox_DefaultKeyTranslator          0x0800b4ff   Thumb Code    76  guispinbox.o(.text)
    guiSpinBox_ProcessEvent                  0x0800b54b   Thumb Code   268  guispinbox.o(.text)
    guiSpinBox_Initialize                    0x0800b657   Thumb Code    70  guispinbox.o(.text)
    guiStringList_SelectItem                 0x0800b6b9   Thumb Code    52  guistringlist.o(.text)
    guiStringList_SetActive                  0x0800b7d1   Thumb Code   136  guistringlist.o(.text)
    guiStringList_ProcessKey                 0x0800b859   Thumb Code    90  guistringlist.o(.text)
    guiStringList_DefaultKeyTranslator       0x0800b8b3   Thumb Code    96  guistringlist.o(.text)
    guiStringList_ProcessEvent               0x0800b913   Thumb Code   226  guistringlist.o(.text)
    guiStringList_Initialize                 0x0800b9f5   Thumb Code    50  guistringlist.o(.text)
    guiTextLabel_ProcessEvent                0x0800ba29   Thumb Code   136  guitextlabel.o(.text)
    guiTextLabel_Initialize                  0x0800bab1   Thumb Code    50  guitextlabel.o(.text)
    guiTextLabel_SetText                     0x0800bae3   Thumb Code    24  guitextlabel.o(.text)
    guiTextSpinBox_SetActive                 0x0800bafd   Thumb Code    94  guitextspinbox.o(.text)
    guiTextSpinBox_SetActiveCharPos          0x0800bb5b   Thumb Code    72  guitextspinbox.o(.text)
    guiTextSpinBox_SetText                   0x0800bba3   Thumb Code    86  guitextspinbox.o(.text)
    guiTextSpinBox_IncrementActiveChar       0x0800bbf9   Thumb Code    70  guitextspinbox.o(.text)
    guiTextSpinBox_SetActiveChar             0x0800bc3f   Thumb Code    54  guitextspinbox.o(.text)
    guiTextSpinBox_ProcessKey                0x0800bc75   Thumb Code   120  guitextspinbox.o(.text)
    guiTextSpinBox_DefaultKeyTranslator      0x0800bced   Thumb Code    78  guitextspinbox.o(.text)
    guiTextSpinBox_ProcessEvent              0x0800bd3b   Thumb Code   264  guitextspinbox.o(.text)
    guiTextSpinBox_Initialize                0x0800be43   Thumb Code    54  guitextspinbox.o(.text)
    guiRadioButton_SetChecked                0x0800be79   Thumb Code    80  guiradiobutton.o(.text)
    guiRadioButton_CheckExclusive            0x0800bec9   Thumb Code    96  guiradiobutton.o(.text)
    guiRadioButton_ProcessKey                0x0800bf29   Thumb Code    20  guiradiobutton.o(.text)
    guiRadioButton_DefaultKeyTranslator      0x0800bf3d   Thumb Code    24  guiradiobutton.o(.text)
    guiRadioButton_ProcessEvent              0x0800bf55   Thumb Code   198  guiradiobutton.o(.text)
    guiRadioButton_Initialize                0x0800c01b   Thumb Code    64  guiradiobutton.o(.text)
    guiSelectTextBox_SetIndex                0x0800c05d   Thumb Code    72  guiselecttextbox.o(.text)
    guiSelectTextBox_SetActive               0x0800c0a5   Thumb Code   138  guiselecttextbox.o(.text)
    guiSelectTextBox_ProcessKey              0x0800c12f   Thumb Code   100  guiselecttextbox.o(.text)
    guiSelectTextBox_DefaultKeyTranslator    0x0800c193   Thumb Code    90  guiselecttextbox.o(.text)
    guiSelectTextBox_ProcessEvent            0x0800c1ed   Thumb Code   226  guiselecttextbox.o(.text)
    guiSelectTextBox_Initialize              0x0800c2cf   Thumb Code    54  guiselecttextbox.o(.text)
    LCD_SetPixelOutputMode                   0x0800c305   Thumb Code    50  guigraphhal.o(.text)
    LCD_SetLineStyle                         0x0800c337   Thumb Code    12  guigraphhal.o(.text)
    LCD_FillWholeBuffer                      0x0800c343   Thumb Code    26  guigraphhal.o(.text)
    LCD_PutPixel                             0x0800c35d   Thumb Code    60  guigraphhal.o(.text)
    LCD_DrawHorLine                          0x0800c399   Thumb Code   160  guigraphhal.o(.text)
    LCD_DrawVertLine                         0x0800c439   Thumb Code   108  guigraphhal.o(.text)
    LCD_DrawImage                            0x0800c4a5   Thumb Code   238  guigraphhal.o(.text)
    LCD_SetFont                              0x0800c59d   Thumb Code    12  guigraphprimitives.o(.text)
    LCD_DrawRect                             0x0800c5a9   Thumb Code    78  guigraphprimitives.o(.text)
    LCD_GetFontIndexForChar                  0x0800c5f7   Thumb Code    52  guigraphprimitives.o(.text)
    LCD_GetFontItem                          0x0800c62b   Thumb Code   146  guigraphprimitives.o(.text)
    LCD_GetNextFontChar                      0x0800c6bd   Thumb Code    72  guigraphprimitives.o(.text)
    LCD_GetStringWidth                       0x0800c705   Thumb Code    64  guigraphprimitives.o(.text)
    LCD_PrintString                          0x0800c745   Thumb Code    96  guigraphprimitives.o(.text)
    LCD_PrintStringAligned                   0x0800c7a5   Thumb Code   196  guigraphprimitives.o(.text)
    LCD_DrawLine                             0x0800c869   Thumb Code   192  guigraphprimitives.o(.text)
    LCD_DrawCircle                           0x0800c929   Thumb Code   228  guigraphprimitives.o(.text)
    LCD_DrawFilledCircle                     0x0800ca0d   Thumb Code   202  guigraphprimitives.o(.text)
    guiGraph_SetBaseXY                       0x0800cad9   Thumb Code     8  guigraphwidgets.o(.text)
    guiGraph_OffsetBaseXY                    0x0800cae1   Thumb Code    16  guigraphwidgets.o(.text)
    guiGraph_DrawPanel                       0x0800caf1   Thumb Code   148  guigraphwidgets.o(.text)
    guiGraph_DrawTextLabel                   0x0800cb85   Thumb Code   220  guigraphwidgets.o(.text)
    guiGraph_DrawSelectTextBox               0x0800cc61   Thumb Code   312  guigraphwidgets.o(.text)
    guiGraph_DrawCheckBox                    0x0800cd99   Thumb Code   324  guigraphwidgets.o(.text)
    guiGraph_DrawRadioButton                 0x0800cedd   Thumb Code   306  guigraphwidgets.o(.text)
    guiGraph_DrawSpinBox                     0x0800d00f   Thumb Code   426  guigraphwidgets.o(.text)
    guiGraph_GetStringListVisibleItemCount   0x0800d1b9   Thumb Code    18  guigraphwidgets.o(.text)
    guiGraph_DrawTextSpinBox                 0x0800d1cb   Thumb Code   386  guigraphwidgets.o(.text)
    guiGraph_DrawStringList                  0x0800d34d   Thumb Code   474  guigraphwidgets.o(.text)
    i32toa_align_right                       0x0800d52d   Thumb Code   138  utils.o(.text)
    __2sprintf                               0x0800d5b9   Thumb Code    34  noretval__2sprintf.o(.text)
    __2snprintf                              0x0800d5e1   Thumb Code    48  noretval__2snprintf.o(.text)
    _printf_pre_padding                      0x0800d615   Thumb Code    46  _printf_pad.o(.text)
    _printf_post_padding                     0x0800d643   Thumb Code    36  _printf_pad.o(.text)
    _printf_str                              0x0800d667   Thumb Code    82  _printf_str.o(.text)
    _printf_int_dec                          0x0800d6b9   Thumb Code   102  _printf_dec.o(.text)
    __printf                                 0x0800d731   Thumb Code   270  __printf_wp.o(.text)
    strtol                                   0x0800d83f   Thumb Code   112  strtol.o(.text)
    strtoul                                  0x0800d8af   Thumb Code   114  strtoul.o(.text)
    strlen                                   0x0800d921   Thumb Code    62  strlen.o(.text)
    __aeabi_memcpy                           0x0800d95f   Thumb Code     0  rt_memcpy_v6.o(.text)
    __rt_memcpy                              0x0800d95f   Thumb Code   138  rt_memcpy_v6.o(.text)
    _memcpy_lastbytes                        0x0800d9c5   Thumb Code     0  rt_memcpy_v6.o(.text)
    __aeabi_memcpy4                          0x0800d9e9   Thumb Code     0  rt_memcpy_w.o(.text)
    __aeabi_memcpy8                          0x0800d9e9   Thumb Code     0  rt_memcpy_w.o(.text)
    __rt_memcpy_w                            0x0800d9e9   Thumb Code   100  rt_memcpy_w.o(.text)
    _memcpy_lastbytes_aligned                0x0800da31   Thumb Code     0  rt_memcpy_w.o(.text)
    __aeabi_memset                           0x0800da4d   Thumb Code    16  aeabi_memset.o(.text)
    __aeabi_memclr                           0x0800da5d   Thumb Code     0  rt_memclr.o(.text)
    __rt_memclr                              0x0800da5d   Thumb Code    68  rt_memclr.o(.text)
    _memset                                  0x0800da61   Thumb Code     0  rt_memclr.o(.text)
    __aeabi_memclr4                          0x0800daa1   Thumb Code     0  rt_memclr_w.o(.text)
    __aeabi_memclr8                          0x0800daa1   Thumb Code     0  rt_memclr_w.o(.text)
    __rt_memclr_w                            0x0800daa1   Thumb Code    78  rt_memclr_w.o(.text)
    _memset_w                                0x0800daa5   Thumb Code     0  rt_memclr_w.o(.text)
    strncpy                                  0x0800daef   Thumb Code    86  strncpy.o(.text)
    strcmp                                   0x0800db45   Thumb Code   128  strcmpv7m.o(.text)
    __use_two_region_memory                  0x0800dbc5   Thumb Code     2  heapauxi.o(.text)
    __rt_heap_escrow$2region                 0x0800dbc7   Thumb Code     2  heapauxi.o(.text)
    __rt_heap_expand$2region                 0x0800dbc9   Thumb Code     2  heapauxi.o(.text)
    __rt_ctype_table                         0x0800dbcd   Thumb Code    16  rt_ctype_table.o(.text)
    __aeabi_errno_addr                       0x0800dbdd   Thumb Code     8  rt_errno_addr_intlibspace.o(.text)
    __errno$intlibspace                      0x0800dbdd   Thumb Code     0  rt_errno_addr_intlibspace.o(.text)
    __rt_errno_addr$intlibspace              0x0800dbdd   Thumb Code     0  rt_errno_addr_intlibspace.o(.text)
    _printf_int_common                       0x0800dbe5   Thumb Code   184  _printf_intcommon.o(.text)
    __lib_sel_fp_printf                      0x0800dc9d   Thumb Code     2  _printf_fp_dec.o(.text)
    _printf_fp_dec_real                      0x0800de49   Thumb Code   628  _printf_fp_dec.o(.text)
    _printf_char_common                      0x0800e0c7   Thumb Code    32  _printf_char_common.o(.text)
    _sputc                                   0x0800e0ed   Thumb Code    10  _sputc.o(.text)
    _snputc                                  0x0800e0f7   Thumb Code    16  _snputc.o(.text)
    _printf_cs_common                        0x0800e107   Thumb Code    20  _printf_char.o(.text)
    _printf_char                             0x0800e11b   Thumb Code    16  _printf_char.o(.text)
    _printf_string                           0x0800e12b   Thumb Code     8  _printf_char.o(.text)
    _strtoul                                 0x0800e133   Thumb Code   158  _strtoul.o(.text)
    __strtod_int                             0x0800e20d   Thumb Code    88  strtod.o(.text)
    __user_libspace                          0x0800e271   Thumb Code     8  libspace.o(.text)
    __user_perproc_libspace                  0x0800e271   Thumb Code     0  libspace.o(.text)
    __user_perthread_libspace                0x0800e271   Thumb Code     0  libspace.o(.text)
    __rt_locale                              0x0800e279   Thumb Code     8  rt_locale_intlibspace.o(.text)
    _ll_udiv10                               0x0800e281   Thumb Code   138  lludiv10.o(.text)
    isspace                                  0x0800e30b   Thumb Code    18  isspace.o(.text)
    _printf_fp_infnan                        0x0800e31d   Thumb Code   112  _printf_fp_infnan.o(.text)
    _chval                                   0x0800e39d   Thumb Code    28  _chval.o(.text)
    _sgetc                                   0x0800e3b9   Thumb Code    30  _sgetc.o(.text)
    _sbackspace                              0x0800e3d7   Thumb Code    34  _sgetc.o(.text)
    _btod_etento                             0x0800e3f9   Thumb Code   222  bigflt0.o(.text)
    __user_setup_stackheap                   0x0800e4dd   Thumb Code    74  sys_stackheap_outer.o(.text)
    _scanf_really_real                       0x0800e721   Thumb Code   672  scanf_fp.o(.text)
    exit                                     0x0800e9cd   Thumb Code    12  exit.o(.text)
    __read_errno                             0x0800e9d9   Thumb Code    10  _rserrno.o(.text)
    __set_errno                              0x0800e9e3   Thumb Code    12  _rserrno.o(.text)
    _scanf_really_hex_real                   0x0800e9f1   Thumb Code   776  scanf_hexfp.o(.text)
    _scanf_really_infnan                     0x0800ed05   Thumb Code   298  scanf_infnan.o(.text)
    _sys_exit                                0x0800ee41   Thumb Code     8  sys_exit.o(.text)
    __aeabi_llsl                             0x0800ee4d   Thumb Code     0  llshl.o(.text)
    _ll_shift_l                              0x0800ee4d   Thumb Code    38  llshl.o(.text)
    __I$use$semihosting                      0x0800ee73   Thumb Code     0  use_no_semi.o(.text)
    __use_no_semihosting_swi                 0x0800ee73   Thumb Code     2  use_no_semi.o(.text)
    __semihosting_library_function           0x0800ee75   Thumb Code     0  indicate_semi.o(.text)
    _btod_d2e                                0x0800ee75   Thumb Code    62  btod.o(CL$$btod_d2e)
    _d2e_denorm_low                          0x0800eeb3   Thumb Code    70  btod.o(CL$$btod_d2e_denorm_low)
    _d2e_norm_op1                            0x0800eef9   Thumb Code    96  btod.o(CL$$btod_d2e_norm_op1)
    __btod_div_common                        0x0800ef59   Thumb Code   696  btod.o(CL$$btod_div_common)
    _e2d                                     0x0800f291   Thumb Code    80  btod.o(CL$$btod_e2d)
    _e2e                                     0x0800f2e5   Thumb Code   198  btod.o(CL$$btod_e2e)
    _btod_ediv                               0x0800f3ab   Thumb Code    40  btod.o(CL$$btod_ediv)
    _btod_edivd                              0x0800f3d3   Thumb Code    40  btod.o(CL$$btod_edivd)
    _btod_emul                               0x0800f3fb   Thumb Code    40  btod.o(CL$$btod_emul)
    _btod_emuld                              0x0800f423   Thumb Code    40  btod.o(CL$$btod_emuld)
    __btod_mult_common                       0x0800f44b   Thumb Code   580  btod.o(CL$$btod_mult_common)
    __ARM_fpclassify                         0x0800f68f   Thumb Code    40  fpclassify.o(i.__ARM_fpclassify)
    __mathlib_dbl_underflow                  0x0800f6b9   Thumb Code    10  dunder.o(i.__mathlib_dbl_underflow)
    __mathlib_narrow                         0x0800f6c9   Thumb Code    16  narrow.o(i.__mathlib_narrow)
    __mathlib_tofloat                        0x0800f6d9   Thumb Code   132  narrow.o(i.__mathlib_tofloat)
    __support_ldexp                          0x0800f761   Thumb Code    22  ldexp.o(i.__support_ldexp)
    _is_digit                                0x0800f777   Thumb Code    14  __printf_wp.o(i._is_digit)
    frexp                                    0x0800f785   Thumb Code    80  frexp.o(i.frexp)
    ldexp                                    0x0800f7dd   Thumb Code   126  ldexp.o(i.ldexp)
    strtof                                   0x0800f85b   Thumb Code    34  strtof.o(i.strtof)
    _get_lc_ctype                            0x0800f87d   Thumb Code    44  lc_ctype_c.o(locale$$code)
    _get_lc_numeric                          0x0800f8a9   Thumb Code    44  lc_numeric_c.o(locale$$code)
    __aeabi_d2f                              0x0800f8d5   Thumb Code     0  d2f.o(x$fpl$d2f)
    _d2f                                     0x0800f8d5   Thumb Code    98  d2f.o(x$fpl$d2f)
    __aeabi_dadd                             0x0800f939   Thumb Code     0  daddsub_clz.o(x$fpl$dadd)
    _dadd                                    0x0800f939   Thumb Code   332  daddsub_clz.o(x$fpl$dadd)
    __fpl_dcheck_NaN1                        0x0800fa89   Thumb Code    10  dcheck1.o(x$fpl$dcheck1)
    __fpl_dcmp_Inf                           0x0800fa99   Thumb Code    24  dcmpi.o(x$fpl$dcmpinf)
    __aeabi_cdcmpeq                          0x0800fab1   Thumb Code     0  deqf.o(x$fpl$deqf)
    _dcmpeq                                  0x0800fab1   Thumb Code   120  deqf.o(x$fpl$deqf)
    __aeabi_d2iz                             0x0800fb29   Thumb Code     0  dfix.o(x$fpl$dfix)
    _dfix                                    0x0800fb29   Thumb Code    94  dfix.o(x$fpl$dfix)
    __aeabi_ui2d                             0x0800fb87   Thumb Code     0  dflt_clz.o(x$fpl$dfltu)
    _dfltu                                   0x0800fb87   Thumb Code    38  dflt_clz.o(x$fpl$dfltu)
    __aeabi_cdcmple                          0x0800fbad   Thumb Code     0  dleqf.o(x$fpl$dleqf)
    _dcmple                                  0x0800fbad   Thumb Code   120  dleqf.o(x$fpl$dleqf)
    __fpl_dcmple_InfNaN                      0x0800fc0f   Thumb Code     0  dleqf.o(x$fpl$dleqf)
    __aeabi_dmul                             0x0800fc25   Thumb Code     0  dmul.o(x$fpl$dmul)
    _dmul                                    0x0800fc25   Thumb Code   332  dmul.o(x$fpl$dmul)
    __fpl_dnaninf                            0x0800fd79   Thumb Code   156  dnaninf.o(x$fpl$dnaninf)
    __fpl_dretinf                            0x0800fe15   Thumb Code    12  dretinf.o(x$fpl$dretinf)
    __aeabi_cdrcmple                         0x0800fe21   Thumb Code     0  drleqf.o(x$fpl$drleqf)
    _drcmple                                 0x0800fe21   Thumb Code   108  drleqf.o(x$fpl$drleqf)
    __aeabi_dsub                             0x0800fe8d   Thumb Code     0  daddsub_clz.o(x$fpl$dsub)
    _dsub                                    0x0800fe8d   Thumb Code   464  daddsub_clz.o(x$fpl$dsub)
    __aeabi_f2d                              0x08010061   Thumb Code     0  f2d.o(x$fpl$f2d)
    _f2d                                     0x08010061   Thumb Code    86  f2d.o(x$fpl$f2d)
    __aeabi_fdiv                             0x080100b9   Thumb Code     0  fdiv.o(x$fpl$fdiv)
    _fdiv                                    0x080100b9   Thumb Code   384  fdiv.o(x$fpl$fdiv)
    __aeabi_ui2f                             0x0801023d   Thumb Code     0  fflt_clz.o(x$fpl$ffltu)
    _ffltu                                   0x0801023d   Thumb Code    38  fflt_clz.o(x$fpl$ffltu)
    __fpl_fnaninf                            0x08010263   Thumb Code   140  fnaninf.o(x$fpl$fnaninf)
    __fpl_fretinf                            0x080102ef   Thumb Code    10  fretinf.o(x$fpl$fretinf)
    _printf_fp_dec                           0x080102f9   Thumb Code     4  printf1.o(x$fpl$printf1)
    __fpl_return_NaN                         0x080102fd   Thumb Code   100  retnan.o(x$fpl$retnan)
    __ARM_scalbn                             0x08010361   Thumb Code    92  scalbn.o(x$fpl$scalbn)
    _scanf_real                              0x080103bd   Thumb Code     4  scanf1.o(x$fpl$scanf1)
    _scanf_hex_real                          0x080103c1   Thumb Code     4  scanf2.o(x$fpl$scanf2)
    _scanf_infnan                            0x080103c5   Thumb Code     4  scanf2.o(x$fpl$scanf2)
    __fpl_cmpreturn                          0x080103c9   Thumb Code    48  trapv.o(x$fpl$trapveneer)
    __I$use$fp                               0x080103f8   Number         0  usenofp.o(x$fpl$usenofp)
    converter_overload_msg                   0x080103f8   Data          16  converter.o(.constdata)
    converter_tick_message                   0x08010408   Data          16  converter.o(.constdata)
    dispatcher_shutdown_msg                  0x08010418   Data          16  dispatcher.o(.constdata)
    gui_msg_redraw                           0x08010428   Data           8  guitop.o(.constdata)
    sound_driver_sync_msg                    0x08010430   Data           4  sound_driver.o(.constdata)
    sound_instant_overload_msg               0x08010434   Data           4  sound_driver.o(.constdata)
    _beep_1000Hz_10ms                        0x08010438   Data           8  sound_samples.o(.constdata)
    _beep_800Hz_10ms                         0x08010440   Data           8  sound_samples.o(.constdata)
    _beep_600Hz_10ms                         0x08010448   Data           8  sound_samples.o(.constdata)
    _silence_10ms                            0x08010450   Data           8  sound_samples.o(.constdata)
    sample_beep_1000Hz_50ms                  0x08010458   Data          16  sound_samples.o(.constdata)
    sample_beep_800Hz_50ms                   0x08010468   Data          16  sound_samples.o(.constdata)
    sample_beep_800Hz_x3                     0x08010478   Data          48  sound_samples.o(.constdata)
    sample_beep_800Hz_20ms                   0x080104a8   Data          16  sound_samples.o(.constdata)
    sample_beep_600Hz_x2                     0x080104b8   Data          32  sound_samples.o(.constdata)
    buttons_tick_msg                         0x080104d8   Data          12  buttons_top.o(.constdata)
    guiEvent_INIT                            0x08010514   Data           6  guicore.o(.constdata)
    guiEvent_DRAW                            0x0801051a   Data           6  guicore.o(.constdata)
    guiEvent_UPDATE                          0x08010520   Data           6  guicore.o(.constdata)
    guiEvent_HIDE                            0x08010526   Data           6  guicore.o(.constdata)
    guiEvent_SHOW                            0x0801052c   Data           6  guicore.o(.constdata)
    guiEvent_UNFOCUS                         0x08010532   Data           6  guicore.o(.constdata)
    guiEvent_FOCUS                           0x08010538   Data           6  guicore.o(.constdata)
    font_6x8_mono                            0x08010b40   Data          24  font_6x8_mono.o(.constdata)
    font_h10                                 0x080119e0   Data          24  font_h10.o(.constdata)
    font_h10_bold                            0x080128b8   Data          24  font_h10_bold.o(.constdata)
    font_h11                                 0x080134b4   Data          24  font_h11.o(.constdata)
    font_h16                                 0x08013678   Data          24  font_h16.o(.constdata)
    font_h32                                 0x08013a58   Data          24  font_h32.o(.constdata)
    freeRTOS_logo_96x36                      0x08013a70   Data         480  other_images.o(.constdata)
    cross_15x15                              0x08013c50   Data          30  other_images.o(.constdata)
    exclamation_6x18                         0x08013c6e   Data          18  other_images.o(.constdata)
    info_8x18                                0x08013c80   Data          24  other_images.o(.constdata)
    checkbox_10x10_checked                   0x08013c98   Data          20  widget_images.o(.constdata)
    checkbox_10x10_empty                     0x08013cac   Data          20  widget_images.o(.constdata)
    selector_tri                             0x08013cc0   Data          12  widget_images.o(.constdata)
    selector_tri_xrev                        0x08013ccc   Data          12  widget_images.o(.constdata)
    Region$$Table$$Base                      0x08013e64   Number         0  anon$$obj.o(Region$$Table)
    Region$$Table$$Limit                     0x08013e84   Number         0  anon$$obj.o(Region$$Table)
    __aeabi_HUGE_VAL                         0x08013e84   Data           0  fpconst.o(c$$dinf)
    __aeabi_HUGE_VALL                        0x08013e84   Data           0  fpconst.o(c$$dinf)
    __aeabi_INFINITY                         0x08013e84   Data           0  fpconst.o(c$$dinf)
    __dInf                                   0x08013e84   Data           0  fpconst.o(c$$dinf)
    __huge_val                               0x08013e84   Data           0  fpconst.o(c$$dinf)
    __ctype                                  0x08013e99   Data           0  lc_ctype_c.o(locale$$data)
    SystemCoreClock                          0x20000000   Data           4  system_mdr32f9qx.o(.data)
    voltage_adc                              0x20000008   Data           2  adc.o(.data)
    current_adc                              0x2000000a   Data           2  adc.o(.data)
    power_adc                                0x20000010   Data           4  adc.o(.data)
    xQueueADC                                0x20000018   Data           4  adc.o(.data)
    xSemaphoreADC                            0x2000001c   Data           4  adc.o(.data)
    xQueueConverter                          0x20000024   Data           4  converter.o(.data)
    adc_msg                                  0x20000028   Data           4  converter.o(.data)
    xTaskHandle_Converter                    0x2000002c   Data           4  converter.o(.data)
    cmd_ADC_to_HWProcess                     0x20000032   Data           1  converter_hw.o(.data)
    cmd_shutdown_to_HWProcess                0x20000033   Data           1  converter_hw.o(.data)
    xQueueDispatcher                         0x20000040   Data           4  dispatcher.o(.data)
    encoder_delta                            0x20000052   Data           2  encoder.o(.data)
    xQueueGUI                                0x20000058   Data           4  guitop.o(.data)
    converter_temp_celsius                   0x20000064   Data           2  service.o(.data)
    xQueueSound                              0x2000006c   Data           4  sound_driver.o(.data)
    time_profile                             0x20000088   Data           8  systick.o(.data)
    xQueueButtons                            0x20000098   Data           4  buttons_top.o(.data)
    arg_table_converter                      0x200000a4   Data          80  uart_parser.o(.data)
    arg_table3                               0x200000f4   Data         112  uart_parser.o(.data)
    arg_table4                               0x20000164   Data           8  uart_parser.o(.data)
    func_table                               0x2000016c   Data          72  uart_parser.o(.data)
    uart_rx_tick_msg                         0x200001b4   Data          12  uart_rx.o(.data)
    UART1_Task_Context                       0x200001c8   Data          60  uart_rx.o(.data)
    UART2_Task_Context                       0x20000204   Data          60  uart_rx.o(.data)
    hwUART1_mutex                            0x20000240   Data           4  uart_rx.o(.data)
    hwUART2_mutex                            0x20000244   Data           4  uart_rx.o(.data)
    xQueueUART1RX                            0x20000248   Data           4  uart_rx.o(.data)
    xQueueUART2RX                            0x2000024c   Data           4  uart_rx.o(.data)
    xQueueUART1TX                            0x20000250   Data           4  uart_tx.o(.data)
    xQueueUART2TX                            0x20000254   Data           4  uart_tx.o(.data)
    global_settings                          0x20000260   Data           4  eeprom.o(.data)
    device_profile                           0x20000264   Data           4  eeprom.o(.data)
    xQueueEEPROM                             0x20000268   Data           4  eeprom.o(.data)
    pxCurrentTCB                             0x20000630   Data           4  tasks.o(.data)
    masterView                               0x2000068d   Data           2  guimasterpanel.o(.data)
    setupView                                0x2000068f   Data           5  guisetuppanel.o(.data)
    editView                                 0x20000694   Data           4  guieditpanel1.o(.data)
    messageView                              0x20000698   Data           8  guimessagepanel1.o(.data)
    rootWidget                               0x200006a8   Data           4  guicore.o(.data)
    focusedWidget                            0x200006ac   Data           4  guicore.o(.data)
    LCD_lineStyle                            0x200006b0   Data           1  guigraphhal.o(.data)
    LCD_currentFont                          0x200006b4   Data           4  guigraphprimitives.o(.data)
    wx                                       0x200006b8   Data           2  guigraphwidgets.o(.data)
    wy                                       0x200006ba   Data           2  guigraphwidgets.o(.data)
    DMA_ControlTable                         0x20000800   Data        1024  mdr32f9qx_dma.o(.bss)
    buttons                                  0x20000c00   Data          10  buttons.o(.bss)
    dispatcher_msg                           0x20000c1c   Data          16  converter.o(.bss)
    converter_state                          0x20000c2c   Data         120  converter.o(.bss)
    pr                                       0x20000d04   Data          60  systemfunc.o(.bss)
    dbg_struct                               0x20000d40   Data          56  systemfunc.o(.bss)
    uart_settings                            0x20000e70   Data          16  eeprom.o(.bss)
    profile_info                             0x20000ec9   Data          10  eeprom.o(.bss)
    guiMainForm                              0x200053e8   Data          56  guimainform.o(.bss)
    guiMasterPanel                           0x20005420   Data          56  guimasterpanel.o(.bss)
    guiSetupPanel                            0x20005620   Data          56  guisetuppanel.o(.bss)
    setupList                                0x20005688   Data          56  guisetuppanel.o(.bss)
    chSetupList                              0x200056c0   Data          56  guisetuppanel.o(.bss)
    profileList                              0x200056f8   Data          56  guisetuppanel.o(.bss)
    checkBox_ApplyLowLimit                   0x20005760   Data          48  guisetuppanel.o(.bss)
    checkBox_ApplyHighLimit                  0x20005790   Data          48  guisetuppanel.o(.bss)
    spinBox_LowLimit                         0x200057c0   Data          76  guisetuppanel.o(.bss)
    spinBox_HighLimit                        0x2000580c   Data          76  guisetuppanel.o(.bss)
    checkBox_OverloadProtect                 0x20005858   Data          48  guisetuppanel.o(.bss)
    checkBox_OverloadWarning                 0x20005888   Data          48  guisetuppanel.o(.bss)
    spinBox_OverloadThreshold                0x200058b8   Data          76  guisetuppanel.o(.bss)
    textLabel_overloadThresholdHint          0x20005904   Data          48  guisetuppanel.o(.bss)
    checkBox_ProfileSetup1                   0x20005934   Data          48  guisetuppanel.o(.bss)
    checkBox_ProfileSetup2                   0x20005964   Data          48  guisetuppanel.o(.bss)
    checkBox_ExtSwitchEnable                 0x20005994   Data          48  guisetuppanel.o(.bss)
    checkBox_ExtSwitchInverse                0x200059c4   Data          48  guisetuppanel.o(.bss)
    radioBtn_ExtSwitchMode1                  0x200059f4   Data          48  guisetuppanel.o(.bss)
    radioBtn_ExtSwitchMode2                  0x20005a24   Data          48  guisetuppanel.o(.bss)
    radioBtn_ExtSwitchMode3                  0x20005a54   Data          48  guisetuppanel.o(.bss)
    spinBox_VoltageDacOffset                 0x20005a84   Data          76  guisetuppanel.o(.bss)
    spinBox_CurrentLowDacOffset              0x20005ad0   Data          76  guisetuppanel.o(.bss)
    spinBox_CurrentHighDacOffset             0x20005b1c   Data          76  guisetuppanel.o(.bss)
    textLabel_VoltageDacOffset               0x20005b68   Data          48  guisetuppanel.o(.bss)
    textLabel_CurrentLowDacOffset            0x20005b98   Data          48  guisetuppanel.o(.bss)
    textLabel_CurrentHighDacOffset           0x20005bc8   Data          48  guisetuppanel.o(.bss)
    checkBox_UartEnable                      0x20005bf8   Data          48  guisetuppanel.o(.bss)
    selectTextBox_UartParity                 0x20005c28   Data          52  guisetuppanel.o(.bss)
    selectTextBox_UartBaudrate               0x20005c5c   Data          52  guisetuppanel.o(.bss)
    textLabel_Uart                           0x20005c90   Data          48  guisetuppanel.o(.bss)
    guiEditPanel1                            0x20005cc0   Data          56  guieditpanel1.o(.bss)
    guiMessagePanel1                         0x20005d44   Data          56  guimessagepanel1.o(.bss)
    guiEditPanel2                            0x20005d7c   Data          56  guieditpanel2.o(.bss)
    nameTextSpinBox                          0x20005db4   Data          52  guieditpanel2.o(.bss)
    guiTimers                                0x20005de8   Data          16  guicore.o(.bss)
    guiMsgQueue                              0x20005df8   Data         244  guicore.o(.bss)
    lcdBuffer                                0x200066bc   Data        1728  guigraphhal.o(.bss)
    __libspace_start                         0x20006d7c   Data          96  libspace.o(.bss)
    __temporary_stack_top$libspace           0x20006ddc   Data           0  libspace.o(.bss)



==============================================================================

Memory Map of the image

  Image Entry point : 0x08000261

  Load Region LR_1 (Base: 0x08000000, Size: 0x00014674, Max: 0xffffffff, ABSOLUTE, COMPRESSED[0x000140b4])

    Execution Region ER_RO (Base: 0x08000000, Size: 0x00013fb8, Max: 0xffffffff, ABSOLUTE)

    Base Addr    Size         Type   Attr      Idx    E Section Name        Object

    0x08000000   0x000000c0   Data   RO            3    RESET               startup_mdr32f9x.o
    0x080000c0   0x00000008   Code   RO         1986  * !!!main             c_w.l(__main.o)
    0x080000c8   0x00000034   Code   RO         2327    !!!scatter          c_w.l(__scatter.o)
    0x080000fc   0x0000005a   Code   RO         2325    !!dczerorl2         c_w.l(__dczerorl2.o)
    0x08000156   0x00000002   PAD
    0x08000158   0x0000001c   Code   RO         2329    !!handler_zi        c_w.l(__scatter_zi.o)
    0x08000174   0x00000000   Code   RO         1963    .ARM.Collect$$_printf_percent$$00000000  c_w.l(_printf_percent.o)
    0x08000174   0x00000006   Code   RO         1962    .ARM.Collect$$_printf_percent$$00000003  c_w.l(_printf_f.o)
    0x0800017a   0x00000006   Code   RO         1961    .ARM.Collect$$_printf_percent$$00000009  c_w.l(_printf_d.o)
    0x08000180   0x00000006   Code   RO         1959    .ARM.Collect$$_printf_percent$$00000013  c_w.l(_printf_c.o)
    0x08000186   0x00000006   Code   RO         1960    .ARM.Collect$$_printf_percent$$00000014  c_w.l(_printf_s.o)
    0x0800018c   0x00000004   Code   RO         2044    .ARM.Collect$$_printf_percent$$00000017  c_w.l(_printf_percent_end.o)
    0x08000190   0x00000002   Code   RO         2143    .ARM.Collect$$libinit$$00000000  c_w.l(libinit.o)
    0x08000192   0x00000000   Code   RO         2145    .ARM.Collect$$libinit$$00000002  c_w.l(libinit2.o)
    0x08000192   0x00000000   Code   RO         2148    .ARM.Collect$$libinit$$00000008  c_w.l(libinit2.o)
    0x08000192   0x00000000   Code   RO         2150    .ARM.Collect$$libinit$$0000000A  c_w.l(libinit2.o)
    0x08000192   0x00000000   Code   RO         2152    .ARM.Collect$$libinit$$0000000C  c_w.l(libinit2.o)
    0x08000192   0x00000006   Code   RO         2153    .ARM.Collect$$libinit$$0000000D  c_w.l(libinit2.o)
    0x08000198   0x00000000   Code   RO         2155    .ARM.Collect$$libinit$$0000000F  c_w.l(libinit2.o)
    0x08000198   0x0000000c   Code   RO         2156    .ARM.Collect$$libinit$$00000010  c_w.l(libinit2.o)
    0x080001a4   0x00000000   Code   RO         2157    .ARM.Collect$$libinit$$00000011  c_w.l(libinit2.o)
    0x080001a4   0x00000000   Code   RO         2159    .ARM.Collect$$libinit$$00000013  c_w.l(libinit2.o)
    0x080001a4   0x0000000a   Code   RO         2160    .ARM.Collect$$libinit$$00000014  c_w.l(libinit2.o)
    0x080001ae   0x00000000   Code   RO         2161    .ARM.Collect$$libinit$$00000015  c_w.l(libinit2.o)
    0x080001ae   0x00000000   Code   RO         2163    .ARM.Collect$$libinit$$00000017  c_w.l(libinit2.o)
    0x080001ae   0x00000000   Code   RO         2165    .ARM.Collect$$libinit$$00000019  c_w.l(libinit2.o)
    0x080001ae   0x00000000   Code   RO         2167    .ARM.Collect$$libinit$$0000001B  c_w.l(libinit2.o)
    0x080001ae   0x00000000   Code   RO         2169    .ARM.Collect$$libinit$$0000001D  c_w.l(libinit2.o)
    0x080001ae   0x00000000   Code   RO         2171    .ARM.Collect$$libinit$$0000001F  c_w.l(libinit2.o)
    0x080001ae   0x00000000   Code   RO         2173    .ARM.Collect$$libinit$$00000021  c_w.l(libinit2.o)
    0x080001ae   0x00000000   Code   RO         2175    .ARM.Collect$$libinit$$00000023  c_w.l(libinit2.o)
    0x080001ae   0x00000000   Code   RO         2179    .ARM.Collect$$libinit$$0000002A  c_w.l(libinit2.o)
    0x080001ae   0x00000000   Code   RO         2181    .ARM.Collect$$libinit$$0000002C  c_w.l(libinit2.o)
    0x080001ae   0x00000000   Code   RO         2183    .ARM.Collect$$libinit$$0000002E  c_w.l(libinit2.o)
    0x080001ae   0x00000000   Code   RO         2185    .ARM.Collect$$libinit$$00000030  c_w.l(libinit2.o)
    0x080001ae   0x00000002   Code   RO         2186    .ARM.Collect$$libinit$$00000031  c_w.l(libinit2.o)
    0x080001b0   0x00000002   Code   RO         2247    .ARM.Collect$$libshutdown$$00000000  c_w.l(libshutdown.o)
    0x080001b2   0x00000000   Code   RO         2277    .ARM.Collect$$libshutdown$$00000003  c_w.l(libshutdown2.o)
    0x080001b2   0x00000000   Code   RO         2280    .ARM.Collect$$libshutdown$$00000006  c_w.l(libshutdown2.o)
    0x080001b2   0x00000000   Code   RO         2283    .ARM.Collect$$libshutdown$$00000009  c_w.l(libshutdown2.o)
    0x080001b2   0x00000000   Code   RO         2285    .ARM.Collect$$libshutdown$$0000000B  c_w.l(libshutdown2.o)
    0x080001b2   0x00000000   Code   RO         2288    .ARM.Collect$$libshutdown$$0000000E  c_w.l(libshutdown2.o)
    0x080001b2   0x00000002   Code   RO         2289    .ARM.Collect$$libshutdown$$0000000F  c_w.l(libshutdown2.o)
    0x080001b4   0x00000000   Code   RO         2024    .ARM.Collect$$rtentry$$00000000  c_w.l(rtentry.o)
    0x080001b4   0x00000000   Code   RO         2064    .ARM.Collect$$rtentry$$00000002  c_w.l(rtentry2.o)
    0x080001b4   0x00000006   Code   RO         2076    .ARM.Collect$$rtentry$$00000004  c_w.l(rtentry4.o)
    0x080001ba   0x00000000   Code   RO         2066    .ARM.Collect$$rtentry$$00000009  c_w.l(rtentry2.o)
    0x080001ba   0x00000004   Code   RO         2067    .ARM.Collect$$rtentry$$0000000A  c_w.l(rtentry2.o)
    0x080001be   0x00000000   Code   RO         2069    .ARM.Collect$$rtentry$$0000000C  c_w.l(rtentry2.o)
    0x080001be   0x00000008   Code   RO         2070    .ARM.Collect$$rtentry$$0000000D  c_w.l(rtentry2.o)
    0x080001c6   0x00000002   Code   RO         2187    .ARM.Collect$$rtexit$$00000000  c_w.l(rtexit.o)
    0x080001c8   0x00000000   Code   RO         2209    .ARM.Collect$$rtexit$$00000002  c_w.l(rtexit2.o)
    0x080001c8   0x00000004   Code   RO         2210    .ARM.Collect$$rtexit$$00000003  c_w.l(rtexit2.o)
    0x080001cc   0x00000006   Code   RO         2211    .ARM.Collect$$rtexit$$00000004  c_w.l(rtexit2.o)
    0x080001d2   0x00000002   PAD
    0x080001d4   0x0000008a   Code   RO         1192    .emb_text           port.o
    0x0800025e   0x00000002   PAD
    0x08000260   0x00000050   Code   RO            4  * .text               startup_mdr32f9x.o
    0x080002b0   0x00000090   Code   RO           12    .text               system_mdr32f9qx.o
    0x08000340   0x0000010c   Code   RO           58    .text               mdr32f9qx_ssp.o
    0x0800044c   0x00000224   Code   RO           91    .text               mdr32f9qx_port.o
    0x08000670   0x00000470   Code   RO          114    .text               mdr32f9qx_timer.o
    0x08000ae0   0x000000f8   Code   RO          137    .text               mdr32f9qx_i2c.o
    0x08000bd8   0x00000354   Code   RO          160    .text               mdr32f9qx_adc.o
    0x08000f2c   0x000001ec   Code   RO          183    .text               mdr32f9qx_uart.o
    0x08001118   0x00000238   Code   RO          206    .text               mdr32f9qx_dma.o
    0x08001350   0x000004ac   Code   RO          232    .text               mdr32f9qx_rst_clk.o
    0x080017fc   0x00000218   Code   RO          252    .text               main.o
    0x08001a14   0x000001ac   Code   RO          390    .text               adc.o
    0x08001bc0   0x00000148   Code   RO          420    .text               buttons.o
    0x08001d08   0x0000008c   Code   RO          447    .text               control.o
    0x08001d94   0x00000db4   Code   RO          467    .text               converter.o
    0x08002b48   0x00000344   Code   RO          503    .text               converter_hw.o
    0x08002e8c   0x000006ac   Code   RO          533    .text               dispatcher.o
    0x08003538   0x00000050   Code   RO          577    .text               dwt_delay.o
    0x08003588   0x00000074   Code   RO          597    .text               encoder.o
    0x080035fc   0x00000600   Code   RO          620    .text               guitop.o
    0x08003bfc   0x00000232   Code   RO          695    .text               i2c_eeprom.o
    0x08003e2e   0x00000002   PAD
    0x08003e30   0x00000280   Code   RO          715    .text               lcd_1202.o
    0x080040b0   0x0000003c   Code   RO          738    .text               led.o
    0x080040ec   0x000000a4   Code   RO          758    .text               service.o
    0x08004190   0x0000012c   Code   RO          781    .text               sound_driver.o
    0x080042bc   0x00000790   Code   RO          839    .text               systemfunc.o
    0x08004a4c   0x00000204   Code   RO          867    .text               systick.o
    0x08004c50   0x000002ac   Code   RO          945    .text               buttons_top.o
    0x08004efc   0x00000140   Code   RO          971    .text               uart_parser.o
    0x0800503c   0x0000041e   Code   RO         1000    .text               uart_rx.o
    0x0800545a   0x00000002   PAD
    0x0800545c   0x000002a8   Code   RO         1091    .text               uart_tx.o
    0x08005704   0x00000594   Code   RO         1124    .text               eeprom.o
    0x08005c98   0x00000068   Code   RO         1151    .text               isr_user_handlers.o
    0x08005d00   0x00000330   Code   RO         1171    .text               uart_hw.o
    0x08006030   0x000000c0   Code   RO         1193    .text               port.o
    0x080060f0   0x00000088   Code   RO         1229    .text               list.o
    0x08006178   0x0000055a   Code   RO         1247    .text               queue.o
    0x080066d2   0x00000002   PAD
    0x080066d4   0x000008f4   Code   RO         1262    .text               tasks.o
    0x08006fc8   0x0000032c   Code   RO         1281    .text               timers.o
    0x080072f4   0x0000015c   Code   RO         1296    .text               heap_4.o
    0x08007450   0x0000024c   Code   RO         1311    .text               guimainform.o
    0x0800769c   0x00000988   Code   RO         1381    .text               guimasterpanel.o
    0x08008024   0x00001bf4   Code   RO         1453    .text               guisetuppanel.o
    0x08009c18   0x00000360   Code   RO         1503    .text               guieditpanel1.o
    0x08009f78   0x0000036c   Code   RO         1528    .text               guimessagepanel1.o
    0x0800a2e4   0x00000228   Code   RO         1552    .text               guieditpanel2.o
    0x0800a50c   0x00000a74   Code   RO         1579    .text               guicore.o
    0x0800af80   0x000001ae   Code   RO         1606    .text               guicheckbox.o
    0x0800b12e   0x00000002   PAD
    0x0800b130   0x000001fc   Code   RO         1628    .text               guipanel.o
    0x0800b32c   0x00000370   Code   RO         1643    .text               guispinbox.o
    0x0800b69c   0x0000038a   Code   RO         1661    .text               guistringlist.o
    0x0800ba26   0x00000002   PAD
    0x0800ba28   0x000000d2   Code   RO         1676    .text               guitextlabel.o
    0x0800bafa   0x00000002   PAD
    0x0800bafc   0x0000037c   Code   RO         1688    .text               guitextspinbox.o
    0x0800be78   0x000001e2   Code   RO         1703    .text               guiradiobutton.o
    0x0800c05a   0x00000002   PAD
    0x0800c05c   0x000002a8   Code   RO         1718    .text               guiselecttextbox.o
    0x0800c304   0x00000298   Code   RO         1830    .text               guigraphhal.o
    0x0800c59c   0x0000053a   Code   RO         1849    .text               guigraphprimitives.o
    0x0800cad6   0x00000002   PAD
    0x0800cad8   0x00000a54   Code   RO         1867    .text               guigraphwidgets.o
    0x0800d52c   0x0000008a   Code   RO         1909    .text               utils.o
    0x0800d5b6   0x00000002   PAD
    0x0800d5b8   0x00000028   Code   RO         1927    .text               c_w.l(noretval__2sprintf.o)
    0x0800d5e0   0x00000034   Code   RO         1929    .text               c_w.l(noretval__2snprintf.o)
    0x0800d614   0x00000052   Code   RO         1933    .text               c_w.l(_printf_pad.o)
    0x0800d666   0x00000052   Code   RO         1935    .text               c_w.l(_printf_str.o)
    0x0800d6b8   0x00000078   Code   RO         1937    .text               c_w.l(_printf_dec.o)
    0x0800d730   0x0000010e   Code   RO         1947    .text               c_w.l(__printf_wp.o)
    0x0800d83e   0x00000070   Code   RO         1964    .text               c_w.l(strtol.o)
    0x0800d8ae   0x00000072   Code   RO         1966    .text               c_w.l(strtoul.o)
    0x0800d920   0x0000003e   Code   RO         1968    .text               c_w.l(strlen.o)
    0x0800d95e   0x0000008a   Code   RO         1970    .text               c_w.l(rt_memcpy_v6.o)
    0x0800d9e8   0x00000064   Code   RO         1972    .text               c_w.l(rt_memcpy_w.o)
    0x0800da4c   0x00000010   Code   RO         1974    .text               c_w.l(aeabi_memset.o)
    0x0800da5c   0x00000044   Code   RO         1976    .text               c_w.l(rt_memclr.o)
    0x0800daa0   0x0000004e   Code   RO         1978    .text               c_w.l(rt_memclr_w.o)
    0x0800daee   0x00000056   Code   RO         1980    .text               c_w.l(strncpy.o)
    0x0800db44   0x00000080   Code   RO         1982    .text               c_w.l(strcmpv7m.o)
    0x0800dbc4   0x00000006   Code   RO         1984    .text               c_w.l(heapauxi.o)
    0x0800dbca   0x00000002   PAD
    0x0800dbcc   0x00000010   Code   RO         2025    .text               c_w.l(rt_ctype_table.o)
    0x0800dbdc   0x00000008   Code   RO         2030    .text               c_w.l(rt_errno_addr_intlibspace.o)
    0x0800dbe4   0x000000b8   Code   RO         2032    .text               c_w.l(_printf_intcommon.o)
    0x0800dc9c   0x00000420   Code   RO         2034    .text               c_w.l(_printf_fp_dec.o)
    0x0800e0bc   0x00000030   Code   RO         2036    .text               c_w.l(_printf_char_common.o)
    0x0800e0ec   0x0000000a   Code   RO         2038    .text               c_w.l(_sputc.o)
    0x0800e0f6   0x00000010   Code   RO         2040    .text               c_w.l(_snputc.o)
    0x0800e106   0x0000002c   Code   RO         2042    .text               c_w.l(_printf_char.o)
    0x0800e132   0x0000009e   Code   RO         2045    .text               c_w.l(_strtoul.o)
    0x0800e1d0   0x000000a0   Code   RO         2047    .text               c_w.l(strtod.o)
    0x0800e270   0x00000008   Code   RO         2060    .text               c_w.l(libspace.o)
    0x0800e278   0x00000008   Code   RO         2081    .text               c_w.l(rt_locale_intlibspace.o)
    0x0800e280   0x0000008a   Code   RO         2083    .text               c_w.l(lludiv10.o)
    0x0800e30a   0x00000012   Code   RO         2085    .text               c_w.l(isspace.o)
    0x0800e31c   0x00000080   Code   RO         2087    .text               c_w.l(_printf_fp_infnan.o)
    0x0800e39c   0x0000001c   Code   RO         2091    .text               c_w.l(_chval.o)
    0x0800e3b8   0x00000040   Code   RO         2093    .text               c_w.l(_sgetc.o)
    0x0800e3f8   0x000000e4   Code   RO         2095    .text               c_w.l(bigflt0.o)
    0x0800e4dc   0x0000004a   Code   RO         2132    .text               c_w.l(sys_stackheap_outer.o)
    0x0800e526   0x00000002   PAD
    0x0800e528   0x000004a4   Code   RO         2134    .text               c_w.l(scanf_fp.o)
    0x0800e9cc   0x0000000c   Code   RO         2136    .text               c_w.l(exit.o)
    0x0800e9d8   0x00000016   Code   RO         2215    .text               c_w.l(_rserrno.o)
    0x0800e9ee   0x00000002   PAD
    0x0800e9f0   0x00000314   Code   RO         2217    .text               c_w.l(scanf_hexfp.o)
    0x0800ed04   0x0000013c   Code   RO         2219    .text               c_w.l(scanf_infnan.o)
    0x0800ee40   0x0000000c   Code   RO         2235    .text               c_w.l(sys_exit.o)
    0x0800ee4c   0x00000026   Code   RO         2239    .text               c_w.l(llshl.o)
    0x0800ee72   0x00000002   Code   RO         2266    .text               c_w.l(use_no_semi.o)
    0x0800ee74   0x00000000   Code   RO         2268    .text               c_w.l(indicate_semi.o)
    0x0800ee74   0x0000003e   Code   RO         2098    CL$$btod_d2e        c_w.l(btod.o)
    0x0800eeb2   0x00000046   Code   RO         2100    CL$$btod_d2e_denorm_low  c_w.l(btod.o)
    0x0800eef8   0x00000060   Code   RO         2099    CL$$btod_d2e_norm_op1  c_w.l(btod.o)
    0x0800ef58   0x00000338   Code   RO         2108    CL$$btod_div_common  c_w.l(btod.o)
    0x0800f290   0x00000054   Code   RO         2106    CL$$btod_e2d        c_w.l(btod.o)
    0x0800f2e4   0x000000c6   Code   RO         2105    CL$$btod_e2e        c_w.l(btod.o)
    0x0800f3aa   0x00000028   Code   RO         2102    CL$$btod_ediv       c_w.l(btod.o)
    0x0800f3d2   0x00000028   Code   RO         2104    CL$$btod_edivd      c_w.l(btod.o)
    0x0800f3fa   0x00000028   Code   RO         2101    CL$$btod_emul       c_w.l(btod.o)
    0x0800f422   0x00000028   Code   RO         2103    CL$$btod_emuld      c_w.l(btod.o)
    0x0800f44a   0x00000244   Code   RO         2107    CL$$btod_mult_common  c_w.l(btod.o)
    0x0800f68e   0x00000028   Code   RO         2130    i.__ARM_fpclassify  m_ws.l(fpclassify.o)
    0x0800f6b6   0x00000002   PAD
    0x0800f6b8   0x00000010   Code   RO         2292    i.__mathlib_dbl_underflow  m_ws.l(dunder.o)
    0x0800f6c8   0x00000010   Code   RO         2202    i.__mathlib_narrow  m_ws.l(narrow.o)
    0x0800f6d8   0x00000088   Code   RO         2203    i.__mathlib_tofloat  m_ws.l(narrow.o)
    0x0800f760   0x00000016   Code   RO         2255    i.__support_ldexp   m_ws.l(ldexp.o)
    0x0800f776   0x0000000e   Code   RO         1949    i._is_digit         c_w.l(__printf_wp.o)
    0x0800f784   0x00000058   Code   RO         2230    i.frexp             m_ws.l(frexp.o)
    0x0800f7dc   0x0000007e   Code   RO         2256    i.ldexp             m_ws.l(ldexp.o)
    0x0800f85a   0x00000022   Code   RO         2021    i.strtof            m_ws.l(strtof.o)
    0x0800f87c   0x0000002c   Code   RO         2121    locale$$code        c_w.l(lc_ctype_c.o)
    0x0800f8a8   0x0000002c   Code   RO         2124    locale$$code        c_w.l(lc_numeric_c.o)
    0x0800f8d4   0x00000062   Code   RO         2049    x$fpl$d2f           fz_ws.l(d2f.o)
    0x0800f936   0x00000002   PAD
    0x0800f938   0x00000150   Code   RO         1988    x$fpl$dadd          fz_ws.l(daddsub_clz.o)
    0x0800fa88   0x00000010   Code   RO         2290    x$fpl$dcheck1       fz_ws.l(dcheck1.o)
    0x0800fa98   0x00000018   Code   RO         2248    x$fpl$dcmpinf       fz_ws.l(dcmpi.o)
    0x0800fab0   0x00000078   Code   RO         2225    x$fpl$deqf          fz_ws.l(deqf.o)
    0x0800fb28   0x0000005e   Code   RO         1994    x$fpl$dfix          fz_ws.l(dfix.o)
    0x0800fb86   0x00000026   Code   RO         1998    x$fpl$dfltu         fz_ws.l(dflt_clz.o)
    0x0800fbac   0x00000078   Code   RO         2250    x$fpl$dleqf         fz_ws.l(dleqf.o)
    0x0800fc24   0x00000154   Code   RO         2004    x$fpl$dmul          fz_ws.l(dmul.o)
    0x0800fd78   0x0000009c   Code   RO         2051    x$fpl$dnaninf       fz_ws.l(dnaninf.o)
    0x0800fe14   0x0000000c   Code   RO         2053    x$fpl$dretinf       fz_ws.l(dretinf.o)
    0x0800fe20   0x0000006c   Code   RO         2227    x$fpl$drleqf        fz_ws.l(drleqf.o)
    0x0800fe8c   0x000001d4   Code   RO         1990    x$fpl$dsub          fz_ws.l(daddsub_clz.o)
    0x08010060   0x00000056   Code   RO         2006    x$fpl$f2d           fz_ws.l(f2d.o)
    0x080100b6   0x00000002   PAD
    0x080100b8   0x00000184   Code   RO         2009    x$fpl$fdiv          fz_ws.l(fdiv.o)
    0x0801023c   0x00000026   Code   RO         2012    x$fpl$ffltu         fz_ws.l(fflt_clz.o)
    0x08010262   0x0000008c   Code   RO         2055    x$fpl$fnaninf       fz_ws.l(fnaninf.o)
    0x080102ee   0x0000000a   Code   RO         2057    x$fpl$fretinf       fz_ws.l(fretinf.o)
    0x080102f8   0x00000004   Code   RO         2018    x$fpl$printf1       fz_ws.l(printf1.o)
    0x080102fc   0x00000064   Code   RO         2299    x$fpl$retnan        fz_ws.l(retnan.o)
    0x08010360   0x0000005c   Code   RO         2252    x$fpl$scalbn        fz_ws.l(scalbn.o)
    0x080103bc   0x00000004   Code   RO         2128    x$fpl$scanf1        fz_ws.l(scanf1.o)
    0x080103c0   0x00000008   Code   RO         2196    x$fpl$scanf2        fz_ws.l(scanf2.o)
    0x080103c8   0x00000030   Code   RO         2305    x$fpl$trapveneer    fz_ws.l(trapv.o)
    0x080103f8   0x00000000   Code   RO         2059    x$fpl$usenofp       fz_ws.l(usenofp.o)
    0x080103f8   0x00000010   Data   RO          469    .constdata          converter.o
    0x08010408   0x00000010   Data   RO          470    .constdata          converter.o
    0x08010418   0x00000010   Data   RO          535    .constdata          dispatcher.o
    0x08010428   0x00000008   Data   RO          622    .constdata          guitop.o
    0x08010430   0x00000004   Data   RO          782    .constdata          sound_driver.o
    0x08010434   0x00000004   Data   RO          783    .constdata          sound_driver.o
    0x08010438   0x00000008   Data   RO          814    .constdata          sound_samples.o
    0x08010440   0x00000008   Data   RO          815    .constdata          sound_samples.o
    0x08010448   0x00000008   Data   RO          816    .constdata          sound_samples.o
    0x08010450   0x00000008   Data   RO          817    .constdata          sound_samples.o
    0x08010458   0x00000010   Data   RO          818    .constdata          sound_samples.o
    0x08010468   0x00000010   Data   RO          819    .constdata          sound_samples.o
    0x08010478   0x00000030   Data   RO          820    .constdata          sound_samples.o
    0x080104a8   0x00000010   Data   RO          821    .constdata          sound_samples.o
    0x080104b8   0x00000020   Data   RO          822    .constdata          sound_samples.o
    0x080104d8   0x0000000c   Data   RO          947    .constdata          buttons_top.o
    0x080104e4   0x00000030   Data   RO         1093    .constdata          uart_tx.o
    0x08010514   0x00000032   Data   RO         1581    .constdata          guicore.o
    0x08010546   0x000005fa   Data   RO         1733    .constdata          font_6x8_mono.o
    0x08010b40   0x00000018   Data   RO         1734    .constdata          font_6x8_mono.o
    0x08010b58   0x00000b8a   Data   RO         1747    .constdata          font_h10.o
    0x080116e2   0x000000ff   Data   RO         1748    .constdata          font_h10.o
    0x080117e1   0x00000001   PAD
    0x080117e2   0x000001fe   Data   RO         1749    .constdata          font_h10.o
    0x080119e0   0x00000018   Data   RO         1750    .constdata          font_h10.o
    0x080119f8   0x00000bc2   Data   RO         1763    .constdata          font_h10_bold.o
    0x080125ba   0x000000ff   Data   RO         1764    .constdata          font_h10_bold.o
    0x080126b9   0x00000001   PAD
    0x080126ba   0x000001fe   Data   RO         1765    .constdata          font_h10_bold.o
    0x080128b8   0x00000018   Data   RO         1766    .constdata          font_h10_bold.o
    0x080128d0   0x0000094c   Data   RO         1779    .constdata          font_h11.o
    0x0801321c   0x000000a6   Data   RO         1780    .constdata          font_h11.o
    0x080132c2   0x000000a6   Data   RO         1781    .constdata          font_h11.o
    0x08013368   0x0000014c   Data   RO         1782    .constdata          font_h11.o
    0x080134b4   0x00000018   Data   RO         1783    .constdata          font_h11.o
    0x080134cc   0x00000160   Data   RO         1796    .constdata          font_h16.o
    0x0801362c   0x00000013   Data   RO         1797    .constdata          font_h16.o
    0x0801363f   0x00000013   Data   RO         1798    .constdata          font_h16.o
    0x08013652   0x00000026   Data   RO         1799    .constdata          font_h16.o
    0x08013678   0x00000018   Data   RO         1800    .constdata          font_h16.o
    0x08013690   0x00000390   Data   RO         1813    .constdata          font_h32.o
    0x08013a20   0x0000000e   Data   RO         1814    .constdata          font_h32.o
    0x08013a2e   0x0000000e   Data   RO         1815    .constdata          font_h32.o
    0x08013a3c   0x0000001c   Data   RO         1816    .constdata          font_h32.o
    0x08013a58   0x00000018   Data   RO         1817    .constdata          font_h32.o
    0x08013a70   0x000001e0   Data   RO         1885    .constdata          other_images.o
    0x08013c50   0x0000001e   Data   RO         1886    .constdata          other_images.o
    0x08013c6e   0x00000012   Data   RO         1887    .constdata          other_images.o
    0x08013c80   0x00000018   Data   RO         1888    .constdata          other_images.o
    0x08013c98   0x00000014   Data   RO         1897    .constdata          widget_images.o
    0x08013cac   0x00000014   Data   RO         1898    .constdata          widget_images.o
    0x08013cc0   0x0000000c   Data   RO         1899    .constdata          widget_images.o
    0x08013ccc   0x0000000c   Data   RO         1900    .constdata          widget_images.o
    0x08013cd8   0x00000094   Data   RO         2096    .constdata          c_w.l(bigflt0.o)
    0x08013d6c   0x00000041   Data   RO          972    .conststring        uart_parser.o
    0x08013dad   0x0000003f   Data   RO          973    .conststring        uart_parser.o
    0x08013dec   0x0000001e   Data   RO          974    .conststring        uart_parser.o
    0x08013e0a   0x00000057   Data   RO         1094    .conststring        uart_tx.o
    0x08013e61   0x00000003   PAD
    0x08013e64   0x00000020   Data   RO         2323    Region$$Table       anon$$obj.o
    0x08013e84   0x00000008   Data   RO         2191    c$$dinf             fz_ws.l(fpconst.o)
    0x08013e8c   0x00000110   Data   RO         2120    locale$$data        c_w.l(lc_ctype_c.o)
    0x08013f9c   0x0000001c   Data   RO         2123    locale$$data        c_w.l(lc_numeric_c.o)


    Execution Region ER_RW (Base: 0x20000000, Size: 0x000006bc, Max: 0xffffffff, ABSOLUTE, COMPRESSED[0x000000fc])

    Base Addr    Size         Type   Attr      Idx    E Section Name        Object

    0x20000000   0x00000004   Data   RW           13    .data               system_mdr32f9qx.o
    0x20000004   0x0000001c   Data   RW          391    .data               adc.o
    0x20000020   0x00000002   Data   RW          422    .data               buttons.o
    0x20000022   0x00000002   PAD
    0x20000024   0x00000008   Data   RW          471    .data               converter.o
    0x2000002c   0x00000004   Data   RW          472    .data               converter.o
    0x20000030   0x0000000e   Data   RW          504    .data               converter_hw.o
    0x2000003e   0x00000002   PAD
    0x20000040   0x0000000c   Data   RW          536    .data               dispatcher.o
    0x2000004c   0x00000008   Data   RW          598    .data               encoder.o
    0x20000054   0x00000010   Data   RW          623    .data               guitop.o
    0x20000064   0x00000008   Data   RW          759    .data               service.o
    0x2000006c   0x00000018   Data   RW          784    .data               sound_driver.o
    0x20000084   0x0000000c   Data   RW          869    .data               systick.o
    0x20000090   0x00000014   Data   RW          948    .data               buttons_top.o
    0x200000a4   0x00000050   Data   RW          975    .data               uart_parser.o
    0x200000f4   0x00000070   Data   RW          976    .data               uart_parser.o
    0x20000164   0x00000008   Data   RW          977    .data               uart_parser.o
    0x2000016c   0x00000048   Data   RW          978    .data               uart_parser.o
    0x200001b4   0x0000000c   Data   RW         1001    .data               uart_rx.o
    0x200001c0   0x00000080   Data   RW         1002    .data               uart_rx.o
    0x20000240   0x00000004   Data   RW         1003    .data               uart_rx.o
    0x20000244   0x00000004   Data   RW         1004    .data               uart_rx.o
    0x20000248   0x00000004   Data   RW         1005    .data               uart_rx.o
    0x2000024c   0x00000004   Data   RW         1006    .data               uart_rx.o
    0x20000250   0x00000010   Data   RW         1095    .data               uart_tx.o
    0x20000260   0x0000000c   Data   RW         1126    .data               eeprom.o
    0x2000026c   0x000003c0   Data   RW         1172    .data               uart_hw.o
    0x2000062c   0x00000004   Data   RW         1194    .data               port.o
    0x20000630   0x00000038   Data   RW         1264    .data               tasks.o
    0x20000668   0x00000010   Data   RW         1283    .data               timers.o
    0x20000678   0x00000014   Data   RW         1298    .data               heap_4.o
    0x2000068c   0x00000001   Data   RW         1313    .data               guimainform.o
    0x2000068d   0x00000002   Data   RW         1383    .data               guimasterpanel.o
    0x2000068f   0x00000005   Data   RW         1455    .data               guisetuppanel.o
    0x20000694   0x00000004   Data   RW         1505    .data               guieditpanel1.o
    0x20000698   0x00000008   Data   RW         1530    .data               guimessagepanel1.o
    0x200006a0   0x00000010   Data   RW         1582    .data               guicore.o
    0x200006b0   0x00000004   Data   RW         1832    .data               guigraphhal.o
    0x200006b4   0x00000004   Data   RW         1850    .data               guigraphprimitives.o
    0x200006b8   0x00000004   Data   RW         1868    .data               guigraphwidgets.o


    Execution Region ER_ZI (Base: 0x200006bc, Size: 0x00006d24, Max: 0xffffffff, ABSOLUTE)

    Base Addr    Size         Type   Attr      Idx    E Section Name        Object

    0x200006bc   0x00000144   PAD
    0x20000800   0x00000400   Zero   RW          207    .bss                mdr32f9qx_dma.o
    0x20000c00   0x0000001c   Zero   RW          421    .bss                buttons.o
    0x20000c1c   0x00000088   Zero   RW          468    .bss                converter.o
    0x20000ca4   0x00000020   Zero   RW          534    .bss                dispatcher.o
    0x20000cc4   0x00000040   Zero   RW          621    .bss                guitop.o
    0x20000d04   0x00000074   Zero   RW          840    .bss                systemfunc.o
    0x20000d78   0x00000014   Zero   RW          868    .bss                systick.o
    0x20000d8c   0x00000010   Zero   RW          946    .bss                buttons_top.o
    0x20000d9c   0x000000c8   Zero   RW         1092    .bss                uart_tx.o
    0x20000e64   0x00000094   Zero   RW         1125    .bss                eeprom.o
    0x20000ef8   0x000000c8   Zero   RW         1263    .bss                tasks.o
    0x20000fc0   0x00000028   Zero   RW         1282    .bss                timers.o
    0x20000fe8   0x00004400   Zero   RW         1297    .bss                heap_4.o
    0x200053e8   0x00000038   Zero   RW         1312    .bss                guimainform.o
    0x20005420   0x000001f0   Zero   RW         1382    .bss                guimasterpanel.o
    0x20005610   0x000006b0   Zero   RW         1454    .bss                guisetuppanel.o
    0x20005cc0   0x00000084   Zero   RW         1504    .bss                guieditpanel1.o
    0x20005d44   0x00000038   Zero   RW         1529    .bss                guimessagepanel1.o
    0x20005d7c   0x0000006c   Zero   RW         1553    .bss                guieditpanel2.o
    0x20005de8   0x000008d4   Zero   RW         1580    .bss                guicore.o
    0x200066bc   0x000006c0   Zero   RW         1831    .bss                guigraphhal.o
    0x20006d7c   0x00000060   Zero   RW         2061    .bss                c_w.l(libspace.o)
    0x20006ddc   0x00000004   PAD
    0x20006de0   0x00000200   Zero   RW            2    HEAP                startup_mdr32f9x.o
    0x20006fe0   0x00000400   Zero   RW            1    STACK               startup_mdr32f9x.o


==============================================================================

Image component sizes


      Code (inc. data)   RO Data    RW Data    ZI Data      Debug   Object Name

       428         12          0         28          0       2630   adc.o
       328         18          0          2         28       2983   buttons.o
       684         38         12         20         16       3934   buttons_top.o
       140         18          0          0          0       1373   control.o
      3508         54         32         12        136      14874   converter.o
       836         40          0         14          0      11660   converter_hw.o
      1708        210         16         12         32       5463   dispatcher.o
        80         10          0          0          0       1288   dwt_delay.o
      1428         24          0         12        148       9761   eeprom.o
       116         24          0          8          0       1348   encoder.o
         0          0       1554          0          0       1320   font_6x8_mono.o
         0          0       3743          0          0       1400   font_h10.o
         0          0       3799          0          0       1412   font_h10_bold.o
         0          0       3068          0          0       1440   font_h11.o
         0          0        452          0          0       1440   font_h16.o
         0          0        992          0          0       1440   font_h32.o
       430         12          0          0          0      12282   guicheckbox.o
      2676         30         50         16       2260      26268   guicore.o
       864         74          0          4        132       3660   guieditpanel1.o
       552         48          0          0        108       4050   guieditpanel2.o
       664         10          0          4       1728       4324   guigraphhal.o
      1338          6          0          4          0       7136   guigraphprimitives.o
      2644         36          0          4          0       6112   guigraphwidgets.o
       588        128          0          1         56      12341   guimainform.o
      2440        186          0          2        496      22127   guimasterpanel.o
       876        184          0          8         56       3463   guimessagepanel1.o
       508         12          0          0          0       3234   guipanel.o
       482         12          0          0          0       3962   guiradiobutton.o
       680          0          0          0          0       4279   guiselecttextbox.o
      7156        846          0          5       1712      21575   guisetuppanel.o
       880          0          0          0          0       4955   guispinbox.o
       906          0          0          0          0       4911   guistringlist.o
       210         10          0          0          0       1721   guitextlabel.o
       892          0          0          0          0       5554   guitextspinbox.o
      1536         76          8         16         64      17901   guitop.o
       348          8          0         20      17408       3168   heap_4.o
       562          0          0          0          0       2797   i2c_eeprom.o
       104         14          0          0          0        573   isr_user_handlers.o
       640         10          0          0          0       2978   lcd_1202.o
        60          4          0          0          0        537   led.o
       136          0          0          0          0       3174   list.o
       536        188          0          0          0      48317   main.o
       852         12          0          0          0      19968   mdr32f9qx_adc.o
       568         18          0          0       1024      11576   mdr32f9qx_dma.o
       248          4          0          0          0       7409   mdr32f9qx_i2c.o
       548          4          0          0          0       7186   mdr32f9qx_port.o
      1196         60          0          0          0      11210   mdr32f9qx_rst_clk.o
       268         14          0          0          0      17776   mdr32f9qx_ssp.o
      1136         16          0          0          0      30984   mdr32f9qx_timer.o
       492         14          0          0          0      11844   mdr32f9qx_uart.o
         0          0        552          0          0        709   other_images.o
       330         26          0          4          0       2691   port.o
      1370          0          0          0          0       8953   queue.o
       164         28          0          8          0       1103   service.o
       300         14          8         24          0       3072   sound_driver.o
         0          0        160          0          0       4208   sound_samples.o
        80         26        192          0       1536        800   startup_mdr32f9x.o
       144         16          0          4          0      50833   system_mdr32f9qx.o
      1936        102          0          0        116      29866   systemfunc.o
       516        154          0         12         20       4858   systick.o
      2292         38          0         56        200      14688   tasks.o
       812         22          0         16         40       6068   timers.o
       816         22          0        960          0       5619   uart_hw.o
       320         12        158        272          0       3140   uart_parser.o
      1054         38          0        156          0      15589   uart_rx.o
       680        122        135         16        200       5101   uart_tx.o
       138          0          0          0          0        917   utils.o
         0          0         64          0          0        741   widget_images.o

    ----------------------------------------------------------------------
     54244       3104      15032       1724      27840     572074   Object Totals
         0          0         32          0          0          0   (incl. Generated)
        20          0          5          4        324          0   (incl. Padding)

    ----------------------------------------------------------------------

      Code (inc. data)   RO Data    RW Data    ZI Data      Debug   Library Member Name

        90          0          0          0          0          0   __dczerorl2.o
         8          0          0          0          0         68   __main.o
       284          0          0          0          0        156   __printf_wp.o
        52          8          0          0          0          0   __scatter.o
        28          0          0          0          0          0   __scatter_zi.o
        28          0          0          0          0         68   _chval.o
         6          0          0          0          0          0   _printf_c.o
        44          0          0          0          0        108   _printf_char.o
        48          6          0          0          0         96   _printf_char_common.o
         6          0          0          0          0          0   _printf_d.o
       120         18          0          0          0         92   _printf_dec.o
         6          0          0          0          0          0   _printf_f.o
      1056          0          0          0          0        216   _printf_fp_dec.o
       128         16          0          0          0         84   _printf_fp_infnan.o
       184          0          0          0          0         88   _printf_intcommon.o
        82          0          0          0          0        108   _printf_pad.o
         0          0          0          0          0          0   _printf_percent.o
         4          0          0          0          0          0   _printf_percent_end.o
         6          0          0          0          0          0   _printf_s.o
        82          0          0          0          0         80   _printf_str.o
        22          0          0          0          0        100   _rserrno.o
        64          0          0          0          0         84   _sgetc.o
        16          0          0          0          0         68   _snputc.o
        10          0          0          0          0         68   _sputc.o
       158          0          0          0          0         92   _strtoul.o
        16          0          0          0          0         68   aeabi_memset.o
       228          6        148          0          0         96   bigflt0.o
      2074        132          0          0          0        940   btod.o
        12          0          0          0          0         72   exit.o
         6          0          0          0          0        152   heapauxi.o
         0          0          0          0          0          0   indicate_semi.o
        18          0          0          0          0         76   isspace.o
        44         10        272          0          0         76   lc_ctype_c.o
        44         10         28          0          0         76   lc_numeric_c.o
         2          0          0          0          0          0   libinit.o
        30          0          0          0          0          0   libinit2.o
         2          0          0          0          0          0   libshutdown.o
         2          0          0          0          0          0   libshutdown2.o
         8          4          0          0         96         68   libspace.o
        38          0          0          0          0         68   llshl.o
       138          0          0          0          0         80   lludiv10.o
        52          4          0          0          0         84   noretval__2snprintf.o
        40          6          0          0          0         84   noretval__2sprintf.o
        16          4          0          0          0         76   rt_ctype_table.o
         8          4          0          0          0         68   rt_errno_addr_intlibspace.o
         8          4          0          0          0         68   rt_locale_intlibspace.o
        68          0          0          0          0         68   rt_memclr.o
        78          0          0          0          0         80   rt_memclr_w.o
       138          0          0          0          0         68   rt_memcpy_v6.o
       100          0          0          0          0         80   rt_memcpy_w.o
         0          0          0          0          0          0   rtentry.o
        12          0          0          0          0          0   rtentry2.o
         6          0          0          0          0          0   rtentry4.o
         2          0          0          0          0          0   rtexit.o
        10          0          0          0          0          0   rtexit2.o
      1188         12          0          0          0        148   scanf_fp.o
       788         12          0          0          0        100   scanf_hexfp.o
       316         18          0          0          0        100   scanf_infnan.o
       128          0          0          0          0         68   strcmpv7m.o
        62          0          0          0          0         76   strlen.o
        86          0          0          0          0         76   strncpy.o
       160         12          0          0          0        120   strtod.o
       112          0          0          0          0         88   strtol.o
       114          0          0          0          0         92   strtoul.o
        12          4          0          0          0         68   sys_exit.o
        74          0          0          0          0         80   sys_stackheap_outer.o
         2          0          0          0          0         68   use_no_semi.o
        98          4          0          0          0         92   d2f.o
       804         16          0          0          0        272   daddsub_clz.o
        16          4          0          0          0         68   dcheck1.o
        24          0          0          0          0         68   dcmpi.o
       120          4          0          0          0         92   deqf.o
        94          4          0          0          0         92   dfix.o
        38          0          0          0          0         68   dflt_clz.o
       120          4          0          0          0         92   dleqf.o
       340         12          0          0          0        104   dmul.o
       156          4          0          0          0         92   dnaninf.o
        12          0          0          0          0         68   dretinf.o
       108          0          0          0          0         80   drleqf.o
        86          4          0          0          0         84   f2d.o
       388         76          0          0          0         96   fdiv.o
        38          0          0          0          0         68   fflt_clz.o
       140          4          0          0          0         84   fnaninf.o
         0          0          8          0          0          0   fpconst.o
        10          0          0          0          0         68   fretinf.o
         4          0          0          0          0         68   printf1.o
       100          0          0          0          0         68   retnan.o
        92          0          0          0          0         68   scalbn.o
         4          0          0          0          0         68   scanf1.o
         8          0          0          0          0         84   scanf2.o
        48          0          0          0          0         68   trapv.o
         0          0          0          0          0          0   usenofp.o
        16          6          0          0          0         68   dunder.o
        40          0          0          0          0         68   fpclassify.o
        88          8          0          0          0         76   frexp.o
       148          0          0          0          0        160   ldexp.o
       152          4          0          0          0        160   narrow.o
        34          0          0          0          0         84   strtof.o

    ----------------------------------------------------------------------
     12116        444        456          0        100       7736   Library Totals
        16          0          0          0          4          0   (incl. Padding)

    ----------------------------------------------------------------------

      Code (inc. data)   RO Data    RW Data    ZI Data      Debug   Library Name

      8774        290        448          0         96       5108   c_w.l
      2848        136          8          0          0       2012   fz_ws.l
       478         18          0          0          0        616   m_ws.l

    ----------------------------------------------------------------------
     12116        444        456          0        100       7736   Library Totals

    ----------------------------------------------------------------------

==============================================================================


      Code (inc. data)   RO Data    RW Data    ZI Data      Debug   

     66360       3548      15488       1724      27940     568734   Grand Totals
     66360       3548      15488        252      27940     568734   ELF Image Totals (compressed)
     66360       3548      15488        252          0          0   ROM Totals

==============================================================================

    Total RO  Size (Code + RO Data)                81848 (  79.93kB)
    Total RW  Size (RW Data + ZI Data)             29664 (  28.97kB)
    Total ROM Size (Code + RO Data + RW Data)      82100 (  80.18kB)

==============================================================================

