ARM Linker, 5.03 [Build 76] [MDK-ARM Standard]

==============================================================================

Section Cross References

    startup_mdr32f9x.o(STACK) refers (Special) to heapauxi.o(.text) for __use_two_region_memory
    startup_mdr32f9x.o(HEAP) refers (Special) to heapauxi.o(.text) for __use_two_region_memory
    startup_mdr32f9x.o(RESET) refers (Special) to heapauxi.o(.text) for __use_two_region_memory
    startup_mdr32f9x.o(RESET) refers to startup_mdr32f9x.o(STACK) for __initial_sp
    startup_mdr32f9x.o(RESET) refers to startup_mdr32f9x.o(.text) for Reset_Handler
    startup_mdr32f9x.o(RESET) refers to port.o(.emb_text) for SVC_Handler
    startup_mdr32f9x.o(RESET) refers to port.o(.text) for SysTick_Handler
    startup_mdr32f9x.o(RESET) refers to uart.o(.text) for DMA_IRQHandler
    startup_mdr32f9x.o(RESET) refers to systick.o(.text) for Timer2_IRQHandler
    startup_mdr32f9x.o(.text) refers (Special) to heapauxi.o(.text) for __use_two_region_memory
    startup_mdr32f9x.o(.text) refers to systemfunc.o(.text) for hard_fault_handler_c
    startup_mdr32f9x.o(.text) refers to system_mdr32f9qx.o(.text) for SystemInit
    startup_mdr32f9x.o(.text) refers to __main.o(!!!main) for __main
    startup_mdr32f9x.o(.text) refers to startup_mdr32f9x.o(HEAP) for Heap_Mem
    startup_mdr32f9x.o(.text) refers to startup_mdr32f9x.o(STACK) for Stack_Mem
    system_mdr32f9qx.o(.text) refers to system_mdr32f9qx.o(.data) for .data
    mdr32f9qx_uart.o(.text) refers to mdr32f9qx_rst_clk.o(.text) for RST_CLK_GetClocksFreq
    mdr32f9qx_dma.o(.text) refers to mdr32f9qx_dma.o(.bss) for .bss
    main.o(.text) refers to i2c_eeprom.o(.text) for EEPROMReadBlock
    main.o(.text) refers to systemfunc.o(.text) for Setup_CPU_Clock
    main.o(.text) refers to dwt_delay.o(.text) for DWT_Init
    main.o(.text) refers to lcd_1202.o(.text) for LcdInit
    main.o(.text) refers to buttons.o(.text) for InitButtons
    main.o(.text) refers to tasks.o(.text) for xTaskGenericCreate
    main.o(.text) refers to systick.o(.data) for time_profile
    main.o(.text) refers to guitop.o(.text) for vTaskGUI
    main.o(.text) refers to converter.o(.data) for xTaskHandle_Converter
    main.o(.text) refers to converter.o(.text) for vTaskConverter
    main.o(.text) refers to service.o(.text) for vTaskService
    main.o(.text) refers to dispatcher.o(.text) for vTaskDispatcher
    main.o(.text) refers to adc.o(.text) for vTaskADC
    main.o(.text) refers to uart.o(.text) for vTaskUARTReceiver
    main.o(.text) refers to sound_driver.o(.text) for vTaskSound
    adc.o(.text) refers to queue.o(.text) for xQueueGenericCreate
    adc.o(.text) refers to mdr32f9qx_adc.o(.text) for ADC1_SetChannel
    adc.o(.text) refers to adc.o(.data) for .data
    adc.o(.text) refers to converter.o(.bss) for converter_state
    adc.o(.text) refers to guitop.o(.data) for xQueueGUI
    buttons.o(.text) refers to dwt_delay.o(.text) for DWT_StartDelayUs
    buttons.o(.text) refers to buttons.o(.data) for .data
    buttons.o(.text) refers to buttons.o(.bss) for .bss
    control.o(.text) refers to mdr32f9qx_port.o(.text) for PORT_ResetBits
    converter.o(.text) refers to queue.o(.text) for xQueueGenericSend
    converter.o(.text) refers to converter_hw.o(.text) for Converter_TurnOff
    converter.o(.text) refers to control.o(.text) for SetFeedbackChannel
    converter.o(.text) refers to tasks.o(.text) for vTaskSuspend
    converter.o(.text) refers to converter.o(.bss) for .bss
    converter.o(.text) refers to sound_driver.o(.data) for xQueueSound
    converter.o(.text) refers to converter.o(.data) for .data
    converter.o(.text) refers to guitop.o(.data) for xQueueGUI
    converter.o(.text) refers to adc.o(.data) for xQueueADC
    converter_hw.o(.text) refers to systemfunc.o(.text) for SetVoltagePWMPeriod
    converter_hw.o(.text) refers to control.o(.text) for SetFeedbackChannel
    converter_hw.o(.text) refers to queue.o(.text) for xQueueGenericSendFromISR
    converter_hw.o(.text) refers to led.o(.text) for UpdateLEDs
    converter_hw.o(.text) refers to converter_hw.o(.data) for .data
    converter_hw.o(.text) refers to converter.o(.bss) for converter_state
    converter_hw.o(.text) refers to sound_driver.o(.constdata) for sound_instant_overload_msg
    converter_hw.o(.text) refers to sound_driver.o(.data) for xQueueSound
    converter_hw.o(.text) refers to converter.o(.constdata) for converter_overload_msg
    converter_hw.o(.text) refers to converter.o(.data) for xQueueConverter
    dispatcher.o(.text) refers to queue.o(.text) for xQueueGenericCreate
    dispatcher.o(.text) refers to tasks.o(.text) for vTaskDelay
    dispatcher.o(.text) refers to buttons.o(.text) for ProcessButtons
    dispatcher.o(.text) refers to converter.o(.text) for Converter_Init
    dispatcher.o(.text) refers to encoder.o(.text) for UpdateEncoderDelta
[...]
    TIMER_ChnCapturePrescalerConfig          0x08000883   Thumb Code    18  mdr32f9qx_timer.o(.text)
    TIMER_ChnEventSourceConfig               0x08000895   Thumb Code    16  mdr32f9qx_timer.o(.text)
    TIMER_ChnFilterConfig                    0x080008a5   Thumb Code    16  mdr32f9qx_timer.o(.text)
    TIMER_GetChnWriteComplete                0x080008b5   Thumb Code    20  mdr32f9qx_timer.o(.text)
    TIMER_ChnCCR1_EventSourceConfig          0x080008c9   Thumb Code    16  mdr32f9qx_timer.o(.text)
    TIMER_ChnCCR1_Cmd                        0x080008d9   Thumb Code    26  mdr32f9qx_timer.o(.text)
    TIMER_ChnOutInit                         0x080008f3   Thumb Code    58  mdr32f9qx_timer.o(.text)
    TIMER_ChnOutStructInit                   0x0800092d   Thumb Code    22  mdr32f9qx_timer.o(.text)
    TIMER_ChnOutConfig                       0x08000943   Thumb Code    28  mdr32f9qx_timer.o(.text)
    TIMER_ChnOutSourceConfig                 0x0800095f   Thumb Code    18  mdr32f9qx_timer.o(.text)
    TIMER_ChnOutModeConfig                   0x08000971   Thumb Code    16  mdr32f9qx_timer.o(.text)
    TIMER_ChnOutPolarityConfig               0x08000981   Thumb Code    18  mdr32f9qx_timer.o(.text)
    TIMER_ChnNOutConfig                      0x08000993   Thumb Code    30  mdr32f9qx_timer.o(.text)
    TIMER_ChnNOutSourceConfig                0x080009b1   Thumb Code    18  mdr32f9qx_timer.o(.text)
    TIMER_ChnNOutModeConfig                  0x080009c3   Thumb Code    18  mdr32f9qx_timer.o(.text)
    TIMER_ChnNOutPolarityConfig              0x080009d5   Thumb Code    18  mdr32f9qx_timer.o(.text)
    TIMER_ChnOutDTGConfig                    0x080009e7   Thumb Code    18  mdr32f9qx_timer.o(.text)
    TIMER_GetStatus                          0x080009f9   Thumb Code     4  mdr32f9qx_timer.o(.text)
    TIMER_GetFlagStatus                      0x080009fd   Thumb Code    14  mdr32f9qx_timer.o(.text)
    TIMER_ClearFlag                          0x08000a0b   Thumb Code     8  mdr32f9qx_timer.o(.text)
    TIMER_DMACmd                             0x08000a13   Thumb Code    16  mdr32f9qx_timer.o(.text)
    TIMER_ITConfig                           0x08000a23   Thumb Code    16  mdr32f9qx_timer.o(.text)
    TIMER_GetITStatus                        0x08000a33   Thumb Code    20  mdr32f9qx_timer.o(.text)
    TIMER_BRGInit                            0x08000a47   Thumb Code    66  mdr32f9qx_timer.o(.text)
    I2C_DeInit                               0x08000a99   Thumb Code    18  mdr32f9qx_i2c.o(.text)
    I2C_Init                                 0x08000aab   Thumb Code    34  mdr32f9qx_i2c.o(.text)
    I2C_StructInit                           0x08000acd   Thumb Code    10  mdr32f9qx_i2c.o(.text)
    I2C_Cmd                                  0x08000ad7   Thumb Code    22  mdr32f9qx_i2c.o(.text)
    I2C_ITConfig                             0x08000aed   Thumb Code    22  mdr32f9qx_i2c.o(.text)
    I2C_GetITStatus                          0x08000b03   Thumb Code    16  mdr32f9qx_i2c.o(.text)
    I2C_ClearITPendingBit                    0x08000b13   Thumb Code    12  mdr32f9qx_i2c.o(.text)
    I2C_Send7bitAddress                      0x08000b1f   Thumb Code    16  mdr32f9qx_i2c.o(.text)
    I2C_SendByte                             0x08000b2f   Thumb Code    10  mdr32f9qx_i2c.o(.text)
    I2C_SendSTOP                             0x08000b39   Thumb Code     8  mdr32f9qx_i2c.o(.text)
    I2C_StartReceiveData                     0x08000b41   Thumb Code    10  mdr32f9qx_i2c.o(.text)
    I2C_GetReceivedData                      0x08000b4b   Thumb Code     8  mdr32f9qx_i2c.o(.text)
    I2C_GetLastEvent                         0x08000b53   Thumb Code    18  mdr32f9qx_i2c.o(.text)
    I2C_CheckEvent                           0x08000b65   Thumb Code    20  mdr32f9qx_i2c.o(.text)
    I2C_GetFlagStatus                        0x08000b79   Thumb Code    20  mdr32f9qx_i2c.o(.text)
    ADC_DeInit                               0x08000b91   Thumb Code    30  mdr32f9qx_adc.o(.text)
    ADC_Init                                 0x08000baf   Thumb Code    44  mdr32f9qx_adc.o(.text)
    ADC_StructInit                           0x08000bdb   Thumb Code    18  mdr32f9qx_adc.o(.text)
    ADC_SetTrim                              0x08000bed   Thumb Code    16  mdr32f9qx_adc.o(.text)
    ADC1_Init                                0x08000bfd   Thumb Code    80  mdr32f9qx_adc.o(.text)
    ADC2_Init                                0x08000c4d   Thumb Code    70  mdr32f9qx_adc.o(.text)
    ADCx_StructInit                          0x08000c93   Thumb Code    28  mdr32f9qx_adc.o(.text)
    ADC1_Cmd                                 0x08000caf   Thumb Code    22  mdr32f9qx_adc.o(.text)
    ADC2_Cmd                                 0x08000cc5   Thumb Code    22  mdr32f9qx_adc.o(.text)
    ADC1_SetChannel                          0x08000cdb   Thumb Code    16  mdr32f9qx_adc.o(.text)
    ADC2_SetChannel                          0x08000ceb   Thumb Code    16  mdr32f9qx_adc.o(.text)
    ADC1_SetChannels                         0x08000cfb   Thumb Code     6  mdr32f9qx_adc.o(.text)
    ADC2_SetChannels                         0x08000d01   Thumb Code     6  mdr32f9qx_adc.o(.text)
    ADC1_OperationModeConfig                 0x08000d07   Thumb Code    16  mdr32f9qx_adc.o(.text)
    ADC2_OperationModeConfig                 0x08000d17   Thumb Code    16  mdr32f9qx_adc.o(.text)
    ADC1_SamplingModeConfig                  0x08000d27   Thumb Code    14  mdr32f9qx_adc.o(.text)
    ADC2_SamplingModeConfig                  0x08000d35   Thumb Code    14  mdr32f9qx_adc.o(.text)
    ADC1_ChannelSwithingConfig               0x08000d43   Thumb Code    14  mdr32f9qx_adc.o(.text)
    ADC2_ChannelSwithingConfig               0x08000d51   Thumb Code    14  mdr32f9qx_adc.o(.text)
    ADC1_LevelsConfig                        0x08000d5f   Thumb Code    20  mdr32f9qx_adc.o(.text)
    ADC2_LevelsConfig                        0x08000d73   Thumb Code    20  mdr32f9qx_adc.o(.text)
    ADC1_SetLowLevel                         0x08000d87   Thumb Code     6  mdr32f9qx_adc.o(.text)
    ADC2_SetLowLevel                         0x08000d8d   Thumb Code     6  mdr32f9qx_adc.o(.text)
    ADC1_SetHighLevel                        0x08000d93   Thumb Code     6  mdr32f9qx_adc.o(.text)
    ADC2_SetHighLevel                        0x08000d99   Thumb Code     6  mdr32f9qx_adc.o(.text)
    ADC1_Start                               0x08000d9f   Thumb Code    12  mdr32f9qx_adc.o(.text)
    ADC2_Start                               0x08000dab   Thumb Code    12  mdr32f9qx_adc.o(.text)
    ADC1_GetResult                           0x08000db7   Thumb Code     6  mdr32f9qx_adc.o(.text)
    ADC2_GetResult                           0x08000dbd   Thumb Code     6  mdr32f9qx_adc.o(.text)
    ADC_GetStatus                            0x08000dc3   Thumb Code    12  mdr32f9qx_adc.o(.text)
    ADC1_GetStatus                           0x08000dcf   Thumb Code     6  mdr32f9qx_adc.o(.text)
    ADC2_GetStatus                           0x08000dd5   Thumb Code     6  mdr32f9qx_adc.o(.text)
    ADC_GetFlagStatus                        0x08000ddb   Thumb Code    20  mdr32f9qx_adc.o(.text)
    ADC1_GetFlagStatus                       0x08000def   Thumb Code    16  mdr32f9qx_adc.o(.text)
    ADC2_GetFlagStatus                       0x08000dff   Thumb Code    16  mdr32f9qx_adc.o(.text)
    ADC1_ClearOverwriteFlag                  0x08000e0f   Thumb Code    12  mdr32f9qx_adc.o(.text)
    ADC2_ClearOverwriteFlag                  0x08000e1b   Thumb Code    12  mdr32f9qx_adc.o(.text)
    ADC1_ClearOutOfRangeFlag                 0x08000e27   Thumb Code    12  mdr32f9qx_adc.o(.text)
    ADC2_ClearOutOfRangeFlag                 0x08000e33   Thumb Code    12  mdr32f9qx_adc.o(.text)
    ADC_ITConfig                             0x08000e3f   Thumb Code    42  mdr32f9qx_adc.o(.text)
    ADC1_ITConfig                            0x08000e69   Thumb Code    22  mdr32f9qx_adc.o(.text)
    ADC2_ITConfig                            0x08000e7f   Thumb Code    22  mdr32f9qx_adc.o(.text)
    ADC_GetITStatus                          0x08000e95   Thumb Code    24  mdr32f9qx_adc.o(.text)
    ADC1_GetITStatus                         0x08000ead   Thumb Code    22  mdr32f9qx_adc.o(.text)
    ADC2_GetITStatus                         0x08000ec3   Thumb Code    22  mdr32f9qx_adc.o(.text)
    UART_DeInit                              0x08000ee5   Thumb Code    34  mdr32f9qx_uart.o(.text)
    UART_Init                                0x08000f07   Thumb Code   140  mdr32f9qx_uart.o(.text)
    UART_StructInit                          0x08000f93   Thumb Code    24  mdr32f9qx_uart.o(.text)
    UART_Cmd                                 0x08000fab   Thumb Code    26  mdr32f9qx_uart.o(.text)
    UART_ITConfig                            0x08000fc5   Thumb Code    20  mdr32f9qx_uart.o(.text)
    UART_GetITStatus                         0x08000fd9   Thumb Code    14  mdr32f9qx_uart.o(.text)
    UART_GetITStatusMasked                   0x08000fe7   Thumb Code    14  mdr32f9qx_uart.o(.text)
    UART_ClearITPendingBit                   0x08000ff5   Thumb Code     8  mdr32f9qx_uart.o(.text)
    UART_DMAConfig                           0x08000ffd   Thumb Code     8  mdr32f9qx_uart.o(.text)
    UART_DMACmd                              0x08001005   Thumb Code    24  mdr32f9qx_uart.o(.text)
    UART_SendData                            0x0800101d   Thumb Code     8  mdr32f9qx_uart.o(.text)
    UART_ReceiveData                         0x08001025   Thumb Code     6  mdr32f9qx_uart.o(.text)
    UART_BreakLine                           0x0800102b   Thumb Code    26  mdr32f9qx_uart.o(.text)
    UART_IrDAConfig                          0x08001045   Thumb Code    40  mdr32f9qx_uart.o(.text)
    UART_IrDACmd                             0x0800106d   Thumb Code    26  mdr32f9qx_uart.o(.text)
    UART_GetFlagStatus                       0x08001087   Thumb Code    14  mdr32f9qx_uart.o(.text)
    UART_BRGInit                             0x08001095   Thumb Code    46  mdr32f9qx_uart.o(.text)
    DMA_CtrlDataInit                         0x080010d1   Thumb Code   108  mdr32f9qx_dma.o(.text)
    DMA_DeInit                               0x0800113d   Thumb Code    28  mdr32f9qx_dma.o(.text)
    DMA_CtrlInit                             0x08001159   Thumb Code    26  mdr32f9qx_dma.o(.text)
    DMA_SG_CtrlInit                          0x08001173   Thumb Code     8  mdr32f9qx_dma.o(.text)
    DMA_SG_Init                              0x0800117b   Thumb Code   118  mdr32f9qx_dma.o(.text)
    DMA_Init                                 0x080011f1   Thumb Code    88  mdr32f9qx_dma.o(.text)
    DMA_StructInit                           0x08001249   Thumb Code    16  mdr32f9qx_dma.o(.text)
    DMA_SG_StructInit                        0x08001259   Thumb Code    18  mdr32f9qx_dma.o(.text)
    DMA_Cmd                                  0x0800126b   Thumb Code    18  mdr32f9qx_dma.o(.text)
    DMA_Request                              0x0800127d   Thumb Code    10  mdr32f9qx_dma.o(.text)
    DMA_ClearError                           0x08001287   Thumb Code     8  mdr32f9qx_dma.o(.text)
    DMA_GetCurrTransferCounter               0x0800128f   Thumb Code    30  mdr32f9qx_dma.o(.text)
    DMA_GetFlagStatus                        0x080012ad   Thumb Code    84  mdr32f9qx_dma.o(.text)
    RST_CLK_PCLKcmd                          0x08001309   Thumb Code    22  mdr32f9qx_rst_clk.o(.text)
    RST_CLK_CPUclkSelection                  0x0800131f   Thumb Code    14  mdr32f9qx_rst_clk.o(.text)
    RST_CLK_GetFlagStatus                    0x0800132d   Thumb Code    38  mdr32f9qx_rst_clk.o(.text)
    RST_CLK_HSIstatus                        0x08001353   Thumb Code    48  mdr32f9qx_rst_clk.o(.text)
    RST_CLK_HSIcmd                           0x08001383   Thumb Code     6  mdr32f9qx_rst_clk.o(.text)
    RST_CLK_WarmDeInit                       0x08001389   Thumb Code    52  mdr32f9qx_rst_clk.o(.text)
    RST_CLK_DeInit                           0x080013bd   Thumb Code    34  mdr32f9qx_rst_clk.o(.text)
    RST_CLK_HSEconfig                        0x080013df   Thumb Code    38  mdr32f9qx_rst_clk.o(.text)
    RST_CLK_HSEstatus                        0x08001405   Thumb Code    48  mdr32f9qx_rst_clk.o(.text)
    RST_CLK_LSEconfig                        0x08001435   Thumb Code    38  mdr32f9qx_rst_clk.o(.text)
    RST_CLK_LSEstatus                        0x0800145b   Thumb Code    48  mdr32f9qx_rst_clk.o(.text)
    RST_CLK_HSIadjust                        0x0800148b   Thumb Code    16  mdr32f9qx_rst_clk.o(.text)
    RST_CLK_LSIcmd                           0x0800149b   Thumb Code     8  mdr32f9qx_rst_clk.o(.text)
    RST_CLK_LSIadjust                        0x080014a3   Thumb Code    16  mdr32f9qx_rst_clk.o(.text)
    RST_CLK_LSIstatus                        0x080014b3   Thumb Code    48  mdr32f9qx_rst_clk.o(.text)
    RST_CLK_CPU_PLLconfig                    0x080014e3   Thumb Code    46  mdr32f9qx_rst_clk.o(.text)
    RST_CLK_CPU_PLLuse                       0x08001511   Thumb Code     6  mdr32f9qx_rst_clk.o(.text)
    RST_CLK_CPU_PLLcmd                       0x08001517   Thumb Code     6  mdr32f9qx_rst_clk.o(.text)
    RST_CLK_CPU_PLLstatus                    0x0800151d   Thumb Code    48  mdr32f9qx_rst_clk.o(.text)
    RST_CLK_CPUclkPrescaler                  0x0800154d   Thumb Code    16  mdr32f9qx_rst_clk.o(.text)
    RST_CLK_USB_PLLconfig                    0x0800155d   Thumb Code    46  mdr32f9qx_rst_clk.o(.text)
    RST_CLK_USB_PLLuse                       0x0800158b   Thumb Code     6  mdr32f9qx_rst_clk.o(.text)
    RST_CLK_USB_PLLcmd                       0x08001591   Thumb Code     6  mdr32f9qx_rst_clk.o(.text)
    RST_CLK_USB_PLLstatus                    0x08001597   Thumb Code    48  mdr32f9qx_rst_clk.o(.text)
    RST_CLK_USBclkPrescaler                  0x080015c7   Thumb Code     6  mdr32f9qx_rst_clk.o(.text)
    RST_CLK_USBclkEnable                     0x080015cd   Thumb Code     6  mdr32f9qx_rst_clk.o(.text)
    RST_CLK_ADCclkSelection                  0x080015d3   Thumb Code    14  mdr32f9qx_rst_clk.o(.text)
    RST_CLK_ADCclkPrescaler                  0x080015e1   Thumb Code    16  mdr32f9qx_rst_clk.o(.text)
    RST_CLK_ADCclkEnable                     0x080015f1   Thumb Code     6  mdr32f9qx_rst_clk.o(.text)
    RST_CLK_HSIclkPrescaler                  0x080015f7   Thumb Code    16  mdr32f9qx_rst_clk.o(.text)
    RST_CLK_RTC_HSIclkEnable                 0x08001607   Thumb Code     6  mdr32f9qx_rst_clk.o(.text)
    RST_CLK_HSEclkPrescaler                  0x0800160d   Thumb Code    14  mdr32f9qx_rst_clk.o(.text)
    RST_CLK_RTC_HSEclkEnable                 0x0800161b   Thumb Code     6  mdr32f9qx_rst_clk.o(.text)
    RST_CLK_GetClocksFreq                    0x08001621   Thumb Code   404  mdr32f9qx_rst_clk.o(.text)
    EEPROM_test                              0x080017b5   Thumb Code    38  main.o(.text)
    main                                     0x080017db   Thumb Code   256  main.o(.text)
    vTaskADC                                 0x08001965   Thumb Code   178  adc.o(.text)
    Converter_HW_ADCProcess                  0x08001a17   Thumb Code   220  adc.o(.text)
    InitButtons                              0x08001b8b   Thumb Code    22  buttons.o(.text)
    ProcessButtons                           0x08001ba1   Thumb Code   142  buttons.o(.text)
    GetOverloadStatus                        0x08001c41   Thumb Code    12  control.o(.text)
    GetACLineStatus                          0x08001c4d   Thumb Code    12  control.o(.text)
    SetConverterState                        0x08001c59   Thumb Code    22  control.o(.text)
    GetConverterState                        0x08001c6f   Thumb Code    10  control.o(.text)
    SetFeedbackChannel                       0x08001c79   Thumb Code    22  control.o(.text)
    SetCurrentRange                          0x08001c8f   Thumb Code    22  control.o(.text)
    SetOutputLoad                            0x08001ca5   Thumb Code    22  control.o(.text)
    Converter_Init                           0x08001f79   Thumb Code   420  converter.o(.text)
    vTaskConverter                           0x0800211d   Thumb Code  1162  converter.o(.text)
    SetVoltageDAC                            0x080025b5   Thumb Code    10  converter_hw.o(.text)
    SetCurrentDAC                            0x080025bf   Thumb Code    16  converter_hw.o(.text)
    Converter_IsReady                        0x080025cf   Thumb Code    10  converter_hw.o(.text)
    Converter_SetFeedBackChannel             0x080025d9   Thumb Code    46  converter_hw.o(.text)
    Converter_SetCurrentRange                0x08002607   Thumb Code    42  converter_hw.o(.text)
    Converter_TurnOn                         0x08002631   Thumb Code    46  converter_hw.o(.text)
    Converter_TurnOff                        0x0800265f   Thumb Code    28  converter_hw.o(.text)
    Converter_ClearOverloadFlag              0x0800267b   Thumb Code    26  converter_hw.o(.text)
    Converter_HWProcess                      0x08002695   Thumb Code   398  converter_hw.o(.text)
    vTaskDispatcher                          0x0800283d   Thumb Code   628  dispatcher.o(.text)
    DWT_Init                                 0x08002acd   Thumb Code    32  dwt_delay.o(.text)
    DWT_Get                                  0x08002aed   Thumb Code     6  dwt_delay.o(.text)
    DWT_GetDelta                             0x08002af3   Thumb Code     4  dwt_delay.o(.text)
    DWT_GetDeltaForNow                       0x08002af7   Thumb Code     8  dwt_delay.o(.text)
    DWT_StartDelayUs                         0x08002aff   Thumb Code    10  dwt_delay.o(.text)
    DWT_DelayInProgress                      0x08002b09   Thumb Code    10  dwt_delay.o(.text)
    ProcessEncoder                           0x08002b1d   Thumb Code    86  encoder.o(.text)
    UpdateEncoderDelta                       0x08002b73   Thumb Code    22  encoder.o(.text)
    updateGuiVoltageLimit                    0x08002bdb   Thumb Code    38  guitop.o(.text)
    updateGuiCurrentLimit                    0x08002c2b   Thumb Code    52  guitop.o(.text)
    updateGuiOverloadSetting                 0x08002cbb   Thumb Code    26  guitop.o(.text)
    vTaskGUI                                 0x08002cd5   Thumb Code   374  guitop.o(.text)
    applyGuiVoltageSetting                   0x08002e4b   Thumb Code    32  guitop.o(.text)
    applyGuiVoltageLimit                     0x08002e6b   Thumb Code    32  guitop.o(.text)
    applyGuiCurrentSetting                   0x08002e8b   Thumb Code    36  guitop.o(.text)
    applyGuiCurrentLimit                     0x08002eaf   Thumb Code    36  guitop.o(.text)
    applyGuiCurrentRange                     0x08002ed3   Thumb Code    32  guitop.o(.text)
    applyGuiOverloadSetting                  0x08002ef3   Thumb Code    30  guitop.o(.text)
    EEPROMReadBlock                          0x08002f39   Thumb Code   194  i2c_eeprom.o(.text)
    EEPROMWriteBlock                         0x08002ffb   Thumb Code   164  i2c_eeprom.o(.text)
    EEPROMReady                              0x0800309f   Thumb Code    62  i2c_eeprom.o(.text)
    LcdWrite                                 0x080030dd   Thumb Code    38  lcd_1202.o(.text)
    LcdDelayUs                               0x08003103   Thumb Code    20  lcd_1202.o(.text)
    LcdSelect                                0x08003117   Thumb Code    34  lcd_1202.o(.text)
    LcdSingleInit                            0x08003139   Thumb Code   186  lcd_1202.o(.text)
    LcdInit                                  0x080031f3   Thumb Code    84  lcd_1202.o(.text)
    LcdUpdateByCore                          0x08003247   Thumb Code    72  lcd_1202.o(.text)
    LcdUpdateBothByCore                      0x0800328f   Thumb Code   196  lcd_1202.o(.text)
    UpdateLEDs                               0x0800335d   Thumb Code    56  led.o(.text)
    vTaskService                             0x08003399   Thumb Code   128  service.o(.text)
    vTaskSound                               0x0800346f   Thumb Code   234  sound_driver.o(.text)
    my_DMA_GlobalInit                        0x08003561   Thumb Code    12  systemfunc.o(.text)
    my_DMA_ChannelInit                       0x0800356d   Thumb Code    86  systemfunc.o(.text)
    Setup_CPU_Clock                          0x080035c3   Thumb Code   104  systemfunc.o(.text)
    HW_NVIC_init                             0x0800362b   Thumb Code   132  systemfunc.o(.text)
    HW_NVIC_check                            0x080036af   Thumb Code    52  systemfunc.o(.text)
    HW_PortInit                              0x080036e3   Thumb Code   526  systemfunc.o(.text)
    HW_UARTInit                              0x080038f1   Thumb Code   224  systemfunc.o(.text)
    HW_DMAInit                               0x080039d1   Thumb Code    70  systemfunc.o(.text)
    HW_SSPInit                               0x08003a17   Thumb Code    76  systemfunc.o(.text)
    HW_I2CInit                               0x08003a63   Thumb Code    26  systemfunc.o(.text)
    HW_ADCInit                               0x08003a7d   Thumb Code   138  systemfunc.o(.text)
    HW_TimersInit                            0x08003b07   Thumb Code   476  systemfunc.o(.text)
    SetVoltagePWMPeriod                      0x08003ce3   Thumb Code     6  systemfunc.o(.text)
    SetCurrentPWMPeriod                      0x08003ce9   Thumb Code     6  systemfunc.o(.text)
    SetCoolerSpeed                           0x08003cef   Thumb Code     6  systemfunc.o(.text)
    LcdSetBacklight                          0x08003cf5   Thumb Code    12  systemfunc.o(.text)
    ProcessPowerOff                          0x08003d01   Thumb Code   260  systemfunc.o(.text)
    hard_fault_handler_c                     0x08003e05   Thumb Code    36  systemfunc.o(.text)
    vApplicationTickHook                     0x08003e65   Thumb Code   156  systick.o(.text)
    Timer2_IRQHandler                        0x08003f01   Thumb Code   100  systick.o(.text)
    UART_Get_from_RX_buffer                  0x08003fa7   Thumb Code    52  uart.o(.text)
    parseKeyCode                             0x08004095   Thumb Code    78  uart.o(.text)
    parseKeyType                             0x080040e3   Thumb Code    92  uart.o(.text)
    vTaskUARTReceiver                        0x0800417d   Thumb Code  1076  uart.o(.text)
    vTaskUARTTransmitter                     0x080045b1   Thumb Code   220  uart.o(.text)
    DMA_IRQHandler                           0x0800468d   Thumb Code    88  uart.o(.text)
    pxPortInitialiseStack                    0x08004707   Thumb Code    22  port.o(.text)
    vPortSetupTimerInterrupt                 0x0800471d   Thumb Code    16  port.o(.text)
    xPortStartScheduler                      0x0800472d   Thumb Code    38  port.o(.text)
    vPortEndScheduler                        0x08004753   Thumb Code     2  port.o(.text)
    vPortYield                               0x08004755   Thumb Code    20  port.o(.text)
    vPortEnterCritical                       0x08004769   Thumb Code    24  port.o(.text)
    vPortExitCritical                        0x08004781   Thumb Code    18  port.o(.text)
    SysTick_Handler                          0x08004793   Thumb Code    32  port.o(.text)
    vListInitialise                          0x080047c1   Thumb Code    22  list.o(.text)
    vListInitialiseItem                      0x080047d7   Thumb Code     6  list.o(.text)
    vListInsertEnd                           0x080047dd   Thumb Code    24  list.o(.text)
    vListInsert                              0x080047f5   Thumb Code    48  list.o(.text)
    uxListRemove                             0x08004825   Thumb Code    36  list.o(.text)
    xQueueGenericReset                       0x08004849   Thumb Code    98  queue.o(.text)
    xQueueGenericCreate                      0x080048ab   Thumb Code    66  queue.o(.text)
    xQueueGenericSend                        0x080049c9   Thumb Code   202  queue.o(.text)
    xQueueGenericSendFromISR                 0x08004a93   Thumb Code    96  queue.o(.text)
    xQueueGenericReceive                     0x08004b35   Thumb Code   224  queue.o(.text)
    xQueueReceiveFromISR                     0x08004c15   Thumb Code    90  queue.o(.text)
    xQueuePeekFromISR                        0x08004c6f   Thumb Code    46  queue.o(.text)
    uxQueueMessagesWaiting                   0x08004c9d   Thumb Code    18  queue.o(.text)
    uxQueueSpacesAvailable                   0x08004caf   Thumb Code    22  queue.o(.text)
    uxQueueMessagesWaitingFromISR            0x08004cc5   Thumb Code     4  queue.o(.text)
    vQueueDelete                             0x08004cc9   Thumb Code    20  queue.o(.text)
    xQueueIsQueueEmptyFromISR                0x08004cdd   Thumb Code    14  queue.o(.text)
    xQueueIsQueueFullFromISR                 0x08004ceb   Thumb Code    16  queue.o(.text)
    xTaskGenericCreate                       0x08004dc5   Thumb Code   198  tasks.o(.text)
    vTaskDelete                              0x08004e8b   Thumb Code    80  tasks.o(.text)
    xTaskIncrementTick                       0x08004edb   Thumb Code   208  tasks.o(.text)
    xTaskResumeAll                           0x08004fab   Thumb Code   152  tasks.o(.text)
    vTaskSuspendAll                          0x08005075   Thumb Code    10  tasks.o(.text)
    vTaskDelayUntil                          0x0800507f   Thumb Code    82  tasks.o(.text)
    vTaskDelay                               0x080050d1   Thumb Code    62  tasks.o(.text)
    uxTaskPriorityGet                        0x0800510f   Thumb Code    24  tasks.o(.text)
    vTaskPrioritySet                         0x08005127   Thumb Code   132  tasks.o(.text)
    vTaskSwitchContext                       0x080051ab   Thumb Code    78  tasks.o(.text)
    vTaskSuspend                             0x080051f9   Thumb Code    88  tasks.o(.text)
    xTaskIsTaskSuspended                     0x08005251   Thumb Code    30  tasks.o(.text)
    vTaskResume                              0x0800526f   Thumb Code    86  tasks.o(.text)
    xTaskResumeFromISR                       0x080052c5   Thumb Code    98  tasks.o(.text)
    vTaskStartScheduler                      0x08005399   Thumb Code    50  tasks.o(.text)
    vTaskEndScheduler                        0x080053cb   Thumb Code    20  tasks.o(.text)
    xTaskGetTickCount                        0x080053df   Thumb Code    18  tasks.o(.text)
    xTaskGetTickCountFromISR                 0x080053f1   Thumb Code    18  tasks.o(.text)
    uxTaskGetNumberOfTasks                   0x08005403   Thumb Code     6  tasks.o(.text)
    vTaskPlaceOnEventList                    0x08005409   Thumb Code    52  tasks.o(.text)
    xTaskRemoveFromEventList                 0x0800543d   Thumb Code    88  tasks.o(.text)
    vTaskSetTimeOutState                     0x08005495   Thumb Code    12  tasks.o(.text)
    xTaskCheckForTimeOut                     0x080054a1   Thumb Code    74  tasks.o(.text)
    vTaskMissedYield                         0x080054eb   Thumb Code     8  tasks.o(.text)
    pvPortMalloc                             0x0800558b   Thumb Code   140  heap_4.o(.text)
    vPortFree                                0x08005617   Thumb Code    60  heap_4.o(.text)
    xPortGetFreeHeapSize                     0x08005653   Thumb Code     8  heap_4.o(.text)
    vPortInitialiseBlocks                    0x0800565b   Thumb Code     2  heap_4.o(.text)
    guiMainForm_Initialize                   0x080057d3   Thumb Code    72  guimainform.o(.text)
    showEditPanel1                           0x08005a3b   Thumb Code    64  guimasterpanel.o(.text)
    guiMasterPanel_Initialize                0x08005bad   Thumb Code   784  guimasterpanel.o(.text)
    hideEditPanel1                           0x08005ebd   Thumb Code    20  guimasterpanel.o(.text)
    setVoltageIndicator                      0x08005ed1   Thumb Code    54  guimasterpanel.o(.text)
    setVoltageSetting                        0x08005f07   Thumb Code    16  guimasterpanel.o(.text)
    setCurrentIndicator                      0x08005f17   Thumb Code    56  guimasterpanel.o(.text)
    setCurrentSetting                        0x08005f4f   Thumb Code    16  guimasterpanel.o(.text)
    setPowerIndicator                        0x08005f5f   Thumb Code    56  guimasterpanel.o(.text)
    setTemperatureIndicator                  0x08005f97   Thumb Code    40  guimasterpanel.o(.text)
    setFeedbackChannelIndicator              0x08005fbf   Thumb Code    50  guimasterpanel.o(.text)
    setCurrentRangeIndicator                 0x08005ff1   Thumb Code    50  guimasterpanel.o(.text)
    guiSetupPanel_Initialize                 0x080066fd   Thumb Code  1952  guisetuppanel.o(.text)
    setLowVoltageLimitSetting                0x08006e9d   Thumb Code    48  guisetuppanel.o(.text)
    setHighVoltageLimitSetting               0x08006ecd   Thumb Code    50  guisetuppanel.o(.text)
    setLowCurrentLimitSetting                0x08006eff   Thumb Code    64  guisetuppanel.o(.text)
    setHighCurrentLimitSetting               0x08006f3f   Thumb Code    64  guisetuppanel.o(.text)
    setOverloadSetting                       0x08006f7f   Thumb Code    44  guisetuppanel.o(.text)
    guiEditPanel1_Initialize                 0x08007043   Thumb Code   158  guieditpanel1.o(.text)
    guiCore_AddMessageToQueue                0x08007109   Thumb Code    70  guicore.o(.text)
    guiCore_GetMessageFromQueue              0x0800714f   Thumb Code    70  guicore.o(.text)
    guiCore_ProcessMessageQueue              0x08007195   Thumb Code    44  guicore.o(.text)
    guiCore_PostEventToFocused               0x080071c1   Thumb Code    18  guicore.o(.text)
    guiCore_TimerInit                        0x080071d3   Thumb Code    44  guicore.o(.text)
    guiCore_TimerStart                       0x080071ff   Thumb Code    24  guicore.o(.text)
    guiCore_TimerStop                        0x08007217   Thumb Code    24  guicore.o(.text)
    guiCore_TimerProcess                     0x0800722f   Thumb Code    82  guicore.o(.text)
    guiCore_Init                             0x08007281   Thumb Code    56  guicore.o(.text)
    guiCore_CheckWidgetOvelap                0x080072b9   Thumb Code    78  guicore.o(.text)
    guiCore_RedrawAll                        0x08007307   Thumb Code   300  guicore.o(.text)
    guiCore_ProcessTouchEvent                0x08007433   Thumb Code    56  guicore.o(.text)
    guiCore_ProcessKeyEvent                  0x0800746b   Thumb Code    32  guicore.o(.text)
    guiCore_ProcessEncoderEvent              0x0800748b   Thumb Code    34  guicore.o(.text)
    guiCore_ProcessTimers                    0x080074ad   Thumb Code    24  guicore.o(.text)
    guiCore_BroadcastEvent                   0x080074c5   Thumb Code   116  guicore.o(.text)
    guiCore_UpdateValidator                  0x08007539   Thumb Code    18  guicore.o(.text)
    guiCore_UpdateAll                        0x0800754b   Thumb Code    32  guicore.o(.text)
    guiCore_InvalidateRect                   0x0800756b   Thumb Code    68  guicore.o(.text)
    guiCore_ConvertToAbsoluteXY              0x080075af   Thumb Code    28  guicore.o(.text)
    guiCore_ConvertToRelativeXY              0x080075cb   Thumb Code    28  guicore.o(.text)
    guiCore_GetTouchedWidgetAtXY             0x080075e7   Thumb Code   110  guicore.o(.text)
    guiCore_AddWidgetToCollection            0x08007655   Thumb Code    52  guicore.o(.text)
    guiCore_RequestFocusChange               0x08007689   Thumb Code    20  guicore.o(.text)
    guiCore_GetWidgetIndex                   0x0800769d   Thumb Code    46  guicore.o(.text)
    guiCore_AcceptFocus                      0x080076cb   Thumb Code    48  guicore.o(.text)
    guiCore_RequestFocusNextWidget           0x080076fb   Thumb Code   124  guicore.o(.text)
    guiCore_CheckWidgetTabIndex              0x08007777   Thumb Code    90  guicore.o(.text)
    guiCore_CallEventHandler                 0x080077d1   Thumb Code    54  guicore.o(.text)
    guiCore_SetVisible                       0x08007807   Thumb Code   110  guicore.o(.text)
    guiCore_SetFocused                       0x08007875   Thumb Code    92  guicore.o(.text)
    guiCore_SetVisibleByTag                  0x080078d1   Thumb Code   146  guicore.o(.text)
    guiCore_DecodeWidgetTouchEvent           0x08007963   Thumb Code    56  guicore.o(.text)
    guiCore_DecodeContainerTouchEvent        0x0800799b   Thumb Code    48  guicore.o(.text)
    guiCheckbox_SetChecked                   0x080079cd   Thumb Code    92  guicheckbox.o(.text)
    guiCheckbox_ProcessKey                   0x08007a29   Thumb Code    30  guicheckbox.o(.text)
    checkBox_DefaultKeyTranslator            0x08007a47   Thumb Code    24  guicheckbox.o(.text)
    guiCheckBox_ProcessEvent                 0x08007a5f   Thumb Code   204  guicheckbox.o(.text)
    guiCheckBox_SetText                      0x08007b2b   Thumb Code    16  guicheckbox.o(.text)
    guiCheckBox_Initialize                   0x08007b3b   Thumb Code    64  guicheckbox.o(.text)
    guiPanel_ProcessKey                      0x08007b7d   Thumb Code   142  guipanel.o(.text)
    guiPanel_DefaultKeyTranslator            0x08007c0b   Thumb Code   102  guipanel.o(.text)
    guiPanel_ProcessEvent                    0x08007c71   Thumb Code   204  guipanel.o(.text)
    guiPanel_Initialize                      0x08007d3d   Thumb Code    66  guipanel.o(.text)
    guiSpinBox_SetActiveDigit                0x08007d81   Thumb Code    72  guispinbox.o(.text)
    guiSpinBox_SetValue                      0x08007dc9   Thumb Code   104  guispinbox.o(.text)
    guiSpinBox_SetActive                     0x08007e31   Thumb Code   140  guispinbox.o(.text)
    guiSpinBox_IncrementValue                0x08007ebd   Thumb Code    50  guispinbox.o(.text)
    guiSpinBox_ProcessKey                    0x08007eef   Thumb Code   100  guispinbox.o(.text)
    guiSpinBox_DefaultKeyTranslator          0x08007f53   Thumb Code    90  guispinbox.o(.text)
    guiSpinBox_ProcessEvent                  0x08007fad   Thumb Code   268  guispinbox.o(.text)
    guiSpinBox_Initialize                    0x080080b9   Thumb Code    70  guispinbox.o(.text)
    guiStringList_SelectItem                 0x0800811d   Thumb Code    52  guistringlist.o(.text)
    guiStringList_SetActive                  0x08008235   Thumb Code   136  guistringlist.o(.text)
    guiStringList_ProcessKey                 0x080082bd   Thumb Code    90  guistringlist.o(.text)
    guiStringList_DefaultKeyTranslator       0x08008317   Thumb Code   102  guistringlist.o(.text)
    guiStringList_ProcessEvent               0x0800837d   Thumb Code   226  guistringlist.o(.text)
    guiStringList_Initialize                 0x0800845f   Thumb Code    50  guistringlist.o(.text)
    guiTextLabel_ProcessEvent                0x08008491   Thumb Code   136  guitextlabel.o(.text)
    guiTextLabel_Initialize                  0x08008519   Thumb Code    50  guitextlabel.o(.text)
    LCD_SetPixelOutputMode                   0x0800854d   Thumb Code    50  guigraphhal.o(.text)
    LCD_SetLineStyle                         0x0800857f   Thumb Code    12  guigraphhal.o(.text)
    LCD_FillWholeBuffer                      0x0800858b   Thumb Code    26  guigraphhal.o(.text)
    LCD_PutPixel                             0x080085a5   Thumb Code    60  guigraphhal.o(.text)
    LCD_DrawHorLine                          0x080085e1   Thumb Code   160  guigraphhal.o(.text)
    LCD_DrawVertLine                         0x08008681   Thumb Code   108  guigraphhal.o(.text)
    LCD_DrawImage                            0x080086ed   Thumb Code   238  guigraphhal.o(.text)
    LCD_SetFont                              0x080087e5   Thumb Code    12  guigraphprimitives.o(.text)
    LCD_DrawRect                             0x080087f1   Thumb Code    78  guigraphprimitives.o(.text)
    LCD_GetFontItem                          0x0800883f   Thumb Code   146  guigraphprimitives.o(.text)
    LCD_GetStringWidth                       0x080088d1   Thumb Code    64  guigraphprimitives.o(.text)
    LCD_PrintString                          0x08008911   Thumb Code    96  guigraphprimitives.o(.text)
    LCD_PrintStringAligned                   0x08008971   Thumb Code   196  guigraphprimitives.o(.text)
    LCD_DrawLine                             0x08008a35   Thumb Code   192  guigraphprimitives.o(.text)
    guiGraph_SetBaseXY                       0x08008af9   Thumb Code     8  guigraphwidgets.o(.text)
    guiGraph_OffsetBaseXY                    0x08008b01   Thumb Code    16  guigraphwidgets.o(.text)
    guiGraph_DrawPanel                       0x08008b11   Thumb Code   148  guigraphwidgets.o(.text)
    guiGraph_DrawTextLabel                   0x08008ba5   Thumb Code   220  guigraphwidgets.o(.text)
    guiGraph_DrawCheckBox                    0x08008c81   Thumb Code   300  guigraphwidgets.o(.text)
    guiGraph_DrawSpinBox                     0x08008dad   Thumb Code   442  guigraphwidgets.o(.text)
    guiGraph_GetStringListVisibleItemCount   0x08008f67   Thumb Code    18  guigraphwidgets.o(.text)
    guiGraph_DrawStringList                  0x08008f79   Thumb Code   454  guigraphwidgets.o(.text)
    i32toa_align_right                       0x08009145   Thumb Code   138  utils.o(.text)
    __2sprintf                               0x080091d1   Thumb Code    34  noretval__2sprintf.o(.text)
    _printf_pre_padding                      0x080091f9   Thumb Code    46  _printf_pad.o(.text)
    _printf_post_padding                     0x08009227   Thumb Code    36  _printf_pad.o(.text)
    _printf_str                              0x0800924b   Thumb Code    82  _printf_str.o(.text)
    _printf_int_dec                          0x0800929d   Thumb Code   102  _printf_dec.o(.text)
    __printf                                 0x08009315   Thumb Code   270  __printf_wp.o(.text)
    strtol                                   0x08009423   Thumb Code   112  strtol.o(.text)
    strtoul                                  0x08009493   Thumb Code   114  strtoul.o(.text)
    strcpy                                   0x08009505   Thumb Code    72  strcpy.o(.text)
    strlen                                   0x0800954d   Thumb Code    62  strlen.o(.text)
    __aeabi_memcpy                           0x0800958b   Thumb Code     0  rt_memcpy_v6.o(.text)
    __rt_memcpy                              0x0800958b   Thumb Code   138  rt_memcpy_v6.o(.text)
    _memcpy_lastbytes                        0x080095f1   Thumb Code     0  rt_memcpy_v6.o(.text)
    __aeabi_memset                           0x08009615   Thumb Code    16  aeabi_memset.o(.text)
    __aeabi_memclr4                          0x08009625   Thumb Code     0  rt_memclr_w.o(.text)
    __aeabi_memclr8                          0x08009625   Thumb Code     0  rt_memclr_w.o(.text)
    __rt_memclr_w                            0x08009625   Thumb Code    78  rt_memclr_w.o(.text)
    _memset_w                                0x08009629   Thumb Code     0  rt_memclr_w.o(.text)
    strncpy                                  0x08009673   Thumb Code    86  strncpy.o(.text)
    strcmp                                   0x080096c9   Thumb Code   128  strcmpv7m.o(.text)
    __use_two_region_memory                  0x08009749   Thumb Code     2  heapauxi.o(.text)
    __rt_heap_escrow$2region                 0x0800974b   Thumb Code     2  heapauxi.o(.text)
    __rt_heap_expand$2region                 0x0800974d   Thumb Code     2  heapauxi.o(.text)
    __rt_ctype_table                         0x08009751   Thumb Code    16  rt_ctype_table.o(.text)
    __aeabi_errno_addr                       0x08009761   Thumb Code     8  rt_errno_addr_intlibspace.o(.text)
    __errno$intlibspace                      0x08009761   Thumb Code     0  rt_errno_addr_intlibspace.o(.text)
    __rt_errno_addr$intlibspace              0x08009761   Thumb Code     0  rt_errno_addr_intlibspace.o(.text)
    _printf_int_common                       0x08009769   Thumb Code   184  _printf_intcommon.o(.text)
    __lib_sel_fp_printf                      0x08009821   Thumb Code     2  _printf_fp_dec.o(.text)
    _printf_fp_dec_real                      0x080099cd   Thumb Code   628  _printf_fp_dec.o(.text)
    _printf_char_common                      0x08009c4b   Thumb Code    32  _printf_char_common.o(.text)
    _sputc                                   0x08009c71   Thumb Code    10  _sputc.o(.text)
    _printf_cs_common                        0x08009c7b   Thumb Code    20  _printf_char.o(.text)
    _printf_char                             0x08009c8f   Thumb Code    16  _printf_char.o(.text)
    _printf_string                           0x08009c9f   Thumb Code     8  _printf_char.o(.text)
    _strtoul                                 0x08009ca7   Thumb Code   158  _strtoul.o(.text)
    __aeabi_memcpy4                          0x08009d45   Thumb Code     0  rt_memcpy_w.o(.text)
    __aeabi_memcpy8                          0x08009d45   Thumb Code     0  rt_memcpy_w.o(.text)
    __rt_memcpy_w                            0x08009d45   Thumb Code   100  rt_memcpy_w.o(.text)
    _memcpy_lastbytes_aligned                0x08009d8d   Thumb Code     0  rt_memcpy_w.o(.text)
    __aeabi_memclr                           0x08009da9   Thumb Code     0  rt_memclr.o(.text)
    __rt_memclr                              0x08009da9   Thumb Code    68  rt_memclr.o(.text)
    _memset                                  0x08009dad   Thumb Code     0  rt_memclr.o(.text)
    __user_libspace                          0x08009ded   Thumb Code     8  libspace.o(.text)
    __user_perproc_libspace                  0x08009ded   Thumb Code     0  libspace.o(.text)
    __user_perthread_libspace                0x08009ded   Thumb Code     0  libspace.o(.text)
    __rt_locale                              0x08009df5   Thumb Code     8  rt_locale_intlibspace.o(.text)
    _ll_udiv10                               0x08009dfd   Thumb Code   138  lludiv10.o(.text)
    _printf_fp_infnan                        0x08009e89   Thumb Code   112  _printf_fp_infnan.o(.text)
    _chval                                   0x08009f09   Thumb Code    28  _chval.o(.text)
    _btod_etento                             0x08009f25   Thumb Code   222  bigflt0.o(.text)
    __user_setup_stackheap                   0x0800a009   Thumb Code    74  sys_stackheap_outer.o(.text)
    exit                                     0x0800a053   Thumb Code    12  exit.o(.text)
    _sys_exit                                0x0800a061   Thumb Code     8  sys_exit.o(.text)
    __I$use$semihosting                      0x0800a06d   Thumb Code     0  use_no_semi.o(.text)
    __use_no_semihosting_swi                 0x0800a06d   Thumb Code     2  use_no_semi.o(.text)
    __semihosting_library_function           0x0800a06f   Thumb Code     0  indicate_semi.o(.text)
    _btod_d2e                                0x0800a06f   Thumb Code    62  btod.o(CL$$btod_d2e)
    _d2e_denorm_low                          0x0800a0ad   Thumb Code    70  btod.o(CL$$btod_d2e_denorm_low)
    _d2e_norm_op1                            0x0800a0f3   Thumb Code    96  btod.o(CL$$btod_d2e_norm_op1)
    __btod_div_common                        0x0800a153   Thumb Code   696  btod.o(CL$$btod_div_common)
    _e2e                                     0x0800a48b   Thumb Code   198  btod.o(CL$$btod_e2e)
    _btod_ediv                               0x0800a551   Thumb Code    40  btod.o(CL$$btod_ediv)
    _btod_emul                               0x0800a579   Thumb Code    40  btod.o(CL$$btod_emul)
    __btod_mult_common                       0x0800a5a1   Thumb Code   580  btod.o(CL$$btod_mult_common)
    __ARM_fpclassify                         0x0800a7e5   Thumb Code    40  fpclassify.o(i.__ARM_fpclassify)
    _is_digit                                0x0800a80d   Thumb Code    14  __printf_wp.o(i._is_digit)
    _get_lc_ctype                            0x0800a81d   Thumb Code    44  lc_ctype_c.o(locale$$code)
    _get_lc_numeric                          0x0800a849   Thumb Code    44  lc_numeric_c.o(locale$$code)
    __aeabi_dadd                             0x0800a875   Thumb Code     0  daddsub_clz.o(x$fpl$dadd)
    _dadd                                    0x0800a875   Thumb Code   332  daddsub_clz.o(x$fpl$dadd)
    __aeabi_d2iz                             0x0800a9c5   Thumb Code     0  dfix.o(x$fpl$dfix)
    _dfix                                    0x0800a9c5   Thumb Code    94  dfix.o(x$fpl$dfix)
    __aeabi_ui2d                             0x0800aa23   Thumb Code     0  dflt_clz.o(x$fpl$dfltu)
    _dfltu                                   0x0800aa23   Thumb Code    38  dflt_clz.o(x$fpl$dfltu)
    __aeabi_dmul                             0x0800aa49   Thumb Code     0  dmul.o(x$fpl$dmul)
    _dmul                                    0x0800aa49   Thumb Code   332  dmul.o(x$fpl$dmul)
    __fpl_dnaninf                            0x0800ab9d   Thumb Code   156  dnaninf.o(x$fpl$dnaninf)
    __fpl_dretinf                            0x0800ac39   Thumb Code    12  dretinf.o(x$fpl$dretinf)
    __aeabi_dsub                             0x0800ac45   Thumb Code     0  daddsub_clz.o(x$fpl$dsub)
    _dsub                                    0x0800ac45   Thumb Code   464  daddsub_clz.o(x$fpl$dsub)
    __aeabi_f2d                              0x0800ae19   Thumb Code     0  f2d.o(x$fpl$f2d)
    _f2d                                     0x0800ae19   Thumb Code    86  f2d.o(x$fpl$f2d)
    __aeabi_fdiv                             0x0800ae71   Thumb Code     0  fdiv.o(x$fpl$fdiv)
    _fdiv                                    0x0800ae71   Thumb Code   384  fdiv.o(x$fpl$fdiv)
    __aeabi_ui2f                             0x0800aff5   Thumb Code     0  fflt_clz.o(x$fpl$ffltu)
    _ffltu                                   0x0800aff5   Thumb Code    38  fflt_clz.o(x$fpl$ffltu)
    __fpl_fnaninf                            0x0800b01b   Thumb Code   140  fnaninf.o(x$fpl$fnaninf)
    __fpl_fretinf                            0x0800b0a7   Thumb Code    10  fretinf.o(x$fpl$fretinf)
    _printf_fp_dec                           0x0800b0b1   Thumb Code     4  printf1.o(x$fpl$printf1)
    __I$use$fp                               0x0800b0b4   Number         0  usenofp.o(x$fpl$usenofp)
    converter_overload_msg                   0x0800b0b4   Data          12  converter.o(.constdata)
    converter_tick_message                   0x0800b0c0   Data          12  converter.o(.constdata)
    dispatcher_tick_msg                      0x0800b0cc   Data           8  dispatcher.o(.constdata)
    sound_driver_sync_msg                    0x0800b0d4   Data           4  sound_driver.o(.constdata)
    sound_instant_overload_msg               0x0800b0d8   Data           4  sound_driver.o(.constdata)
    _beep_1000Hz_10ms                        0x0800b0dc   Data           8  sound_samples.o(.constdata)
    _beep_800Hz_10ms                         0x0800b0e4   Data           8  sound_samples.o(.constdata)
    _beep_600Hz_10ms                         0x0800b0ec   Data           8  sound_samples.o(.constdata)
    _silence_10ms                            0x0800b0f4   Data           8  sound_samples.o(.constdata)
    sample_beep_1000Hz_50ms                  0x0800b0fc   Data          16  sound_samples.o(.constdata)
    sample_beep_800Hz_50ms                   0x0800b10c   Data          16  sound_samples.o(.constdata)
    sample_beep_800Hz_x3                     0x0800b11c   Data          48  sound_samples.o(.constdata)
    sample_beep_800Hz_20ms                   0x0800b14c   Data          16  sound_samples.o(.constdata)
    sample_beep_600Hz_x2                     0x0800b15c   Data          32  sound_samples.o(.constdata)
    _resp_OK                                 0x0800b17c   Data           4  uart.o(.constdata)
    _resp_UNKN_CMD                           0x0800b180   Data          13  uart.o(.constdata)
    guiEvent_INIT                            0x0800b190   Data           6  guicore.o(.constdata)
    guiEvent_DRAW                            0x0800b196   Data           6  guicore.o(.constdata)
    guiEvent_UPDATE                          0x0800b19c   Data           6  guicore.o(.constdata)
    guiEvent_HIDE                            0x0800b1a2   Data           6  guicore.o(.constdata)
    guiEvent_SHOW                            0x0800b1a8   Data           6  guicore.o(.constdata)
    guiEvent_UNFOCUS                         0x0800b1ae   Data           6  guicore.o(.constdata)
    guiEvent_FOCUS                           0x0800b1b4   Data           6  guicore.o(.constdata)
    font_6x8_mono                            0x0800b7bc   Data          24  font_6x8_mono.o(.constdata)
    font_h10                                 0x0800c65c   Data          24  font_h10.o(.constdata)
    font_h10_bold                            0x0800d534   Data          24  font_h10_bold.o(.constdata)
    font_h11                                 0x0800e130   Data          24  font_h11.o(.constdata)
    font_h16                                 0x0800e2f4   Data          24  font_h16.o(.constdata)
    font_h32                                 0x0800e6d4   Data          24  font_h32.o(.constdata)
    freeRTOS_logo_96x36                      0x0800e6ec   Data         480  other_images.o(.constdata)
    checkbox_10x10_checked                   0x0800e8cc   Data          20  widget_images.o(.constdata)
    checkbox_10x10_empty                     0x0800e8e0   Data          20  widget_images.o(.constdata)
    selector_tri                             0x0800e8f4   Data          12  widget_images.o(.constdata)
    Region$$Table$$Base                      0x0800e994   Number         0  anon$$obj.o(Region$$Table)
    Region$$Table$$Limit                     0x0800e9b4   Number         0  anon$$obj.o(Region$$Table)
    __ctype                                  0x0800e9c1   Data           0  lc_ctype_c.o(locale$$data)
    SystemCoreClock                          0x20000000   Data           4  system_mdr32f9qx.o(.data)
    voltage_adc                              0x20000008   Data           2  adc.o(.data)
    current_adc                              0x2000000a   Data           2  adc.o(.data)
    power_adc                                0x20000010   Data           4  adc.o(.data)
    xQueueADC                                0x20000018   Data           4  adc.o(.data)
    xSemaphoreADC                            0x2000001c   Data           4  adc.o(.data)
    xQueueConverter                          0x20000024   Data           4  converter.o(.data)
    adc_msg                                  0x20000028   Data           4  converter.o(.data)
    gui_msg                                  0x2000002c   Data           8  converter.o(.data)
    xTaskHandle_Converter                    0x20000034   Data           4  converter.o(.data)
    cmd_ADC_to_HWProcess                     0x2000003a   Data           1  converter_hw.o(.data)
    xQueueDispatcher                         0x20000048   Data           4  dispatcher.o(.data)
    encoder_delta                            0x20000052   Data           2  encoder.o(.data)
    xQueueGUI                                0x20000058   Data           4  guitop.o(.data)
    converter_temp_celsius                   0x20000060   Data           2  service.o(.data)
    xQueueSound                              0x20000068   Data           4  sound_driver.o(.data)
    enable_task_ticks                        0x20000080   Data           1  systick.o(.data)
    time_profile                             0x20000094   Data           8  systick.o(.data)
    xQueueUART1TX                            0x2000009c   Data           4  uart.o(.data)
    xSemaphoreUART1TX                        0x200000a0   Data           4  uart.o(.data)
    pxCurrentTCB                             0x200000b0   Data           4  tasks.o(.data)
    setupView                                0x20000108   Data           3  guisetuppanel.o(.data)
    rootWidget                               0x2000010c   Data           4  guicore.o(.data)
    focusedWidget                            0x20000110   Data           4  guicore.o(.data)
    LCD_lineStyle                            0x20000114   Data           1  guigraphhal.o(.data)
    LCD_currentFont                          0x20000118   Data           4  guigraphprimitives.o(.data)
    wx                                       0x2000011c   Data           2  guigraphwidgets.o(.data)
    wy                                       0x2000011e   Data           2  guigraphwidgets.o(.data)
    DMA_ControlTable                         0x20000400   Data        1024  mdr32f9qx_dma.o(.bss)
    buttons                                  0x20000800   Data          10  buttons.o(.bss)
    converter_state                          0x2000081c   Data         120  converter.o(.bss)
    pr                                       0x200008a0   Data          60  systemfunc.o(.bss)
    dbg_struct                               0x200008dc   Data          56  systemfunc.o(.bss)
    guiMainForm                              0x20004fdc   Data          48  guimainform.o(.bss)
    guiMasterPanel                           0x2000522c   Data          48  guimasterpanel.o(.bss)
    guiSetupPanel                            0x200052bc   Data          48  guisetuppanel.o(.bss)
    setupPanelHandlers                       0x2000533c   Data          16  guisetuppanel.o(.bss)
    setupList                                0x2000537c   Data          56  guisetuppanel.o(.bss)
    setupListElements                        0x200053b4   Data          24  guisetuppanel.o(.bss)
    setupListHandlers                        0x200053cc   Data          32  guisetuppanel.o(.bss)
    chSetupList                              0x200053ec   Data          56  guisetuppanel.o(.bss)
    chSsetupListElements                     0x20005424   Data          16  guisetuppanel.o(.bss)
    chSetupListHandlers                      0x20005434   Data          32  guisetuppanel.o(.bss)
    checkBox_ApplyLowLimit                   0x20005484   Data          48  guisetuppanel.o(.bss)
    checkBox_ApplyHighLimit                  0x200054b4   Data          48  guisetuppanel.o(.bss)
    LowLimit_CheckBoxHandlers                0x200054e4   Data          16  guisetuppanel.o(.bss)
    HighLimit_CheckBoxHandlers               0x200054f4   Data          16  guisetuppanel.o(.bss)
    spinBox_LowLimit                         0x20005504   Data          76  guisetuppanel.o(.bss)
    spinBox_HighLimit                        0x20005550   Data          76  guisetuppanel.o(.bss)
    LowLimit_SpinBoxHandlers                 0x2000559c   Data          16  guisetuppanel.o(.bss)
    HighLimit_SpinBoxHandlers                0x200055ac   Data          16  guisetuppanel.o(.bss)
    checkBox_OverloadProtect                 0x200055bc   Data          48  guisetuppanel.o(.bss)
    checkBox_OverloadWarning                 0x200055ec   Data          48  guisetuppanel.o(.bss)
    spinBox_OverloadThreshold                0x2000561c   Data          76  guisetuppanel.o(.bss)
    textLabel_overloadThresholdHint          0x20005668   Data          48  guisetuppanel.o(.bss)
    Overload_CheckBoxHandlers                0x20005698   Data          16  guisetuppanel.o(.bss)
    Overload_SpinBoxHandlers                 0x200056a8   Data          16  guisetuppanel.o(.bss)
    guiEditPanel1                            0x200056b8   Data          48  guieditpanel1.o(.bss)
    editPanelHandlers                        0x20005738   Data          24  guieditpanel1.o(.bss)
    guiTimers                                0x20005780   Data          16  guicore.o(.bss)
    guiMsgQueue                              0x20005790   Data         244  guicore.o(.bss)
    lcdBuffer                                0x20005884   Data        1728  guigraphhal.o(.bss)
    __libspace_start                         0x20005f44   Data          96  libspace.o(.bss)
    __temporary_stack_top$libspace           0x20005fa4   Data           0  libspace.o(.bss)



==============================================================================

Memory Map of the image

  Image Entry point : 0x08000219

  Load Region LR_1 (Base: 0x08000000, Size: 0x0000ec00, Max: 0xffffffff, ABSOLUTE)

    Execution Region ER_RO (Base: 0x08000000, Size: 0x0000eae0, Max: 0xffffffff, ABSOLUTE)

    Base Addr    Size         Type   Attr      Idx    E Section Name        Object

    0x08000000   0x000000c0   Data   RO            3    RESET               startup_mdr32f9x.o
    0x080000c0   0x00000008   Code   RO         1564  * !!!main             c_w.l(__main.o)
    0x080000c8   0x00000034   Code   RO         1831    !!!scatter          c_w.l(__scatter.o)
    0x080000fc   0x0000001a   Code   RO         1833    !!handler_copy      c_w.l(__scatter_copy.o)
    0x08000116   0x00000002   PAD
    0x08000118   0x0000001c   Code   RO         1835    !!handler_zi        c_w.l(__scatter_zi.o)
    0x08000134   0x00000000   Code   RO         1543    .ARM.Collect$$_printf_percent$$00000000  c_w.l(_printf_percent.o)
    0x08000134   0x00000006   Code   RO         1542    .ARM.Collect$$_printf_percent$$00000003  c_w.l(_printf_f.o)
    0x0800013a   0x00000006   Code   RO         1541    .ARM.Collect$$_printf_percent$$00000009  c_w.l(_printf_d.o)
    0x08000140   0x00000006   Code   RO         1540    .ARM.Collect$$_printf_percent$$00000013  c_w.l(_printf_c.o)
    0x08000146   0x00000004   Code   RO         1616    .ARM.Collect$$_printf_percent$$00000017  c_w.l(_printf_percent_end.o)
    0x0800014a   0x00000002   Code   RO         1707    .ARM.Collect$$libinit$$00000000  c_w.l(libinit.o)
    0x0800014c   0x00000000   Code   RO         1709    .ARM.Collect$$libinit$$00000002  c_w.l(libinit2.o)
    0x0800014c   0x00000000   Code   RO         1712    .ARM.Collect$$libinit$$00000008  c_w.l(libinit2.o)
    0x0800014c   0x00000000   Code   RO         1714    .ARM.Collect$$libinit$$0000000A  c_w.l(libinit2.o)
    0x0800014c   0x00000000   Code   RO         1716    .ARM.Collect$$libinit$$0000000C  c_w.l(libinit2.o)
    0x0800014c   0x00000006   Code   RO         1717    .ARM.Collect$$libinit$$0000000D  c_w.l(libinit2.o)
    0x08000152   0x00000000   Code   RO         1719    .ARM.Collect$$libinit$$0000000F  c_w.l(libinit2.o)
    0x08000152   0x0000000c   Code   RO         1720    .ARM.Collect$$libinit$$00000010  c_w.l(libinit2.o)
    0x0800015e   0x00000000   Code   RO         1721    .ARM.Collect$$libinit$$00000011  c_w.l(libinit2.o)
    0x0800015e   0x00000000   Code   RO         1723    .ARM.Collect$$libinit$$00000013  c_w.l(libinit2.o)
    0x0800015e   0x0000000a   Code   RO         1724    .ARM.Collect$$libinit$$00000014  c_w.l(libinit2.o)
    0x08000168   0x00000000   Code   RO         1725    .ARM.Collect$$libinit$$00000015  c_w.l(libinit2.o)
    0x08000168   0x00000000   Code   RO         1727    .ARM.Collect$$libinit$$00000017  c_w.l(libinit2.o)
    0x08000168   0x00000000   Code   RO         1729    .ARM.Collect$$libinit$$00000019  c_w.l(libinit2.o)
    0x08000168   0x00000000   Code   RO         1731    .ARM.Collect$$libinit$$0000001B  c_w.l(libinit2.o)
    0x08000168   0x00000000   Code   RO         1733    .ARM.Collect$$libinit$$0000001D  c_w.l(libinit2.o)
    0x08000168   0x00000000   Code   RO         1735    .ARM.Collect$$libinit$$0000001F  c_w.l(libinit2.o)
    0x08000168   0x00000000   Code   RO         1737    .ARM.Collect$$libinit$$00000021  c_w.l(libinit2.o)
    0x08000168   0x00000000   Code   RO         1739    .ARM.Collect$$libinit$$00000023  c_w.l(libinit2.o)
    0x08000168   0x00000000   Code   RO         1743    .ARM.Collect$$libinit$$0000002A  c_w.l(libinit2.o)
    0x08000168   0x00000000   Code   RO         1745    .ARM.Collect$$libinit$$0000002C  c_w.l(libinit2.o)
    0x08000168   0x00000000   Code   RO         1747    .ARM.Collect$$libinit$$0000002E  c_w.l(libinit2.o)
    0x08000168   0x00000000   Code   RO         1749    .ARM.Collect$$libinit$$00000030  c_w.l(libinit2.o)
    0x08000168   0x00000002   Code   RO         1750    .ARM.Collect$$libinit$$00000031  c_w.l(libinit2.o)
    0x0800016a   0x00000002   Code   RO         1780    .ARM.Collect$$libshutdown$$00000000  c_w.l(libshutdown.o)
    0x0800016c   0x00000000   Code   RO         1792    .ARM.Collect$$libshutdown$$00000003  c_w.l(libshutdown2.o)
    0x0800016c   0x00000000   Code   RO         1795    .ARM.Collect$$libshutdown$$00000006  c_w.l(libshutdown2.o)
    0x0800016c   0x00000000   Code   RO         1798    .ARM.Collect$$libshutdown$$00000009  c_w.l(libshutdown2.o)
    0x0800016c   0x00000000   Code   RO         1800    .ARM.Collect$$libshutdown$$0000000B  c_w.l(libshutdown2.o)
    0x0800016c   0x00000000   Code   RO         1803    .ARM.Collect$$libshutdown$$0000000E  c_w.l(libshutdown2.o)
    0x0800016c   0x00000002   Code   RO         1804    .ARM.Collect$$libshutdown$$0000000F  c_w.l(libshutdown2.o)
    0x0800016e   0x00000000   Code   RO         1598    .ARM.Collect$$rtentry$$00000000  c_w.l(rtentry.o)
    0x0800016e   0x00000000   Code   RO         1636    .ARM.Collect$$rtentry$$00000002  c_w.l(rtentry2.o)
    0x0800016e   0x00000006   Code   RO         1648    .ARM.Collect$$rtentry$$00000004  c_w.l(rtentry4.o)
    0x08000174   0x00000000   Code   RO         1638    .ARM.Collect$$rtentry$$00000009  c_w.l(rtentry2.o)
    0x08000174   0x00000004   Code   RO         1639    .ARM.Collect$$rtentry$$0000000A  c_w.l(rtentry2.o)
    0x08000178   0x00000000   Code   RO         1641    .ARM.Collect$$rtentry$$0000000C  c_w.l(rtentry2.o)
    0x08000178   0x00000008   Code   RO         1642    .ARM.Collect$$rtentry$$0000000D  c_w.l(rtentry2.o)
    0x08000180   0x00000002   Code   RO         1751    .ARM.Collect$$rtexit$$00000000  c_w.l(rtexit.o)
    0x08000182   0x00000000   Code   RO         1758    .ARM.Collect$$rtexit$$00000002  c_w.l(rtexit2.o)
    0x08000182   0x00000004   Code   RO         1759    .ARM.Collect$$rtexit$$00000003  c_w.l(rtexit2.o)
    0x08000186   0x00000006   Code   RO         1760    .ARM.Collect$$rtexit$$00000004  c_w.l(rtexit2.o)
    0x0800018c   0x0000008a   Code   RO          934    .emb_text           port.o
    0x08000216   0x00000002   PAD
    0x08000218   0x00000050   Code   RO            4  * .text               startup_mdr32f9x.o
    0x08000268   0x00000090   Code   RO           12    .text               system_mdr32f9qx.o
    0x080002f8   0x0000010c   Code   RO           58    .text               mdr32f9qx_ssp.o
    0x08000404   0x00000224   Code   RO           91    .text               mdr32f9qx_port.o
    0x08000628   0x00000470   Code   RO          114    .text               mdr32f9qx_timer.o
    0x08000a98   0x000000f8   Code   RO          137    .text               mdr32f9qx_i2c.o
    0x08000b90   0x00000354   Code   RO          160    .text               mdr32f9qx_adc.o
    0x08000ee4   0x000001ec   Code   RO          183    .text               mdr32f9qx_uart.o
    0x080010d0   0x00000238   Code   RO          206    .text               mdr32f9qx_dma.o
    0x08001308   0x000004ac   Code   RO          232    .text               mdr32f9qx_rst_clk.o
    0x080017b4   0x000001b0   Code   RO          252    .text               main.o
    0x08001964   0x0000019c   Code   RO          384    .text               adc.o
    0x08001b00   0x00000140   Code   RO          416    .text               buttons.o
    0x08001c40   0x0000008c   Code   RO          443    .text               control.o
    0x08001ccc   0x000008e8   Code   RO          463    .text               converter.o
    0x080025b4   0x00000288   Code   RO          493    .text               converter_hw.o
    0x0800283c   0x00000290   Code   RO          527    .text               dispatcher.o
    0x08002acc   0x00000050   Code   RO          554    .text               dwt_delay.o
    0x08002b1c   0x00000074   Code   RO          574    .text               encoder.o
    0x08002b90   0x000003a8   Code   RO          597    .text               guitop.o
    0x08002f38   0x000001a4   Code   RO          669    .text               i2c_eeprom.o
    0x080030dc   0x00000280   Code   RO          689    .text               lcd_1202.o
    0x0800335c   0x0000003c   Code   RO          712    .text               led.o
    0x08003398   0x0000009c   Code   RO          732    .text               service.o
    0x08003434   0x0000012c   Code   RO          755    .text               sound_driver.o
    0x08003560   0x00000904   Code   RO          813    .text               systemfunc.o
    0x08003e64   0x00000128   Code   RO          841    .text               systick.o
    0x08003f8c   0x00000774   Code   RO          896    .text               uart.o
    0x08004700   0x000000c0   Code   RO          935    .text               port.o
    0x080047c0   0x00000088   Code   RO          971    .text               list.o
    0x08004848   0x000004b2   Code   RO          989    .text               queue.o
    0x08004cfa   0x00000002   PAD
    0x08004cfc   0x0000080c   Code   RO         1004    .text               tasks.o
    0x08005508   0x0000015c   Code   RO         1032    .text               heap_4.o
    0x08005664   0x00000234   Code   RO         1047    .text               guimainform.o
    0x08005898   0x000007f8   Code   RO         1107    .text               guimasterpanel.o
    0x08006090   0x00000f28   Code   RO         1162    .text               guisetuppanel.o
    0x08006fb8   0x00000150   Code   RO         1191    .text               guieditpanel1.o
    0x08007108   0x000008c2   Code   RO         1210    .text               guicore.o
    0x080079ca   0x00000002   PAD
    0x080079cc   0x000001ae   Code   RO         1237    .text               guicheckbox.o
    0x08007b7a   0x00000002   PAD
    0x08007b7c   0x00000202   Code   RO         1262    .text               guipanel.o
    0x08007d7e   0x00000002   PAD
    0x08007d80   0x0000037e   Code   RO         1277    .text               guispinbox.o
    0x080080fe   0x00000002   PAD
    0x08008100   0x00000390   Code   RO         1295    .text               guistringlist.o
    0x08008490   0x000000ba   Code   RO         1310    .text               guitextlabel.o
    0x0800854a   0x00000002   PAD
    0x0800854c   0x00000298   Code   RO         1419    .text               guigraphhal.o
    0x080087e4   0x00000314   Code   RO         1438    .text               guigraphprimitives.o
    0x08008af8   0x0000064c   Code   RO         1456    .text               guigraphwidgets.o
    0x08009144   0x0000008a   Code   RO         1494    .text               utils.o
    0x080091ce   0x00000002   PAD
    0x080091d0   0x00000028   Code   RO         1510    .text               c_w.l(noretval__2sprintf.o)
    0x080091f8   0x00000052   Code   RO         1514    .text               c_w.l(_printf_pad.o)
    0x0800924a   0x00000052   Code   RO         1516    .text               c_w.l(_printf_str.o)
    0x0800929c   0x00000078   Code   RO         1518    .text               c_w.l(_printf_dec.o)
    0x08009314   0x0000010e   Code   RO         1528    .text               c_w.l(__printf_wp.o)
    0x08009422   0x00000070   Code   RO         1544    .text               c_w.l(strtol.o)
    0x08009492   0x00000072   Code   RO         1546    .text               c_w.l(strtoul.o)
    0x08009504   0x00000048   Code   RO         1548    .text               c_w.l(strcpy.o)
    0x0800954c   0x0000003e   Code   RO         1550    .text               c_w.l(strlen.o)
    0x0800958a   0x0000008a   Code   RO         1552    .text               c_w.l(rt_memcpy_v6.o)
    0x08009614   0x00000010   Code   RO         1554    .text               c_w.l(aeabi_memset.o)
    0x08009624   0x0000004e   Code   RO         1556    .text               c_w.l(rt_memclr_w.o)
    0x08009672   0x00000056   Code   RO         1558    .text               c_w.l(strncpy.o)
    0x080096c8   0x00000080   Code   RO         1560    .text               c_w.l(strcmpv7m.o)
    0x08009748   0x00000006   Code   RO         1562    .text               c_w.l(heapauxi.o)
    0x0800974e   0x00000002   PAD
    0x08009750   0x00000010   Code   RO         1599    .text               c_w.l(rt_ctype_table.o)
    0x08009760   0x00000008   Code   RO         1604    .text               c_w.l(rt_errno_addr_intlibspace.o)
    0x08009768   0x000000b8   Code   RO         1606    .text               c_w.l(_printf_intcommon.o)
    0x08009820   0x00000420   Code   RO         1608    .text               c_w.l(_printf_fp_dec.o)
    0x08009c40   0x00000030   Code   RO         1610    .text               c_w.l(_printf_char_common.o)
    0x08009c70   0x0000000a   Code   RO         1612    .text               c_w.l(_sputc.o)
    0x08009c7a   0x0000002c   Code   RO         1614    .text               c_w.l(_printf_char.o)
    0x08009ca6   0x0000009e   Code   RO         1617    .text               c_w.l(_strtoul.o)
    0x08009d44   0x00000064   Code   RO         1619    .text               c_w.l(rt_memcpy_w.o)
    0x08009da8   0x00000044   Code   RO         1621    .text               c_w.l(rt_memclr.o)
    0x08009dec   0x00000008   Code   RO         1632    .text               c_w.l(libspace.o)
    0x08009df4   0x00000008   Code   RO         1653    .text               c_w.l(rt_locale_intlibspace.o)
    0x08009dfc   0x0000008a   Code   RO         1655    .text               c_w.l(lludiv10.o)
    0x08009e86   0x00000002   PAD
    0x08009e88   0x00000080   Code   RO         1657    .text               c_w.l(_printf_fp_infnan.o)
    0x08009f08   0x0000001c   Code   RO         1661    .text               c_w.l(_chval.o)
    0x08009f24   0x000000e4   Code   RO         1663    .text               c_w.l(bigflt0.o)
    0x0800a008   0x0000004a   Code   RO         1698    .text               c_w.l(sys_stackheap_outer.o)
    0x0800a052   0x0000000c   Code   RO         1700    .text               c_w.l(exit.o)
    0x0800a05e   0x00000002   PAD
    0x0800a060   0x0000000c   Code   RO         1770    .text               c_w.l(sys_exit.o)
    0x0800a06c   0x00000002   Code   RO         1781    .text               c_w.l(use_no_semi.o)
    0x0800a06e   0x00000000   Code   RO         1783    .text               c_w.l(indicate_semi.o)
    0x0800a06e   0x0000003e   Code   RO         1666    CL$$btod_d2e        c_w.l(btod.o)
    0x0800a0ac   0x00000046   Code   RO         1668    CL$$btod_d2e_denorm_low  c_w.l(btod.o)
    0x0800a0f2   0x00000060   Code   RO         1667    CL$$btod_d2e_norm_op1  c_w.l(btod.o)
    0x0800a152   0x00000338   Code   RO         1676    CL$$btod_div_common  c_w.l(btod.o)
    0x0800a48a   0x000000c6   Code   RO         1673    CL$$btod_e2e        c_w.l(btod.o)
    0x0800a550   0x00000028   Code   RO         1670    CL$$btod_ediv       c_w.l(btod.o)
    0x0800a578   0x00000028   Code   RO         1669    CL$$btod_emul       c_w.l(btod.o)
    0x0800a5a0   0x00000244   Code   RO         1675    CL$$btod_mult_common  c_w.l(btod.o)
    0x0800a7e4   0x00000028   Code   RO         1696    i.__ARM_fpclassify  m_ws.l(fpclassify.o)
    0x0800a80c   0x0000000e   Code   RO         1530    i._is_digit         c_w.l(__printf_wp.o)
    0x0800a81a   0x00000002   PAD
    0x0800a81c   0x0000002c   Code   RO         1689    locale$$code        c_w.l(lc_ctype_c.o)
    0x0800a848   0x0000002c   Code   RO         1692    locale$$code        c_w.l(lc_numeric_c.o)
    0x0800a874   0x00000150   Code   RO         1566    x$fpl$dadd          fz_ws.l(daddsub_clz.o)
    0x0800a9c4   0x0000005e   Code   RO         1572    x$fpl$dfix          fz_ws.l(dfix.o)
    0x0800aa22   0x00000026   Code   RO         1576    x$fpl$dfltu         fz_ws.l(dflt_clz.o)
    0x0800aa48   0x00000154   Code   RO         1582    x$fpl$dmul          fz_ws.l(dmul.o)
    0x0800ab9c   0x0000009c   Code   RO         1623    x$fpl$dnaninf       fz_ws.l(dnaninf.o)
    0x0800ac38   0x0000000c   Code   RO         1625    x$fpl$dretinf       fz_ws.l(dretinf.o)
    0x0800ac44   0x000001d4   Code   RO         1568    x$fpl$dsub          fz_ws.l(daddsub_clz.o)
    0x0800ae18   0x00000056   Code   RO         1584    x$fpl$f2d           fz_ws.l(f2d.o)
    0x0800ae6e   0x00000002   PAD
    0x0800ae70   0x00000184   Code   RO         1587    x$fpl$fdiv          fz_ws.l(fdiv.o)
    0x0800aff4   0x00000026   Code   RO         1590    x$fpl$ffltu         fz_ws.l(fflt_clz.o)
    0x0800b01a   0x0000008c   Code   RO         1627    x$fpl$fnaninf       fz_ws.l(fnaninf.o)
    0x0800b0a6   0x0000000a   Code   RO         1629    x$fpl$fretinf       fz_ws.l(fretinf.o)
    0x0800b0b0   0x00000004   Code   RO         1596    x$fpl$printf1       fz_ws.l(printf1.o)
    0x0800b0b4   0x00000000   Code   RO         1631    x$fpl$usenofp       fz_ws.l(usenofp.o)
    0x0800b0b4   0x0000000c   Data   RO          465    .constdata          converter.o
    0x0800b0c0   0x0000000c   Data   RO          466    .constdata          converter.o
    0x0800b0cc   0x00000008   Data   RO          528    .constdata          dispatcher.o
    0x0800b0d4   0x00000004   Data   RO          756    .constdata          sound_driver.o
    0x0800b0d8   0x00000004   Data   RO          757    .constdata          sound_driver.o
    0x0800b0dc   0x00000008   Data   RO          788    .constdata          sound_samples.o
    0x0800b0e4   0x00000008   Data   RO          789    .constdata          sound_samples.o
    0x0800b0ec   0x00000008   Data   RO          790    .constdata          sound_samples.o
    0x0800b0f4   0x00000008   Data   RO          791    .constdata          sound_samples.o
    0x0800b0fc   0x00000010   Data   RO          792    .constdata          sound_samples.o
    0x0800b10c   0x00000010   Data   RO          793    .constdata          sound_samples.o
    0x0800b11c   0x00000030   Data   RO          794    .constdata          sound_samples.o
    0x0800b14c   0x00000010   Data   RO          795    .constdata          sound_samples.o
    0x0800b15c   0x00000020   Data   RO          796    .constdata          sound_samples.o
    0x0800b17c   0x00000011   Data   RO          898    .constdata          uart.o
    0x0800b18d   0x00000003   PAD
    0x0800b190   0x00000032   Data   RO         1212    .constdata          guicore.o
    0x0800b1c2   0x000005fa   Data   RO         1322    .constdata          font_6x8_mono.o
    0x0800b7bc   0x00000018   Data   RO         1323    .constdata          font_6x8_mono.o
    0x0800b7d4   0x00000b8a   Data   RO         1336    .constdata          font_h10.o
    0x0800c35e   0x000000ff   Data   RO         1337    .constdata          font_h10.o
    0x0800c45d   0x00000001   PAD
    0x0800c45e   0x000001fe   Data   RO         1338    .constdata          font_h10.o
    0x0800c65c   0x00000018   Data   RO         1339    .constdata          font_h10.o
    0x0800c674   0x00000bc2   Data   RO         1352    .constdata          font_h10_bold.o
    0x0800d236   0x000000ff   Data   RO         1353    .constdata          font_h10_bold.o
    0x0800d335   0x00000001   PAD
    0x0800d336   0x000001fe   Data   RO         1354    .constdata          font_h10_bold.o
    0x0800d534   0x00000018   Data   RO         1355    .constdata          font_h10_bold.o
    0x0800d54c   0x0000094c   Data   RO         1368    .constdata          font_h11.o
    0x0800de98   0x000000a6   Data   RO         1369    .constdata          font_h11.o
    0x0800df3e   0x000000a6   Data   RO         1370    .constdata          font_h11.o
    0x0800dfe4   0x0000014c   Data   RO         1371    .constdata          font_h11.o
    0x0800e130   0x00000018   Data   RO         1372    .constdata          font_h11.o
    0x0800e148   0x00000160   Data   RO         1385    .constdata          font_h16.o
    0x0800e2a8   0x00000013   Data   RO         1386    .constdata          font_h16.o
    0x0800e2bb   0x00000013   Data   RO         1387    .constdata          font_h16.o
    0x0800e2ce   0x00000026   Data   RO         1388    .constdata          font_h16.o
    0x0800e2f4   0x00000018   Data   RO         1389    .constdata          font_h16.o
    0x0800e30c   0x00000390   Data   RO         1402    .constdata          font_h32.o
    0x0800e69c   0x0000000e   Data   RO         1403    .constdata          font_h32.o
    0x0800e6aa   0x0000000e   Data   RO         1404    .constdata          font_h32.o
    0x0800e6b8   0x0000001c   Data   RO         1405    .constdata          font_h32.o
    0x0800e6d4   0x00000018   Data   RO         1406    .constdata          font_h32.o
    0x0800e6ec   0x000001e0   Data   RO         1474    .constdata          other_images.o
    0x0800e8cc   0x00000014   Data   RO         1483    .constdata          widget_images.o
    0x0800e8e0   0x00000014   Data   RO         1484    .constdata          widget_images.o
    0x0800e8f4   0x0000000c   Data   RO         1485    .constdata          widget_images.o
    0x0800e900   0x00000094   Data   RO         1664    .constdata          c_w.l(bigflt0.o)
    0x0800e994   0x00000020   Data   RO         1829    Region$$Table       anon$$obj.o
    0x0800e9b4   0x00000110   Data   RO         1688    locale$$data        c_w.l(lc_ctype_c.o)
    0x0800eac4   0x0000001c   Data   RO         1691    locale$$data        c_w.l(lc_numeric_c.o)


    Execution Region ER_RW (Base: 0x20000000, Size: 0x00000120, Max: 0xffffffff, ABSOLUTE)

    Base Addr    Size         Type   Attr      Idx    E Section Name        Object

    0x20000000   0x00000004   Data   RW           13    .data               system_mdr32f9qx.o
    0x20000004   0x0000001c   Data   RW          385    .data               adc.o
    0x20000020   0x00000002   Data   RW          418    .data               buttons.o
    0x20000022   0x00000002   PAD
    0x20000024   0x00000010   Data   RW          467    .data               converter.o
    0x20000034   0x00000004   Data   RW          468    .data               converter.o
    0x20000038   0x0000000e   Data   RW          494    .data               converter_hw.o
    0x20000046   0x00000002   PAD
    0x20000048   0x00000004   Data   RW          529    .data               dispatcher.o
    0x2000004c   0x00000008   Data   RW          575    .data               encoder.o
    0x20000054   0x0000000c   Data   RW          599    .data               guitop.o
    0x20000060   0x00000008   Data   RW          733    .data               service.o
    0x20000068   0x00000018   Data   RW          758    .data               sound_driver.o
    0x20000080   0x0000001c   Data   RW          842    .data               systick.o
    0x2000009c   0x00000010   Data   RW          900    .data               uart.o
    0x200000ac   0x00000004   Data   RW          936    .data               port.o
    0x200000b0   0x00000038   Data   RW         1006    .data               tasks.o
    0x200000e8   0x00000014   Data   RW         1034    .data               heap_4.o
    0x200000fc   0x0000000c   Data   RW         1049    .data               guimainform.o
    0x20000108   0x00000003   Data   RW         1164    .data               guisetuppanel.o
    0x2000010b   0x00000001   PAD
    0x2000010c   0x00000008   Data   RW         1213    .data               guicore.o
    0x20000114   0x00000004   Data   RW         1421    .data               guigraphhal.o
    0x20000118   0x00000004   Data   RW         1439    .data               guigraphprimitives.o
    0x2000011c   0x00000004   Data   RW         1457    .data               guigraphwidgets.o


    Execution Region ER_ZI (Base: 0x20000120, Size: 0x00006488, Max: 0xffffffff, ABSOLUTE)

    Base Addr    Size         Type   Attr      Idx    E Section Name        Object

    0x20000120   0x000002e0   PAD
    0x20000400   0x00000400   Zero   RW          207    .bss                mdr32f9qx_dma.o
    0x20000800   0x0000001c   Zero   RW          417    .bss                buttons.o
    0x2000081c   0x00000078   Zero   RW          464    .bss                converter.o
    0x20000894   0x0000000c   Zero   RW          598    .bss                guitop.o
    0x200008a0   0x00000074   Zero   RW          814    .bss                systemfunc.o
    0x20000914   0x00000200   Zero   RW          897    .bss                uart.o
    0x20000b14   0x000000c8   Zero   RW         1005    .bss                tasks.o
    0x20000bdc   0x00004400   Zero   RW         1033    .bss                heap_4.o
    0x20004fdc   0x00000030   Zero   RW         1048    .bss                guimainform.o
    0x2000500c   0x000002b0   Zero   RW         1108    .bss                guimasterpanel.o
    0x200052bc   0x000003fc   Zero   RW         1163    .bss                guisetuppanel.o
    0x200056b8   0x000000c8   Zero   RW         1192    .bss                guieditpanel1.o
    0x20005780   0x00000104   Zero   RW         1211    .bss                guicore.o
    0x20005884   0x000006c0   Zero   RW         1420    .bss                guigraphhal.o
    0x20005f44   0x00000060   Zero   RW         1633    .bss                c_w.l(libspace.o)
    0x20005fa4   0x00000004   PAD
    0x20005fa8   0x00000200   Zero   RW            2    HEAP                startup_mdr32f9x.o
    0x200061a8   0x00000400   Zero   RW            1    STACK               startup_mdr32f9x.o


==============================================================================

Image component sizes


      Code (inc. data)   RO Data    RW Data    ZI Data      Debug   Object Name

       412         14          0         28          0       4427   adc.o
       320         18          0          2         28       3039   buttons.o
       140         18          0          0          0       1373   control.o
      2280         50         24         20        120      10046   converter.o
       648         26          0         14          0      13849   converter_hw.o
       656         38          8          4          0       2485   dispatcher.o
        80         10          0          0          0       1288   dwt_delay.o
       116         24          0          8          0       1348   encoder.o
         0          0       1554          0          0       1320   font_6x8_mono.o
         0          0       3743          0          0       1400   font_h10.o
         0          0       3799          0          0       1412   font_h10_bold.o
         0          0       3068          0          0       1440   font_h11.o
         0          0        452          0          0       1440   font_h16.o
         0          0        992          0          0       1440   font_h32.o
       430         12          0          0          0      10574   guicheckbox.o
      2242         20         50          8        260      22191   guicore.o
       336         40          0          0        200       2269   guieditpanel1.o
       664         10          0          4       1728       4324   guigraphhal.o
       788          4          0          4          0       5168   guigraphprimitives.o
      1612         20          0          4          0       4443   guigraphwidgets.o
       564        126          0         12         48      10709   guimainform.o
      2040        162          0          0        688      17428   guimasterpanel.o
       514         12          0          0          0       3242   guipanel.o
      3880        450          0          3       1020      13745   guisetuppanel.o
       894          0          0          0          0       4963   guispinbox.o
       912          0          0          0          0       4919   guistringlist.o
       186         10          0          0          0       1456   guitextlabel.o
       936         52          0         12         12      15071   guitop.o
       348          8          0         20      17408       3168   heap_4.o
       420          0          0          0          0       2027   i2c_eeprom.o
       640         10          0          0          0       2978   lcd_1202.o
        60          4          0          0          0        537   led.o
       136          0          0          0          0       3174   list.o
       432        138          0          0          0      40618   main.o
       852         12          0          0          0      19968   mdr32f9qx_adc.o
       568         18          0          0       1024      11576   mdr32f9qx_dma.o
       248          4          0          0          0       7409   mdr32f9qx_i2c.o
       548          4          0          0          0       7186   mdr32f9qx_port.o
      1196         60          0          0          0      11210   mdr32f9qx_rst_clk.o
       268         14          0          0          0      17776   mdr32f9qx_ssp.o
      1136         16          0          0          0      30984   mdr32f9qx_timer.o
       492         14          0          0          0      11844   mdr32f9qx_uart.o
         0          0        480          0          0        554   other_images.o
       330         26          0          4          0       2691   port.o
      1202          0          0          0          0       8344   queue.o
       156         28          0          8          0        916   service.o
       300         14          8         24          0       3072   sound_driver.o
         0          0        160          0          0       4208   sound_samples.o
        80         26        192          0       1536        800   startup_mdr32f9x.o
       144         16          0          4          0      50833   system_mdr32f9qx.o
      2308        146          0          0        116      30194   systemfunc.o
       296         40          0         28          0       2149   systick.o
      2060         30          0         56        200      13318   tasks.o
      1908        514         17         16        512       5649   uart.o
       138          0          0          0          0        917   utils.o
         0          0         52          0          0        683   widget_images.o

    ----------------------------------------------------------------------
     36932       2258      14636        288      25636     461592   Object Totals
         0          0         32          0          0          0   (incl. Generated)
        16          0          5          5        736          0   (incl. Padding)

    ----------------------------------------------------------------------

      Code (inc. data)   RO Data    RW Data    ZI Data      Debug   Library Member Name

         8          0          0          0          0         68   __main.o
       284          0          0          0          0        156   __printf_wp.o
        52          8          0          0          0          0   __scatter.o
        26          0          0          0          0          0   __scatter_copy.o
        28          0          0          0          0          0   __scatter_zi.o
        28          0          0          0          0         68   _chval.o
         6          0          0          0          0          0   _printf_c.o
        44          0          0          0          0        108   _printf_char.o
        48          6          0          0          0         96   _printf_char_common.o
         6          0          0          0          0          0   _printf_d.o
       120         18          0          0          0         92   _printf_dec.o
         6          0          0          0          0          0   _printf_f.o
      1056          0          0          0          0        216   _printf_fp_dec.o
       128         16          0          0          0         84   _printf_fp_infnan.o
       184          0          0          0          0         88   _printf_intcommon.o
        82          0          0          0          0        108   _printf_pad.o
         0          0          0          0          0          0   _printf_percent.o
         4          0          0          0          0          0   _printf_percent_end.o
        82          0          0          0          0         80   _printf_str.o
        10          0          0          0          0         68   _sputc.o
       158          0          0          0          0         92   _strtoul.o
        16          0          0          0          0         68   aeabi_memset.o
       228          6        148          0          0         96   bigflt0.o
      1910        128          0          0          0        672   btod.o
        12          0          0          0          0         72   exit.o
         6          0          0          0          0        152   heapauxi.o
         0          0          0          0          0          0   indicate_semi.o
        44         10        272          0          0         76   lc_ctype_c.o
        44         10         28          0          0         76   lc_numeric_c.o
         2          0          0          0          0          0   libinit.o
        30          0          0          0          0          0   libinit2.o
         2          0          0          0          0          0   libshutdown.o
         2          0          0          0          0          0   libshutdown2.o
         8          4          0          0         96         68   libspace.o
       138          0          0          0          0         80   lludiv10.o
        40          6          0          0          0         84   noretval__2sprintf.o
        16          4          0          0          0         76   rt_ctype_table.o
         8          4          0          0          0         68   rt_errno_addr_intlibspace.o
         8          4          0          0          0         68   rt_locale_intlibspace.o
        68          0          0          0          0         68   rt_memclr.o
        78          0          0          0          0         80   rt_memclr_w.o
       138          0          0          0          0         68   rt_memcpy_v6.o
       100          0          0          0          0         80   rt_memcpy_w.o
         0          0          0          0          0          0   rtentry.o
        12          0          0          0          0          0   rtentry2.o
         6          0          0          0          0          0   rtentry4.o
         2          0          0          0          0          0   rtexit.o
        10          0          0          0          0          0   rtexit2.o
       128          0          0          0          0         68   strcmpv7m.o
        72          0          0          0          0         80   strcpy.o
        62          0          0          0          0         76   strlen.o
        86          0          0          0          0         76   strncpy.o
       112          0          0          0          0         88   strtol.o
       114          0          0          0          0         92   strtoul.o
        12          4          0          0          0         68   sys_exit.o
        74          0          0          0          0         80   sys_stackheap_outer.o
         2          0          0          0          0         68   use_no_semi.o
       804         16          0          0          0        272   daddsub_clz.o
        94          4          0          0          0         92   dfix.o
        38          0          0          0          0         68   dflt_clz.o
       340         12          0          0          0        104   dmul.o
       156          4          0          0          0         92   dnaninf.o
        12          0          0          0          0         68   dretinf.o
        86          4          0          0          0         84   f2d.o
       388         76          0          0          0         96   fdiv.o
        38          0          0          0          0         68   fflt_clz.o
       140          4          0          0          0         84   fnaninf.o
        10          0          0          0          0         68   fretinf.o
         4          0          0          0          0         68   printf1.o
         0          0          0          0          0          0   usenofp.o
        40          0          0          0          0         68   fpclassify.o

    ----------------------------------------------------------------------
      8112        348        448          0        100       5204   Library Totals
        12          0          0          0          4          0   (incl. Padding)

    ----------------------------------------------------------------------

      Code (inc. data)   RO Data    RW Data    ZI Data      Debug   Library Name

      5950        228        448          0         96       3972   c_w.l
      2110        120          0          0          0       1164   fz_ws.l
        40          0          0          0          0         68   m_ws.l

    ----------------------------------------------------------------------
      8112        348        448          0        100       5204   Library Totals

    ----------------------------------------------------------------------

==============================================================================


      Code (inc. data)   RO Data    RW Data    ZI Data      Debug   

     45044       2606      15084        288      25736     458736   Grand Totals
     45044       2606      15084        288      25736     458736   ELF Image Totals
     45044       2606      15084        288          0          0   ROM Totals

==============================================================================

    Total RO  Size (Code + RO Data)                60128 (  58.72kB)
    Total RW  Size (RW Data + ZI Data)             26024 (  25.41kB)
    Total ROM Size (Code + RO Data + RW Data)      60416 (  59.00kB)

==============================================================================

