L 1 "src\gui\guiGraphics\font_h10_bold.c"
N/*****************************************************
N    Font generation template
N*****************************************************/
N
N#include <stdint.h>
L 1 "C:\Keil\ARM\RV31\Inc\stdint.h" 1
N/* Copyright (C) ARM Ltd., 1999 */
N/* All rights reserved */
N
N/*
N * RCS $Revision: 137748 $
N * Checkin $Date: 2008-09-11 17:34:24 +0100 (Thu, 11 Sep 2008) $
N * Revising $Author: agrant $
N */
N
N#ifndef __stdint_h
N#define __stdint_h
N
N  #ifndef __STDINT_DECLS
N  #define __STDINT_DECLS
N
N    #undef __CLIBNS
N
N    #ifdef __cplusplus
S      namespace std {
S          #define __CLIBNS std::
S          extern "C" {
N    #else
N      #define __CLIBNS
N    #endif  /* __cplusplus */
N
N
N/*
N * 'signed' is redundant below, except for 'signed char' and if
N * the typedef is used to declare a bitfield.
N * '__int64' is used instead of 'long long' so that this header
N * can be used in --strict mode.
N */
N
N    /* 7.18.1.1 */
N
N    /* exact-width signed integer types */
Ntypedef   signed          char int8_t;
Ntypedef   signed short     int int16_t;
Ntypedef   signed           int int32_t;
Ntypedef   signed       __int64 int64_t;
N
N    /* exact-width unsigned integer types */
Ntypedef unsigned          char uint8_t;
Ntypedef unsigned short     int uint16_t;
Ntypedef unsigned           int uint32_t;
Ntypedef unsigned       __int64 uint64_t;
N
N    /* 7.18.1.2 */
N
N    /* smallest type of at least n bits */
N    /* minimum-width signed integer types */
Ntypedef   signed          char int_least8_t;
Ntypedef   signed short     int int_least16_t;
Ntypedef   signed           int int_least32_t;
Ntypedef   signed       __int64 int_least64_t;
N
N    /* minimum-width unsigned integer types */
Ntypedef unsigned          char uint_least8_t;
Ntypedef unsigned short     int uint_least16_t;
Ntypedef unsigned           int uint_least32_t;
Ntypedef unsigned       __int64 uint_least64_t;
N
N    /* 7.18.1.3 */
N
N    /* fastest minimum-width signed integer types */
Ntypedef   signed           int int_fast8_t;
Ntypedef   signed           int int_fast16_t;
Ntypedef   signed           int int_fast32_t;
Ntypedef   signed       __int64 int_fast64_t;
N
N    /* fastest minimum-width unsigned integer types */
Ntypedef unsigned           int uint_fast8_t;
Ntypedef unsigned           int uint_fast16_t;
Ntypedef unsigned           int uint_fast32_t;
Ntypedef unsigned       __int64 uint_fast64_t;
N
N    /* 7.18.1.4 integer types capable of holding object pointers */
Ntypedef   signed           int intptr_t;
Ntypedef unsigned           int uintptr_t;
N
N    /* 7.18.1.5 greatest-width integer types */
Ntypedef   signed       __int64 intmax_t;
Ntypedef unsigned       __int64 uintmax_t;
N
N
N#if !defined(__cplusplus) || defined(__STDC_LIMIT_MACROS)
X#if !0L || 0L
N
N    /* 7.18.2.1 */
N
N    /* minimum values of exact-width signed integer types */
N#define INT8_MIN                   -128
N#define INT16_MIN                -32768
N#define INT32_MIN          (~0x7fffffff)   /* -2147483648 is unsigned */
N#define INT64_MIN  __ESCAPE__(~0x7fffffffffffffffll) /* -9223372036854775808 is unsigned */
N
N    /* maximum values of exact-width signed integer types */
N#define INT8_MAX                    127
N#define INT16_MAX                 32767
N#define INT32_MAX            2147483647
N#define INT64_MAX  __ESCAPE__(9223372036854775807ll)
N
N    /* maximum values of exact-width unsigned integer types */
N#define UINT8_MAX                   255
N#define UINT16_MAX                65535
N#define UINT32_MAX           4294967295u
N#define UINT64_MAX __ESCAPE__(18446744073709551615ull)
N
N    /* 7.18.2.2 */
N
N    /* minimum values of minimum-width signed integer types */
N#define INT_LEAST8_MIN                   -128
N#define INT_LEAST16_MIN                -32768
N#define INT_LEAST32_MIN          (~0x7fffffff)
N#define INT_LEAST64_MIN  __ESCAPE__(~0x7fffffffffffffffll)
N
N    /* maximum values of minimum-width signed integer types */
N#define INT_LEAST8_MAX                    127
N#define INT_LEAST16_MAX                 32767
N#define INT_LEAST32_MAX            2147483647
N#define INT_LEAST64_MAX  __ESCAPE__(9223372036854775807ll)
N
N    /* maximum values of minimum-width unsigned integer types */
N#define UINT_LEAST8_MAX                   255
N#define UINT_LEAST16_MAX                65535
N#define UINT_LEAST32_MAX           4294967295u
N#define UINT_LEAST64_MAX __ESCAPE__(18446744073709551615ull)
N
N    /* 7.18.2.3 */
N
N    /* minimum values of fastest minimum-width signed integer types */
N#define INT_FAST8_MIN           (~0x7fffffff)
N#define INT_FAST16_MIN          (~0x7fffffff)
N#define INT_FAST32_MIN          (~0x7fffffff)
N#define INT_FAST64_MIN  __ESCAPE__(~0x7fffffffffffffffll)
N
N    /* maximum values of fastest minimum-width signed integer types */
N#define INT_FAST8_MAX             2147483647
N#define INT_FAST16_MAX            2147483647
N#define INT_FAST32_MAX            2147483647
N#define INT_FAST64_MAX  __ESCAPE__(9223372036854775807ll)
N
N    /* maximum values of fastest minimum-width unsigned integer types */
N#define UINT_FAST8_MAX            4294967295u
N#define UINT_FAST16_MAX           4294967295u
N#define UINT_FAST32_MAX           4294967295u
N#define UINT_FAST64_MAX __ESCAPE__(18446744073709551615ull)
N
N    /* 7.18.2.4 */
N
N    /* minimum value of pointer-holding signed integer type */
N#define INTPTR_MIN (~0x7fffffff)
N
N    /* maximum value of pointer-holding signed integer type */
N#define INTPTR_MAX   2147483647
N
N    /* maximum value of pointer-holding unsigned integer type */
N#define UINTPTR_MAX  4294967295u
N
N    /* 7.18.2.5 */
N
N    /* minimum value of greatest-width signed integer type */
N#define INTMAX_MIN  __ESCAPE__(~0x7fffffffffffffffll)
N
N    /* maximum value of greatest-width signed integer type */
N#define INTMAX_MAX  __ESCAPE__(9223372036854775807ll)
N
N    /* maximum value of greatest-width unsigned integer type */
N#define UINTMAX_MAX __ESCAPE__(18446744073709551615ull)
N
N    /* 7.18.3 */
N
N    /* limits of ptrdiff_t */
N#define PTRDIFF_MIN (~0x7fffffff)
N#define PTRDIFF_MAX   2147483647
N
N    /* limits of sig_atomic_t */
N#define SIG_ATOMIC_MIN (~0x7fffffff)
N#define SIG_ATOMIC_MAX   2147483647
N
N    /* limit of size_t */
N#define SIZE_MAX 4294967295u
N
N    /* limits of wchar_t */
N    /* NB we have to undef and redef because they're defined in both
N     * stdint.h and wchar.h */
N#undef WCHAR_MIN
N#undef WCHAR_MAX
N
N#if defined(__WCHAR32)
X#if 0L
S  #define WCHAR_MIN   0
S  #define WCHAR_MAX   0xffffffffU
N#else
N  #define WCHAR_MIN   0
N  #define WCHAR_MAX   65535
N#endif
N
N    /* limits of wint_t */
N#define WINT_MIN (~0x7fffffff)
N#define WINT_MAX 2147483647
N
N#endif /* __STDC_LIMIT_MACROS */
N
N#if !defined(__cplusplus) || defined(__STDC_CONSTANT_MACROS)
X#if !0L || 0L
N
N    /* 7.18.4.1 macros for minimum-width integer constants */
N#define INT8_C(x)   (x)
N#define INT16_C(x)  (x)
N#define INT32_C(x)  (x)
N#define INT64_C(x)  __ESCAPE__(x ## ll)
N
N#define UINT8_C(x)  (x ## u)
N#define UINT16_C(x) (x ## u)
N#define UINT32_C(x) (x ## u)
N#define UINT64_C(x) __ESCAPE__(x ## ull)
N
N    /* 7.18.4.2 macros for greatest-width integer constants */
N#define INTMAX_C(x)  __ESCAPE__(x ## ll)
N#define UINTMAX_C(x) __ESCAPE__(x ## ull)
N
N#endif /* __STDC_CONSTANT_MACROS */
N
N    #ifdef __cplusplus
S         }  /* extern "C" */
S      }  /* namespace std */
N    #endif /* __cplusplus */
N  #endif /* __STDINT_DECLS */
N
N  #ifdef __cplusplus
S    #ifndef __STDINT_NO_EXPORTS
S      using ::std::int8_t;
S      using ::std::int16_t;
S      using ::std::int32_t;
S      using ::std::int64_t;
S      using ::std::uint8_t;
S      using ::std::uint16_t;
S      using ::std::uint32_t;
S      using ::std::uint64_t;
S      using ::std::int_least8_t;
S      using ::std::int_least16_t;
S      using ::std::int_least32_t;
S      using ::std::int_least64_t;
S      using ::std::uint_least8_t;
S      using ::std::uint_least16_t;
S      using ::std::uint_least32_t;
S      using ::std::uint_least64_t;
S      using ::std::int_fast8_t;
S      using ::std::int_fast16_t;
S      using ::std::int_fast32_t;
S      using ::std::int_fast64_t;
S      using ::std::uint_fast8_t;
S      using ::std::uint_fast16_t;
S      using ::std::uint_fast32_t;
S      using ::std::uint_fast64_t;
S      using ::std::intptr_t;
S      using ::std::uintptr_t;
S      using ::std::intmax_t;
S      using ::std::uintmax_t;
S    #endif 
N  #endif /* __cplusplus */
N
N#endif /* __stdint_h */
N
N/* end of stdint.h */
N
N
L 6 "src\gui\guiGraphics\font_h10_bold.c" 2
N#include "guiFonts.h"
L 1 "src\gui\guiGraphics\guiFonts.h" 1
N#ifndef __GUI_FONTS_H_
N#define __GUI_FONTS_H_
N
N#include <stdint.h>
N
N/*
N    A font may have all chars present, or only some subset of chars.
N    If a font has contiguous set of chars, starting with some char code,
N    it is indicated by setting charTable to 0 and defining firstCharCode value.
N    Field charCount tells how many chars the font has.
N    Accessing some char with char code c in this case is trivial and looks like this:
N        c -= font.firstCharCode;
N        char_data = font.data[c * font.bytesPerChar];
N    If a font has non-contiguous set of chars, their char codes are specified in codeTable,
N    and offset relative to font.data is specified in offsetTable.
N
N    A font may be monospaced or variable-spaced.
N    If a font is monospaced, widthTable must be set to 0. All chars will have the same width = font.width.
N    If font is variable-spaced, widthTable is used - it contains width for every char.
N
N    If font has non-contiguous set of chars, or font is variable-spaced, font processing routines need to know,
N    where particular char image is located. This information provides offsetTable.
N
N    So, a font can be one of the following:
N        - monospaced, char subset is contiguous:
N            codeTable:      -
N            widthTable:     -
N            offsetTable:    -
N        - monospaced, char subset is non-contiguous:
N            codeTable:      present
N            widthTable:     -
N            offsetTable:    present
N        - variable-spaced, char subset is contiguous:
N            codeTable:      -
N            widthTable:     present
N            offsetTable:    present
N        - variable-spaced, char subset is non-contiguous:
N            codeTable:      present
N            widthTable:     present
N            offsetTable:    present
N
N        Font MUST have valid offsetTable when codeTable or widthTable are used.
N*/
N
N
N//---------------------------------------------//
N// Fonts typedefs
N
Ntypedef struct 
N{
N    uint8_t height;                     // font chars height
N    uint8_t width;                      // actual for monospaced, ignored for variable-width fonts
N    uint8_t charCount;                  // Total number of chars in the font
N    uint8_t spacing;                    // Additional space between chars
N    uint8_t bytesPerChar;               // Actual for monospaced, ignored for variable-length fonts
N    uint8_t firstCharCode;              // Used if there is no charTable - specifies first avaliable char code in the font.
N    const uint8_t *codeTable;           // Used if not all symbols are prensent in the font. Otherwise must be 0.
N    const uint8_t *widthTable;          // Used if font is not monospaced. Otherwise must be 0.
N    const uint16_t *offsetTable;        // Used with codeTable or widthTable
N    const uint8_t *data;                // Font data - contiguous byte array
N} tFont;
N
N
Nextern const tFont font_h11;
Nextern const tFont font_h32;
Nextern const tFont font_h10;
Nextern const tFont font_h10_bold;
Nextern const tFont font_6x8_mono;
Nextern const tFont font_h16;
N
N
N#endif
L 7 "src\gui\guiGraphics\font_h10_bold.c" 2
N
Nstatic const uint8_t font_h10_data [] =
N{
N    // symbol 0x01
N    0x78, 0xA4, 0x4A, 0x42, 0x4A, 0xA4, 0x78, 0x00,
N    0x00, 0x01, 0x01, 0x01, 0x00, 0x00,
N
N    // symbol 0x02
N    0x78, 0xDC, 0xB6, 0xBE, 0xB6, 0xDC, 0x78, 0x00,
N    0x00, 0x01, 0x01, 0x01, 0x00, 0x00,
N
N    // symbol 0x03
N    0x1C, 0x3E, 0x7E, 0xFC, 0x7E, 0x3E, 0x1C, 0x00,
N    0x00, 0x00, 0x00, 0x00, 0x00, 0x00,
N
N    // symbol 0x04
N    0x10, 0x38, 0x7C, 0xFE, 0x7C, 0x38, 0x10, 0x00,
N    0x00, 0x00, 0x00, 0x00, 0x00, 0x00,
N
N    // symbol 0x05
N    0x30, 0x78, 0x77, 0xBF, 0x77, 0x78, 0x30, 0x00,
N    0x01, 0x01, 0x01, 0x01, 0x01, 0x00,
N
N    // symbol 0x06
N    0x38, 0x7C, 0x7E, 0xBF, 0x7E, 0x7C, 0x38, 0x00,
N    0x01, 0x01, 0x01, 0x01, 0x01, 0x00,
N
N    // symbol 0x07
N    0x70, 0xF8, 0xF8, 0xF8, 0x70, 0x00, 0x00, 0x00,
N    0x00, 0x00, 0x00, 0x00,
N
N    // symbol 0x08
N    0x8F, 0x07, 0x07, 0x07, 0x8F, 0xFF, 0x03, 0x03,
N    0x03, 0x03, 0x03, 0x03,
N
N    // symbol 0x09
N    0x70, 0x88, 0x88, 0x88, 0x70, 0x00, 0x00, 0x00,
N    0x00, 0x00, 0x00, 0x00,
N
N    // symbol 0x0A
N    0x8F, 0x77, 0x77, 0x77, 0x8F, 0xFF, 0x03, 0x03,
N    0x03, 0x03, 0x03, 0x03,
N
N    // symbol 0x0B
N    0xE0, 0x10, 0x10, 0x1A, 0xE6, 0x0E, 0x00, 0x00,
N    0x01, 0x01, 0x01, 0x00, 0x00, 0x00,
N
N    // symbol 0x0C
N    0x4E, 0x51, 0xF1, 0x51, 0x4E, 0x00, 0x00, 0x00,
N    0x01, 0x00, 0x00, 0x00,
N
N    // symbol 0x0D
N    0x80, 0x80, 0xFE, 0x04, 0x38, 0x00, 0x01, 0x01,
N    0x00, 0x00, 0x00, 0x00,
N
N    // symbol 0x0E
N    0x80, 0x80, 0xFE, 0x0A, 0xC5, 0xC5, 0x7F, 0x01,
N    0x01, 0x00, 0x00, 0x00, 0x00, 0x00,
N
N    // symbol 0x0F
N    0x10, 0xBA, 0x44, 0xC7, 0x44, 0xBA, 0x10, 0x00,
N    0x00, 0x00, 0x01, 0x00, 0x00, 0x00,
N
N    // symbol 0x10
N    0xFC, 0xF8, 0x70, 0x20, 0x00, 0x01, 0x00, 0x00,
N    0x00, 0x00,
N
N    // symbol 0x11
N    0x20, 0x70, 0xF8, 0xFC, 0x00, 0x00, 0x00, 0x00,
N    0x01, 0x00,
N
N    // symbol 0x12
N    0x44, 0xC6, 0xFF, 0xC6, 0x44, 0x00, 0x00, 0x00,
N    0x01, 0x00, 0x00, 0x00,
N
N    // symbol 0x13
N    0xBF, 0xBF, 0x00, 0xBF, 0xBF, 0x00, 0x01, 0x01,
N    0x00, 0x01, 0x01, 0x00,
N
N    // symbol 0x14
N    0x0E, 0x1F, 0x11, 0xFF, 0x01, 0xFF, 0x00, 0x00,
N    0x00, 0x01, 0x00, 0x01,
N
N    // symbol 0x15
N    0x8E, 0xBF, 0x29, 0xFB, 0xE3, 0x00, 0x01, 0x01,
N    0x01, 0x01, 0x00, 0x00,
N
N    // symbol 0x16
N    0xC0, 0xC0, 0xC0, 0xC0, 0xC0, 0x00, 0x01, 0x01,
N    0x01, 0x01, 0x01, 0x00,
N
N    // symbol 0x17
N    0x24, 0x66, 0xFF, 0x66, 0x24, 0x00, 0x01, 0x01,
N    0x01, 0x01, 0x01, 0x00,
N
N    // symbol 0x18
N    0x04, 0x06, 0xFF, 0x06, 0x04, 0x00, 0x00, 0x00,
N    0x01, 0x00, 0x00, 0x00,
N
N    // symbol 0x19
N    0x40, 0xC0, 0xFF, 0xC0, 0x40, 0x00, 0x00, 0x00,
N    0x01, 0x00, 0x00, 0x00,
N
N    // symbol 0x1A
N    0x20, 0x20, 0x20, 0xF8, 0x70, 0x20, 0x00, 0x00,
N    0x00, 0x00, 0x00, 0x00, 0x00, 0x00,
N
N    // symbol 0x1B
N    0x20, 0x70, 0xF8, 0x20, 0x20, 0x20, 0x00, 0x00,
N    0x00, 0x00, 0x00, 0x00, 0x00, 0x00,
N
N    // symbol 0x1C
N    0xF0, 0x00, 0x00, 0x00, 0x00, 0x00, 0x01, 0x01,
N    0x01, 0x01, 0x01, 0x00,
N
N    // symbol 0x1D
N    0x20, 0x70, 0xF8, 0x20, 0xF8, 0x70, 0x20, 0x00,
N    0x00, 0x00, 0x00, 0x00, 0x00, 0x00,
N
N    // symbol 0x1E
N    0xC0, 0xF0, 0xFC, 0xFF, 0xFC, 0xF0, 0xC0, 0x00,
N    0x00, 0x00, 0x00, 0x00, 0x00, 0x00,
N
N    // symbol 0x1F
N    0x06, 0x1E, 0x7E, 0xFE, 0x7E, 0x1E, 0x06, 0x00,
N    0x00, 0x00, 0x01, 0x00, 0x00, 0x00,
N
N    // symbol 0x20
N    0x00, 0x00, 0x00, 0x00, 0x00, 0x00, 0x00, 0x00,
N    0x00, 0x00, 0x00, 0x00, 0x00, 0x00,
N
N    // symbol 0x21
N    0xBF, 0xBF, 0x00, 0x01, 0x01, 0x00,
N
N    // symbol 0x22
N    0x07, 0x07, 0x00, 0x07, 0x07, 0x00, 0x00, 0x00,
N    0x00, 0x00, 0x00, 0x00,
N
N    // symbol 0x23
N    0x48, 0xFE, 0x48, 0xFE, 0x48, 0x00, 0x00, 0x01,
N    0x00, 0x01, 0x00, 0x00,
N
N    // symbol 0x24
N    0x4C, 0x9E, 0x93, 0xF2, 0x64, 0x00, 0x00, 0x00,
N    0x03, 0x00, 0x00, 0x00,
N
N    // symbol 0x25
N    0xC6, 0xE9, 0x36, 0xD8, 0x2F, 0xC7, 0x01, 0x01,
N    0x00, 0x00, 0x01, 0x00,
N
N    // symbol 0x26
N    0xE6, 0xFF, 0x19, 0xFF, 0xE6, 0x30, 0x00, 0x01,
N    0x01, 0x00, 0x01, 0x01,
N
N    // symbol 0x27
N    0x04, 0x07, 0x03, 0x00, 0x00, 0x00, 0x00, 0x00,
N
N    // symbol 0x28
N    0x7C, 0xFE, 0x83, 0x01, 0x00, 0x00, 0x00, 0x01,
N    0x01, 0x00,
N
N    // symbol 0x29
N    0x01, 0x83, 0xFE, 0x7C, 0x00, 0x01, 0x01, 0x00,
N    0x00, 0x00,
N
N    // symbol 0x2A
N    0x10, 0x54, 0x7C, 0x38, 0x7C, 0x54, 0x10, 0x00,
N    0x00, 0x00, 0x00, 0x00, 0x00, 0x00,
N
N    // symbol 0x2B
N    0x20, 0x20, 0xF8, 0xF8, 0x20, 0x20, 0x00, 0x00,
N    0x00, 0x00, 0x00, 0x00,
N
N    // symbol 0x2C
N    0x80, 0x80, 0x80, 0x00, 0x01, 0x03, 0x03, 0x00,
N
N    // symbol 0x2D
N    0x20, 0x20, 0x20, 0x20, 0x20, 0x00, 0x00, 0x00,
N    0x00, 0x00, 0x00, 0x00,
N
N    // symbol 0x2E
N    0x80, 0x80, 0x80, 0x00, 0x01, 0x01, 0x01, 0x00,
N
N    // symbol 0x2F
N    0x00, 0xC0, 0xF0, 0x3C, 0x0F, 0x03, 0x00, 0x01,
N    0x01, 0x00, 0x00, 0x00, 0x00, 0x00,
N
N    // symbol 0x30
N    0xFE, 0xFF, 0x01, 0xFF, 0xFF, 0x00, 0x01, 0x01,
N    0x01, 0x01, 0x00, 0x00,
N
N    // symbol 0x31
N    0x04, 0x06, 0xFF, 0xFF, 0x00, 0x00, 0x00, 0x01,
N    0x01, 0x00,
N
N    // symbol 0x32
N    0x86, 0xC7, 0x71, 0x3F, 0x0E, 0x00, 0x01, 0x01,
N    0x01, 0x01, 0x01, 0x00,
N
N    // symbol 0x33
N    0x82, 0x93, 0x11, 0xFF, 0xEE, 0x00, 0x00, 0x01,
N    0x01, 0x01, 0x00, 0x00,
N
N    // symbol 0x34
N    0x78, 0x7F, 0x47, 0xF8, 0xF8, 0x40, 0x00, 0x00,
N    0x00, 0x01, 0x01, 0x00,
N
N    // symbol 0x35
N    0x9F, 0x9F, 0x11, 0xF1, 0xE1, 0x00, 0x00, 0x01,
N    0x01, 0x01, 0x00, 0x00,
N
N    // symbol 0x36
N    0xF8, 0xFE, 0x17, 0xF1, 0xE0, 0x00, 0x00, 0x01,
N    0x01, 0x01, 0x00, 0x00,
N
N    // symbol 0x37
N    0x01, 0xC1, 0xF9, 0x3F, 0x07, 0x00, 0x00, 0x01,
N    0x01, 0x00, 0x00, 0x00,
N
N    // symbol 0x38
N    0xEE, 0xFF, 0x11, 0xFF, 0xEE, 0x00, 0x00, 0x01,
N    0x01, 0x01, 0x00, 0x00,
N
N    // symbol 0x39
N    0x0E, 0x9F, 0xF1, 0x7F, 0x1E, 0x00, 0x01, 0x01,
N    0x00, 0x00, 0x00, 0x00,
N
N    // symbol 0x3A
N    0x8C, 0x8C, 0x8C, 0x00, 0x01, 0x01, 0x01, 0x00,
N
N    // symbol 0x3B
N    0x8C, 0x8C, 0x8C, 0x00, 0x01, 0x03, 0x03, 0x00,
N
N    // symbol 0x3C
N    0x10, 0x38, 0x6C, 0xC6, 0x83, 0x00, 0x00, 0x00,
N    0x00, 0x00, 0x01, 0x00,
N
N    // symbol 0x3D
N    0x48, 0x48, 0x48, 0x48, 0x48, 0x00, 0x00, 0x00,
N    0x00, 0x00, 0x00, 0x00,
N
N    // symbol 0x3E
N    0x83, 0xC6, 0x6C, 0x38, 0x10, 0x00, 0x01, 0x00,
N    0x00, 0x00, 0x00, 0x00,
N
N    // symbol 0x3F
N    0x06, 0xA7, 0xB1, 0x1F, 0x0E, 0x00, 0x00, 0x01,
N    0x01, 0x00, 0x00, 0x00,
N
N    // symbol 0x40
N    0x7C, 0xFE, 0x83, 0x39, 0x45, 0x3E, 0x00, 0x00,
N    0x01, 0x01, 0x01, 0x01,
N
N    // symbol 0x41
N    0xFC, 0xFE, 0x23, 0xFE, 0xFC, 0x00, 0x01, 0x01,
N    0x00, 0x01, 0x01, 0x00,
N
N    // symbol 0x42
N    0xFF, 0xFF, 0x11, 0xFF, 0xEE, 0x00, 0x01, 0x01,
N    0x01, 0x01, 0x00, 0x00,
N
N    // symbol 0x43
N    0xFE, 0xFF, 0x01, 0xC7, 0xC6, 0x00, 0x00, 0x01,
N    0x01, 0x01, 0x00, 0x00,
N
N    // symbol 0x44
N    0xFF, 0xFF, 0x01, 0xFF, 0xFE, 0x00, 0x01, 0x01,
N    0x01, 0x01, 0x00, 0x00,
N
N    // symbol 0x45
N    0xFF, 0xFF, 0x11, 0x11, 0x01, 0x00, 0x01, 0x01,
N    0x01, 0x01, 0x01, 0x00,
N
N    // symbol 0x46
N    0xFF, 0xFF, 0x11, 0x11, 0x01, 0x00, 0x01, 0x01,
N    0x00, 0x00, 0x00, 0x00,
N
N    // symbol 0x47
N    0xFE, 0xFF, 0x01, 0xF3, 0xF2, 0x00, 0x00, 0x01,
N    0x01, 0x01, 0x00, 0x00,
N
N    // symbol 0x48
N    0xFF, 0xFF, 0x10, 0xFF, 0xFF, 0x00, 0x01, 0x01,
N    0x00, 0x01, 0x01, 0x00,
N
N    // symbol 0x49
N    0x01, 0xFF, 0xFF, 0x01, 0x00, 0x01, 0x01, 0x01,
N    0x01, 0x00,
N
N    // symbol 0x4A
N    0xC0, 0xC0, 0x00, 0xFF, 0xFF, 0x00, 0x00, 0x01,
N    0x01, 0x01, 0x00, 0x00,
N
N    // symbol 0x4B
N    0xFF, 0xFF, 0x38, 0xEF, 0xC7, 0x00, 0x01, 0x01,
N    0x00, 0x01, 0x01, 0x00,
N
N    // symbol 0x4C
N    0xFF, 0xFF, 0x00, 0x00, 0x00, 0x00, 0x01, 0x01,
N    0x01, 0x01, 0x01, 0x00,
N
N    // symbol 0x4D
N    0xFF, 0xFF, 0x1C, 0x70, 0x1C, 0xFF, 0xFF, 0x01,
N    0x01, 0x00, 0x00, 0x00, 0x01, 0x01,
N
N    // symbol 0x4E
N    0xFF, 0xFF, 0x1C, 0x30, 0xFF, 0xFF, 0x01, 0x01,
N    0x00, 0x00, 0x01, 0x01,
N
N    // symbol 0x4F
N    0xFE, 0xFF, 0x01, 0xFF, 0xFE, 0x00, 0x00, 0x01,
N    0x01, 0x01, 0x00, 0x00,
N
N    // symbol 0x50
N    0xFF, 0xFF, 0x11, 0x1F, 0x0E, 0x00, 0x01, 0x01,
N    0x00, 0x00, 0x00, 0x00,
N
N    // symbol 0x51
N    0xFE, 0xFF, 0x01, 0xFF, 0xFE, 0x00, 0x00, 0x01,
N    0x03, 0x03, 0x00, 0x00,
N
N    // symbol 0x52
N    0xFF, 0xFF, 0x11, 0xFF, 0xEE, 0x00, 0x01, 0x01,
N    0x00, 0x01, 0x01, 0x00,
N
N    // symbol 0x53
N    0xCE, 0x9F, 0x39, 0xF3, 0xE6, 0x00, 0x00, 0x01,
N    0x01, 0x01, 0x00, 0x00,
N
N    // symbol 0x54
N    0x01, 0x01, 0xFF, 0xFF, 0x01, 0x01, 0x00, 0x00,
N    0x01, 0x01, 0x00, 0x00,
N
N    // symbol 0x55
N    0xFF, 0xFF, 0x00, 0xFF, 0xFF, 0x00, 0x00, 0x01,
N    0x01, 0x01, 0x00, 0x00,
N
N    // symbol 0x56
N    0x7F, 0xFF, 0x80, 0xFF, 0x7F, 0x00, 0x00, 0x00,
N    0x01, 0x00, 0x00, 0x00,
N
N    // symbol 0x57
N    0x3F, 0xFF, 0xC0, 0x3C, 0xC0, 0xFF, 0x3F, 0x00,
N    0x01, 0x01, 0x00, 0x01, 0x01, 0x00,
N
N    // symbol 0x58
N    0xC7, 0xEF, 0x38, 0xEF, 0xC7, 0x00, 0x01, 0x01,
N    0x00, 0x01, 0x01, 0x00,
N
N    // symbol 0x59
N    0x0F, 0x1F, 0xF0, 0xF0, 0x1F, 0x0F, 0x00, 0x00,
N    0x01, 0x01, 0x00, 0x00,
N
N    // symbol 0x5A
N    0xC1, 0xF1, 0x3D, 0x0F, 0x03, 0x00, 0x01, 0x01,
N    0x01, 0x01, 0x01, 0x00,
N
N    // symbol 0x5B
N    0x01, 0x01, 0x00, 0x02, 0x02, 0x00,
N
N    // symbol 0x5C
N    0x03, 0x0F, 0x3C, 0xF0, 0xC0, 0x00, 0x00, 0x00,
N    0x00, 0x00, 0x01, 0x01,
N
N    // symbol 0x5D
N    0x01, 0x01, 0xFF, 0xFF, 0x00, 0x02, 0x02, 0x03,
N    0x03, 0x00,
N
N    // symbol 0x5E
N    0x04, 0x06, 0x03, 0x06, 0x04, 0x00, 0x00, 0x00,
N    0x00, 0x00, 0x00, 0x00,
N
N    // symbol 0x5F
N    0x00, 0x00, 0x00, 0x00, 0x00, 0x00, 0x00, 0x02,
N    0x02, 0x02, 0x02, 0x02, 0x02, 0x02,
N
N    // symbol 0x60
N    0x03, 0x07, 0x04, 0x00, 0x00, 0x00, 0x00, 0x00,
N
N    // symbol 0x61
N    0xC0, 0xE8, 0x28, 0xF8, 0xF0, 0x00, 0x00, 0x01,
N    0x01, 0x01, 0x01, 0x00,
N
N    // symbol 0x62
N    0xFF, 0xFF, 0x08, 0xF8, 0xF0, 0x00, 0x01, 0x01,
N    0x01, 0x01, 0x00, 0x00,
N
N    // symbol 0x63
N    0xF0, 0xF8, 0x08, 0x98, 0x90, 0x00, 0x00, 0x01,
N    0x01, 0x01, 0x00, 0x00,
N
N    // symbol 0x64
N    0xF0, 0xF8, 0x08, 0xFF, 0xFF, 0x00, 0x00, 0x01,
N    0x01, 0x01, 0x01, 0x00,
N
N    // symbol 0x65
N    0xF0, 0xF8, 0x28, 0x38, 0xB0, 0x00, 0x00, 0x01,
N    0x01, 0x01, 0x00, 0x00,
N
N    // symbol 0x66
N    0x08, 0xFE, 0xFF, 0x09, 0x09, 0x00, 0x00, 0x01,
N    0x01, 0x00, 0x00, 0x00,
N
N    // symbol 0x67
N    0x38, 0x7C, 0x44, 0xFC, 0xFC, 0x00, 0x01, 0x02,
N    0x02, 0x03, 0x01, 0x00,
N
N    // symbol 0x68
N    0xFF, 0xFF, 0x08, 0xF8, 0xF0, 0x00, 0x01, 0x01,
N    0x00, 0x01, 0x01, 0x00,
N
N    // symbol 0x69
N    0x08, 0xF9, 0xF9, 0x00, 0x00, 0x01, 0x01, 0x01,
N    0x01, 0x00,
N
N    // symbol 0x6A
N    0x00, 0x08, 0xF9, 0xF9, 0x00, 0x02, 0x02, 0x03,
N    0x01, 0x00,
N
N    // symbol 0x6B
N    0xFF, 0xFF, 0x70, 0xD8, 0x88, 0x00, 0x01, 0x01,
N    0x00, 0x01, 0x01, 0x00,
N
N    // symbol 0x6C
N    0x01, 0xFF, 0xFF, 0x00, 0x00, 0x01, 0x01, 0x01,
N    0x01, 0x00,
N
N    // symbol 0x6D
N    0xF8, 0xF8, 0x18, 0xF0, 0x18, 0xF8, 0xF0, 0x01,
N    0x01, 0x00, 0x00, 0x00, 0x01, 0x01,
N
N    // symbol 0x6E
N    0xF8, 0xF8, 0x08, 0xF8, 0xF0, 0x00, 0x01, 0x01,
N    0x00, 0x01, 0x01, 0x00,
N
N    // symbol 0x6F
N    0xF0, 0xF8, 0x08, 0xF8, 0xF0, 0x00, 0x00, 0x01,
N    0x01, 0x01, 0x00, 0x00,
N
N    // symbol 0x70
N    0xF8, 0xF8, 0x08, 0xF8, 0xF0, 0x00, 0x03, 0x03,
N    0x01, 0x01, 0x00, 0x00,
N
N    // symbol 0x71
N    0xF0, 0xF8, 0x08, 0xF8, 0xF8, 0x00, 0x00, 0x01,
N    0x01, 0x03, 0x03, 0x00,
N
N    // symbol 0x72
N    0xF8, 0xF8, 0x10, 0x18, 0x18, 0x00, 0x01, 0x01,
N    0x00, 0x00, 0x00, 0x00,
N
N    // symbol 0x73
N    0x30, 0x78, 0x68, 0xE8, 0xC8, 0x00, 0x01, 0x01,
N    0x01, 0x01, 0x00, 0x00,
N
N    // symbol 0x74
N    0x08, 0xFE, 0xFE, 0x08, 0x00, 0x00, 0x00, 0x00,
N    0x01, 0x01, 0x01, 0x00,
N
N    // symbol 0x75
N    0xF8, 0xF8, 0x00, 0xF8, 0xF8, 0x00, 0x00, 0x01,
N    0x01, 0x01, 0x01, 0x00,
N
N    // symbol 0x76
N    0x78, 0xF8, 0x80, 0xF8, 0x78, 0x00, 0x00, 0x00,
N    0x01, 0x00, 0x00, 0x00,
N
N    // symbol 0x77
N    0x78, 0xF8, 0x80, 0xF0, 0x80, 0xF8, 0x78, 0x00,
N    0x01, 0x01, 0x00, 0x01, 0x01, 0x00,
N
N    // symbol 0x78
N    0x98, 0xF8, 0x60, 0xF8, 0x98, 0x00, 0x01, 0x01,
N    0x00, 0x01, 0x01, 0x00,
N
N    // symbol 0x79
N    0x78, 0xF8, 0x80, 0xF8, 0x78, 0x00, 0x00, 0x02,
N    0x03, 0x01, 0x00, 0x00,
N
N    // symbol 0x7A
N    0x88, 0xC8, 0x68, 0x38, 0x18, 0x00, 0x01, 0x01,
N    0x01, 0x01, 0x01, 0x00,
N
N    // symbol 0x7B
N    0x10, 0xFE, 0xEF, 0x01, 0x01, 0x00, 0x00, 0x00,
N    0x01, 0x01, 0x01, 0x00,
N
N    // symbol 0x7C
N    0xDF, 0xDF, 0x00, 0x03, 0x03, 0x00,
N
N    // symbol 0x7D
N    0x01, 0xEF, 0xFE, 0x10, 0x00, 0x01, 0x01, 0x00,
N    0x00, 0x00,
N
N    // symbol 0x7E
N    0x06, 0x03, 0x07, 0x06, 0x03, 0x00, 0x00, 0x00,
N    0x00, 0x00, 0x00, 0x00,
N
N    // symbol 0x7F
N    0xF0, 0x98, 0x8C, 0x98, 0xF0, 0x00, 0x01, 0x01,
N    0x01, 0x01, 0x01, 0x00,
N
N    // symbol 0x80
N    0x44, 0x00, 0x11, 0x44, 0x00, 0x11, 0x00, 0x00,
N    0x00, 0x01, 0x00, 0x00, 0x01, 0x00,
N
N    // symbol 0x81
N    0xAA, 0x00, 0x55, 0xAA, 0x00, 0x55, 0x00, 0x02,
N    0x00, 0x01, 0x02, 0x00, 0x01, 0x00,
N
N    // symbol 0x82
N    0xAA, 0x55, 0x55, 0xAA, 0x55, 0xAA, 0x55, 0x02,
N    0x01, 0x01, 0x02, 0x01, 0x02, 0x01,
N
N    // symbol 0x83
N    0x00, 0x00,
N
N    // symbol 0x84
N    0x20, 0x20, 0x20, 0xFF, 0x00, 0x00, 0x00, 0x00,
N    0x03, 0x00,
N
N    // symbol 0x85
N    0x50, 0x50, 0x50, 0xFF, 0x00, 0x00, 0x00, 0x00,
N    0x03, 0x00,
N
N    // symbol 0x86
N    0x20, 0x20, 0xFF, 0x00, 0xFF, 0x00, 0x00, 0x00,
N    0x03, 0x00, 0x03, 0x00,
N
N    // symbol 0x87
N    0x20, 0x20, 0xE0, 0x20, 0xE0, 0x00, 0x00, 0x00,
N    0x03, 0x00, 0x03, 0x00,
N
N    // symbol 0x88
N    0x50, 0x50, 0x50, 0xF0, 0x00, 0x00, 0x00, 0x00,
N    0x03, 0x00,
N
N    // symbol 0x89
N    0x50, 0x50, 0xDF, 0x00, 0xFF, 0x00, 0x00, 0x00,
N    0x03, 0x00, 0x03, 0x00,
N
N    // symbol 0x8A
N    0x00, 0xFF, 0x00, 0x00, 0x03, 0x00,
N
N    // symbol 0x8B
N    0x50, 0x50, 0xD0, 0x10, 0xF0, 0x00, 0x00, 0x00,
N    0x03, 0x00, 0x03, 0x00,
N
N    // symbol 0x8C
N    0x50, 0x50, 0x5F, 0x40, 0x7F, 0x00, 0x00, 0x00,
N    0x00, 0x00, 0x00, 0x00,
N
N    // symbol 0x8D
N    0x20, 0x20, 0x3F, 0x20, 0x3F, 0x00, 0x00, 0x00,
N    0x00, 0x00, 0x00, 0x00,
N
N    // symbol 0x8E
N    0x50, 0x50, 0x50, 0x7F, 0x00, 0x00, 0x00, 0x00,
N    0x00, 0x00,
N
N    // symbol 0x8F
N    0x20, 0x20, 0x20, 0xE0, 0x00, 0x00, 0x00, 0x00,
N    0x03, 0x00,
N
N    // symbol 0x90
N    0x3F, 0x20, 0x20, 0x20, 0x00, 0x00, 0x00, 0x00,
N
N    // symbol 0x91
N    0x20, 0x20, 0x20, 0x3F, 0x20, 0x20, 0x20, 0x00,
N    0x00, 0x00, 0x00, 0x00, 0x00, 0x00,
N
N    // symbol 0x92
N    0x20, 0x20, 0x20, 0xE0, 0x20, 0x20, 0x20, 0x00,
N    0x00, 0x00, 0x03, 0x00, 0x00, 0x00,
N
N    // symbol 0x93
N    0x20, 0x20, 0x20, 0x00, 0x00, 0x00,
N
N    // symbol 0x94
N    0x20, 0x20, 0x20, 0x20, 0x20, 0x20, 0x20, 0x00,
N    0x00, 0x00, 0x00, 0x00, 0x00, 0x00,
N
N    // symbol 0x95
N    0x20, 0x20, 0x20, 0xFF, 0x20, 0x20, 0x20, 0x00,
N    0x00, 0x00, 0x03, 0x00, 0x00, 0x00,
N
N    // symbol 0x96
N    0x50, 0x50, 0x50, 0x00, 0x00, 0x00,
N
N    // symbol 0x97
N    0x00, 0xFF, 0x20, 0x20, 0x00, 0x03, 0x00, 0x00,
N
N    // symbol 0x98
N    0x7F, 0x40, 0x5F, 0x50, 0x50, 0x00, 0x00, 0x00,
N    0x00, 0x00,
N
N    // symbol 0x99
N    0xF0, 0x10, 0xD0, 0x50, 0x50, 0x03, 0x00, 0x03,
N    0x00, 0x00,
N
N    // symbol 0x9A
N    0x50, 0x50, 0x5F, 0x40, 0x5F, 0x50, 0x50, 0x00,
N    0x00, 0x00, 0x00, 0x00, 0x00, 0x00,
N
N    // symbol 0x9B
N    0x50, 0x50, 0xD0, 0x10, 0xD0, 0x50, 0x50, 0x00,
N    0x00, 0x03, 0x00, 0x03, 0x00, 0x00,
N
N    // symbol 0x9C
N    0x00, 0xDF, 0x50, 0x50, 0x00, 0x03, 0x00, 0x00,
N
N    // symbol 0x9D
N    0x50, 0x50, 0x50, 0x50, 0x50, 0x50, 0x50, 0x00,
N    0x00, 0x00, 0x00, 0x00, 0x00, 0x00,
N
N    // symbol 0x9E
N    0x50, 0x50, 0xDF, 0x00, 0xDF, 0x50, 0x50, 0x00,
N    0x00, 0x03, 0x00, 0x03, 0x00, 0x00,
N
N    // symbol 0x9F
N    0x50, 0x50, 0x50, 0x5F, 0x50, 0x50, 0x50, 0x00,
N    0x00, 0x00, 0x00, 0x00, 0x00, 0x00,
N
N    // symbol 0xA0
N    0x20, 0x20, 0x3F, 0x20, 0x3F, 0x20, 0x20, 0x00,
N    0x00, 0x00, 0x00, 0x00, 0x00, 0x00,
N
N    // symbol 0xA1
N    0x50, 0x50, 0x50, 0xD0, 0x50, 0x50, 0x50, 0x00,
N    0x00, 0x00, 0x03, 0x00, 0x00, 0x00,
N
N    // symbol 0xA2
N    0x20, 0x20, 0xE0, 0x20, 0xE0, 0x20, 0x20, 0x00,
N    0x00, 0x03, 0x00, 0x03, 0x00, 0x00,
N
N    // symbol 0xA3
N    0x3F, 0x20, 0x3F, 0x20, 0x20, 0x00, 0x00, 0x00,
N    0x00, 0x00,
N
N    // symbol 0xA4
N    0x7F, 0x50, 0x50, 0x50, 0x00, 0x00, 0x00, 0x00,
N
N    // symbol 0xA5
N    0xF0, 0x50, 0x50, 0x50, 0x03, 0x00, 0x00, 0x00,
N
N    // symbol 0xA6
N    0xE0, 0x20, 0xE0, 0x20, 0x20, 0x03, 0x00, 0x03,
N    0x00, 0x00,
N
N    // symbol 0xA7
N    0x20, 0x20, 0xFF, 0x00, 0xFF, 0x20, 0x20, 0x00,
N    0x00, 0x03, 0x00, 0x03, 0x00, 0x00,
N
N    // symbol 0xA8
N    0xFF, 0xFF, 0x12, 0x13, 0x03, 0x00, 0x01, 0x01,
N    0x01, 0x01, 0x01, 0x00,
N
N    // symbol 0xA9
N    0x50, 0x50, 0x50, 0xDF, 0x50, 0x50, 0x50, 0x00,
N    0x00, 0x00, 0x03, 0x00, 0x00, 0x00,
N
N    // symbol 0xAA
N    0x20, 0x20, 0x20, 0x3F, 0x00, 0x00, 0x00, 0x00,
N    0x00, 0x00,
N
N    // symbol 0xAB
N    0xE0, 0x20, 0x20, 0x20, 0x03, 0x00, 0x00, 0x00,
N
N    // symbol 0xAC
N    0xFF, 0xFF, 0xFF, 0xFF, 0xFF, 0xFF, 0xFF, 0x03,
N    0x03, 0x03, 0x03, 0x03, 0x03, 0x03,
N
N    // symbol 0xAD
N    0xC0, 0xC0, 0xC0, 0xC0, 0xC0, 0xC0, 0xC0, 0x03,
N    0x03, 0x03, 0x03, 0x03, 0x03, 0x03,
N
N    // symbol 0xAE
N    0x00, 0x00,
N
N    // symbol 0xAF
N    0xFF, 0x03,
N
N    // symbol 0xB0
N    0x3F, 0x3F, 0x3F, 0x3F, 0x3F, 0x3F, 0x3F, 0x00,
N    0x00, 0x00, 0x00, 0x00, 0x00, 0x00,
N
N    // symbol 0xB1
N    0xFE, 0xFF, 0x11, 0x93, 0x82, 0x00, 0x00, 0x01,
N    0x01, 0x01, 0x00, 0x00,
N
N    // symbol 0xB2
N    0xF0, 0xF8, 0x28, 0x28, 0x08, 0x90, 0x00, 0x01,
N    0x01, 0x01, 0x01, 0x00,
N
N    // symbol 0xB3
N    0x01, 0x01, 0xFC, 0xFC, 0x01, 0x01, 0x00, 0x01,
N    0x01, 0x01, 0x01, 0x00,
N
N    // symbol 0xB4
N    0x03, 0x0B, 0xF8, 0xFB, 0x03, 0x00, 0x00, 0x01,
N    0x01, 0x01, 0x01, 0x00,
N
N    // symbol 0xB5
N    0x78, 0x84, 0x30, 0x30, 0x84, 0x78, 0x00, 0x00,
N    0x00, 0x00, 0x00, 0x00,
N
N    // symbol 0xB6
N    0x78, 0xFA, 0x84, 0xFA, 0x78, 0x00, 0x00, 0x02,
N    0x03, 0x01, 0x00, 0x00,
N
N    // symbol 0xB7
N    0x0E, 0x1F, 0x11, 0x1F, 0x0E, 0x00, 0x00, 0x00,
N    0x00, 0x00, 0x00, 0x00,
N
N    // symbol 0xB8
N    0xF3, 0xFB, 0x28, 0x3B, 0xB3, 0x00, 0x00, 0x01,
N    0x01, 0x01, 0x00, 0x00,
N
N    // symbol 0xB9
N    0x38, 0x7C, 0x7C, 0x38, 0x00, 0x00, 0x00, 0x00,
N    0x00, 0x00,
N
N    // symbol 0xBA
N    0x30, 0x30, 0x00, 0x00, 0x00, 0x00,
N
N    // symbol 0xBB
N    0x40, 0x80, 0x00, 0xFE, 0x02, 0x02, 0x00, 0x00,
N    0x01, 0x01, 0x00, 0x00,
N
N    // symbol 0xBC
N    0xFF, 0xFF, 0x1C, 0xFF, 0xFF, 0x27, 0x27, 0x01,
N    0x01, 0x00, 0x01, 0x01, 0x00, 0x00,
N
N    // symbol 0xBD
N    0x74, 0x88, 0x04, 0x04, 0x88, 0x74, 0x00, 0x01,
N    0x00, 0x01, 0x01, 0x00, 0x01, 0x00,
N
N    // symbol 0xBE
N    0x78, 0x78, 0x78, 0x78, 0x00, 0x00, 0x00, 0x00,
N    0x00, 0x00,
N
N    // symbol 0xBF
N    0x00, 0x00, 0x00, 0x00, 0x00, 0x00, 0x00, 0x00,
N    0x00, 0x00, 0x00, 0x00, 0x00, 0x00,
N
N    // symbol 0xC0
N    0xFC, 0xFE, 0x23, 0xFE, 0xFC, 0x00, 0x01, 0x01,
N    0x00, 0x01, 0x01, 0x00,
N
N    // symbol 0xC1
N    0xFF, 0xFF, 0x11, 0xF1, 0xE1, 0x00, 0x01, 0x01,
N    0x01, 0x01, 0x00, 0x00,
N
N    // symbol 0xC2
N    0xFF, 0xFF, 0x11, 0xFF, 0xEE, 0x00, 0x01, 0x01,
N    0x01, 0x01, 0x00, 0x00,
N
N    // symbol 0xC3
N    0xFF, 0xFF, 0x01, 0x01, 0x01, 0x00, 0x01, 0x01,
N    0x00, 0x00, 0x00, 0x00,
N
N    // symbol 0xC4
N    0x00, 0xFE, 0xFF, 0x01, 0xFF, 0xFF, 0x00, 0x03,
N    0x03, 0x01, 0x01, 0x01, 0x03, 0x03,
N
N    // symbol 0xC5
N    0xFF, 0xFF, 0x11, 0x11, 0x01, 0x00, 0x01, 0x01,
N    0x01, 0x01, 0x01, 0x00,
N
N    // symbol 0xC6
N    0xEF, 0x10, 0xFF, 0xFF, 0x10, 0xEF, 0x01, 0x00,
N    0x01, 0x01, 0x00, 0x01,
N
N    // symbol 0xC7
N    0x82, 0x11, 0x11, 0xFF, 0xEE, 0x00, 0x00, 0x01,
N    0x01, 0x01, 0x00, 0x00,
N
N    // symbol 0xC8
N    0xFF, 0xFF, 0x70, 0x1C, 0xFF, 0xFF, 0x01, 0x01,
N    0x00, 0x00, 0x01, 0x01,
N
N    // symbol 0xC9
N    0xFF, 0xFF, 0x71, 0x1D, 0xFF, 0xFF, 0x01, 0x01,
N    0x00, 0x00, 0x01, 0x01,
N
N    // symbol 0xCA
N    0xFF, 0xFF, 0x38, 0xEF, 0xC7, 0x00, 0x01, 0x01,
N    0x00, 0x01, 0x01, 0x00,
N
N    // symbol 0xCB
N    0xFE, 0xFF, 0x01, 0xFF, 0xFF, 0x00, 0x01, 0x01,
N    0x00, 0x01, 0x01, 0x00,
N
N    // symbol 0xCC
N    0xFF, 0xFF, 0x1C, 0x70, 0x1C, 0xFF, 0xFF, 0x01,
N    0x01, 0x00, 0x00, 0x00, 0x01, 0x01,
N
N    // symbol 0xCD
N    0xFF, 0xFF, 0x10, 0xFF, 0xFF, 0x00, 0x01, 0x01,
N    0x00, 0x01, 0x01, 0x00,
N
N    // symbol 0xCE
N    0xFE, 0xFF, 0x01, 0xFF, 0xFE, 0x00, 0x00, 0x01,
N    0x01, 0x01, 0x00, 0x00,
N
N    // symbol 0xCF
N    0xFF, 0xFF, 0x01, 0xFF, 0xFF, 0x00, 0x01, 0x01,
N    0x00, 0x01, 0x01, 0x00,
N
N    // symbol 0xD0
N    0xFF, 0xFF, 0x11, 0x1F, 0x0E, 0x00, 0x01, 0x01,
N    0x00, 0x00, 0x00, 0x00,
N
N    // symbol 0xD1
N    0xFE, 0xFF, 0x01, 0xC7, 0xC6, 0x00, 0x00, 0x01,
N    0x01, 0x01, 0x00, 0x00,
N
N    // symbol 0xD2
N    0x01, 0x01, 0xFF, 0xFF, 0x01, 0x01, 0x00, 0x00,
N    0x01, 0x01, 0x00, 0x00,
N
N    // symbol 0xD3
N    0x8F, 0x9F, 0x10, 0xFF, 0xFF, 0x00, 0x00, 0x01,
N    0x01, 0x01, 0x00, 0x00,
N
N    // symbol 0xD4
N    0x3C, 0x42, 0xFF, 0xFF, 0x42, 0x3C, 0x00, 0x00,
N    0x01, 0x01, 0x00, 0x00,
N
N    // symbol 0xD5
N    0xC7, 0xEF, 0x38, 0xEF, 0xC7, 0x00, 0x01, 0x01,
N    0x00, 0x01, 0x01, 0x00,
N
N    // symbol 0xD6
N    0xFF, 0xFF, 0x00, 0xFF, 0xFF, 0x00, 0x01, 0x01,
N    0x01, 0x01, 0x03, 0x03,
N
N    // symbol 0xD7
N    0x0F, 0x1F, 0x10, 0xFF, 0xFF, 0x00, 0x00, 0x00,
N    0x00, 0x01, 0x01, 0x00,
N
N    // symbol 0xD8
N    0xFF, 0xFF, 0x00, 0xFF, 0x00, 0xFF, 0xFF, 0x01,
N    0x01, 0x01, 0x01, 0x01, 0x01, 0x01,
N
N    // symbol 0xD9
N    0xFF, 0xFF, 0x00, 0xFF, 0x00, 0xFF, 0x01, 0x01,
N    0x01, 0x01, 0x01, 0x03,
N
N    // symbol 0xDA
N    0x07, 0x01, 0xFF, 0xFF, 0x10, 0xF0, 0xE0, 0x00,
N    0x00, 0x01, 0x01, 0x01, 0x01, 0x00,
N
N    // symbol 0xDB
N    0xFF, 0xFF, 0x10, 0xF0, 0xE0, 0xFF, 0xFF, 0x01,
N    0x01, 0x01, 0x01, 0x00, 0x01, 0x01,
N
N    // symbol 0xDC
N    0xFF, 0xFF, 0x10, 0xF0, 0xE0, 0x00, 0x01, 0x01,
N    0x01, 0x01, 0x00, 0x00,
N
N    // symbol 0xDD
N    0x82, 0x93, 0x11, 0xFF, 0xFE, 0x00, 0x00, 0x01,
N    0x01, 0x01, 0x00, 0x00,
N
N    // symbol 0xDE
N    0xFF, 0xFF, 0x18, 0xFF, 0x01, 0xFF, 0xFE, 0x01,
N    0x01, 0x00, 0x01, 0x01, 0x01, 0x00,
N
N    // symbol 0xDF
N    0xEE, 0xFF, 0x11, 0xFF, 0xFF, 0x00, 0x01, 0x01,
N    0x00, 0x01, 0x01, 0x00,
N
N    // symbol 0xE0
N    0xC0, 0xE8, 0x28, 0xF8, 0xF0, 0x00, 0x00, 0x01,
N    0x01, 0x01, 0x01, 0x00,
N
N    // symbol 0xE1
N    0xF0, 0xF8, 0x28, 0xE8, 0xC4, 0x00, 0x00, 0x01,
N    0x01, 0x01, 0x00, 0x00,
N
N    // symbol 0xE2
N    0xF8, 0xF8, 0x28, 0xF8, 0xD0, 0x00, 0x01, 0x01,
N    0x01, 0x01, 0x00, 0x00,
N
N    // symbol 0xE3
N    0xF8, 0xF8, 0x08, 0x08, 0x08, 0x00, 0x01, 0x01,
N    0x00, 0x00, 0x00, 0x00,
N
N    // symbol 0xE4
N    0x00, 0xF0, 0xF8, 0x08, 0xF8, 0xF8, 0x00, 0x03,
N    0x03, 0x01, 0x01, 0x01, 0x03, 0x03,
N
N    // symbol 0xE5
N    0xF0, 0xF8, 0x28, 0x38, 0xB0, 0x00, 0x00, 0x01,
N    0x01, 0x01, 0x00, 0x00,
N
N    // symbol 0xE6
N    0xD8, 0x20, 0xF8, 0xF8, 0x20, 0xD8, 0x01, 0x00,
N    0x01, 0x01, 0x00, 0x01,
N
N    // symbol 0xE7
N    0x90, 0x08, 0x28, 0xF8, 0xD0, 0x00, 0x00, 0x01,
N    0x01, 0x01, 0x00, 0x00,
N
N    // symbol 0xE8
N    0xF8, 0xF8, 0xC0, 0x60, 0xF8, 0xF8, 0x01, 0x01,
N    0x00, 0x00, 0x01, 0x01,
N
N    // symbol 0xE9
N    0xF8, 0xF8, 0xC0, 0x66, 0xFB, 0xF8, 0x01, 0x01,
N    0x00, 0x00, 0x01, 0x01,
N
N    // symbol 0xEA
N    0xF8, 0xF8, 0x70, 0xD8, 0x88, 0x00, 0x01, 0x01,
N    0x00, 0x01, 0x01, 0x00,
N
N    // symbol 0xEB
N    0xF0, 0xF8, 0x08, 0xF8, 0xF8, 0x00, 0x01, 0x01,
N    0x00, 0x01, 0x01, 0x00,
N
N    // symbol 0xEC
N    0xF8, 0xF8, 0x18, 0x30, 0x18, 0xF8, 0xF8, 0x01,
N    0x01, 0x00, 0x00, 0x00, 0x01, 0x01,
N
N    // symbol 0xED
N    0xF8, 0xF8, 0x20, 0xF8, 0xF8, 0x00, 0x01, 0x01,
N    0x00, 0x01, 0x01, 0x00,
N
N    // symbol 0xEE
N    0xF0, 0xF8, 0x08, 0xF8, 0xF0, 0x00, 0x00, 0x01,
N    0x01, 0x01, 0x00, 0x00,
N
N    // symbol 0xEF
N    0xF8, 0xF8, 0x08, 0xF8, 0xF8, 0x00, 0x01, 0x01,
N    0x00, 0x01, 0x01, 0x00,
N
N    // symbol 0xF0
N    0xF8, 0xF8, 0x08, 0xF8, 0xF0, 0x00, 0x03, 0x03,
N    0x01, 0x01, 0x00, 0x00,
N
N    // symbol 0xF1
N    0xF0, 0xF8, 0x08, 0x98, 0x90, 0x00, 0x00, 0x01,
N    0x01, 0x01, 0x00, 0x00,
N
N    // symbol 0xF2
N    0x08, 0x08, 0xF8, 0xF8, 0x08, 0x08, 0x00, 0x00,
N    0x01, 0x01, 0x00, 0x00,
N
N    // symbol 0xF3
N    0x78, 0xF8, 0x80, 0xF8, 0x78, 0x00, 0x00, 0x02,
N    0x03, 0x01, 0x00, 0x00,
N
N    // symbol 0xF4
N    0xF0, 0x08, 0xF8, 0xF8, 0x08, 0xF0, 0x00, 0x01,
N    0x03, 0x03, 0x01, 0x00,
N
N    // symbol 0xF5
N    0x98, 0xF8, 0x60, 0xF8, 0x98, 0x00, 0x01, 0x01,
N    0x00, 0x01, 0x01, 0x00,
N
N    // symbol 0xF6
N    0xF8, 0xF8, 0x00, 0xF8, 0xF8, 0x00, 0x01, 0x01,
N    0x01, 0x01, 0x03, 0x03,
N
N    // symbol 0xF7
N    0x38, 0x78, 0x40, 0xF8, 0xF8, 0x00, 0x00, 0x00,
N    0x00, 0x01, 0x01, 0x00,
N
N    // symbol 0xF8
N    0xF8, 0xF8, 0x00, 0xF8, 0x00, 0xF8, 0xF8, 0x01,
N    0x01, 0x01, 0x01, 0x01, 0x01, 0x01,
N
N    // symbol 0xF9
N    0xF8, 0xF8, 0x00, 0xF8, 0x00, 0xF8, 0xF8, 0x01,
N    0x01, 0x01, 0x01, 0x01, 0x03, 0x03,
N
N    // symbol 0xFA
N    0x18, 0x18, 0xF8, 0xF8, 0x20, 0xE0, 0xC0, 0x00,
N    0x00, 0x01, 0x01, 0x01, 0x01, 0x00,
N
N    // symbol 0xFB
N    0xF8, 0xF8, 0x20, 0xE0, 0xC0, 0xF8, 0xF8, 0x01,
N    0x01, 0x01, 0x01, 0x00, 0x01, 0x01,
N
N    // symbol 0xFC
N    0xF8, 0xF8, 0x20, 0xE0, 0xC0, 0x00, 0x01, 0x01,
N    0x01, 0x01, 0x00, 0x00,
N
N    // symbol 0xFD
N    0x90, 0x08, 0x28, 0x28, 0xF8, 0xF0, 0x00, 0x01,
N    0x01, 0x01, 0x01, 0x00,
N
N    // symbol 0xFE
N    0xF8, 0xF8, 0x60, 0xF8, 0x08, 0xF8, 0xF0, 0x01,
N    0x01, 0x00, 0x01, 0x01, 0x01, 0x00,
N
N    // symbol 0xFF
N    0xB0, 0xF8, 0x48, 0xF8, 0xF8, 0x00, 0x01, 0x01,
N    0x00, 0x01, 0x01, 0x00,
N
N};
N
N
Nstatic const uint8_t font_h10_width_table[255] =
N{
N    7,
N    7,
N    7,
N    7,
N    7,
N    7,
N    6,
N    6,
N    6,
N    6,
N    7,
N    6,
N    6,
N    7,
N    7,
N    5,
N    5,
N    6,
N    6,
N    6,
N    6,
N    6,
N    6,
N    6,
N    6,
N    7,
N    7,
N    6,
N    7,
N    7,
N    7,
N    7,
N    3,
N    6,
N    6,
N    6,
N    6,
N    6,
N    4,
N    5,
N    5,
N    7,
N    6,
N    4,
N    6,
N    4,
N    7,
N    6,
N    5,
N    6,
N    6,
N    6,
N    6,
N    6,
N    6,
N    6,
N    6,
N    4,
N    4,
N    6,
N    6,
N    6,
N    6,
N    6,
N    6,
N    6,
N    6,
N    6,
N    6,
N    6,
N    6,
N    6,
N    5,
N    6,
N    6,
N    6,
N    7,
N    6,
N    6,
N    6,
N    6,
N    6,
N    6,
N    6,
N    6,
N    6,
N    7,
N    6,
N    6,
N    6,
N    3,
N    6,
N    5,
N    6,
N    7,
N    4,
N    6,
N    6,
N    6,
N    6,
N    6,
N    6,
N    6,
N    6,
N    5,
N    5,
N    6,
N    5,
N    7,
N    6,
N    6,
N    6,
N    6,
N    6,
N    6,
N    6,
N    6,
N    6,
N    7,
N    6,
N    6,
N    6,
N    6,
N    3,
N    5,
N    6,
N    6,
N    7,
N    7,
N    7,
N    1,
N    5,
N    5,
N    6,
N    6,
N    5,
N    6,
N    3,
N    6,
N    6,
N    6,
N    5,
N    5,
N    4,
N    7,
N    7,
N    3,
N    7,
N    7,
N    3,
N    4,
N    5,
N    5,
N    7,
N    7,
N    4,
N    7,
N    7,
N    7,
N    7,
N    7,
N    7,
N    5,
N    4,
N    4,
N    5,
N    7,
N    6,
N    7,
N    5,
N    4,
N    7,
N    7,
N    1,
N    1,
N    7,
N    6,
N    6,
N    6,
N    6,
N    6,
N    6,
N    6,
N    6,
N    5,
N    3,
N    6,
N    7,
N    7,
N    5,
N    7,
N    6,
N    6,
N    6,
N    6,
N    7,
N    6,
N    6,
N    6,
N    6,
N    6,
N    6,
N    6,
N    7,
N    6,
N    6,
N    6,
N    6,
N    6,
N    6,
N    6,
N    6,
N    6,
N    6,
N    6,
N    7,
N    6,
N    7,
N    7,
N    6,
N    6,
N    7,
N    6,
N    6,
N    6,
N    6,
N    6,
N    7,
N    6,
N    6,
N    6,
N    6,
N    6,
N    6,
N    6,
N    7,
N    6,
N    6,
N    6,
N    6,
N    6,
N    6,
N    6,
N    6,
N    6,
N    6,
N    6,
N    7,
N    7,
N    7,
N    7,
N    6,
N    6,
N    7,
N    6,
N};
N
Nstatic const uint16_t font_h10_offset_table[255] =
N{
N    0,
N    14,
N    28,
N    42,
N    56,
N    70,
N    84,
N    96,
N    108,
N    120,
N    132,
N    146,
N    158,
N    170,
N    184,
N    198,
N    208,
N    218,
N    230,
N    242,
N    254,
N    266,
N    278,
N    290,
N    302,
N    314,
N    328,
N    342,
N    354,
N    368,
N    382,
N    396,
N    410,
N    416,
N    428,
N    440,
N    452,
N    464,
N    476,
N    484,
N    494,
N    504,
N    518,
N    530,
N    538,
N    550,
N    558,
N    572,
N    584,
N    594,
N    606,
N    618,
N    630,
N    642,
N    654,
N    666,
N    678,
N    690,
N    698,
N    706,
N    718,
N    730,
N    742,
N    754,
N    766,
N    778,
N    790,
N    802,
N    814,
N    826,
N    838,
N    850,
N    862,
N    872,
N    884,
N    896,
N    908,
N    922,
N    934,
N    946,
N    958,
N    970,
N    982,
N    994,
N    1006,
N    1018,
N    1030,
N    1044,
N    1056,
N    1068,
N    1080,
N    1086,
N    1098,
N    1108,
N    1120,
N    1134,
N    1142,
N    1154,
N    1166,
N    1178,
N    1190,
N    1202,
N    1214,
N    1226,
N    1238,
N    1248,
N    1258,
N    1270,
N    1280,
N    1294,
N    1306,
N    1318,
N    1330,
N    1342,
N    1354,
N    1366,
N    1378,
N    1390,
N    1402,
N    1416,
N    1428,
N    1440,
N    1452,
N    1464,
N    1470,
N    1480,
N    1492,
N    1504,
N    1518,
N    1532,
N    1546,
N    1548,
N    1558,
N    1568,
N    1580,
N    1592,
N    1602,
N    1614,
N    1620,
N    1632,
N    1644,
N    1656,
N    1666,
N    1676,
N    1684,
N    1698,
N    1712,
N    1718,
N    1732,
N    1746,
N    1752,
N    1760,
N    1770,
N    1780,
N    1794,
N    1808,
N    1816,
N    1830,
N    1844,
N    1858,
N    1872,
N    1886,
N    1900,
N    1910,
N    1918,
N    1926,
N    1936,
N    1950,
N    1962,
N    1976,
N    1986,
N    1994,
N    2008,
N    2022,
N    2024,
N    2026,
N    2040,
N    2052,
N    2064,
N    2076,
N    2088,
N    2100,
N    2112,
N    2124,
N    2136,
N    2146,
N    2152,
N    2164,
N    2178,
N    2192,
N    2202,
N    2216,
N    2228,
N    2240,
N    2252,
N    2264,
N    2278,
N    2290,
N    2302,
N    2314,
N    2326,
N    2338,
N    2350,
N    2362,
N    2376,
N    2388,
N    2400,
N    2412,
N    2424,
N    2436,
N    2448,
N    2460,
N    2472,
N    2484,
N    2496,
N    2508,
N    2522,
N    2534,
N    2548,
N    2562,
N    2574,
N    2586,
N    2600,
N    2612,
N    2624,
N    2636,
N    2648,
N    2660,
N    2674,
N    2686,
N    2698,
N    2710,
N    2722,
N    2734,
N    2746,
N    2758,
N    2772,
N    2784,
N    2796,
N    2808,
N    2820,
N    2832,
N    2844,
N    2856,
N    2868,
N    2880,
N    2892,
N    2904,
N    2918,
N    2932,
N    2946,
N    2960,
N    2972,
N    2984,
N    2998,
N};
N
N
Nconst tFont font_h10_bold =
N{
N    10,                     // font height
N    0,                      // font width - not used with variable width
N    255,          // total chars count
N    0,                      // spacing
N    0,                      // bytesPerChar - not used with variable width
N    1,                      // firstCharCode - not used with code table
N    0,                      // character code table
N    font_h10_width_table,   // character width table
N    font_h10_offset_table,	// offset table
N    font_h10_data           // font data
N};
N
