ARM Linker, 5.03 [Build 76] [MDK-ARM Standard]

==============================================================================

Section Cross References

    startup_mdr32f9x.o(STACK) refers (Special) to heapauxi.o(.text) for __use_two_region_memory
    startup_mdr32f9x.o(HEAP) refers (Special) to heapauxi.o(.text) for __use_two_region_memory
    startup_mdr32f9x.o(RESET) refers (Special) to heapauxi.o(.text) for __use_two_region_memory
    startup_mdr32f9x.o(RESET) refers to startup_mdr32f9x.o(STACK) for __initial_sp
    startup_mdr32f9x.o(RESET) refers to startup_mdr32f9x.o(.text) for Reset_Handler
    startup_mdr32f9x.o(RESET) refers to port.o(.emb_text) for SVC_Handler
    startup_mdr32f9x.o(RESET) refers to port.o(.text) for SysTick_Handler
    startup_mdr32f9x.o(RESET) refers to uart.o(.text) for DMA_IRQHandler
    startup_mdr32f9x.o(RESET) refers to systick.o(.text) for Timer2_IRQHandler
    startup_mdr32f9x.o(.text) refers (Special) to heapauxi.o(.text) for __use_two_region_memory
    startup_mdr32f9x.o(.text) refers to systemfunc.o(.text) for hard_fault_handler_c
    startup_mdr32f9x.o(.text) refers to system_mdr32f9qx.o(.text) for SystemInit
    startup_mdr32f9x.o(.text) refers to __main.o(!!!main) for __main
    startup_mdr32f9x.o(.text) refers to startup_mdr32f9x.o(HEAP) for Heap_Mem
    startup_mdr32f9x.o(.text) refers to startup_mdr32f9x.o(STACK) for Stack_Mem
    system_mdr32f9qx.o(.text) refers to system_mdr32f9qx.o(.data) for .data
    mdr32f9qx_uart.o(.text) refers to mdr32f9qx_rst_clk.o(.text) for RST_CLK_GetClocksFreq
    mdr32f9qx_dma.o(.text) refers to mdr32f9qx_dma.o(.bss) for .bss
    main.o(.text) refers to i2c_eeprom.o(.text) for EEPROMReadBlock
    main.o(.text) refers to systemfunc.o(.text) for Setup_CPU_Clock
    main.o(.text) refers to dwt_delay.o(.text) for DWT_Init
    main.o(.text) refers to lcd_1202.o(.text) for LcdInit
    main.o(.text) refers to buttons.o(.text) for InitButtons
    main.o(.text) refers to tasks.o(.text) for xTaskGenericCreate
    main.o(.text) refers to systick.o(.data) for time_profile
    main.o(.text) refers to guitop.o(.text) for vTaskGUI
    main.o(.text) refers to converter.o(.data) for xTaskHandle_Converter
    main.o(.text) refers to converter.o(.text) for vTaskConverter
    main.o(.text) refers to service.o(.text) for vTaskService
    main.o(.text) refers to dispatcher.o(.text) for vTaskDispatcher
    main.o(.text) refers to adc.o(.text) for vTaskADC
    main.o(.text) refers to uart.o(.text) for vTaskUARTReceiver
    main.o(.text) refers to sound_driver.o(.text) for vTaskSound
    adc.o(.text) refers to queue.o(.text) for xQueueGenericCreate
    adc.o(.text) refers to mdr32f9qx_adc.o(.text) for ADC1_SetChannel
    adc.o(.text) refers to adc.o(.data) for .data
    adc.o(.text) refers to converter.o(.bss) for converter_state
    adc.o(.text) refers to guitop.o(.data) for xQueueGUI
    buttons.o(.text) refers to dwt_delay.o(.text) for DWT_StartDelayUs
    buttons.o(.text) refers to buttons.o(.data) for .data
    buttons.o(.text) refers to buttons.o(.bss) for .bss
    control.o(.text) refers to mdr32f9qx_port.o(.text) for PORT_ResetBits
    converter.o(.text) refers to queue.o(.text) for xQueueGenericSend
    converter.o(.text) refers to converter_hw.o(.text) for Converter_TurnOff
    converter.o(.text) refers to control.o(.text) for SetFeedbackChannel
    converter.o(.text) refers to tasks.o(.text) for vTaskSuspend
    converter.o(.text) refers to converter.o(.bss) for .bss
    converter.o(.text) refers to sound_driver.o(.data) for xQueueSound
    converter.o(.text) refers to converter.o(.data) for .data
    converter.o(.text) refers to guitop.o(.data) for xQueueGUI
    converter.o(.text) refers to adc.o(.data) for xQueueADC
    converter_hw.o(.text) refers to systemfunc.o(.text) for SetVoltagePWMPeriod
    converter_hw.o(.text) refers to control.o(.text) for SetFeedbackChannel
    converter_hw.o(.text) refers to queue.o(.text) for xQueueGenericSendFromISR
    converter_hw.o(.text) refers to led.o(.text) for UpdateLEDs
    converter_hw.o(.text) refers to converter_hw.o(.data) for .data
    converter_hw.o(.text) refers to converter.o(.bss) for converter_state
    converter_hw.o(.text) refers to converter.o(.constdata) for converter_overload_msg
    converter_hw.o(.text) refers to converter.o(.data) for xQueueConverter
    converter_hw.o(.text) refers to sound_driver.o(.constdata) for sound_instant_overload_msg
    converter_hw.o(.text) refers to sound_driver.o(.data) for xQueueSound
    dispatcher.o(.text) refers to queue.o(.text) for xQueueGenericCreate
    dispatcher.o(.text) refers to tasks.o(.text) for vTaskDelay
    dispatcher.o(.text) refers to buttons.o(.text) for ProcessButtons
    dispatcher.o(.text) refers to converter.o(.text) for Converter_Init
    dispatcher.o(.text) refers to encoder.o(.text) for UpdateEncoderDelta
[...]
    TIMER_DeInit                             0x08000669   Thumb Code    68  mdr32f9qx_timer.o(.text)
    TIMER_CntInit                            0x080006ad   Thumb Code    54  mdr32f9qx_timer.o(.text)
    TIMER_CntStructInit                      0x080006e3   Thumb Code    28  mdr32f9qx_timer.o(.text)
    TIMER_Cmd                                0x080006ff   Thumb Code    20  mdr32f9qx_timer.o(.text)
    TIMER_SetCounter                         0x08000713   Thumb Code     4  mdr32f9qx_timer.o(.text)
    TIMER_SetCntPrescaler                    0x08000717   Thumb Code     4  mdr32f9qx_timer.o(.text)
    TIMER_SetCntAutoreload                   0x0800071b   Thumb Code     4  mdr32f9qx_timer.o(.text)
    TIMER_CntAutoreloadConfig                0x0800071f   Thumb Code    14  mdr32f9qx_timer.o(.text)
    TIMER_GetCounter                         0x0800072d   Thumb Code     6  mdr32f9qx_timer.o(.text)
    TIMER_CntEventSourceConfig               0x08000733   Thumb Code    12  mdr32f9qx_timer.o(.text)
    TIMER_FilterSamplingConfig               0x0800073f   Thumb Code    12  mdr32f9qx_timer.o(.text)
    TIMER_CounterModeConfig                  0x0800074b   Thumb Code    12  mdr32f9qx_timer.o(.text)
    TIMER_SetCounterDirection                0x08000757   Thumb Code    12  mdr32f9qx_timer.o(.text)
    TIMER_ETRInputConfig                     0x08000763   Thumb Code    20  mdr32f9qx_timer.o(.text)
    TIMER_ETRFilterConfig                    0x08000777   Thumb Code    14  mdr32f9qx_timer.o(.text)
    TIMER_ETRPrescalerConfig                 0x08000785   Thumb Code    12  mdr32f9qx_timer.o(.text)
    TIMER_ETRPolarityConfig                  0x08000791   Thumb Code    12  mdr32f9qx_timer.o(.text)
    TIMER_BRKPolarityConfig                  0x0800079d   Thumb Code    12  mdr32f9qx_timer.o(.text)
    TIMER_GetCounterDirection                0x080007a9   Thumb Code    16  mdr32f9qx_timer.o(.text)
    TIMER_GetCntWriteComplete                0x080007b9   Thumb Code    16  mdr32f9qx_timer.o(.text)
    TIMER_ChnInit                            0x080007c9   Thumb Code    64  mdr32f9qx_timer.o(.text)
    TIMER_ChnStructInit                      0x08000809   Thumb Code    28  mdr32f9qx_timer.o(.text)
    TIMER_SetChnCompare                      0x08000825   Thumb Code     8  mdr32f9qx_timer.o(.text)
    TIMER_SetChnCompare1                     0x0800082d   Thumb Code     8  mdr32f9qx_timer.o(.text)
    TIMER_ChnCompareConfig                   0x08000835   Thumb Code    24  mdr32f9qx_timer.o(.text)
    TIMER_ChnCompare1Config                  0x0800084d   Thumb Code    24  mdr32f9qx_timer.o(.text)
    TIMER_GetChnCapture                      0x08000865   Thumb Code    10  mdr32f9qx_timer.o(.text)
    TIMER_GetChnCapture1                     0x0800086f   Thumb Code    10  mdr32f9qx_timer.o(.text)
    TIMER_ChnETR_Cmd                         0x08000879   Thumb Code    26  mdr32f9qx_timer.o(.text)
    TIMER_ChnETRResetConfig                  0x08000893   Thumb Code    16  mdr32f9qx_timer.o(.text)
    TIMER_ChnBRKResetConfig                  0x080008a3   Thumb Code    16  mdr32f9qx_timer.o(.text)
    TIMER_ChnREFFormatConfig                 0x080008b3   Thumb Code    16  mdr32f9qx_timer.o(.text)
    TIMER_ChnCapturePrescalerConfig          0x080008c3   Thumb Code    18  mdr32f9qx_timer.o(.text)
    TIMER_ChnEventSourceConfig               0x080008d5   Thumb Code    16  mdr32f9qx_timer.o(.text)
    TIMER_ChnFilterConfig                    0x080008e5   Thumb Code    16  mdr32f9qx_timer.o(.text)
    TIMER_GetChnWriteComplete                0x080008f5   Thumb Code    20  mdr32f9qx_timer.o(.text)
    TIMER_ChnCCR1_EventSourceConfig          0x08000909   Thumb Code    16  mdr32f9qx_timer.o(.text)
    TIMER_ChnCCR1_Cmd                        0x08000919   Thumb Code    26  mdr32f9qx_timer.o(.text)
    TIMER_ChnOutInit                         0x08000933   Thumb Code    58  mdr32f9qx_timer.o(.text)
    TIMER_ChnOutStructInit                   0x0800096d   Thumb Code    22  mdr32f9qx_timer.o(.text)
    TIMER_ChnOutConfig                       0x08000983   Thumb Code    28  mdr32f9qx_timer.o(.text)
    TIMER_ChnOutSourceConfig                 0x0800099f   Thumb Code    18  mdr32f9qx_timer.o(.text)
    TIMER_ChnOutModeConfig                   0x080009b1   Thumb Code    16  mdr32f9qx_timer.o(.text)
    TIMER_ChnOutPolarityConfig               0x080009c1   Thumb Code    18  mdr32f9qx_timer.o(.text)
    TIMER_ChnNOutConfig                      0x080009d3   Thumb Code    30  mdr32f9qx_timer.o(.text)
    TIMER_ChnNOutSourceConfig                0x080009f1   Thumb Code    18  mdr32f9qx_timer.o(.text)
    TIMER_ChnNOutModeConfig                  0x08000a03   Thumb Code    18  mdr32f9qx_timer.o(.text)
    TIMER_ChnNOutPolarityConfig              0x08000a15   Thumb Code    18  mdr32f9qx_timer.o(.text)
    TIMER_ChnOutDTGConfig                    0x08000a27   Thumb Code    18  mdr32f9qx_timer.o(.text)
    TIMER_GetStatus                          0x08000a39   Thumb Code     4  mdr32f9qx_timer.o(.text)
    TIMER_GetFlagStatus                      0x08000a3d   Thumb Code    14  mdr32f9qx_timer.o(.text)
    TIMER_ClearFlag                          0x08000a4b   Thumb Code     8  mdr32f9qx_timer.o(.text)
    TIMER_DMACmd                             0x08000a53   Thumb Code    16  mdr32f9qx_timer.o(.text)
    TIMER_ITConfig                           0x08000a63   Thumb Code    16  mdr32f9qx_timer.o(.text)
    TIMER_GetITStatus                        0x08000a73   Thumb Code    20  mdr32f9qx_timer.o(.text)
    TIMER_BRGInit                            0x08000a87   Thumb Code    66  mdr32f9qx_timer.o(.text)
    I2C_DeInit                               0x08000ad9   Thumb Code    18  mdr32f9qx_i2c.o(.text)
    I2C_Init                                 0x08000aeb   Thumb Code    34  mdr32f9qx_i2c.o(.text)
    I2C_StructInit                           0x08000b0d   Thumb Code    10  mdr32f9qx_i2c.o(.text)
    I2C_Cmd                                  0x08000b17   Thumb Code    22  mdr32f9qx_i2c.o(.text)
    I2C_ITConfig                             0x08000b2d   Thumb Code    22  mdr32f9qx_i2c.o(.text)
    I2C_GetITStatus                          0x08000b43   Thumb Code    16  mdr32f9qx_i2c.o(.text)
    I2C_ClearITPendingBit                    0x08000b53   Thumb Code    12  mdr32f9qx_i2c.o(.text)
    I2C_Send7bitAddress                      0x08000b5f   Thumb Code    16  mdr32f9qx_i2c.o(.text)
    I2C_SendByte                             0x08000b6f   Thumb Code    10  mdr32f9qx_i2c.o(.text)
    I2C_SendSTOP                             0x08000b79   Thumb Code     8  mdr32f9qx_i2c.o(.text)
    I2C_StartReceiveData                     0x08000b81   Thumb Code    10  mdr32f9qx_i2c.o(.text)
    I2C_GetReceivedData                      0x08000b8b   Thumb Code     8  mdr32f9qx_i2c.o(.text)
    I2C_GetLastEvent                         0x08000b93   Thumb Code    18  mdr32f9qx_i2c.o(.text)
    I2C_CheckEvent                           0x08000ba5   Thumb Code    20  mdr32f9qx_i2c.o(.text)
    I2C_GetFlagStatus                        0x08000bb9   Thumb Code    20  mdr32f9qx_i2c.o(.text)
    ADC_DeInit                               0x08000bd1   Thumb Code    30  mdr32f9qx_adc.o(.text)
    ADC_Init                                 0x08000bef   Thumb Code    44  mdr32f9qx_adc.o(.text)
    ADC_StructInit                           0x08000c1b   Thumb Code    18  mdr32f9qx_adc.o(.text)
    ADC_SetTrim                              0x08000c2d   Thumb Code    16  mdr32f9qx_adc.o(.text)
    ADC1_Init                                0x08000c3d   Thumb Code    80  mdr32f9qx_adc.o(.text)
    ADC2_Init                                0x08000c8d   Thumb Code    70  mdr32f9qx_adc.o(.text)
    ADCx_StructInit                          0x08000cd3   Thumb Code    28  mdr32f9qx_adc.o(.text)
    ADC1_Cmd                                 0x08000cef   Thumb Code    22  mdr32f9qx_adc.o(.text)
    ADC2_Cmd                                 0x08000d05   Thumb Code    22  mdr32f9qx_adc.o(.text)
    ADC1_SetChannel                          0x08000d1b   Thumb Code    16  mdr32f9qx_adc.o(.text)
    ADC2_SetChannel                          0x08000d2b   Thumb Code    16  mdr32f9qx_adc.o(.text)
    ADC1_SetChannels                         0x08000d3b   Thumb Code     6  mdr32f9qx_adc.o(.text)
    ADC2_SetChannels                         0x08000d41   Thumb Code     6  mdr32f9qx_adc.o(.text)
    ADC1_OperationModeConfig                 0x08000d47   Thumb Code    16  mdr32f9qx_adc.o(.text)
    ADC2_OperationModeConfig                 0x08000d57   Thumb Code    16  mdr32f9qx_adc.o(.text)
    ADC1_SamplingModeConfig                  0x08000d67   Thumb Code    14  mdr32f9qx_adc.o(.text)
    ADC2_SamplingModeConfig                  0x08000d75   Thumb Code    14  mdr32f9qx_adc.o(.text)
    ADC1_ChannelSwithingConfig               0x08000d83   Thumb Code    14  mdr32f9qx_adc.o(.text)
    ADC2_ChannelSwithingConfig               0x08000d91   Thumb Code    14  mdr32f9qx_adc.o(.text)
    ADC1_LevelsConfig                        0x08000d9f   Thumb Code    20  mdr32f9qx_adc.o(.text)
    ADC2_LevelsConfig                        0x08000db3   Thumb Code    20  mdr32f9qx_adc.o(.text)
    ADC1_SetLowLevel                         0x08000dc7   Thumb Code     6  mdr32f9qx_adc.o(.text)
    ADC2_SetLowLevel                         0x08000dcd   Thumb Code     6  mdr32f9qx_adc.o(.text)
    ADC1_SetHighLevel                        0x08000dd3   Thumb Code     6  mdr32f9qx_adc.o(.text)
    ADC2_SetHighLevel                        0x08000dd9   Thumb Code     6  mdr32f9qx_adc.o(.text)
    ADC1_Start                               0x08000ddf   Thumb Code    12  mdr32f9qx_adc.o(.text)
    ADC2_Start                               0x08000deb   Thumb Code    12  mdr32f9qx_adc.o(.text)
    ADC1_GetResult                           0x08000df7   Thumb Code     6  mdr32f9qx_adc.o(.text)
    ADC2_GetResult                           0x08000dfd   Thumb Code     6  mdr32f9qx_adc.o(.text)
    ADC_GetStatus                            0x08000e03   Thumb Code    12  mdr32f9qx_adc.o(.text)
    ADC1_GetStatus                           0x08000e0f   Thumb Code     6  mdr32f9qx_adc.o(.text)
    ADC2_GetStatus                           0x08000e15   Thumb Code     6  mdr32f9qx_adc.o(.text)
    ADC_GetFlagStatus                        0x08000e1b   Thumb Code    20  mdr32f9qx_adc.o(.text)
    ADC1_GetFlagStatus                       0x08000e2f   Thumb Code    16  mdr32f9qx_adc.o(.text)
    ADC2_GetFlagStatus                       0x08000e3f   Thumb Code    16  mdr32f9qx_adc.o(.text)
    ADC1_ClearOverwriteFlag                  0x08000e4f   Thumb Code    12  mdr32f9qx_adc.o(.text)
    ADC2_ClearOverwriteFlag                  0x08000e5b   Thumb Code    12  mdr32f9qx_adc.o(.text)
    ADC1_ClearOutOfRangeFlag                 0x08000e67   Thumb Code    12  mdr32f9qx_adc.o(.text)
    ADC2_ClearOutOfRangeFlag                 0x08000e73   Thumb Code    12  mdr32f9qx_adc.o(.text)
    ADC_ITConfig                             0x08000e7f   Thumb Code    42  mdr32f9qx_adc.o(.text)
    ADC1_ITConfig                            0x08000ea9   Thumb Code    22  mdr32f9qx_adc.o(.text)
    ADC2_ITConfig                            0x08000ebf   Thumb Code    22  mdr32f9qx_adc.o(.text)
    ADC_GetITStatus                          0x08000ed5   Thumb Code    24  mdr32f9qx_adc.o(.text)
    ADC1_GetITStatus                         0x08000eed   Thumb Code    22  mdr32f9qx_adc.o(.text)
    ADC2_GetITStatus                         0x08000f03   Thumb Code    22  mdr32f9qx_adc.o(.text)
    UART_DeInit                              0x08000f25   Thumb Code    34  mdr32f9qx_uart.o(.text)
    UART_Init                                0x08000f47   Thumb Code   140  mdr32f9qx_uart.o(.text)
    UART_StructInit                          0x08000fd3   Thumb Code    24  mdr32f9qx_uart.o(.text)
    UART_Cmd                                 0x08000feb   Thumb Code    26  mdr32f9qx_uart.o(.text)
    UART_ITConfig                            0x08001005   Thumb Code    20  mdr32f9qx_uart.o(.text)
    UART_GetITStatus                         0x08001019   Thumb Code    14  mdr32f9qx_uart.o(.text)
    UART_GetITStatusMasked                   0x08001027   Thumb Code    14  mdr32f9qx_uart.o(.text)
    UART_ClearITPendingBit                   0x08001035   Thumb Code     8  mdr32f9qx_uart.o(.text)
    UART_DMAConfig                           0x0800103d   Thumb Code     8  mdr32f9qx_uart.o(.text)
    UART_DMACmd                              0x08001045   Thumb Code    24  mdr32f9qx_uart.o(.text)
    UART_SendData                            0x0800105d   Thumb Code     8  mdr32f9qx_uart.o(.text)
    UART_ReceiveData                         0x08001065   Thumb Code     6  mdr32f9qx_uart.o(.text)
    UART_BreakLine                           0x0800106b   Thumb Code    26  mdr32f9qx_uart.o(.text)
    UART_IrDAConfig                          0x08001085   Thumb Code    40  mdr32f9qx_uart.o(.text)
    UART_IrDACmd                             0x080010ad   Thumb Code    26  mdr32f9qx_uart.o(.text)
    UART_GetFlagStatus                       0x080010c7   Thumb Code    14  mdr32f9qx_uart.o(.text)
    UART_BRGInit                             0x080010d5   Thumb Code    46  mdr32f9qx_uart.o(.text)
    DMA_CtrlDataInit                         0x08001111   Thumb Code   108  mdr32f9qx_dma.o(.text)
    DMA_DeInit                               0x0800117d   Thumb Code    28  mdr32f9qx_dma.o(.text)
    DMA_CtrlInit                             0x08001199   Thumb Code    26  mdr32f9qx_dma.o(.text)
    DMA_SG_CtrlInit                          0x080011b3   Thumb Code     8  mdr32f9qx_dma.o(.text)
    DMA_SG_Init                              0x080011bb   Thumb Code   118  mdr32f9qx_dma.o(.text)
    DMA_Init                                 0x08001231   Thumb Code    88  mdr32f9qx_dma.o(.text)
    DMA_StructInit                           0x08001289   Thumb Code    16  mdr32f9qx_dma.o(.text)
    DMA_SG_StructInit                        0x08001299   Thumb Code    18  mdr32f9qx_dma.o(.text)
    DMA_Cmd                                  0x080012ab   Thumb Code    18  mdr32f9qx_dma.o(.text)
    DMA_Request                              0x080012bd   Thumb Code    10  mdr32f9qx_dma.o(.text)
    DMA_ClearError                           0x080012c7   Thumb Code     8  mdr32f9qx_dma.o(.text)
    DMA_GetCurrTransferCounter               0x080012cf   Thumb Code    30  mdr32f9qx_dma.o(.text)
    DMA_GetFlagStatus                        0x080012ed   Thumb Code    84  mdr32f9qx_dma.o(.text)
    RST_CLK_PCLKcmd                          0x08001349   Thumb Code    22  mdr32f9qx_rst_clk.o(.text)
    RST_CLK_CPUclkSelection                  0x0800135f   Thumb Code    14  mdr32f9qx_rst_clk.o(.text)
    RST_CLK_GetFlagStatus                    0x0800136d   Thumb Code    38  mdr32f9qx_rst_clk.o(.text)
    RST_CLK_HSIstatus                        0x08001393   Thumb Code    48  mdr32f9qx_rst_clk.o(.text)
    RST_CLK_HSIcmd                           0x080013c3   Thumb Code     6  mdr32f9qx_rst_clk.o(.text)
    RST_CLK_WarmDeInit                       0x080013c9   Thumb Code    52  mdr32f9qx_rst_clk.o(.text)
    RST_CLK_DeInit                           0x080013fd   Thumb Code    34  mdr32f9qx_rst_clk.o(.text)
    RST_CLK_HSEconfig                        0x0800141f   Thumb Code    38  mdr32f9qx_rst_clk.o(.text)
    RST_CLK_HSEstatus                        0x08001445   Thumb Code    48  mdr32f9qx_rst_clk.o(.text)
    RST_CLK_LSEconfig                        0x08001475   Thumb Code    38  mdr32f9qx_rst_clk.o(.text)
    RST_CLK_LSEstatus                        0x0800149b   Thumb Code    48  mdr32f9qx_rst_clk.o(.text)
    RST_CLK_HSIadjust                        0x080014cb   Thumb Code    16  mdr32f9qx_rst_clk.o(.text)
    RST_CLK_LSIcmd                           0x080014db   Thumb Code     8  mdr32f9qx_rst_clk.o(.text)
    RST_CLK_LSIadjust                        0x080014e3   Thumb Code    16  mdr32f9qx_rst_clk.o(.text)
    RST_CLK_LSIstatus                        0x080014f3   Thumb Code    48  mdr32f9qx_rst_clk.o(.text)
    RST_CLK_CPU_PLLconfig                    0x08001523   Thumb Code    46  mdr32f9qx_rst_clk.o(.text)
    RST_CLK_CPU_PLLuse                       0x08001551   Thumb Code     6  mdr32f9qx_rst_clk.o(.text)
    RST_CLK_CPU_PLLcmd                       0x08001557   Thumb Code     6  mdr32f9qx_rst_clk.o(.text)
    RST_CLK_CPU_PLLstatus                    0x0800155d   Thumb Code    48  mdr32f9qx_rst_clk.o(.text)
    RST_CLK_CPUclkPrescaler                  0x0800158d   Thumb Code    16  mdr32f9qx_rst_clk.o(.text)
    RST_CLK_USB_PLLconfig                    0x0800159d   Thumb Code    46  mdr32f9qx_rst_clk.o(.text)
    RST_CLK_USB_PLLuse                       0x080015cb   Thumb Code     6  mdr32f9qx_rst_clk.o(.text)
    RST_CLK_USB_PLLcmd                       0x080015d1   Thumb Code     6  mdr32f9qx_rst_clk.o(.text)
    RST_CLK_USB_PLLstatus                    0x080015d7   Thumb Code    48  mdr32f9qx_rst_clk.o(.text)
    RST_CLK_USBclkPrescaler                  0x08001607   Thumb Code     6  mdr32f9qx_rst_clk.o(.text)
    RST_CLK_USBclkEnable                     0x0800160d   Thumb Code     6  mdr32f9qx_rst_clk.o(.text)
    RST_CLK_ADCclkSelection                  0x08001613   Thumb Code    14  mdr32f9qx_rst_clk.o(.text)
    RST_CLK_ADCclkPrescaler                  0x08001621   Thumb Code    16  mdr32f9qx_rst_clk.o(.text)
    RST_CLK_ADCclkEnable                     0x08001631   Thumb Code     6  mdr32f9qx_rst_clk.o(.text)
    RST_CLK_HSIclkPrescaler                  0x08001637   Thumb Code    16  mdr32f9qx_rst_clk.o(.text)
    RST_CLK_RTC_HSIclkEnable                 0x08001647   Thumb Code     6  mdr32f9qx_rst_clk.o(.text)
    RST_CLK_HSEclkPrescaler                  0x0800164d   Thumb Code    14  mdr32f9qx_rst_clk.o(.text)
    RST_CLK_RTC_HSEclkEnable                 0x0800165b   Thumb Code     6  mdr32f9qx_rst_clk.o(.text)
    RST_CLK_GetClocksFreq                    0x08001661   Thumb Code   404  mdr32f9qx_rst_clk.o(.text)
    EEPROM_test                              0x080017f5   Thumb Code    38  main.o(.text)
    main                                     0x0800181b   Thumb Code   256  main.o(.text)
    vTaskADC                                 0x080019a5   Thumb Code   178  adc.o(.text)
    Converter_HW_ADCProcess                  0x08001a57   Thumb Code   220  adc.o(.text)
    InitButtons                              0x08001bcb   Thumb Code    20  buttons.o(.text)
    ProcessButtons                           0x08001bdf   Thumb Code   120  buttons.o(.text)
    GetOverloadStatus                        0x08001c69   Thumb Code    12  control.o(.text)
    GetACLineStatus                          0x08001c75   Thumb Code    12  control.o(.text)
    SetConverterState                        0x08001c81   Thumb Code    22  control.o(.text)
    GetConverterState                        0x08001c97   Thumb Code    10  control.o(.text)
    SetFeedbackChannel                       0x08001ca1   Thumb Code    22  control.o(.text)
    SetCurrentRange                          0x08001cb7   Thumb Code    22  control.o(.text)
    SetOutputLoad                            0x08001ccd   Thumb Code    22  control.o(.text)
    Converter_Init                           0x08001f67   Thumb Code   416  converter.o(.text)
    vTaskConverter                           0x08002107   Thumb Code  1114  converter.o(.text)
    SetVoltageDAC                            0x0800256d   Thumb Code    10  converter_hw.o(.text)
    SetCurrentDAC                            0x08002577   Thumb Code    16  converter_hw.o(.text)
    Converter_IsReady                        0x08002587   Thumb Code    10  converter_hw.o(.text)
    Converter_SetFeedBackChannel             0x08002591   Thumb Code    46  converter_hw.o(.text)
    Converter_SetCurrentRange                0x080025bf   Thumb Code    42  converter_hw.o(.text)
    Converter_TurnOn                         0x080025e9   Thumb Code    46  converter_hw.o(.text)
    Converter_TurnOff                        0x08002617   Thumb Code    28  converter_hw.o(.text)
    Converter_ClearOverloadFlag              0x08002633   Thumb Code    26  converter_hw.o(.text)
    Converter_HWProcess                      0x0800264d   Thumb Code   394  converter_hw.o(.text)
    vTaskDispatcher                          0x080027f1   Thumb Code   628  dispatcher.o(.text)
    DWT_Init                                 0x08002a81   Thumb Code    32  dwt_delay.o(.text)
    DWT_Get                                  0x08002aa1   Thumb Code     6  dwt_delay.o(.text)
    DWT_GetDelta                             0x08002aa7   Thumb Code     4  dwt_delay.o(.text)
    DWT_GetDeltaForNow                       0x08002aab   Thumb Code     8  dwt_delay.o(.text)
    DWT_StartDelayUs                         0x08002ab3   Thumb Code    10  dwt_delay.o(.text)
    DWT_DelayInProgress                      0x08002abd   Thumb Code    10  dwt_delay.o(.text)
    ProcessEncoder                           0x08002ad1   Thumb Code    86  encoder.o(.text)
    UpdateEncoderDelta                       0x08002b27   Thumb Code    22  encoder.o(.text)
    GUI_Init                                 0x08002b79   Thumb Code     2  guitop.o(.text)
    vTaskGUI                                 0x08002c77   Thumb Code   362  guitop.o(.text)
    applyGuiVoltageSetting                   0x08002de1   Thumb Code    32  guitop.o(.text)
    applyGuiVoltageLimit                     0x08002e01   Thumb Code    42  guitop.o(.text)
    applyGuiCurrentSetting                   0x08002e2b   Thumb Code    36  guitop.o(.text)
    applyGuiCurrentLimit                     0x08002e4f   Thumb Code    46  guitop.o(.text)
    applyGuiCurrentRange                     0x08002e7d   Thumb Code    32  guitop.o(.text)
    EEPROMReadBlock                          0x08002ec5   Thumb Code   194  i2c_eeprom.o(.text)
    EEPROMWriteBlock                         0x08002f87   Thumb Code   164  i2c_eeprom.o(.text)
    EEPROMReady                              0x0800302b   Thumb Code    62  i2c_eeprom.o(.text)
    LcdWrite                                 0x08003069   Thumb Code    38  lcd_1202.o(.text)
    LcdDelayUs                               0x0800308f   Thumb Code    20  lcd_1202.o(.text)
    LcdSelect                                0x080030a3   Thumb Code    34  lcd_1202.o(.text)
    LcdSingleInit                            0x080030c5   Thumb Code   186  lcd_1202.o(.text)
    LcdInit                                  0x0800317f   Thumb Code    84  lcd_1202.o(.text)
    LcdUpdateByCore                          0x080031d3   Thumb Code    72  lcd_1202.o(.text)
    LcdUpdateBothByCore                      0x0800321b   Thumb Code   196  lcd_1202.o(.text)
    UpdateLEDs                               0x080032e9   Thumb Code    56  led.o(.text)
    vTaskService                             0x08003325   Thumb Code   128  service.o(.text)
    vTaskSound                               0x080033fb   Thumb Code   234  sound_driver.o(.text)
    my_DMA_GlobalInit                        0x080034ed   Thumb Code    12  systemfunc.o(.text)
    my_DMA_ChannelInit                       0x080034f9   Thumb Code    86  systemfunc.o(.text)
    Setup_CPU_Clock                          0x0800354f   Thumb Code   104  systemfunc.o(.text)
    HW_NVIC_init                             0x080035b7   Thumb Code   132  systemfunc.o(.text)
    HW_NVIC_check                            0x0800363b   Thumb Code    52  systemfunc.o(.text)
    HW_PortInit                              0x0800366f   Thumb Code   526  systemfunc.o(.text)
    HW_UARTInit                              0x0800387d   Thumb Code   224  systemfunc.o(.text)
    HW_DMAInit                               0x0800395d   Thumb Code    70  systemfunc.o(.text)
    HW_SSPInit                               0x080039a3   Thumb Code    76  systemfunc.o(.text)
    HW_I2CInit                               0x080039ef   Thumb Code    26  systemfunc.o(.text)
    HW_ADCInit                               0x08003a09   Thumb Code   138  systemfunc.o(.text)
    HW_TimersInit                            0x08003a93   Thumb Code   476  systemfunc.o(.text)
    SetVoltagePWMPeriod                      0x08003c6f   Thumb Code     6  systemfunc.o(.text)
    SetCurrentPWMPeriod                      0x08003c75   Thumb Code     6  systemfunc.o(.text)
    SetCoolerSpeed                           0x08003c7b   Thumb Code     6  systemfunc.o(.text)
    LcdSetBacklight                          0x08003c81   Thumb Code    12  systemfunc.o(.text)
    ProcessPowerOff                          0x08003c8d   Thumb Code   260  systemfunc.o(.text)
    hard_fault_handler_c                     0x08003d91   Thumb Code    36  systemfunc.o(.text)
    vApplicationTickHook                     0x08003df1   Thumb Code   156  systick.o(.text)
    Timer2_IRQHandler                        0x08003e8d   Thumb Code   100  systick.o(.text)
    UART_Get_from_RX_buffer                  0x08003f33   Thumb Code    52  uart.o(.text)
    parseKeyCode                             0x08004021   Thumb Code    78  uart.o(.text)
    parseKeyType                             0x0800406f   Thumb Code    92  uart.o(.text)
    vTaskUARTReceiver                        0x08004109   Thumb Code  1076  uart.o(.text)
    vTaskUARTTransmitter                     0x0800453d   Thumb Code   220  uart.o(.text)
    DMA_IRQHandler                           0x08004619   Thumb Code    88  uart.o(.text)
    pxPortInitialiseStack                    0x08004693   Thumb Code    22  port.o(.text)
    vPortSetupTimerInterrupt                 0x080046a9   Thumb Code    16  port.o(.text)
    xPortStartScheduler                      0x080046b9   Thumb Code    38  port.o(.text)
    vPortEndScheduler                        0x080046df   Thumb Code     2  port.o(.text)
    vPortYield                               0x080046e1   Thumb Code    20  port.o(.text)
    vPortEnterCritical                       0x080046f5   Thumb Code    24  port.o(.text)
    vPortExitCritical                        0x0800470d   Thumb Code    18  port.o(.text)
    SysTick_Handler                          0x0800471f   Thumb Code    32  port.o(.text)
    vListInitialise                          0x0800474d   Thumb Code    22  list.o(.text)
    vListInitialiseItem                      0x08004763   Thumb Code     6  list.o(.text)
    vListInsertEnd                           0x08004769   Thumb Code    24  list.o(.text)
    vListInsert                              0x08004781   Thumb Code    48  list.o(.text)
    uxListRemove                             0x080047b1   Thumb Code    36  list.o(.text)
    xQueueGenericReset                       0x080047d5   Thumb Code    98  queue.o(.text)
    xQueueGenericCreate                      0x08004837   Thumb Code    66  queue.o(.text)
    xQueueGenericSend                        0x08004955   Thumb Code   202  queue.o(.text)
    xQueueGenericSendFromISR                 0x08004a1f   Thumb Code    96  queue.o(.text)
    xQueueGenericReceive                     0x08004ac1   Thumb Code   224  queue.o(.text)
    xQueueReceiveFromISR                     0x08004ba1   Thumb Code    90  queue.o(.text)
    xQueuePeekFromISR                        0x08004bfb   Thumb Code    46  queue.o(.text)
    uxQueueMessagesWaiting                   0x08004c29   Thumb Code    18  queue.o(.text)
    uxQueueSpacesAvailable                   0x08004c3b   Thumb Code    22  queue.o(.text)
    uxQueueMessagesWaitingFromISR            0x08004c51   Thumb Code     4  queue.o(.text)
    vQueueDelete                             0x08004c55   Thumb Code    20  queue.o(.text)
    xQueueIsQueueEmptyFromISR                0x08004c69   Thumb Code    14  queue.o(.text)
    xQueueIsQueueFullFromISR                 0x08004c77   Thumb Code    16  queue.o(.text)
    xTaskGenericCreate                       0x08004d51   Thumb Code   198  tasks.o(.text)
    vTaskDelete                              0x08004e17   Thumb Code    80  tasks.o(.text)
    xTaskIncrementTick                       0x08004e67   Thumb Code   208  tasks.o(.text)
    xTaskResumeAll                           0x08004f37   Thumb Code   152  tasks.o(.text)
    vTaskSuspendAll                          0x08005001   Thumb Code    10  tasks.o(.text)
    vTaskDelayUntil                          0x0800500b   Thumb Code    82  tasks.o(.text)
    vTaskDelay                               0x0800505d   Thumb Code    62  tasks.o(.text)
    uxTaskPriorityGet                        0x0800509b   Thumb Code    24  tasks.o(.text)
    vTaskPrioritySet                         0x080050b3   Thumb Code   132  tasks.o(.text)
    vTaskSwitchContext                       0x08005137   Thumb Code    78  tasks.o(.text)
    vTaskSuspend                             0x08005185   Thumb Code    88  tasks.o(.text)
    xTaskIsTaskSuspended                     0x080051dd   Thumb Code    30  tasks.o(.text)
    vTaskResume                              0x080051fb   Thumb Code    86  tasks.o(.text)
    xTaskResumeFromISR                       0x08005251   Thumb Code    98  tasks.o(.text)
    vTaskStartScheduler                      0x08005325   Thumb Code    50  tasks.o(.text)
    vTaskEndScheduler                        0x08005357   Thumb Code    20  tasks.o(.text)
    xTaskGetTickCount                        0x0800536b   Thumb Code    18  tasks.o(.text)
    xTaskGetTickCountFromISR                 0x0800537d   Thumb Code    18  tasks.o(.text)
    uxTaskGetNumberOfTasks                   0x0800538f   Thumb Code     6  tasks.o(.text)
    vTaskPlaceOnEventList                    0x08005395   Thumb Code    52  tasks.o(.text)
    xTaskRemoveFromEventList                 0x080053c9   Thumb Code    88  tasks.o(.text)
    vTaskSetTimeOutState                     0x08005421   Thumb Code    12  tasks.o(.text)
    xTaskCheckForTimeOut                     0x0800542d   Thumb Code    74  tasks.o(.text)
    vTaskMissedYield                         0x08005477   Thumb Code     8  tasks.o(.text)
    pvPortMalloc                             0x08005517   Thumb Code   140  heap_4.o(.text)
    vPortFree                                0x080055a3   Thumb Code    60  heap_4.o(.text)
    xPortGetFreeHeapSize                     0x080055df   Thumb Code     8  heap_4.o(.text)
    vPortInitialiseBlocks                    0x080055e7   Thumb Code     2  heap_4.o(.text)
    guiMainForm_Initialize                   0x08005763   Thumb Code    66  guimainform.o(.text)
    guiMasterPanel_Initialize                0x08005abb   Thumb Code   784  guimasterpanel.o(.text)
    setVoltageIndicator                      0x08005dcb   Thumb Code    54  guimasterpanel.o(.text)
    setVoltageSetting                        0x08005e01   Thumb Code    16  guimasterpanel.o(.text)
    setCurrentIndicator                      0x08005e11   Thumb Code    56  guimasterpanel.o(.text)
    setCurrentSetting                        0x08005e49   Thumb Code    16  guimasterpanel.o(.text)
    setPowerIndicator                        0x08005e59   Thumb Code    56  guimasterpanel.o(.text)
    setTemperatureIndicator                  0x08005e91   Thumb Code    40  guimasterpanel.o(.text)
    setFeedbackChannelIndicator              0x08005eb9   Thumb Code    50  guimasterpanel.o(.text)
    setCurrentRangeIndicator                 0x08005eeb   Thumb Code    50  guimasterpanel.o(.text)
    guiSetupPanel_Initialize                 0x080060fb   Thumb Code   864  guisetuppanel.o(.text)
    setLowVoltageLimitSetting                0x0800645b   Thumb Code    32  guisetuppanel.o(.text)
    setHighVoltageLimitSetting               0x0800647b   Thumb Code    34  guisetuppanel.o(.text)
    guiCore_AddMessageToQueue                0x080064a5   Thumb Code    70  guicore.o(.text)
    guiCore_GetMessageFromQueue              0x080064eb   Thumb Code    70  guicore.o(.text)
    guiCore_ProcessMessageQueue              0x08006531   Thumb Code    44  guicore.o(.text)
    guiCore_PostEventToFocused               0x0800655d   Thumb Code    18  guicore.o(.text)
    guiCore_TimerInit                        0x0800656f   Thumb Code    44  guicore.o(.text)
    guiCore_TimerStart                       0x0800659b   Thumb Code    24  guicore.o(.text)
    guiCore_TimerStop                        0x080065b3   Thumb Code    24  guicore.o(.text)
    guiCore_TimerProcess                     0x080065cb   Thumb Code    82  guicore.o(.text)
    guiCore_Init                             0x0800661d   Thumb Code    56  guicore.o(.text)
    guiCore_CheckWidgetOvelap                0x08006655   Thumb Code    78  guicore.o(.text)
    guiCore_RedrawAll                        0x080066a3   Thumb Code   300  guicore.o(.text)
    guiCore_ProcessTouchEvent                0x080067cf   Thumb Code    56  guicore.o(.text)
    guiCore_ProcessKeyEvent                  0x08006807   Thumb Code    32  guicore.o(.text)
    guiCore_ProcessEncoderEvent              0x08006827   Thumb Code    34  guicore.o(.text)
    guiCore_ProcessTimers                    0x08006849   Thumb Code    24  guicore.o(.text)
    guiCore_BroadcastEvent                   0x08006861   Thumb Code   116  guicore.o(.text)
    guiCore_UpdateValidator                  0x080068d5   Thumb Code    18  guicore.o(.text)
    guiCore_UpdateAll                        0x080068e7   Thumb Code    32  guicore.o(.text)
    guiCore_InvalidateRect                   0x08006907   Thumb Code    68  guicore.o(.text)
    guiCore_ConvertToAbsoluteXY              0x0800694b   Thumb Code    28  guicore.o(.text)
    guiCore_ConvertToRelativeXY              0x08006967   Thumb Code    28  guicore.o(.text)
    guiCore_GetTouchedWidgetAtXY             0x08006983   Thumb Code   110  guicore.o(.text)
    guiCore_RequestFocusChange               0x080069f1   Thumb Code    20  guicore.o(.text)
    guiCore_GetWidgetIndex                   0x08006a05   Thumb Code    46  guicore.o(.text)
    guiCore_AcceptFocus                      0x08006a33   Thumb Code    48  guicore.o(.text)
    guiCore_RequestFocusNextWidget           0x08006a63   Thumb Code   124  guicore.o(.text)
    guiCore_CheckWidgetTabIndex              0x08006adf   Thumb Code    90  guicore.o(.text)
    guiCore_CallEventHandler                 0x08006b39   Thumb Code    54  guicore.o(.text)
    guiCore_SetVisible                       0x08006b6f   Thumb Code   110  guicore.o(.text)
    guiCore_SetFocused                       0x08006bdd   Thumb Code    92  guicore.o(.text)
    guiCore_SetVisibleByTag                  0x08006c39   Thumb Code   138  guicore.o(.text)
    guiCore_DecodeWidgetTouchEvent           0x08006cc3   Thumb Code    68  guicore.o(.text)
    guiCore_DecodeContainerTouchEvent        0x08006d07   Thumb Code    48  guicore.o(.text)
    guiCheckbox_SetChecked                   0x08006d39   Thumb Code    94  guicheckbox.o(.text)
    guiCheckbox_ProcessKey                   0x08006d97   Thumb Code    28  guicheckbox.o(.text)
    guiCheckBox_ProcessEvent                 0x08006db3   Thumb Code   202  guicheckbox.o(.text)
    guiCheckBox_Initialize                   0x08006e7d   Thumb Code    58  guicheckbox.o(.text)
    guiPanel_ProcessKey                      0x08006eb9   Thumb Code   142  guipanel.o(.text)
    guiPanel_ProcessEvent                    0x08006f47   Thumb Code   294  guipanel.o(.text)
    guiPanel_Initialize                      0x0800706d   Thumb Code    60  guipanel.o(.text)
    guiSpinBox_SetActiveDigit                0x080070a9   Thumb Code    74  guispinbox.o(.text)
    guiSpinBox_SetValue                      0x080070f3   Thumb Code   102  guispinbox.o(.text)
    guiSpinBox_SetActive                     0x08007159   Thumb Code   140  guispinbox.o(.text)
    guiSpinBox_IncrementValue                0x080071e5   Thumb Code    50  guispinbox.o(.text)
    guiSpinBox_ProcessKey                    0x08007217   Thumb Code   126  guispinbox.o(.text)
    guiSpinBox_ProcessEvent                  0x08007295   Thumb Code   326  guispinbox.o(.text)
    guiSpinBox_Initialize                    0x080073db   Thumb Code    64  guispinbox.o(.text)
    guiStringList_SelectItem                 0x08007439   Thumb Code    52  guistringlist.o(.text)
    guiStringList_SetActive                  0x08007551   Thumb Code   136  guistringlist.o(.text)
    guiStringList_ProcessKey                 0x080075d9   Thumb Code    90  guistringlist.o(.text)
    guiStringList_ProcessEvent               0x08007633   Thumb Code   310  guistringlist.o(.text)
    guiStringList_Initialize                 0x08007769   Thumb Code    44  guistringlist.o(.text)
    guiTextLabel_ProcessEvent                0x08007795   Thumb Code   136  guitextlabel.o(.text)
    guiTextLabel_Initialize                  0x0800781d   Thumb Code    50  guitextlabel.o(.text)
    LCD_SetPixelOutputMode                   0x08007851   Thumb Code    50  guigraphhal.o(.text)
    LCD_SetLineStyle                         0x08007883   Thumb Code    12  guigraphhal.o(.text)
    LCD_FillWholeBuffer                      0x0800788f   Thumb Code    26  guigraphhal.o(.text)
    LCD_PutPixel                             0x080078a9   Thumb Code    60  guigraphhal.o(.text)
    LCD_DrawHorLine                          0x080078e5   Thumb Code   160  guigraphhal.o(.text)
    LCD_DrawVertLine                         0x08007985   Thumb Code   108  guigraphhal.o(.text)
    LCD_DrawImage                            0x080079f1   Thumb Code   238  guigraphhal.o(.text)
    LCD_SetFont                              0x08007ae9   Thumb Code    12  guigraphprimitives.o(.text)
    LCD_DrawRect                             0x08007af5   Thumb Code    78  guigraphprimitives.o(.text)
    LCD_GetFontItem                          0x08007b43   Thumb Code   146  guigraphprimitives.o(.text)
    LCD_GetStringWidth                       0x08007bd5   Thumb Code    64  guigraphprimitives.o(.text)
    LCD_PrintString                          0x08007c15   Thumb Code    96  guigraphprimitives.o(.text)
    LCD_PrintStringAligned                   0x08007c75   Thumb Code   196  guigraphprimitives.o(.text)
    LCD_DrawLine                             0x08007d39   Thumb Code   192  guigraphprimitives.o(.text)
    guiGraph_SetBaseXY                       0x08007dfd   Thumb Code     8  guigraphwidgets.o(.text)
    guiGraph_OffsetBaseXY                    0x08007e05   Thumb Code    16  guigraphwidgets.o(.text)
    guiGraph_DrawPanel                       0x08007e15   Thumb Code   148  guigraphwidgets.o(.text)
    guiGraph_DrawTextLabel                   0x08007ea9   Thumb Code   220  guigraphwidgets.o(.text)
    guiGraph_DrawCheckBox                    0x08007f85   Thumb Code   300  guigraphwidgets.o(.text)
    guiGraph_DrawSpinBox                     0x080080b1   Thumb Code   442  guigraphwidgets.o(.text)
    guiGraph_GetStringListVisibleItemCount   0x0800826b   Thumb Code    18  guigraphwidgets.o(.text)
    guiGraph_DrawStringList                  0x0800827d   Thumb Code   454  guigraphwidgets.o(.text)
    i32toa_align_right                       0x08008449   Thumb Code   138  utils.o(.text)
    __2sprintf                               0x080084d5   Thumb Code    34  noretval__2sprintf.o(.text)
    _printf_pre_padding                      0x080084fd   Thumb Code    46  _printf_pad.o(.text)
    _printf_post_padding                     0x0800852b   Thumb Code    36  _printf_pad.o(.text)
    _printf_str                              0x0800854f   Thumb Code    82  _printf_str.o(.text)
    _printf_int_dec                          0x080085a1   Thumb Code   102  _printf_dec.o(.text)
    __printf                                 0x08008619   Thumb Code   270  __printf_wp.o(.text)
    strtol                                   0x08008727   Thumb Code   112  strtol.o(.text)
    strtoul                                  0x08008797   Thumb Code   114  strtoul.o(.text)
    strcpy                                   0x08008809   Thumb Code    72  strcpy.o(.text)
    strlen                                   0x08008851   Thumb Code    62  strlen.o(.text)
    __aeabi_memcpy                           0x0800888f   Thumb Code     0  rt_memcpy_v6.o(.text)
    __rt_memcpy                              0x0800888f   Thumb Code   138  rt_memcpy_v6.o(.text)
    _memcpy_lastbytes                        0x080088f5   Thumb Code     0  rt_memcpy_v6.o(.text)
    __aeabi_memset                           0x08008919   Thumb Code    16  aeabi_memset.o(.text)
    __aeabi_memclr4                          0x08008929   Thumb Code     0  rt_memclr_w.o(.text)
    __aeabi_memclr8                          0x08008929   Thumb Code     0  rt_memclr_w.o(.text)
    __rt_memclr_w                            0x08008929   Thumb Code    78  rt_memclr_w.o(.text)
    _memset_w                                0x0800892d   Thumb Code     0  rt_memclr_w.o(.text)
    strncpy                                  0x08008977   Thumb Code    86  strncpy.o(.text)
    strcmp                                   0x080089cd   Thumb Code   128  strcmpv7m.o(.text)
    __use_two_region_memory                  0x08008a4d   Thumb Code     2  heapauxi.o(.text)
    __rt_heap_escrow$2region                 0x08008a4f   Thumb Code     2  heapauxi.o(.text)
    __rt_heap_expand$2region                 0x08008a51   Thumb Code     2  heapauxi.o(.text)
    __rt_ctype_table                         0x08008a55   Thumb Code    16  rt_ctype_table.o(.text)
    __aeabi_errno_addr                       0x08008a65   Thumb Code     8  rt_errno_addr_intlibspace.o(.text)
    __errno$intlibspace                      0x08008a65   Thumb Code     0  rt_errno_addr_intlibspace.o(.text)
    __rt_errno_addr$intlibspace              0x08008a65   Thumb Code     0  rt_errno_addr_intlibspace.o(.text)
    _printf_int_common                       0x08008a6d   Thumb Code   184  _printf_intcommon.o(.text)
    __lib_sel_fp_printf                      0x08008b25   Thumb Code     2  _printf_fp_dec.o(.text)
    _printf_fp_dec_real                      0x08008cd1   Thumb Code   628  _printf_fp_dec.o(.text)
    _printf_char_common                      0x08008f4f   Thumb Code    32  _printf_char_common.o(.text)
    _sputc                                   0x08008f75   Thumb Code    10  _sputc.o(.text)
    _printf_cs_common                        0x08008f7f   Thumb Code    20  _printf_char.o(.text)
    _printf_char                             0x08008f93   Thumb Code    16  _printf_char.o(.text)
    _printf_string                           0x08008fa3   Thumb Code     8  _printf_char.o(.text)
    _strtoul                                 0x08008fab   Thumb Code   158  _strtoul.o(.text)
    __aeabi_memcpy4                          0x08009049   Thumb Code     0  rt_memcpy_w.o(.text)
    __aeabi_memcpy8                          0x08009049   Thumb Code     0  rt_memcpy_w.o(.text)
    __rt_memcpy_w                            0x08009049   Thumb Code   100  rt_memcpy_w.o(.text)
    _memcpy_lastbytes_aligned                0x08009091   Thumb Code     0  rt_memcpy_w.o(.text)
    __aeabi_memclr                           0x080090ad   Thumb Code     0  rt_memclr.o(.text)
    __rt_memclr                              0x080090ad   Thumb Code    68  rt_memclr.o(.text)
    _memset                                  0x080090b1   Thumb Code     0  rt_memclr.o(.text)
    __user_libspace                          0x080090f1   Thumb Code     8  libspace.o(.text)
    __user_perproc_libspace                  0x080090f1   Thumb Code     0  libspace.o(.text)
    __user_perthread_libspace                0x080090f1   Thumb Code     0  libspace.o(.text)
    __rt_locale                              0x080090f9   Thumb Code     8  rt_locale_intlibspace.o(.text)
    _ll_udiv10                               0x08009101   Thumb Code   138  lludiv10.o(.text)
    _printf_fp_infnan                        0x0800918d   Thumb Code   112  _printf_fp_infnan.o(.text)
    _chval                                   0x0800920d   Thumb Code    28  _chval.o(.text)
    _btod_etento                             0x08009229   Thumb Code   222  bigflt0.o(.text)
    __user_setup_stackheap                   0x0800930d   Thumb Code    74  sys_stackheap_outer.o(.text)
    exit                                     0x08009357   Thumb Code    12  exit.o(.text)
    _sys_exit                                0x08009365   Thumb Code     8  sys_exit.o(.text)
    __I$use$semihosting                      0x08009371   Thumb Code     0  use_no_semi.o(.text)
    __use_no_semihosting_swi                 0x08009371   Thumb Code     2  use_no_semi.o(.text)
    __semihosting_library_function           0x08009373   Thumb Code     0  indicate_semi.o(.text)
    _btod_d2e                                0x08009373   Thumb Code    62  btod.o(CL$$btod_d2e)
    _d2e_denorm_low                          0x080093b1   Thumb Code    70  btod.o(CL$$btod_d2e_denorm_low)
    _d2e_norm_op1                            0x080093f7   Thumb Code    96  btod.o(CL$$btod_d2e_norm_op1)
    __btod_div_common                        0x08009457   Thumb Code   696  btod.o(CL$$btod_div_common)
    _e2e                                     0x0800978f   Thumb Code   198  btod.o(CL$$btod_e2e)
    _btod_ediv                               0x08009855   Thumb Code    40  btod.o(CL$$btod_ediv)
    _btod_emul                               0x0800987d   Thumb Code    40  btod.o(CL$$btod_emul)
    __btod_mult_common                       0x080098a5   Thumb Code   580  btod.o(CL$$btod_mult_common)
    __ARM_fpclassify                         0x08009ae9   Thumb Code    40  fpclassify.o(i.__ARM_fpclassify)
    _is_digit                                0x08009b11   Thumb Code    14  __printf_wp.o(i._is_digit)
    _get_lc_ctype                            0x08009b21   Thumb Code    44  lc_ctype_c.o(locale$$code)
    _get_lc_numeric                          0x08009b4d   Thumb Code    44  lc_numeric_c.o(locale$$code)
    __aeabi_dadd                             0x08009b79   Thumb Code     0  daddsub_clz.o(x$fpl$dadd)
    _dadd                                    0x08009b79   Thumb Code   332  daddsub_clz.o(x$fpl$dadd)
    __aeabi_d2iz                             0x08009cc9   Thumb Code     0  dfix.o(x$fpl$dfix)
    _dfix                                    0x08009cc9   Thumb Code    94  dfix.o(x$fpl$dfix)
    __aeabi_ui2d                             0x08009d27   Thumb Code     0  dflt_clz.o(x$fpl$dfltu)
    _dfltu                                   0x08009d27   Thumb Code    38  dflt_clz.o(x$fpl$dfltu)
    __aeabi_dmul                             0x08009d4d   Thumb Code     0  dmul.o(x$fpl$dmul)
    _dmul                                    0x08009d4d   Thumb Code   332  dmul.o(x$fpl$dmul)
    __fpl_dnaninf                            0x08009ea1   Thumb Code   156  dnaninf.o(x$fpl$dnaninf)
    __fpl_dretinf                            0x08009f3d   Thumb Code    12  dretinf.o(x$fpl$dretinf)
    __aeabi_dsub                             0x08009f49   Thumb Code     0  daddsub_clz.o(x$fpl$dsub)
    _dsub                                    0x08009f49   Thumb Code   464  daddsub_clz.o(x$fpl$dsub)
    __aeabi_f2d                              0x0800a11d   Thumb Code     0  f2d.o(x$fpl$f2d)
    _f2d                                     0x0800a11d   Thumb Code    86  f2d.o(x$fpl$f2d)
    __aeabi_fdiv                             0x0800a175   Thumb Code     0  fdiv.o(x$fpl$fdiv)
    _fdiv                                    0x0800a175   Thumb Code   384  fdiv.o(x$fpl$fdiv)
    __aeabi_ui2f                             0x0800a2f9   Thumb Code     0  fflt_clz.o(x$fpl$ffltu)
    _ffltu                                   0x0800a2f9   Thumb Code    38  fflt_clz.o(x$fpl$ffltu)
    __fpl_fnaninf                            0x0800a31f   Thumb Code   140  fnaninf.o(x$fpl$fnaninf)
    __fpl_fretinf                            0x0800a3ab   Thumb Code    10  fretinf.o(x$fpl$fretinf)
    _printf_fp_dec                           0x0800a3b5   Thumb Code     4  printf1.o(x$fpl$printf1)
    __I$use$fp                               0x0800a3b8   Number         0  usenofp.o(x$fpl$usenofp)
    converter_overload_msg                   0x0800a3b8   Data          12  converter.o(.constdata)
    converter_tick_message                   0x0800a3c4   Data          12  converter.o(.constdata)
    dispatcher_tick_msg                      0x0800a3d0   Data           8  dispatcher.o(.constdata)
    sound_driver_sync_msg                    0x0800a3d8   Data           4  sound_driver.o(.constdata)
    sound_instant_overload_msg               0x0800a3dc   Data           4  sound_driver.o(.constdata)
    _beep_1000Hz_10ms                        0x0800a3e0   Data           8  sound_samples.o(.constdata)
    _beep_800Hz_10ms                         0x0800a3e8   Data           8  sound_samples.o(.constdata)
    _beep_600Hz_10ms                         0x0800a3f0   Data           8  sound_samples.o(.constdata)
    _silence_10ms                            0x0800a3f8   Data           8  sound_samples.o(.constdata)
    sample_beep_1000Hz_50ms                  0x0800a400   Data          16  sound_samples.o(.constdata)
    sample_beep_800Hz_50ms                   0x0800a410   Data          16  sound_samples.o(.constdata)
    sample_beep_800Hz_x3                     0x0800a420   Data          48  sound_samples.o(.constdata)
    sample_beep_800Hz_20ms                   0x0800a450   Data          16  sound_samples.o(.constdata)
    sample_beep_600Hz_x2                     0x0800a460   Data          32  sound_samples.o(.constdata)
    _resp_OK                                 0x0800a480   Data           4  uart.o(.constdata)
    _resp_UNKN_CMD                           0x0800a484   Data          13  uart.o(.constdata)
    guiEvent_INIT                            0x0800a494   Data           6  guicore.o(.constdata)
    guiEvent_DRAW                            0x0800a49a   Data           6  guicore.o(.constdata)
    guiEvent_UPDATE                          0x0800a4a0   Data           6  guicore.o(.constdata)
    guiEvent_HIDE                            0x0800a4a6   Data           6  guicore.o(.constdata)
    guiEvent_SHOW                            0x0800a4ac   Data           6  guicore.o(.constdata)
    guiEvent_UNFOCUS                         0x0800a4b2   Data           6  guicore.o(.constdata)
    guiEvent_FOCUS                           0x0800a4b8   Data           6  guicore.o(.constdata)
    font_6x8_mono                            0x0800aac0   Data          24  font_6x8_mono.o(.constdata)
    font_h10                                 0x0800b960   Data          24  font_h10.o(.constdata)
    font_h10_bold                            0x0800c838   Data          24  font_h10_bold.o(.constdata)
    font_h11                                 0x0800d434   Data          24  font_h11.o(.constdata)
    font_h16                                 0x0800d5f8   Data          24  font_h16.o(.constdata)
    font_h32                                 0x0800d9d8   Data          24  font_h32.o(.constdata)
    freeRTOS_logo_96x36                      0x0800d9f0   Data         480  other_images.o(.constdata)
    checkbox_10x10_checked                   0x0800dbd0   Data          20  widget_images.o(.constdata)
    checkbox_10x10_empty                     0x0800dbe4   Data          20  widget_images.o(.constdata)
    selector_tri                             0x0800dbf8   Data          12  widget_images.o(.constdata)
    Region$$Table$$Base                      0x0800dc98   Number         0  anon$$obj.o(Region$$Table)
    Region$$Table$$Limit                     0x0800dcb8   Number         0  anon$$obj.o(Region$$Table)
    __ctype                                  0x0800dcc5   Data           0  lc_ctype_c.o(locale$$data)
    SystemCoreClock                          0x20000000   Data           4  system_mdr32f9qx.o(.data)
    voltage_adc                              0x20000008   Data           2  adc.o(.data)
    current_adc                              0x2000000a   Data           2  adc.o(.data)
    power_adc                                0x20000010   Data           4  adc.o(.data)
    xQueueADC                                0x20000018   Data           4  adc.o(.data)
    xSemaphoreADC                            0x2000001c   Data           4  adc.o(.data)
    buttons                                  0x20000022   Data           8  buttons.o(.data)
    xQueueConverter                          0x2000002c   Data           4  converter.o(.data)
    adc_msg                                  0x20000030   Data           4  converter.o(.data)
    gui_msg                                  0x20000034   Data           8  converter.o(.data)
    xTaskHandle_Converter                    0x2000003c   Data           4  converter.o(.data)
    cmd_ADC_to_HWProcess                     0x20000042   Data           1  converter_hw.o(.data)
    xQueueDispatcher                         0x20000050   Data           4  dispatcher.o(.data)
    encoder_delta                            0x2000005a   Data           2  encoder.o(.data)
    xQueueGUI                                0x20000060   Data           4  guitop.o(.data)
    converter_temp_celsius                   0x20000068   Data           2  service.o(.data)
    xQueueSound                              0x20000070   Data           4  sound_driver.o(.data)
    enable_task_ticks                        0x20000088   Data           1  systick.o(.data)
    time_profile                             0x2000009c   Data           8  systick.o(.data)
    xQueueUART1TX                            0x200000a4   Data           4  uart.o(.data)
    xSemaphoreUART1TX                        0x200000a8   Data           4  uart.o(.data)
    pxCurrentTCB                             0x200000b8   Data           4  tasks.o(.data)
    setupListHandlers                        0x20000110   Data           8  guisetuppanel.o(.data)
    rootWidget                               0x20000118   Data           4  guicore.o(.data)
    focusedWidget                            0x2000011c   Data           4  guicore.o(.data)
    LCD_lineStyle                            0x20000120   Data           1  guigraphhal.o(.data)
    LCD_currentFont                          0x20000124   Data           4  guigraphprimitives.o(.data)
    wx                                       0x20000128   Data           2  guigraphwidgets.o(.data)
    wy                                       0x2000012a   Data           2  guigraphwidgets.o(.data)
    DMA_ControlTable                         0x20000400   Data        1024  mdr32f9qx_dma.o(.bss)
    converter_state                          0x20000814   Data         120  converter.o(.bss)
    pr                                       0x20000898   Data          60  systemfunc.o(.bss)
    dbg_struct                               0x200008d4   Data          56  systemfunc.o(.bss)
    guiMainForm                              0x20004fd4   Data          44  guimainform.o(.bss)
    guiMasterPanel                           0x20005200   Data          44  guimasterpanel.o(.bss)
    guiSetupPanel                            0x2000524c   Data          44  guisetuppanel.o(.bss)
    setupList                                0x20005298   Data          52  guisetuppanel.o(.bss)
    setupListElements                        0x200052cc   Data          24  guisetuppanel.o(.bss)
    checkBox_ApplyLowVoltageLimit            0x200052e4   Data          44  guisetuppanel.o(.bss)
    checkBox_ApplyHighVoltageLimit           0x20005310   Data          44  guisetuppanel.o(.bss)
    checkBoxHandlers_VoltageLimit            0x2000533c   Data          16  guisetuppanel.o(.bss)
    spinBox_LowVoltageLimit                  0x2000534c   Data          72  guisetuppanel.o(.bss)
    spinBox_HighVoltageLimit                 0x20005394   Data          72  guisetuppanel.o(.bss)
    spinBoxHandlers_VoltageLimit             0x200053dc   Data          16  guisetuppanel.o(.bss)
    guiTimers                                0x200053ec   Data          16  guicore.o(.bss)
    guiMsgQueue                              0x200053fc   Data         244  guicore.o(.bss)
    lcdBuffer                                0x200054f0   Data        1728  guigraphhal.o(.bss)
    __libspace_start                         0x20005bb0   Data          96  libspace.o(.bss)
    __temporary_stack_top$libspace           0x20005c10   Data           0  libspace.o(.bss)



==============================================================================

Memory Map of the image

  Image Entry point : 0x08000259

  Load Region LR_1 (Base: 0x08000000, Size: 0x0000df10, Max: 0xffffffff, ABSOLUTE, COMPRESSED[0x0000de18])

    Execution Region ER_RO (Base: 0x08000000, Size: 0x0000dde4, Max: 0xffffffff, ABSOLUTE)

    Base Addr    Size         Type   Attr      Idx    E Section Name        Object

    0x08000000   0x000000c0   Data   RO            3    RESET               startup_mdr32f9x.o
    0x080000c0   0x00000008   Code   RO         1534  * !!!main             c_w.l(__main.o)
    0x080000c8   0x00000034   Code   RO         1803    !!!scatter          c_w.l(__scatter.o)
    0x080000fc   0x0000005a   Code   RO         1801    !!dczerorl2         c_w.l(__dczerorl2.o)
    0x08000156   0x00000002   PAD
    0x08000158   0x0000001c   Code   RO         1805    !!handler_zi        c_w.l(__scatter_zi.o)
    0x08000174   0x00000000   Code   RO         1513    .ARM.Collect$$_printf_percent$$00000000  c_w.l(_printf_percent.o)
    0x08000174   0x00000006   Code   RO         1512    .ARM.Collect$$_printf_percent$$00000003  c_w.l(_printf_f.o)
    0x0800017a   0x00000006   Code   RO         1511    .ARM.Collect$$_printf_percent$$00000009  c_w.l(_printf_d.o)
    0x08000180   0x00000006   Code   RO         1510    .ARM.Collect$$_printf_percent$$00000013  c_w.l(_printf_c.o)
    0x08000186   0x00000004   Code   RO         1586    .ARM.Collect$$_printf_percent$$00000017  c_w.l(_printf_percent_end.o)
    0x0800018a   0x00000002   Code   RO         1677    .ARM.Collect$$libinit$$00000000  c_w.l(libinit.o)
    0x0800018c   0x00000000   Code   RO         1679    .ARM.Collect$$libinit$$00000002  c_w.l(libinit2.o)
    0x0800018c   0x00000000   Code   RO         1682    .ARM.Collect$$libinit$$00000008  c_w.l(libinit2.o)
    0x0800018c   0x00000000   Code   RO         1684    .ARM.Collect$$libinit$$0000000A  c_w.l(libinit2.o)
    0x0800018c   0x00000000   Code   RO         1686    .ARM.Collect$$libinit$$0000000C  c_w.l(libinit2.o)
    0x0800018c   0x00000006   Code   RO         1687    .ARM.Collect$$libinit$$0000000D  c_w.l(libinit2.o)
    0x08000192   0x00000000   Code   RO         1689    .ARM.Collect$$libinit$$0000000F  c_w.l(libinit2.o)
    0x08000192   0x0000000c   Code   RO         1690    .ARM.Collect$$libinit$$00000010  c_w.l(libinit2.o)
    0x0800019e   0x00000000   Code   RO         1691    .ARM.Collect$$libinit$$00000011  c_w.l(libinit2.o)
    0x0800019e   0x00000000   Code   RO         1693    .ARM.Collect$$libinit$$00000013  c_w.l(libinit2.o)
    0x0800019e   0x0000000a   Code   RO         1694    .ARM.Collect$$libinit$$00000014  c_w.l(libinit2.o)
    0x080001a8   0x00000000   Code   RO         1695    .ARM.Collect$$libinit$$00000015  c_w.l(libinit2.o)
    0x080001a8   0x00000000   Code   RO         1697    .ARM.Collect$$libinit$$00000017  c_w.l(libinit2.o)
    0x080001a8   0x00000000   Code   RO         1699    .ARM.Collect$$libinit$$00000019  c_w.l(libinit2.o)
    0x080001a8   0x00000000   Code   RO         1701    .ARM.Collect$$libinit$$0000001B  c_w.l(libinit2.o)
    0x080001a8   0x00000000   Code   RO         1703    .ARM.Collect$$libinit$$0000001D  c_w.l(libinit2.o)
    0x080001a8   0x00000000   Code   RO         1705    .ARM.Collect$$libinit$$0000001F  c_w.l(libinit2.o)
    0x080001a8   0x00000000   Code   RO         1707    .ARM.Collect$$libinit$$00000021  c_w.l(libinit2.o)
    0x080001a8   0x00000000   Code   RO         1709    .ARM.Collect$$libinit$$00000023  c_w.l(libinit2.o)
    0x080001a8   0x00000000   Code   RO         1713    .ARM.Collect$$libinit$$0000002A  c_w.l(libinit2.o)
    0x080001a8   0x00000000   Code   RO         1715    .ARM.Collect$$libinit$$0000002C  c_w.l(libinit2.o)
    0x080001a8   0x00000000   Code   RO         1717    .ARM.Collect$$libinit$$0000002E  c_w.l(libinit2.o)
    0x080001a8   0x00000000   Code   RO         1719    .ARM.Collect$$libinit$$00000030  c_w.l(libinit2.o)
    0x080001a8   0x00000002   Code   RO         1720    .ARM.Collect$$libinit$$00000031  c_w.l(libinit2.o)
    0x080001aa   0x00000002   Code   RO         1750    .ARM.Collect$$libshutdown$$00000000  c_w.l(libshutdown.o)
    0x080001ac   0x00000000   Code   RO         1762    .ARM.Collect$$libshutdown$$00000003  c_w.l(libshutdown2.o)
    0x080001ac   0x00000000   Code   RO         1765    .ARM.Collect$$libshutdown$$00000006  c_w.l(libshutdown2.o)
    0x080001ac   0x00000000   Code   RO         1768    .ARM.Collect$$libshutdown$$00000009  c_w.l(libshutdown2.o)
    0x080001ac   0x00000000   Code   RO         1770    .ARM.Collect$$libshutdown$$0000000B  c_w.l(libshutdown2.o)
    0x080001ac   0x00000000   Code   RO         1773    .ARM.Collect$$libshutdown$$0000000E  c_w.l(libshutdown2.o)
    0x080001ac   0x00000002   Code   RO         1774    .ARM.Collect$$libshutdown$$0000000F  c_w.l(libshutdown2.o)
    0x080001ae   0x00000000   Code   RO         1568    .ARM.Collect$$rtentry$$00000000  c_w.l(rtentry.o)
    0x080001ae   0x00000000   Code   RO         1606    .ARM.Collect$$rtentry$$00000002  c_w.l(rtentry2.o)
    0x080001ae   0x00000006   Code   RO         1618    .ARM.Collect$$rtentry$$00000004  c_w.l(rtentry4.o)
    0x080001b4   0x00000000   Code   RO         1608    .ARM.Collect$$rtentry$$00000009  c_w.l(rtentry2.o)
    0x080001b4   0x00000004   Code   RO         1609    .ARM.Collect$$rtentry$$0000000A  c_w.l(rtentry2.o)
    0x080001b8   0x00000000   Code   RO         1611    .ARM.Collect$$rtentry$$0000000C  c_w.l(rtentry2.o)
    0x080001b8   0x00000008   Code   RO         1612    .ARM.Collect$$rtentry$$0000000D  c_w.l(rtentry2.o)
    0x080001c0   0x00000002   Code   RO         1721    .ARM.Collect$$rtexit$$00000000  c_w.l(rtexit.o)
    0x080001c2   0x00000000   Code   RO         1728    .ARM.Collect$$rtexit$$00000002  c_w.l(rtexit2.o)
    0x080001c2   0x00000004   Code   RO         1729    .ARM.Collect$$rtexit$$00000003  c_w.l(rtexit2.o)
    0x080001c6   0x00000006   Code   RO         1730    .ARM.Collect$$rtexit$$00000004  c_w.l(rtexit2.o)
    0x080001cc   0x0000008a   Code   RO          934    .emb_text           port.o
    0x08000256   0x00000002   PAD
    0x08000258   0x00000050   Code   RO            4  * .text               startup_mdr32f9x.o
    0x080002a8   0x00000090   Code   RO           12    .text               system_mdr32f9qx.o
    0x08000338   0x0000010c   Code   RO           58    .text               mdr32f9qx_ssp.o
    0x08000444   0x00000224   Code   RO           91    .text               mdr32f9qx_port.o
    0x08000668   0x00000470   Code   RO          114    .text               mdr32f9qx_timer.o
    0x08000ad8   0x000000f8   Code   RO          137    .text               mdr32f9qx_i2c.o
    0x08000bd0   0x00000354   Code   RO          160    .text               mdr32f9qx_adc.o
    0x08000f24   0x000001ec   Code   RO          183    .text               mdr32f9qx_uart.o
    0x08001110   0x00000238   Code   RO          206    .text               mdr32f9qx_dma.o
    0x08001348   0x000004ac   Code   RO          232    .text               mdr32f9qx_rst_clk.o
    0x080017f4   0x000001b0   Code   RO          252    .text               main.o
    0x080019a4   0x0000019c   Code   RO          384    .text               adc.o
    0x08001b40   0x00000128   Code   RO          416    .text               buttons.o
    0x08001c68   0x0000008c   Code   RO          443    .text               control.o
    0x08001cf4   0x00000878   Code   RO          463    .text               converter.o
    0x0800256c   0x00000284   Code   RO          493    .text               converter_hw.o
    0x080027f0   0x00000290   Code   RO          527    .text               dispatcher.o
    0x08002a80   0x00000050   Code   RO          554    .text               dwt_delay.o
    0x08002ad0   0x00000074   Code   RO          574    .text               encoder.o
    0x08002b44   0x00000380   Code   RO          597    .text               guitop.o
    0x08002ec4   0x000001a4   Code   RO          669    .text               i2c_eeprom.o
    0x08003068   0x00000280   Code   RO          689    .text               lcd_1202.o
    0x080032e8   0x0000003c   Code   RO          712    .text               led.o
    0x08003324   0x0000009c   Code   RO          732    .text               service.o
    0x080033c0   0x0000012c   Code   RO          755    .text               sound_driver.o
    0x080034ec   0x00000904   Code   RO          813    .text               systemfunc.o
    0x08003df0   0x00000128   Code   RO          841    .text               systick.o
    0x08003f18   0x00000774   Code   RO          896    .text               uart.o
    0x0800468c   0x000000c0   Code   RO          935    .text               port.o
    0x0800474c   0x00000088   Code   RO          971    .text               list.o
    0x080047d4   0x000004b2   Code   RO          989    .text               queue.o
    0x08004c86   0x00000002   PAD
    0x08004c88   0x0000080c   Code   RO         1004    .text               tasks.o
    0x08005494   0x0000015c   Code   RO         1032    .text               heap_4.o
    0x080055f0   0x0000022c   Code   RO         1047    .text               guimainform.o
    0x0800581c   0x00000760   Code   RO         1103    .text               guimasterpanel.o
    0x08005f7c   0x00000528   Code   RO         1151    .text               guisetuppanel.o
    0x080064a4   0x00000892   Code   RO         1180    .text               guicore.o
    0x08006d36   0x00000002   PAD
    0x08006d38   0x0000017e   Code   RO         1207    .text               guicheckbox.o
    0x08006eb6   0x00000002   PAD
    0x08006eb8   0x000001f0   Code   RO         1232    .text               guipanel.o
    0x080070a8   0x00000372   Code   RO         1247    .text               guispinbox.o
    0x0800741a   0x00000002   PAD
    0x0800741c   0x00000378   Code   RO         1265    .text               guistringlist.o
    0x08007794   0x000000ba   Code   RO         1280    .text               guitextlabel.o
    0x0800784e   0x00000002   PAD
    0x08007850   0x00000298   Code   RO         1389    .text               guigraphhal.o
    0x08007ae8   0x00000314   Code   RO         1408    .text               guigraphprimitives.o
    0x08007dfc   0x0000064c   Code   RO         1426    .text               guigraphwidgets.o
    0x08008448   0x0000008a   Code   RO         1464    .text               utils.o
    0x080084d2   0x00000002   PAD
    0x080084d4   0x00000028   Code   RO         1480    .text               c_w.l(noretval__2sprintf.o)
    0x080084fc   0x00000052   Code   RO         1484    .text               c_w.l(_printf_pad.o)
    0x0800854e   0x00000052   Code   RO         1486    .text               c_w.l(_printf_str.o)
    0x080085a0   0x00000078   Code   RO         1488    .text               c_w.l(_printf_dec.o)
    0x08008618   0x0000010e   Code   RO         1498    .text               c_w.l(__printf_wp.o)
    0x08008726   0x00000070   Code   RO         1514    .text               c_w.l(strtol.o)
    0x08008796   0x00000072   Code   RO         1516    .text               c_w.l(strtoul.o)
    0x08008808   0x00000048   Code   RO         1518    .text               c_w.l(strcpy.o)
    0x08008850   0x0000003e   Code   RO         1520    .text               c_w.l(strlen.o)
    0x0800888e   0x0000008a   Code   RO         1522    .text               c_w.l(rt_memcpy_v6.o)
    0x08008918   0x00000010   Code   RO         1524    .text               c_w.l(aeabi_memset.o)
    0x08008928   0x0000004e   Code   RO         1526    .text               c_w.l(rt_memclr_w.o)
    0x08008976   0x00000056   Code   RO         1528    .text               c_w.l(strncpy.o)
    0x080089cc   0x00000080   Code   RO         1530    .text               c_w.l(strcmpv7m.o)
    0x08008a4c   0x00000006   Code   RO         1532    .text               c_w.l(heapauxi.o)
    0x08008a52   0x00000002   PAD
    0x08008a54   0x00000010   Code   RO         1569    .text               c_w.l(rt_ctype_table.o)
    0x08008a64   0x00000008   Code   RO         1574    .text               c_w.l(rt_errno_addr_intlibspace.o)
    0x08008a6c   0x000000b8   Code   RO         1576    .text               c_w.l(_printf_intcommon.o)
    0x08008b24   0x00000420   Code   RO         1578    .text               c_w.l(_printf_fp_dec.o)
    0x08008f44   0x00000030   Code   RO         1580    .text               c_w.l(_printf_char_common.o)
    0x08008f74   0x0000000a   Code   RO         1582    .text               c_w.l(_sputc.o)
    0x08008f7e   0x0000002c   Code   RO         1584    .text               c_w.l(_printf_char.o)
    0x08008faa   0x0000009e   Code   RO         1587    .text               c_w.l(_strtoul.o)
    0x08009048   0x00000064   Code   RO         1589    .text               c_w.l(rt_memcpy_w.o)
    0x080090ac   0x00000044   Code   RO         1591    .text               c_w.l(rt_memclr.o)
    0x080090f0   0x00000008   Code   RO         1602    .text               c_w.l(libspace.o)
    0x080090f8   0x00000008   Code   RO         1623    .text               c_w.l(rt_locale_intlibspace.o)
    0x08009100   0x0000008a   Code   RO         1625    .text               c_w.l(lludiv10.o)
    0x0800918a   0x00000002   PAD
    0x0800918c   0x00000080   Code   RO         1627    .text               c_w.l(_printf_fp_infnan.o)
    0x0800920c   0x0000001c   Code   RO         1631    .text               c_w.l(_chval.o)
    0x08009228   0x000000e4   Code   RO         1633    .text               c_w.l(bigflt0.o)
    0x0800930c   0x0000004a   Code   RO         1668    .text               c_w.l(sys_stackheap_outer.o)
    0x08009356   0x0000000c   Code   RO         1670    .text               c_w.l(exit.o)
    0x08009362   0x00000002   PAD
    0x08009364   0x0000000c   Code   RO         1740    .text               c_w.l(sys_exit.o)
    0x08009370   0x00000002   Code   RO         1751    .text               c_w.l(use_no_semi.o)
    0x08009372   0x00000000   Code   RO         1753    .text               c_w.l(indicate_semi.o)
    0x08009372   0x0000003e   Code   RO         1636    CL$$btod_d2e        c_w.l(btod.o)
    0x080093b0   0x00000046   Code   RO         1638    CL$$btod_d2e_denorm_low  c_w.l(btod.o)
    0x080093f6   0x00000060   Code   RO         1637    CL$$btod_d2e_norm_op1  c_w.l(btod.o)
    0x08009456   0x00000338   Code   RO         1646    CL$$btod_div_common  c_w.l(btod.o)
    0x0800978e   0x000000c6   Code   RO         1643    CL$$btod_e2e        c_w.l(btod.o)
    0x08009854   0x00000028   Code   RO         1640    CL$$btod_ediv       c_w.l(btod.o)
    0x0800987c   0x00000028   Code   RO         1639    CL$$btod_emul       c_w.l(btod.o)
    0x080098a4   0x00000244   Code   RO         1645    CL$$btod_mult_common  c_w.l(btod.o)
    0x08009ae8   0x00000028   Code   RO         1666    i.__ARM_fpclassify  m_ws.l(fpclassify.o)
    0x08009b10   0x0000000e   Code   RO         1500    i._is_digit         c_w.l(__printf_wp.o)
    0x08009b1e   0x00000002   PAD
    0x08009b20   0x0000002c   Code   RO         1659    locale$$code        c_w.l(lc_ctype_c.o)
    0x08009b4c   0x0000002c   Code   RO         1662    locale$$code        c_w.l(lc_numeric_c.o)
    0x08009b78   0x00000150   Code   RO         1536    x$fpl$dadd          fz_ws.l(daddsub_clz.o)
    0x08009cc8   0x0000005e   Code   RO         1542    x$fpl$dfix          fz_ws.l(dfix.o)
    0x08009d26   0x00000026   Code   RO         1546    x$fpl$dfltu         fz_ws.l(dflt_clz.o)
    0x08009d4c   0x00000154   Code   RO         1552    x$fpl$dmul          fz_ws.l(dmul.o)
    0x08009ea0   0x0000009c   Code   RO         1593    x$fpl$dnaninf       fz_ws.l(dnaninf.o)
    0x08009f3c   0x0000000c   Code   RO         1595    x$fpl$dretinf       fz_ws.l(dretinf.o)
    0x08009f48   0x000001d4   Code   RO         1538    x$fpl$dsub          fz_ws.l(daddsub_clz.o)
    0x0800a11c   0x00000056   Code   RO         1554    x$fpl$f2d           fz_ws.l(f2d.o)
    0x0800a172   0x00000002   PAD
    0x0800a174   0x00000184   Code   RO         1557    x$fpl$fdiv          fz_ws.l(fdiv.o)
    0x0800a2f8   0x00000026   Code   RO         1560    x$fpl$ffltu         fz_ws.l(fflt_clz.o)
    0x0800a31e   0x0000008c   Code   RO         1597    x$fpl$fnaninf       fz_ws.l(fnaninf.o)
    0x0800a3aa   0x0000000a   Code   RO         1599    x$fpl$fretinf       fz_ws.l(fretinf.o)
    0x0800a3b4   0x00000004   Code   RO         1566    x$fpl$printf1       fz_ws.l(printf1.o)
    0x0800a3b8   0x00000000   Code   RO         1601    x$fpl$usenofp       fz_ws.l(usenofp.o)
    0x0800a3b8   0x0000000c   Data   RO          465    .constdata          converter.o
    0x0800a3c4   0x0000000c   Data   RO          466    .constdata          converter.o
    0x0800a3d0   0x00000008   Data   RO          528    .constdata          dispatcher.o
    0x0800a3d8   0x00000004   Data   RO          756    .constdata          sound_driver.o
    0x0800a3dc   0x00000004   Data   RO          757    .constdata          sound_driver.o
    0x0800a3e0   0x00000008   Data   RO          788    .constdata          sound_samples.o
    0x0800a3e8   0x00000008   Data   RO          789    .constdata          sound_samples.o
    0x0800a3f0   0x00000008   Data   RO          790    .constdata          sound_samples.o
    0x0800a3f8   0x00000008   Data   RO          791    .constdata          sound_samples.o
    0x0800a400   0x00000010   Data   RO          792    .constdata          sound_samples.o
    0x0800a410   0x00000010   Data   RO          793    .constdata          sound_samples.o
    0x0800a420   0x00000030   Data   RO          794    .constdata          sound_samples.o
    0x0800a450   0x00000010   Data   RO          795    .constdata          sound_samples.o
    0x0800a460   0x00000020   Data   RO          796    .constdata          sound_samples.o
    0x0800a480   0x00000011   Data   RO          898    .constdata          uart.o
    0x0800a491   0x00000003   PAD
    0x0800a494   0x00000032   Data   RO         1182    .constdata          guicore.o
    0x0800a4c6   0x000005fa   Data   RO         1292    .constdata          font_6x8_mono.o
    0x0800aac0   0x00000018   Data   RO         1293    .constdata          font_6x8_mono.o
    0x0800aad8   0x00000b8a   Data   RO         1306    .constdata          font_h10.o
    0x0800b662   0x000000ff   Data   RO         1307    .constdata          font_h10.o
    0x0800b761   0x00000001   PAD
    0x0800b762   0x000001fe   Data   RO         1308    .constdata          font_h10.o
    0x0800b960   0x00000018   Data   RO         1309    .constdata          font_h10.o
    0x0800b978   0x00000bc2   Data   RO         1322    .constdata          font_h10_bold.o
    0x0800c53a   0x000000ff   Data   RO         1323    .constdata          font_h10_bold.o
    0x0800c639   0x00000001   PAD
    0x0800c63a   0x000001fe   Data   RO         1324    .constdata          font_h10_bold.o
    0x0800c838   0x00000018   Data   RO         1325    .constdata          font_h10_bold.o
    0x0800c850   0x0000094c   Data   RO         1338    .constdata          font_h11.o
    0x0800d19c   0x000000a6   Data   RO         1339    .constdata          font_h11.o
    0x0800d242   0x000000a6   Data   RO         1340    .constdata          font_h11.o
    0x0800d2e8   0x0000014c   Data   RO         1341    .constdata          font_h11.o
    0x0800d434   0x00000018   Data   RO         1342    .constdata          font_h11.o
    0x0800d44c   0x00000160   Data   RO         1355    .constdata          font_h16.o
    0x0800d5ac   0x00000013   Data   RO         1356    .constdata          font_h16.o
    0x0800d5bf   0x00000013   Data   RO         1357    .constdata          font_h16.o
    0x0800d5d2   0x00000026   Data   RO         1358    .constdata          font_h16.o
    0x0800d5f8   0x00000018   Data   RO         1359    .constdata          font_h16.o
    0x0800d610   0x00000390   Data   RO         1372    .constdata          font_h32.o
    0x0800d9a0   0x0000000e   Data   RO         1373    .constdata          font_h32.o
    0x0800d9ae   0x0000000e   Data   RO         1374    .constdata          font_h32.o
    0x0800d9bc   0x0000001c   Data   RO         1375    .constdata          font_h32.o
    0x0800d9d8   0x00000018   Data   RO         1376    .constdata          font_h32.o
    0x0800d9f0   0x000001e0   Data   RO         1444    .constdata          other_images.o
    0x0800dbd0   0x00000014   Data   RO         1453    .constdata          widget_images.o
    0x0800dbe4   0x00000014   Data   RO         1454    .constdata          widget_images.o
    0x0800dbf8   0x0000000c   Data   RO         1455    .constdata          widget_images.o
    0x0800dc04   0x00000094   Data   RO         1634    .constdata          c_w.l(bigflt0.o)
    0x0800dc98   0x00000020   Data   RO         1799    Region$$Table       anon$$obj.o
    0x0800dcb8   0x00000110   Data   RO         1658    locale$$data        c_w.l(lc_ctype_c.o)
    0x0800ddc8   0x0000001c   Data   RO         1661    locale$$data        c_w.l(lc_numeric_c.o)


    Execution Region ER_RW (Base: 0x20000000, Size: 0x0000012c, Max: 0xffffffff, ABSOLUTE, COMPRESSED[0x00000034])

    Base Addr    Size         Type   Attr      Idx    E Section Name        Object

    0x20000000   0x00000004   Data   RW           13    .data               system_mdr32f9qx.o
    0x20000004   0x0000001c   Data   RW          385    .data               adc.o
    0x20000020   0x0000000a   Data   RW          418    .data               buttons.o
    0x2000002a   0x00000002   PAD
    0x2000002c   0x00000010   Data   RW          467    .data               converter.o
    0x2000003c   0x00000004   Data   RW          468    .data               converter.o
    0x20000040   0x0000000e   Data   RW          494    .data               converter_hw.o
    0x2000004e   0x00000002   PAD
    0x20000050   0x00000004   Data   RW          529    .data               dispatcher.o
    0x20000054   0x00000008   Data   RW          575    .data               encoder.o
    0x2000005c   0x0000000c   Data   RW          599    .data               guitop.o
    0x20000068   0x00000008   Data   RW          733    .data               service.o
    0x20000070   0x00000018   Data   RW          758    .data               sound_driver.o
    0x20000088   0x0000001c   Data   RW          842    .data               systick.o
    0x200000a4   0x00000010   Data   RW          900    .data               uart.o
    0x200000b4   0x00000004   Data   RW          936    .data               port.o
    0x200000b8   0x00000038   Data   RW         1006    .data               tasks.o
    0x200000f0   0x00000014   Data   RW         1034    .data               heap_4.o
    0x20000104   0x0000000c   Data   RW         1049    .data               guimainform.o
    0x20000110   0x00000008   Data   RW         1153    .data               guisetuppanel.o
    0x20000118   0x00000008   Data   RW         1183    .data               guicore.o
    0x20000120   0x00000004   Data   RW         1391    .data               guigraphhal.o
    0x20000124   0x00000004   Data   RW         1409    .data               guigraphprimitives.o
    0x20000128   0x00000004   Data   RW         1427    .data               guigraphwidgets.o


    Execution Region ER_ZI (Base: 0x2000012c, Size: 0x000060e4, Max: 0xffffffff, ABSOLUTE)

    Base Addr    Size         Type   Attr      Idx    E Section Name        Object

    0x2000012c   0x000002d4   PAD
    0x20000400   0x00000400   Zero   RW          207    .bss                mdr32f9qx_dma.o
    0x20000800   0x00000012   Zero   RW          417    .bss                buttons.o
    0x20000812   0x00000002   PAD
    0x20000814   0x00000078   Zero   RW          464    .bss                converter.o
    0x2000088c   0x0000000c   Zero   RW          598    .bss                guitop.o
    0x20000898   0x00000074   Zero   RW          814    .bss                systemfunc.o
    0x2000090c   0x00000200   Zero   RW          897    .bss                uart.o
    0x20000b0c   0x000000c8   Zero   RW         1005    .bss                tasks.o
    0x20000bd4   0x00004400   Zero   RW         1033    .bss                heap_4.o
    0x20004fd4   0x0000002c   Zero   RW         1048    .bss                guimainform.o
    0x20005000   0x0000024c   Zero   RW         1104    .bss                guimasterpanel.o
    0x2000524c   0x000001a0   Zero   RW         1152    .bss                guisetuppanel.o
    0x200053ec   0x00000104   Zero   RW         1181    .bss                guicore.o
    0x200054f0   0x000006c0   Zero   RW         1390    .bss                guigraphhal.o
    0x20005bb0   0x00000060   Zero   RW         1603    .bss                c_w.l(libspace.o)
    0x20005c10   0x00000200   Zero   RW            2    HEAP                startup_mdr32f9x.o
    0x20005e10   0x00000400   Zero   RW            1    STACK               startup_mdr32f9x.o


==============================================================================

Image component sizes


      Code (inc. data)   RO Data    RW Data    ZI Data      Debug   Object Name

       412         14          0         28          0       4427   adc.o
       296         18          0         10         18       2931   buttons.o
       140         18          0          0          0       1373   control.o
      2168         50         24         20        120       9538   converter.o
       644         26          0         14          0      13701   converter_hw.o
       656         38          8          4          0       2485   dispatcher.o
        80         10          0          0          0       1288   dwt_delay.o
       116         24          0          8          0       1348   encoder.o
         0          0       1554          0          0       1320   font_6x8_mono.o
         0          0       3743          0          0       1400   font_h10.o
         0          0       3799          0          0       1412   font_h10_bold.o
         0          0       3068          0          0       1440   font_h11.o
         0          0        452          0          0       1440   font_h16.o
         0          0        992          0          0       1440   font_h32.o
       382         12          0          0          0       8744   guicheckbox.o
      2194         22         50          8        260      21365   guicore.o
       664         10          0          4       1728       4324   guigraphhal.o
       788          4          0          4          0       5168   guigraphprimitives.o
      1612         20          0          4          0       4443   guigraphwidgets.o
       556        120          0         12         44      10301   guimainform.o
      1888        132          0          0        588      14326   guimasterpanel.o
       496         14          0          0          0       2196   guipanel.o
      1320        170          0          8        416       4635   guisetuppanel.o
       882          0          0          0          0       3711   guispinbox.o
       888          0          0          0          0       3680   guistringlist.o
       186         10          0          0          0       1456   guitextlabel.o
       896         52          0         12         12      13851   guitop.o
       348          8          0         20      17408       3168   heap_4.o
       420          0          0          0          0       2027   i2c_eeprom.o
       640         10          0          0          0       2978   lcd_1202.o
        60          4          0          0          0        537   led.o
       136          0          0          0          0       3174   list.o
       432        138          0          0          0      40358   main.o
       852         12          0          0          0      19968   mdr32f9qx_adc.o
       568         18          0          0       1024      11576   mdr32f9qx_dma.o
       248          4          0          0          0       7409   mdr32f9qx_i2c.o
       548          4          0          0          0       7186   mdr32f9qx_port.o
      1196         60          0          0          0      11210   mdr32f9qx_rst_clk.o
       268         14          0          0          0      17776   mdr32f9qx_ssp.o
      1136         16          0          0          0      30984   mdr32f9qx_timer.o
       492         14          0          0          0      11844   mdr32f9qx_uart.o
         0          0        480          0          0        554   other_images.o
       330         26          0          4          0       2691   port.o
      1202          0          0          0          0       8344   queue.o
       156         28          0          8          0        916   service.o
       300         14          8         24          0       3072   sound_driver.o
         0          0        160          0          0       4208   sound_samples.o
        80         26        192          0       1536        800   startup_mdr32f9x.o
       144         16          0          4          0      50833   system_mdr32f9qx.o
      2308        146          0          0        116      30194   systemfunc.o
       296         40          0         28          0       2149   systick.o
      2060         30          0         56        200      13318   tasks.o
      1908        514         17         16        512       5649   uart.o
       138          0          0          0          0        917   utils.o
         0          0         52          0          0        683   widget_images.o

    ----------------------------------------------------------------------
     33544       1906      14636        300      24708     438266   Object Totals
         0          0         32          0          0          0   (incl. Generated)
        14          0          5          4        726          0   (incl. Padding)

    ----------------------------------------------------------------------

      Code (inc. data)   RO Data    RW Data    ZI Data      Debug   Library Member Name

        90          0          0          0          0          0   __dczerorl2.o
         8          0          0          0          0         68   __main.o
       284          0          0          0          0        156   __printf_wp.o
        52          8          0          0          0          0   __scatter.o
        28          0          0          0          0          0   __scatter_zi.o
        28          0          0          0          0         68   _chval.o
         6          0          0          0          0          0   _printf_c.o
        44          0          0          0          0        108   _printf_char.o
        48          6          0          0          0         96   _printf_char_common.o
         6          0          0          0          0          0   _printf_d.o
       120         18          0          0          0         92   _printf_dec.o
         6          0          0          0          0          0   _printf_f.o
      1056          0          0          0          0        216   _printf_fp_dec.o
       128         16          0          0          0         84   _printf_fp_infnan.o
       184          0          0          0          0         88   _printf_intcommon.o
        82          0          0          0          0        108   _printf_pad.o
         0          0          0          0          0          0   _printf_percent.o
         4          0          0          0          0          0   _printf_percent_end.o
        82          0          0          0          0         80   _printf_str.o
        10          0          0          0          0         68   _sputc.o
       158          0          0          0          0         92   _strtoul.o
        16          0          0          0          0         68   aeabi_memset.o
       228          6        148          0          0         96   bigflt0.o
      1910        128          0          0          0        672   btod.o
        12          0          0          0          0         72   exit.o
         6          0          0          0          0        152   heapauxi.o
         0          0          0          0          0          0   indicate_semi.o
        44         10        272          0          0         76   lc_ctype_c.o
        44         10         28          0          0         76   lc_numeric_c.o
         2          0          0          0          0          0   libinit.o
        30          0          0          0          0          0   libinit2.o
         2          0          0          0          0          0   libshutdown.o
         2          0          0          0          0          0   libshutdown2.o
         8          4          0          0         96         68   libspace.o
       138          0          0          0          0         80   lludiv10.o
        40          6          0          0          0         84   noretval__2sprintf.o
        16          4          0          0          0         76   rt_ctype_table.o
         8          4          0          0          0         68   rt_errno_addr_intlibspace.o
         8          4          0          0          0         68   rt_locale_intlibspace.o
        68          0          0          0          0         68   rt_memclr.o
        78          0          0          0          0         80   rt_memclr_w.o
       138          0          0          0          0         68   rt_memcpy_v6.o
       100          0          0          0          0         80   rt_memcpy_w.o
         0          0          0          0          0          0   rtentry.o
        12          0          0          0          0          0   rtentry2.o
         6          0          0          0          0          0   rtentry4.o
         2          0          0          0          0          0   rtexit.o
        10          0          0          0          0          0   rtexit2.o
       128          0          0          0          0         68   strcmpv7m.o
        72          0          0          0          0         80   strcpy.o
        62          0          0          0          0         76   strlen.o
        86          0          0          0          0         76   strncpy.o
       112          0          0          0          0         88   strtol.o
       114          0          0          0          0         92   strtoul.o
        12          4          0          0          0         68   sys_exit.o
        74          0          0          0          0         80   sys_stackheap_outer.o
         2          0          0          0          0         68   use_no_semi.o
       804         16          0          0          0        272   daddsub_clz.o
        94          4          0          0          0         92   dfix.o
        38          0          0          0          0         68   dflt_clz.o
       340         12          0          0          0        104   dmul.o
       156          4          0          0          0         92   dnaninf.o
        12          0          0          0          0         68   dretinf.o
        86          4          0          0          0         84   f2d.o
       388         76          0          0          0         96   fdiv.o
        38          0          0          0          0         68   fflt_clz.o
       140          4          0          0          0         84   fnaninf.o
        10          0          0          0          0         68   fretinf.o
         4          0          0          0          0         68   printf1.o
         0          0          0          0          0          0   usenofp.o
        40          0          0          0          0         68   fpclassify.o

    ----------------------------------------------------------------------
      8176        348        448          0         96       5204   Library Totals
        12          0          0          0          0          0   (incl. Padding)

    ----------------------------------------------------------------------

      Code (inc. data)   RO Data    RW Data    ZI Data      Debug   Library Name

      6014        228        448          0         96       3972   c_w.l
      2110        120          0          0          0       1164   fz_ws.l
        40          0          0          0          0         68   m_ws.l

    ----------------------------------------------------------------------
      8176        348        448          0         96       5204   Library Totals

    ----------------------------------------------------------------------

==============================================================================


      Code (inc. data)   RO Data    RW Data    ZI Data      Debug   

     41720       2254      15084        300      24804     435670   Grand Totals
     41720       2254      15084         52      24804     435670   ELF Image Totals (compressed)
     41720       2254      15084         52          0          0   ROM Totals

==============================================================================

    Total RO  Size (Code + RO Data)                56804 (  55.47kB)
    Total RW  Size (RW Data + ZI Data)             25104 (  24.52kB)
    Total ROM Size (Code + RO Data + RW Data)      56856 (  55.52kB)

==============================================================================

