<!doctype html public "-//w3c//dtd html 4.0 transitional//en">
<html><head>
<title>Static Call Graph - [.\FLASH\MDR_200W.axf]</title></head>
<body><HR>
<H1>Static Call Graph for image .\FLASH\MDR_200W.axf</H1><HR>
<BR><P>#&#060CALLGRAPH&#062# ARM Linker, 5.03 [Build 76]: Last Updated: Sun Dec 14 18:49:08 2014
<BR><P>
<H3>Maximum Stack Usage =        408 bytes + Unknown(Functions without stacksize, Cycles, Untraceable Function Pointers)</H3><H3>
Call chain for Maximum Stack Depth:</H3>
vTaskUARTReceiver &rArr; execute_command &rArr; xQueueGenericSend &rArr; xTaskResumeAll &rArr; xTaskIncrementTick
<P>
<H3>
Functions with no stack information
</H3><UL>
 <LI><a href="#[6b]">__user_initial_stackheap</a>
</UL>
</UL>
<P>
<H3>
Mutually Recursive functions
</H3> <LI><a href="#[5]">NMI_Handler</a>&nbsp;&nbsp;&nbsp;&rArr;&nbsp;&nbsp;&nbsp;<a href="#[5]">NMI_Handler</a><BR>
 <LI><a href="#[7]">MemManage_Handler</a>&nbsp;&nbsp;&nbsp;&rArr;&nbsp;&nbsp;&nbsp;<a href="#[7]">MemManage_Handler</a><BR>
 <LI><a href="#[8]">BusFault_Handler</a>&nbsp;&nbsp;&nbsp;&rArr;&nbsp;&nbsp;&nbsp;<a href="#[8]">BusFault_Handler</a><BR>
 <LI><a href="#[9]">UsageFault_Handler</a>&nbsp;&nbsp;&nbsp;&rArr;&nbsp;&nbsp;&nbsp;<a href="#[9]">UsageFault_Handler</a><BR>
 <LI><a href="#[b]">DebugMon_Handler</a>&nbsp;&nbsp;&nbsp;&rArr;&nbsp;&nbsp;&nbsp;<a href="#[b]">DebugMon_Handler</a><BR>
 <LI><a href="#[1b]">ADC_IRQHandler</a>&nbsp;&nbsp;&nbsp;&rArr;&nbsp;&nbsp;&nbsp;<a href="#[1b]">ADC_IRQHandler</a><BR>
 <LI><a href="#[24e]">guiCore_Error</a>&nbsp;&nbsp;&nbsp;&rArr;&nbsp;&nbsp;&nbsp;<a href="#[24e]">guiCore_Error</a><BR>
</UL>
<P>
<H3>
Function Pointers
</H3><UL>
 <LI><a href="#[1b]">ADC_IRQHandler</a> from startup_mdr32f9x.o(.text) referenced from startup_mdr32f9x.o(RESET)
 <LI><a href="#[1e]">BACKUP_IRQHandler</a> from startup_mdr32f9x.o(.text) referenced from startup_mdr32f9x.o(RESET)
 <LI><a href="#[8]">BusFault_Handler</a> from startup_mdr32f9x.o(.text) referenced from startup_mdr32f9x.o(RESET)
 <LI><a href="#[e]">CAN1_IRQHandler</a> from startup_mdr32f9x.o(.text) referenced from startup_mdr32f9x.o(RESET)
 <LI><a href="#[f]">CAN2_IRQHandler</a> from startup_mdr32f9x.o(.text) referenced from startup_mdr32f9x.o(RESET)
 <LI><a href="#[1c]">COMPARATOR_IRQHandler</a> from startup_mdr32f9x.o(.text) referenced from startup_mdr32f9x.o(RESET)
 <LI><a href="#[11]">DMA_IRQHandler</a> from isr_user_handlers.o(.text) referenced from startup_mdr32f9x.o(RESET)
 <LI><a href="#[b]">DebugMon_Handler</a> from startup_mdr32f9x.o(.text) referenced from startup_mdr32f9x.o(RESET)
 <LI><a href="#[1f]">EXT_INT1_IRQHandler</a> from startup_mdr32f9x.o(.text) referenced from startup_mdr32f9x.o(RESET)
 <LI><a href="#[20]">EXT_INT2_IRQHandler</a> from startup_mdr32f9x.o(.text) referenced from startup_mdr32f9x.o(RESET)
 <LI><a href="#[21]">EXT_INT3_IRQHandler</a> from startup_mdr32f9x.o(.text) referenced from startup_mdr32f9x.o(RESET)
 <LI><a href="#[22]">EXT_INT4_IRQHandler</a> from startup_mdr32f9x.o(.text) referenced from startup_mdr32f9x.o(RESET)
 <LI><a href="#[6]">HardFault_Handler</a> from startup_mdr32f9x.o(.text) referenced from startup_mdr32f9x.o(RESET)
 <LI><a href="#[15]">I2C_IRQHandler</a> from startup_mdr32f9x.o(.text) referenced from startup_mdr32f9x.o(RESET)
 <LI><a href="#[7]">MemManage_Handler</a> from startup_mdr32f9x.o(.text) referenced from startup_mdr32f9x.o(RESET)
 <LI><a href="#[5]">NMI_Handler</a> from startup_mdr32f9x.o(.text) referenced from startup_mdr32f9x.o(RESET)
 <LI><a href="#[16]">POWER_IRQHandler</a> from startup_mdr32f9x.o(.text) referenced from startup_mdr32f9x.o(RESET)
 <LI><a href="#[c]">PendSV_Handler</a> from port.o(.emb_text) referenced from startup_mdr32f9x.o(RESET)
 <LI><a href="#[69]">Reset_Handler</a> from startup_mdr32f9x.o(.text) referenced from startup_mdr32f9x.o(RESET)
 <LI><a href="#[14]">SSP1_IRQHandler</a> from startup_mdr32f9x.o(.text) referenced from startup_mdr32f9x.o(RESET)
 <LI><a href="#[1d]">SSP2_IRQHandler</a> from startup_mdr32f9x.o(.text) referenced from startup_mdr32f9x.o(RESET)
 <LI><a href="#[a]">SVC_Handler</a> from port.o(.emb_text) referenced from startup_mdr32f9x.o(RESET)
 <LI><a href="#[d]">SysTick_Handler</a> from port.o(.text) referenced from startup_mdr32f9x.o(RESET)
 <LI><a href="#[23]">SystemInit</a> from system_mdr32f9qx.o(.text) referenced from startup_mdr32f9x.o(.text)
 <LI><a href="#[18]">Timer1_IRQHandler</a> from startup_mdr32f9x.o(.text) referenced from startup_mdr32f9x.o(RESET)
 <LI><a href="#[19]">Timer2_IRQHandler</a> from systick.o(.text) referenced from startup_mdr32f9x.o(RESET)
 <LI><a href="#[1a]">Timer3_IRQHandler</a> from startup_mdr32f9x.o(.text) referenced from startup_mdr32f9x.o(RESET)
 <LI><a href="#[12]">UART1_IRQHandler</a> from startup_mdr32f9x.o(.text) referenced from startup_mdr32f9x.o(RESET)
 <LI><a href="#[13]">UART2_IRQHandler</a> from startup_mdr32f9x.o(.text) referenced from startup_mdr32f9x.o(RESET)
 <LI><a href="#[31]">UART_TX_Done</a> from uart_tx.o(.text) referenced from uart_tx.o(.text)
 <LI><a href="#[10]">USB_IRQHandler</a> from startup_mdr32f9x.o(.text) referenced from startup_mdr32f9x.o(RESET)
 <LI><a href="#[30]">UartRxStreamParser</a> from uart_rx.o(.text) referenced from uart_rx.o(.text)
 <LI><a href="#[9]">UsageFault_Handler</a> from startup_mdr32f9x.o(.text) referenced from startup_mdr32f9x.o(RESET)
 <LI><a href="#[17]">WWDG_IRQHandler</a> from startup_mdr32f9x.o(.text) referenced from startup_mdr32f9x.o(RESET)
 <LI><a href="#[6a]">__main</a> from __main.o(!!!main) referenced from startup_mdr32f9x.o(.text)
 <LI><a href="#[67]">_get_lc_ctype</a> from lc_ctype_c.o(locale$$code) referenced from rt_ctype_table.o(.text)
 <LI><a href="#[68]">_printf_input_char</a> from _printf_char_common.o(.text) referenced from _printf_char_common.o(.text)
 <LI><a href="#[66]">_snputc</a> from _snputc.o(.text) referenced from noretval__2snprintf.o(.text)
 <LI><a href="#[65]">_sputc</a> from _sputc.o(.text) referenced from noretval__2sprintf.o(.text)
 <LI><a href="#[265]">checkBox_DefaultKeyTranslator</a> from guicheckbox.o(.text) referenced from guicheckbox.o(.text)
 <LI><a href="#[4c]">guiChSetupList_ChildKeyHandler</a> from guisetuppanel.o(.text) referenced 2 times from guisetuppanel.o(.text)
 <LI><a href="#[4a]">guiChSetupList_KeyTranslator</a> from guisetuppanel.o(.text) referenced from guisetuppanel.o(.text)
 <LI><a href="#[48]">guiChSetupList_onFocusChanged</a> from guisetuppanel.o(.text) referenced from guisetuppanel.o(.text)
 <LI><a href="#[46]">guiChSetupList_onIndexChanged</a> from guisetuppanel.o(.text) referenced from guisetuppanel.o(.text)
 <LI><a href="#[49]">guiChSetupList_onKeyEvent</a> from guisetuppanel.o(.text) referenced from guisetuppanel.o(.text)
 <LI><a href="#[47]">guiChSetupList_onVisibleChanged</a> from guisetuppanel.o(.text) referenced from guisetuppanel.o(.text)
 <LI><a href="#[4d]">guiCheckBoxLimit_KeyTranslator</a> from guisetuppanel.o(.text) referenced 2 times from guisetuppanel.o(.text)
 <LI><a href="#[263]">guiCheckBox_ProcessEvent</a> from guicheckbox.o(.text) referenced from guicheckbox.o(.text)
 <LI><a href="#[257]">guiCore_UpdateValidator</a> from guicore.o(.text) referenced from guicore.o(.text)
 <LI><a href="#[5a]">guiEditPanel1_onDraw</a> from guieditpanel1.o(.text) referenced from guieditpanel1.o(.text)
 <LI><a href="#[5c]">guiEditPanel1_onFocusChanged</a> from guieditpanel1.o(.text) referenced from guieditpanel1.o(.text)
 <LI><a href="#[5b]">guiEditPanel1_onKey</a> from guieditpanel1.o(.text) referenced from guieditpanel1.o(.text)
 <LI><a href="#[61]">guiEditPanel2_onDraw</a> from guieditpanel2.o(.text) referenced from guieditpanel2.o(.text)
 <LI><a href="#[63]">guiEditPanel2_onFocusChanged</a> from guieditpanel2.o(.text) referenced from guieditpanel2.o(.text)
 <LI><a href="#[62]">guiEditPanel2_onKey</a> from guieditpanel2.o(.text) referenced from guieditpanel2.o(.text)
 <LI><a href="#[35]">guiMainForm_ProcessEvents</a> from guimainform.o(.text) referenced from guimainform.o(.text)
 <LI><a href="#[36]">guiMasterPanel_KeyTranslator</a> from guimasterpanel.o(.text) referenced from guimasterpanel.o(.text)
 <LI><a href="#[38]">guiMasterPanel_onDraw</a> from guimasterpanel.o(.text) referenced from guimasterpanel.o(.text)
 <LI><a href="#[37]">guiMasterPanel_onFocusChanged</a> from guimasterpanel.o(.text) referenced from guimasterpanel.o(.text)
 <LI><a href="#[5e]">guiMessagePanel1_KeyTranslator</a> from guimessagepanel1.o(.text) referenced from guimessagepanel1.o(.text)
 <LI><a href="#[5f]">guiMessagePanel1_onDraw</a> from guimessagepanel1.o(.text) referenced from guimessagepanel1.o(.text)
 <LI><a href="#[60]">guiMessagePanel1_onTimer</a> from guimessagepanel1.o(.text) referenced from guimessagepanel1.o(.text)
 <LI><a href="#[26a]">guiPanel_DefaultKeyTranslator</a> from guipanel.o(.text) referenced from guipanel.o(.text)
 <LI><a href="#[268]">guiPanel_ProcessEvent</a> from guipanel.o(.text) referenced from guipanel.o(.text)
 <LI><a href="#[54]">guiProfileList_KeyTranslator</a> from guisetuppanel.o(.text) referenced from guisetuppanel.o(.text)
 <LI><a href="#[53]">guiProfileList_onFocusChanged</a> from guisetuppanel.o(.text) referenced from guisetuppanel.o(.text)
 <LI><a href="#[52]">guiProfileList_onKeyEvent</a> from guisetuppanel.o(.text) referenced from guisetuppanel.o(.text)
 <LI><a href="#[288]">guiRadioButton_DefaultKeyTranslator</a> from guiradiobutton.o(.text) referenced from guiradiobutton.o(.text)
 <LI><a href="#[286]">guiRadioButton_ProcessEvent</a> from guiradiobutton.o(.text) referenced from guiradiobutton.o(.text)
 <LI><a href="#[28d]">guiSelectTextBox_DefaultKeyTranslator</a> from guiselecttextbox.o(.text) referenced from guiselecttextbox.o(.text)
 <LI><a href="#[59]">guiSelectTextBox_KeyTranslator</a> from guisetuppanel.o(.text) referenced 2 times from guisetuppanel.o(.text)
 <LI><a href="#[28b]">guiSelectTextBox_ProcessEvent</a> from guiselecttextbox.o(.text) referenced from guiselecttextbox.o(.text)
 <LI><a href="#[51]">guiSetupList_ChildKeyHandler</a> from guisetuppanel.o(.text) referenced 2 times from guisetuppanel.o(.text)
 <LI><a href="#[45]">guiSetupList_KeyTranslator</a> from guisetuppanel.o(.text) referenced from guisetuppanel.o(.text)
 <LI><a href="#[43]">guiSetupList_onFocusChanged</a> from guisetuppanel.o(.text) referenced from guisetuppanel.o(.text)
 <LI><a href="#[41]">guiSetupList_onIndexChanged</a> from guisetuppanel.o(.text) referenced from guisetuppanel.o(.text)
 <LI><a href="#[44]">guiSetupList_onKeyEvent</a> from guisetuppanel.o(.text) referenced from guisetuppanel.o(.text)
 <LI><a href="#[42]">guiSetupList_onVisibleChanged</a> from guisetuppanel.o(.text) referenced from guisetuppanel.o(.text)
 <LI><a href="#[3e]">guiSetupPanel_KeyTranslator</a> from guisetuppanel.o(.text) referenced from guisetuppanel.o(.text)
 <LI><a href="#[40]">guiSetupPanel_onFocusChanged</a> from guisetuppanel.o(.text) referenced from guisetuppanel.o(.text)
 <LI><a href="#[3f]">guiSetupPanel_onVisibleChanged</a> from guisetuppanel.o(.text) referenced from guisetuppanel.o(.text)
 <LI><a href="#[4f]">guiSpinBoxLimit_KeyTranslator</a> from guisetuppanel.o(.text) referenced 2 times from guisetuppanel.o(.text)
 <LI><a href="#[271]">guiSpinBox_DefaultKeyTranslator</a> from guispinbox.o(.text) referenced from guispinbox.o(.text)
 <LI><a href="#[26f]">guiSpinBox_ProcessEvent</a> from guispinbox.o(.text) referenced from guispinbox.o(.text)
 <LI><a href="#[279]">guiStringList_DefaultKeyTranslator</a> from guistringlist.o(.text) referenced from guistringlist.o(.text)
 <LI><a href="#[277]">guiStringList_ProcessEvent</a> from guistringlist.o(.text) referenced from guistringlist.o(.text)
 <LI><a href="#[27a]">guiTextLabel_ProcessEvent</a> from guitextlabel.o(.text) referenced from guitextlabel.o(.text)
 <LI><a href="#[283]">guiTextSpinBox_DefaultKeyTranslator</a> from guitextspinbox.o(.text) referenced from guitextspinbox.o(.text)
 <LI><a href="#[281]">guiTextSpinBox_ProcessEvent</a> from guitextspinbox.o(.text) referenced from guitextspinbox.o(.text)
 <LI><a href="#[57]">onDacSettingsChanged</a> from guisetuppanel.o(.text) referenced from guisetuppanel.o(.text)
 <LI><a href="#[56]">onExtSwitchSettingsChanged</a> from guisetuppanel.o(.text) referenced from guisetuppanel.o(.text)
 <LI><a href="#[4e]">onHighLimitChanged</a> from guisetuppanel.o(.text) referenced from guisetuppanel.o(.text)
 <LI><a href="#[4b]">onLowLimitChanged</a> from guisetuppanel.o(.text) referenced 2 times from guisetuppanel.o(.text)
 <LI><a href="#[50]">onOverloadSettingsChanged</a> from guisetuppanel.o(.text) referenced from guisetuppanel.o(.text)
 <LI><a href="#[55]">onProfileSettingsChanged</a> from guisetuppanel.o(.text) referenced from guisetuppanel.o(.text)
 <LI><a href="#[3c]">onSpinBoxDrawEvent</a> from guimasterpanel.o(.text) referenced from guimasterpanel.o(.text)
 <LI><a href="#[3d]">onSpinBoxValueChanged</a> from guimasterpanel.o(.text) referenced from guimasterpanel.o(.text)
 <LI><a href="#[39]">onTextLabelDrawEvent</a> from guimasterpanel.o(.text) referenced from guimasterpanel.o(.text)
 <LI><a href="#[3a]">onTextLabelKeyEncoderEvent</a> from guimasterpanel.o(.text) referenced from guimasterpanel.o(.text)
 <LI><a href="#[58]">onUartSettingsChanged</a> from guisetuppanel.o(.text) referenced from guisetuppanel.o(.text)
 <LI><a href="#[33]">prvIdleTask</a> from tasks.o(.text) referenced from tasks.o(.text)
 <LI><a href="#[32]">prvTaskExitError</a> from port.o(.text) referenced from port.o(.text)
 <LI><a href="#[34]">prvTimerTask</a> from timers.o(.text) referenced from timers.o(.text)
 <LI><a href="#[3b]">spinBox_KeyTranslator</a> from guimasterpanel.o(.text) referenced 2 times from guimasterpanel.o(.text)
 <LI><a href="#[64]">textSpinBox_KeyTranslator</a> from guieditpanel2.o(.text) referenced from guieditpanel2.o(.text)
 <LI><a href="#[2a]">vTaskADC</a> from adc.o(.text) referenced from main.o(.text)
 <LI><a href="#[29]">vTaskButtons</a> from buttons_top.o(.text) referenced from main.o(.text)
 <LI><a href="#[26]">vTaskConverter</a> from converter.o(.text) referenced from main.o(.text)
 <LI><a href="#[28]">vTaskDispatcher</a> from dispatcher.o(.text) referenced from main.o(.text)
 <LI><a href="#[2e]">vTaskEEPROM</a> from eeprom.o(.text) referenced from main.o(.text)
 <LI><a href="#[25]">vTaskGUI</a> from guitop.o(.text) referenced from main.o(.text)
 <LI><a href="#[27]">vTaskService</a> from service.o(.text) referenced from main.o(.text)
 <LI><a href="#[2d]">vTaskSound</a> from sound_driver.o(.text) referenced from main.o(.text)
 <LI><a href="#[2b]">vTaskUARTReceiver</a> from uart_rx.o(.text) referenced from main.o(.text)
 <LI><a href="#[2c]">vTaskUARTTransmitter</a> from uart_tx.o(.text) referenced from main.o(.text)
 <LI><a href="#[2f]">vTimerCallback</a> from systick.o(.text) referenced from systick.o(.text)
</UL>
<P>
<H3>
Global Symbols
</H3>
<P><STRONG><a name="[6a]"></a>__main</STRONG> (Thumb, 8 bytes, Stack size 0 bytes, __main.o(!!!main))
<BR><BR>[Calls]<UL><LI><a href="#[6d]">&gt;&gt;</a>&nbsp;&nbsp;&nbsp;__rt_entry
<LI><a href="#[6c]">&gt;&gt;</a>&nbsp;&nbsp;&nbsp;__scatterload
</UL>

<P><STRONG><a name="[6c]"></a>__scatterload</STRONG> (Thumb, 0 bytes, Stack size unknown bytes, __scatter.o(!!!scatter))
<BR><BR>[Called By]<UL><LI><a href="#[6a]">&gt;&gt;</a>&nbsp;&nbsp;&nbsp;__main
</UL>

<P><STRONG><a name="[6e]"></a>__scatterload_rt2</STRONG> (Thumb, 44 bytes, Stack size unknown bytes, __scatter.o(!!!scatter), UNUSED)
<BR><BR>[Calls]<UL><LI><a href="#[6d]">&gt;&gt;</a>&nbsp;&nbsp;&nbsp;__rt_entry
</UL>

<P><STRONG><a name="[2c3]"></a>__scatterload_rt2_thumb_only</STRONG> (Thumb, 0 bytes, Stack size unknown bytes, __scatter.o(!!!scatter), UNUSED)

<P><STRONG><a name="[2c4]"></a>__scatterload_null</STRONG> (Thumb, 0 bytes, Stack size unknown bytes, __scatter.o(!!!scatter), UNUSED)

<P><STRONG><a name="[2c5]"></a>__decompress</STRONG> (Thumb, 90 bytes, Stack size unknown bytes, __dczerorl2.o(!!dczerorl2), UNUSED)

<P><STRONG><a name="[2c6]"></a>__decompress1</STRONG> (Thumb, 0 bytes, Stack size unknown bytes, __dczerorl2.o(!!dczerorl2), UNUSED)

<P><STRONG><a name="[2c7]"></a>__scatterload_zeroinit</STRONG> (Thumb, 28 bytes, Stack size unknown bytes, __scatter_zi.o(!!handler_zi), UNUSED)

<P><STRONG><a name="[6f]"></a>_printf_f</STRONG> (Thumb, 0 bytes, Stack size unknown bytes, _printf_f.o(.ARM.Collect$$_printf_percent$$00000003))
<BR><BR>[Stack]<UL><LI>Max Depth = 320 + Unknown Stack Size
<LI>Call Chain = _printf_f &rArr; _printf_fp_dec &rArr; _printf_fp_dec_real &rArr; _fp_digits &rArr; _btod_etento &rArr; _btod_emul &rArr; _e2e
</UL>
<BR>[Calls]<UL><LI><a href="#[70]">&gt;&gt;</a>&nbsp;&nbsp;&nbsp;_printf_fp_dec
</UL>

<P><STRONG><a name="[29d]"></a>_printf_percent</STRONG> (Thumb, 0 bytes, Stack size unknown bytes, _printf_percent.o(.ARM.Collect$$_printf_percent$$00000000))
<BR><BR>[Called By]<UL><LI><a href="#[29b]">&gt;&gt;</a>&nbsp;&nbsp;&nbsp;__printf
</UL>

<P><STRONG><a name="[71]"></a>_printf_d</STRONG> (Thumb, 0 bytes, Stack size unknown bytes, _printf_d.o(.ARM.Collect$$_printf_percent$$00000009))
<BR><BR>[Stack]<UL><LI>Max Depth = 72 + Unknown Stack Size
<LI>Call Chain = _printf_d &rArr; _printf_int_dec &rArr; _printf_int_common &rArr; _printf_post_padding
</UL>
<BR>[Calls]<UL><LI><a href="#[72]">&gt;&gt;</a>&nbsp;&nbsp;&nbsp;_printf_int_dec
</UL>

<P><STRONG><a name="[73]"></a>_printf_u</STRONG> (Thumb, 0 bytes, Stack size unknown bytes, _printf_u.o(.ARM.Collect$$_printf_percent$$0000000A))
<BR><BR>[Stack]<UL><LI>Max Depth = 72 + Unknown Stack Size
<LI>Call Chain = _printf_u &rArr; _printf_int_dec &rArr; _printf_int_common &rArr; _printf_post_padding
</UL>
<BR>[Calls]<UL><LI><a href="#[72]">&gt;&gt;</a>&nbsp;&nbsp;&nbsp;_printf_int_dec
</UL>

<P><STRONG><a name="[74]"></a>_printf_c</STRONG> (Thumb, 0 bytes, Stack size unknown bytes, _printf_c.o(.ARM.Collect$$_printf_percent$$00000013))
<BR><BR>[Stack]<UL><LI>Max Depth = 40 + Unknown Stack Size
<LI>Call Chain = _printf_c &rArr; _printf_char &rArr; _printf_cs_common &rArr; _printf_str &rArr; _printf_post_padding
</UL>
<BR>[Calls]<UL><LI><a href="#[75]">&gt;&gt;</a>&nbsp;&nbsp;&nbsp;_printf_char
</UL>

<P><STRONG><a name="[76]"></a>_printf_s</STRONG> (Thumb, 0 bytes, Stack size unknown bytes, _printf_s.o(.ARM.Collect$$_printf_percent$$00000014))
<BR><BR>[Stack]<UL><LI>Max Depth = 40 + Unknown Stack Size
<LI>Call Chain = _printf_s &rArr; _printf_string &rArr; _printf_cs_common &rArr; _printf_str &rArr; _printf_post_padding
</UL>
<BR>[Calls]<UL><LI><a href="#[77]">&gt;&gt;</a>&nbsp;&nbsp;&nbsp;_printf_string
</UL>

<P><STRONG><a name="[2c8]"></a>_printf_percent_end</STRONG> (Thumb, 0 bytes, Stack size unknown bytes, _printf_percent_end.o(.ARM.Collect$$_printf_percent$$00000017))

<P><STRONG><a name="[80]"></a>__rt_lib_init</STRONG> (Thumb, 0 bytes, Stack size unknown bytes, libinit.o(.ARM.Collect$$libinit$$00000000))
<BR><BR>[Called By]<UL><LI><a href="#[7f]">&gt;&gt;</a>&nbsp;&nbsp;&nbsp;__rt_entry_li
</UL>

<P><STRONG><a name="[2c9]"></a>__rt_lib_init_fp_1</STRONG> (Thumb, 0 bytes, Stack size unknown bytes, libinit2.o(.ARM.Collect$$libinit$$00000002))

<P><STRONG><a name="[2ca]"></a>__rt_lib_init_heap_1</STRONG> (Thumb, 0 bytes, Stack size unknown bytes, libinit2.o(.ARM.Collect$$libinit$$00000008))

<P><STRONG><a name="[78]"></a>__rt_lib_init_lc_common</STRONG> (Thumb, 0 bytes, Stack size unknown bytes, libinit2.o(.ARM.Collect$$libinit$$0000000D))
<BR><BR>[Calls]<UL><LI><a href="#[79]">&gt;&gt;</a>&nbsp;&nbsp;&nbsp;__rt_locale
</UL>

<P><STRONG><a name="[2cb]"></a>__rt_lib_init_rand_1</STRONG> (Thumb, 0 bytes, Stack size unknown bytes, libinit2.o(.ARM.Collect$$libinit$$0000000C))

<P><STRONG><a name="[2cc]"></a>__rt_lib_init_user_alloc_1</STRONG> (Thumb, 0 bytes, Stack size unknown bytes, libinit2.o(.ARM.Collect$$libinit$$0000000A))

<P><STRONG><a name="[2cd]"></a>__rt_lib_init_lc_collate_1</STRONG> (Thumb, 0 bytes, Stack size unknown bytes, libinit2.o(.ARM.Collect$$libinit$$0000000F))

<P><STRONG><a name="[7a]"></a>__rt_lib_init_lc_ctype_2</STRONG> (Thumb, 0 bytes, Stack size unknown bytes, libinit2.o(.ARM.Collect$$libinit$$00000010))
<BR><BR>[Stack]<UL><LI>Max Depth = 8 + Unknown Stack Size
<LI>Call Chain = __rt_lib_init_lc_ctype_2 &rArr; _get_lc_ctype
</UL>
<BR>[Calls]<UL><LI><a href="#[67]">&gt;&gt;</a>&nbsp;&nbsp;&nbsp;_get_lc_ctype
</UL>

<P><STRONG><a name="[2ce]"></a>__rt_lib_init_lc_ctype_1</STRONG> (Thumb, 0 bytes, Stack size unknown bytes, libinit2.o(.ARM.Collect$$libinit$$00000011))

<P><STRONG><a name="[2cf]"></a>__rt_lib_init_lc_monetary_1</STRONG> (Thumb, 0 bytes, Stack size unknown bytes, libinit2.o(.ARM.Collect$$libinit$$00000013))

<P><STRONG><a name="[7b]"></a>__rt_lib_init_lc_numeric_2</STRONG> (Thumb, 0 bytes, Stack size unknown bytes, libinit2.o(.ARM.Collect$$libinit$$00000014))
<BR><BR>[Stack]<UL><LI>Max Depth = 8 + Unknown Stack Size
<LI>Call Chain = __rt_lib_init_lc_numeric_2 &rArr; _get_lc_numeric
</UL>
<BR>[Calls]<UL><LI><a href="#[7c]">&gt;&gt;</a>&nbsp;&nbsp;&nbsp;_get_lc_numeric
</UL>

<P><STRONG><a name="[2d0]"></a>__rt_lib_init_alloca_1</STRONG> (Thumb, 0 bytes, Stack size unknown bytes, libinit2.o(.ARM.Collect$$libinit$$0000002C))

<P><STRONG><a name="[2d1]"></a>__rt_lib_init_argv_1</STRONG> (Thumb, 0 bytes, Stack size unknown bytes, libinit2.o(.ARM.Collect$$libinit$$0000002A))

<P><STRONG><a name="[2d2]"></a>__rt_lib_init_atexit_1</STRONG> (Thumb, 0 bytes, Stack size unknown bytes, libinit2.o(.ARM.Collect$$libinit$$00000019))

<P><STRONG><a name="[2d3]"></a>__rt_lib_init_clock_1</STRONG> (Thumb, 0 bytes, Stack size unknown bytes, libinit2.o(.ARM.Collect$$libinit$$0000001F))

<P><STRONG><a name="[2d4]"></a>__rt_lib_init_cpp_1</STRONG> (Thumb, 0 bytes, Stack size unknown bytes, libinit2.o(.ARM.Collect$$libinit$$00000030))

<P><STRONG><a name="[2d5]"></a>__rt_lib_init_exceptions_1</STRONG> (Thumb, 0 bytes, Stack size unknown bytes, libinit2.o(.ARM.Collect$$libinit$$0000002E))

<P><STRONG><a name="[2d6]"></a>__rt_lib_init_fp_trap_1</STRONG> (Thumb, 0 bytes, Stack size unknown bytes, libinit2.o(.ARM.Collect$$libinit$$0000001D))

<P><STRONG><a name="[2d7]"></a>__rt_lib_init_getenv_1</STRONG> (Thumb, 0 bytes, Stack size unknown bytes, libinit2.o(.ARM.Collect$$libinit$$00000021))

<P><STRONG><a name="[2d8]"></a>__rt_lib_init_lc_numeric_1</STRONG> (Thumb, 0 bytes, Stack size unknown bytes, libinit2.o(.ARM.Collect$$libinit$$00000015))

<P><STRONG><a name="[2d9]"></a>__rt_lib_init_lc_time_1</STRONG> (Thumb, 0 bytes, Stack size unknown bytes, libinit2.o(.ARM.Collect$$libinit$$00000017))

<P><STRONG><a name="[2da]"></a>__rt_lib_init_return</STRONG> (Thumb, 0 bytes, Stack size unknown bytes, libinit2.o(.ARM.Collect$$libinit$$00000031))

<P><STRONG><a name="[2db]"></a>__rt_lib_init_signal_1</STRONG> (Thumb, 0 bytes, Stack size unknown bytes, libinit2.o(.ARM.Collect$$libinit$$0000001B))

<P><STRONG><a name="[2dc]"></a>__rt_lib_init_stdio_1</STRONG> (Thumb, 0 bytes, Stack size unknown bytes, libinit2.o(.ARM.Collect$$libinit$$00000023))

<P><STRONG><a name="[85]"></a>__rt_lib_shutdown</STRONG> (Thumb, 0 bytes, Stack size unknown bytes, libshutdown.o(.ARM.Collect$$libshutdown$$00000000))
<BR><BR>[Called By]<UL><LI><a href="#[84]">&gt;&gt;</a>&nbsp;&nbsp;&nbsp;__rt_exit_ls
</UL>

<P><STRONG><a name="[2dd]"></a>__rt_lib_shutdown_fp_trap_1</STRONG> (Thumb, 0 bytes, Stack size unknown bytes, libshutdown2.o(.ARM.Collect$$libshutdown$$00000006))

<P><STRONG><a name="[2de]"></a>__rt_lib_shutdown_heap_1</STRONG> (Thumb, 0 bytes, Stack size unknown bytes, libshutdown2.o(.ARM.Collect$$libshutdown$$0000000E))

<P><STRONG><a name="[2df]"></a>__rt_lib_shutdown_return</STRONG> (Thumb, 0 bytes, Stack size unknown bytes, libshutdown2.o(.ARM.Collect$$libshutdown$$0000000F))

<P><STRONG><a name="[2e0]"></a>__rt_lib_shutdown_signal_1</STRONG> (Thumb, 0 bytes, Stack size unknown bytes, libshutdown2.o(.ARM.Collect$$libshutdown$$00000009))

<P><STRONG><a name="[2e1]"></a>__rt_lib_shutdown_stdio_1</STRONG> (Thumb, 0 bytes, Stack size unknown bytes, libshutdown2.o(.ARM.Collect$$libshutdown$$00000003))

<P><STRONG><a name="[2e2]"></a>__rt_lib_shutdown_user_alloc_1</STRONG> (Thumb, 0 bytes, Stack size unknown bytes, libshutdown2.o(.ARM.Collect$$libshutdown$$0000000B))

<P><STRONG><a name="[6d]"></a>__rt_entry</STRONG> (Thumb, 0 bytes, Stack size unknown bytes, rtentry.o(.ARM.Collect$$rtentry$$00000000))
<BR><BR>[Called By]<UL><LI><a href="#[6a]">&gt;&gt;</a>&nbsp;&nbsp;&nbsp;__main
<LI><a href="#[6e]">&gt;&gt;</a>&nbsp;&nbsp;&nbsp;__scatterload_rt2
</UL>

<P><STRONG><a name="[2e3]"></a>__rt_entry_presh_1</STRONG> (Thumb, 0 bytes, Stack size unknown bytes, rtentry2.o(.ARM.Collect$$rtentry$$00000002))

<P><STRONG><a name="[7d]"></a>__rt_entry_sh</STRONG> (Thumb, 0 bytes, Stack size unknown bytes, rtentry4.o(.ARM.Collect$$rtentry$$00000004))
<BR><BR>[Stack]<UL><LI>Max Depth = 8 + Unknown Stack Size
<LI>Call Chain = __rt_entry_sh &rArr; __user_setup_stackheap
</UL>
<BR>[Calls]<UL><LI><a href="#[7e]">&gt;&gt;</a>&nbsp;&nbsp;&nbsp;__user_setup_stackheap
</UL>

<P><STRONG><a name="[7f]"></a>__rt_entry_li</STRONG> (Thumb, 0 bytes, Stack size unknown bytes, rtentry2.o(.ARM.Collect$$rtentry$$0000000A))
<BR><BR>[Calls]<UL><LI><a href="#[80]">&gt;&gt;</a>&nbsp;&nbsp;&nbsp;__rt_lib_init
</UL>

<P><STRONG><a name="[2e4]"></a>__rt_entry_postsh_1</STRONG> (Thumb, 0 bytes, Stack size unknown bytes, rtentry2.o(.ARM.Collect$$rtentry$$00000009))

<P><STRONG><a name="[81]"></a>__rt_entry_main</STRONG> (Thumb, 0 bytes, Stack size unknown bytes, rtentry2.o(.ARM.Collect$$rtentry$$0000000D))
<BR><BR>[Stack]<UL><LI>Max Depth = 224 + Unknown Stack Size
<LI>Call Chain = __rt_entry_main &rArr; main &rArr; vTaskStartScheduler &rArr; xTimerCreateTimerTask &rArr; xTaskGenericCreate &rArr; prvAllocateTCBAndStack &rArr; pvPortMalloc &rArr; xTaskResumeAll &rArr; xTaskIncrementTick
</UL>
<BR>[Calls]<UL><LI><a href="#[82]">&gt;&gt;</a>&nbsp;&nbsp;&nbsp;main
<LI><a href="#[83]">&gt;&gt;</a>&nbsp;&nbsp;&nbsp;exit
</UL>

<P><STRONG><a name="[2e5]"></a>__rt_entry_postli_1</STRONG> (Thumb, 0 bytes, Stack size unknown bytes, rtentry2.o(.ARM.Collect$$rtentry$$0000000C))

<P><STRONG><a name="[2b1]"></a>__rt_exit</STRONG> (Thumb, 0 bytes, Stack size unknown bytes, rtexit.o(.ARM.Collect$$rtexit$$00000000))
<BR><BR>[Called By]<UL><LI><a href="#[83]">&gt;&gt;</a>&nbsp;&nbsp;&nbsp;exit
</UL>

<P><STRONG><a name="[84]"></a>__rt_exit_ls</STRONG> (Thumb, 0 bytes, Stack size unknown bytes, rtexit2.o(.ARM.Collect$$rtexit$$00000003))
<BR><BR>[Calls]<UL><LI><a href="#[85]">&gt;&gt;</a>&nbsp;&nbsp;&nbsp;__rt_lib_shutdown
</UL>

<P><STRONG><a name="[2e6]"></a>__rt_exit_prels_1</STRONG> (Thumb, 0 bytes, Stack size unknown bytes, rtexit2.o(.ARM.Collect$$rtexit$$00000002))

<P><STRONG><a name="[86]"></a>__rt_exit_exit</STRONG> (Thumb, 0 bytes, Stack size unknown bytes, rtexit2.o(.ARM.Collect$$rtexit$$00000004))
<BR><BR>[Calls]<UL><LI><a href="#[87]">&gt;&gt;</a>&nbsp;&nbsp;&nbsp;_sys_exit
</UL>

<P><STRONG><a name="[a]"></a>SVC_Handler</STRONG> (Thumb, 28 bytes, Stack size 0 bytes, port.o(.emb_text))
<BR>[Address Reference Count : 1]<UL><LI> startup_mdr32f9x.o(RESET)
</UL>
<P><STRONG><a name="[1c5]"></a>__asm___6_port_c_39a90d8d__prvStartFirstTask</STRONG> (Thumb, 16 bytes, Stack size 0 bytes, port.o(.emb_text))
<BR><BR>[Called By]<UL><LI><a href="#[1c3]">&gt;&gt;</a>&nbsp;&nbsp;&nbsp;xPortStartScheduler
</UL>

<P><STRONG><a name="[c]"></a>PendSV_Handler</STRONG> (Thumb, 56 bytes, Stack size 0 bytes, port.o(.emb_text))
<BR><BR>[Calls]<UL><LI><a href="#[88]">&gt;&gt;</a>&nbsp;&nbsp;&nbsp;vTaskSwitchContext
</UL>
<BR>[Address Reference Count : 1]<UL><LI> startup_mdr32f9x.o(RESET)
</UL>
<P><STRONG><a name="[1c2]"></a>ulPortSetInterruptMask</STRONG> (Thumb, 14 bytes, Stack size 0 bytes, port.o(.emb_text))
<BR><BR>[Called By]<UL><LI><a href="#[c6]">&gt;&gt;</a>&nbsp;&nbsp;&nbsp;vPortEnterCritical
<LI><a href="#[bd]">&gt;&gt;</a>&nbsp;&nbsp;&nbsp;xQueueGenericSendFromISR
<LI><a href="#[b8]">&gt;&gt;</a>&nbsp;&nbsp;&nbsp;vTaskStartScheduler
<LI><a href="#[1f6]">&gt;&gt;</a>&nbsp;&nbsp;&nbsp;xTaskGetTickCountFromISR
<LI><a href="#[1f4]">&gt;&gt;</a>&nbsp;&nbsp;&nbsp;vTaskEndScheduler
<LI><a href="#[1f0]">&gt;&gt;</a>&nbsp;&nbsp;&nbsp;xTaskResumeFromISR
<LI><a href="#[1db]">&gt;&gt;</a>&nbsp;&nbsp;&nbsp;xQueuePeekFromISR
<LI><a href="#[1da]">&gt;&gt;</a>&nbsp;&nbsp;&nbsp;xQueueReceiveFromISR
<LI><a href="#[d]">&gt;&gt;</a>&nbsp;&nbsp;&nbsp;SysTick_Handler
<LI><a href="#[32]">&gt;&gt;</a>&nbsp;&nbsp;&nbsp;prvTaskExitError
</UL>

<P><STRONG><a name="[1c6]"></a>vPortClearInterruptMask</STRONG> (Thumb, 6 bytes, Stack size 0 bytes, port.o(.emb_text))
<BR><BR>[Called By]<UL><LI><a href="#[c7]">&gt;&gt;</a>&nbsp;&nbsp;&nbsp;vPortExitCritical
<LI><a href="#[bd]">&gt;&gt;</a>&nbsp;&nbsp;&nbsp;xQueueGenericSendFromISR
<LI><a href="#[1f6]">&gt;&gt;</a>&nbsp;&nbsp;&nbsp;xTaskGetTickCountFromISR
<LI><a href="#[1f0]">&gt;&gt;</a>&nbsp;&nbsp;&nbsp;xTaskResumeFromISR
<LI><a href="#[1db]">&gt;&gt;</a>&nbsp;&nbsp;&nbsp;xQueuePeekFromISR
<LI><a href="#[1da]">&gt;&gt;</a>&nbsp;&nbsp;&nbsp;xQueueReceiveFromISR
<LI><a href="#[d]">&gt;&gt;</a>&nbsp;&nbsp;&nbsp;SysTick_Handler
</UL>

<P><STRONG><a name="[2e7]"></a>vPortGetIPSR</STRONG> (Thumb, 6 bytes, Stack size 0 bytes, port.o(.emb_text), UNUSED)

<P><STRONG><a name="[69]"></a>Reset_Handler</STRONG> (Thumb, 8 bytes, Stack size 0 bytes, startup_mdr32f9x.o(.text))

<P><STRONG><a name="[5]"></a>NMI_Handler</STRONG> (Thumb, 2 bytes, Stack size 0 bytes, startup_mdr32f9x.o(.text))
<BR><BR>[Calls]<UL><LI><a href="#[5]">&gt;&gt;</a>&nbsp;&nbsp;&nbsp;NMI_Handler
</UL>
<BR>[Called By]<UL><LI><a href="#[5]">&gt;&gt;</a>&nbsp;&nbsp;&nbsp;NMI_Handler
</UL>
<BR>[Address Reference Count : 1]<UL><LI> startup_mdr32f9x.o(RESET)
</UL>
<P><STRONG><a name="[6]"></a>HardFault_Handler</STRONG> (Thumb, 18 bytes, Stack size 0 bytes, startup_mdr32f9x.o(.text))
<BR><BR>[Calls]<UL><LI><a href="#[89]">&gt;&gt;</a>&nbsp;&nbsp;&nbsp;hard_fault_handler_c
</UL>
<BR>[Address Reference Count : 1]<UL><LI> startup_mdr32f9x.o(RESET)
</UL>
<P><STRONG><a name="[7]"></a>MemManage_Handler</STRONG> (Thumb, 2 bytes, Stack size 0 bytes, startup_mdr32f9x.o(.text))
<BR><BR>[Calls]<UL><LI><a href="#[7]">&gt;&gt;</a>&nbsp;&nbsp;&nbsp;MemManage_Handler
</UL>
<BR>[Called By]<UL><LI><a href="#[7]">&gt;&gt;</a>&nbsp;&nbsp;&nbsp;MemManage_Handler
</UL>
<BR>[Address Reference Count : 1]<UL><LI> startup_mdr32f9x.o(RESET)
</UL>
<P><STRONG><a name="[8]"></a>BusFault_Handler</STRONG> (Thumb, 2 bytes, Stack size 0 bytes, startup_mdr32f9x.o(.text))
<BR><BR>[Calls]<UL><LI><a href="#[8]">&gt;&gt;</a>&nbsp;&nbsp;&nbsp;BusFault_Handler
</UL>
<BR>[Called By]<UL><LI><a href="#[8]">&gt;&gt;</a>&nbsp;&nbsp;&nbsp;BusFault_Handler
</UL>
<BR>[Address Reference Count : 1]<UL><LI> startup_mdr32f9x.o(RESET)
</UL>
<P><STRONG><a name="[9]"></a>UsageFault_Handler</STRONG> (Thumb, 2 bytes, Stack size 0 bytes, startup_mdr32f9x.o(.text))
<BR><BR>[Calls]<UL><LI><a href="#[9]">&gt;&gt;</a>&nbsp;&nbsp;&nbsp;UsageFault_Handler
</UL>
<BR>[Called By]<UL><LI><a href="#[9]">&gt;&gt;</a>&nbsp;&nbsp;&nbsp;UsageFault_Handler
</UL>
<BR>[Address Reference Count : 1]<UL><LI> startup_mdr32f9x.o(RESET)
</UL>
<P><STRONG><a name="[b]"></a>DebugMon_Handler</STRONG> (Thumb, 2 bytes, Stack size 0 bytes, startup_mdr32f9x.o(.text))
<BR><BR>[Calls]<UL><LI><a href="#[b]">&gt;&gt;</a>&nbsp;&nbsp;&nbsp;DebugMon_Handler
</UL>
<BR>[Called By]<UL><LI><a href="#[b]">&gt;&gt;</a>&nbsp;&nbsp;&nbsp;DebugMon_Handler
</UL>
<BR>[Address Reference Count : 1]<UL><LI> startup_mdr32f9x.o(RESET)
</UL>
<P><STRONG><a name="[1b]"></a>ADC_IRQHandler</STRONG> (Thumb, 0 bytes, Stack size 0 bytes, startup_mdr32f9x.o(.text))
<BR><BR>[Calls]<UL><LI><a href="#[1b]">&gt;&gt;</a>&nbsp;&nbsp;&nbsp;ADC_IRQHandler
</UL>
<BR>[Called By]<UL><LI><a href="#[1b]">&gt;&gt;</a>&nbsp;&nbsp;&nbsp;ADC_IRQHandler
</UL>
<BR>[Address Reference Count : 1]<UL><LI> startup_mdr32f9x.o(RESET)
</UL>
<P><STRONG><a name="[1e]"></a>BACKUP_IRQHandler</STRONG> (Thumb, 0 bytes, Stack size 0 bytes, startup_mdr32f9x.o(.text))
<BR>[Address Reference Count : 1]<UL><LI> startup_mdr32f9x.o(RESET)
</UL>
<P><STRONG><a name="[e]"></a>CAN1_IRQHandler</STRONG> (Thumb, 0 bytes, Stack size 0 bytes, startup_mdr32f9x.o(.text))
<BR>[Address Reference Count : 1]<UL><LI> startup_mdr32f9x.o(RESET)
</UL>
<P><STRONG><a name="[f]"></a>CAN2_IRQHandler</STRONG> (Thumb, 0 bytes, Stack size 0 bytes, startup_mdr32f9x.o(.text))
<BR>[Address Reference Count : 1]<UL><LI> startup_mdr32f9x.o(RESET)
</UL>
<P><STRONG><a name="[1c]"></a>COMPARATOR_IRQHandler</STRONG> (Thumb, 0 bytes, Stack size 0 bytes, startup_mdr32f9x.o(.text))
<BR>[Address Reference Count : 1]<UL><LI> startup_mdr32f9x.o(RESET)
</UL>
<P><STRONG><a name="[1f]"></a>EXT_INT1_IRQHandler</STRONG> (Thumb, 0 bytes, Stack size 0 bytes, startup_mdr32f9x.o(.text))
<BR>[Address Reference Count : 1]<UL><LI> startup_mdr32f9x.o(RESET)
</UL>
<P><STRONG><a name="[20]"></a>EXT_INT2_IRQHandler</STRONG> (Thumb, 0 bytes, Stack size 0 bytes, startup_mdr32f9x.o(.text))
<BR>[Address Reference Count : 1]<UL><LI> startup_mdr32f9x.o(RESET)
</UL>
<P><STRONG><a name="[21]"></a>EXT_INT3_IRQHandler</STRONG> (Thumb, 0 bytes, Stack size 0 bytes, startup_mdr32f9x.o(.text))
<BR>[Address Reference Count : 1]<UL><LI> startup_mdr32f9x.o(RESET)
</UL>
<P><STRONG><a name="[22]"></a>EXT_INT4_IRQHandler</STRONG> (Thumb, 0 bytes, Stack size 0 bytes, startup_mdr32f9x.o(.text))
<BR>[Address Reference Count : 1]<UL><LI> startup_mdr32f9x.o(RESET)
</UL>
<P><STRONG><a name="[15]"></a>I2C_IRQHandler</STRONG> (Thumb, 0 bytes, Stack size 0 bytes, startup_mdr32f9x.o(.text))
<BR>[Address Reference Count : 1]<UL><LI> startup_mdr32f9x.o(RESET)
</UL>
<P><STRONG><a name="[16]"></a>POWER_IRQHandler</STRONG> (Thumb, 0 bytes, Stack size 0 bytes, startup_mdr32f9x.o(.text))
<BR>[Address Reference Count : 1]<UL><LI> startup_mdr32f9x.o(RESET)
</UL>
<P><STRONG><a name="[14]"></a>SSP1_IRQHandler</STRONG> (Thumb, 0 bytes, Stack size 0 bytes, startup_mdr32f9x.o(.text))
<BR>[Address Reference Count : 1]<UL><LI> startup_mdr32f9x.o(RESET)
</UL>
<P><STRONG><a name="[1d]"></a>SSP2_IRQHandler</STRONG> (Thumb, 0 bytes, Stack size 0 bytes, startup_mdr32f9x.o(.text))
<BR>[Address Reference Count : 1]<UL><LI> startup_mdr32f9x.o(RESET)
</UL>
<P><STRONG><a name="[18]"></a>Timer1_IRQHandler</STRONG> (Thumb, 0 bytes, Stack size 0 bytes, startup_mdr32f9x.o(.text))
<BR>[Address Reference Count : 1]<UL><LI> startup_mdr32f9x.o(RESET)
</UL>
<P><STRONG><a name="[1a]"></a>Timer3_IRQHandler</STRONG> (Thumb, 0 bytes, Stack size 0 bytes, startup_mdr32f9x.o(.text))
<BR>[Address Reference Count : 1]<UL><LI> startup_mdr32f9x.o(RESET)
</UL>
<P><STRONG><a name="[12]"></a>UART1_IRQHandler</STRONG> (Thumb, 0 bytes, Stack size 0 bytes, startup_mdr32f9x.o(.text))
<BR>[Address Reference Count : 1]<UL><LI> startup_mdr32f9x.o(RESET)
</UL>
<P><STRONG><a name="[13]"></a>UART2_IRQHandler</STRONG> (Thumb, 0 bytes, Stack size 0 bytes, startup_mdr32f9x.o(.text))
<BR>[Address Reference Count : 1]<UL><LI> startup_mdr32f9x.o(RESET)
</UL>
<P><STRONG><a name="[10]"></a>USB_IRQHandler</STRONG> (Thumb, 0 bytes, Stack size 0 bytes, startup_mdr32f9x.o(.text))
<BR>[Address Reference Count : 1]<UL><LI> startup_mdr32f9x.o(RESET)
</UL>
<P><STRONG><a name="[17]"></a>WWDG_IRQHandler</STRONG> (Thumb, 0 bytes, Stack size 0 bytes, startup_mdr32f9x.o(.text))
<BR>[Address Reference Count : 1]<UL><LI> startup_mdr32f9x.o(RESET)
</UL>
<P><STRONG><a name="[6b]"></a>__user_initial_stackheap</STRONG> (Thumb, 0 bytes, Stack size unknown bytes, startup_mdr32f9x.o(.text))
<BR><BR>[Called By]<UL><LI><a href="#[7e]">&gt;&gt;</a>&nbsp;&nbsp;&nbsp;__user_setup_stackheap
</UL>

<P><STRONG><a name="[8a]"></a>SystemCoreClockUpdate</STRONG> (Thumb, 98 bytes, Stack size 8 bytes, system_mdr32f9qx.o(.text))
<BR><BR>[Stack]<UL><LI>Max Depth = 8<LI>Call Chain = SystemCoreClockUpdate
</UL>
<BR>[Called By]<UL><LI><a href="#[a5]">&gt;&gt;</a>&nbsp;&nbsp;&nbsp;Setup_CPU_Clock
<LI><a href="#[23]">&gt;&gt;</a>&nbsp;&nbsp;&nbsp;SystemInit
</UL>

<P><STRONG><a name="[23]"></a>SystemInit</STRONG> (Thumb, 30 bytes, Stack size 0 bytes, system_mdr32f9qx.o(.text))
<BR><BR>[Stack]<UL><LI>Max Depth = 8<LI>Call Chain = SystemInit &rArr; SystemCoreClockUpdate
</UL>
<BR>[Calls]<UL><LI><a href="#[8a]">&gt;&gt;</a>&nbsp;&nbsp;&nbsp;SystemCoreClockUpdate
</UL>
<BR>[Address Reference Count : 1]<UL><LI> startup_mdr32f9x.o(.text)
</UL>
<P><STRONG><a name="[2e8]"></a>SSP_DeInit</STRONG> (Thumb, 18 bytes, Stack size 0 bytes, mdr32f9qx_ssp.o(.text), UNUSED)

<P><STRONG><a name="[15c]"></a>SSP_Init</STRONG> (Thumb, 38 bytes, Stack size 8 bytes, mdr32f9qx_ssp.o(.text))
<BR><BR>[Stack]<UL><LI>Max Depth = 8<LI>Call Chain = SSP_Init
</UL>
<BR>[Called By]<UL><LI><a href="#[a8]">&gt;&gt;</a>&nbsp;&nbsp;&nbsp;HW_SSPInit
</UL>

<P><STRONG><a name="[15b]"></a>SSP_StructInit</STRONG> (Thumb, 22 bytes, Stack size 0 bytes, mdr32f9qx_ssp.o(.text))
<BR><BR>[Called By]<UL><LI><a href="#[a8]">&gt;&gt;</a>&nbsp;&nbsp;&nbsp;HW_SSPInit
</UL>

<P><STRONG><a name="[15d]"></a>SSP_Cmd</STRONG> (Thumb, 26 bytes, Stack size 0 bytes, mdr32f9qx_ssp.o(.text))
<BR><BR>[Called By]<UL><LI><a href="#[a8]">&gt;&gt;</a>&nbsp;&nbsp;&nbsp;HW_SSPInit
</UL>

<P><STRONG><a name="[2e9]"></a>SSP_ITConfig</STRONG> (Thumb, 20 bytes, Stack size 0 bytes, mdr32f9qx_ssp.o(.text), UNUSED)

<P><STRONG><a name="[2ea]"></a>SSP_GetITStatus</STRONG> (Thumb, 14 bytes, Stack size 0 bytes, mdr32f9qx_ssp.o(.text), UNUSED)

<P><STRONG><a name="[2eb]"></a>SSP_GetITStatusMasked</STRONG> (Thumb, 14 bytes, Stack size 0 bytes, mdr32f9qx_ssp.o(.text), UNUSED)

<P><STRONG><a name="[2ec]"></a>SSP_ClearITPendingBit</STRONG> (Thumb, 8 bytes, Stack size 0 bytes, mdr32f9qx_ssp.o(.text), UNUSED)

<P><STRONG><a name="[2ed]"></a>SSP_DMACmd</STRONG> (Thumb, 24 bytes, Stack size 0 bytes, mdr32f9qx_ssp.o(.text), UNUSED)

<P><STRONG><a name="[138]"></a>SSP_SendData</STRONG> (Thumb, 4 bytes, Stack size 0 bytes, mdr32f9qx_ssp.o(.text))
<BR><BR>[Called By]<UL><LI><a href="#[136]">&gt;&gt;</a>&nbsp;&nbsp;&nbsp;LcdWrite
</UL>

<P><STRONG><a name="[2ee]"></a>SSP_ReceiveData</STRONG> (Thumb, 6 bytes, Stack size 0 bytes, mdr32f9qx_ssp.o(.text), UNUSED)

<P><STRONG><a name="[137]"></a>SSP_GetFlagStatus</STRONG> (Thumb, 14 bytes, Stack size 0 bytes, mdr32f9qx_ssp.o(.text))
<BR><BR>[Called By]<UL><LI><a href="#[b0]">&gt;&gt;</a>&nbsp;&nbsp;&nbsp;LcdInit
<LI><a href="#[13c]">&gt;&gt;</a>&nbsp;&nbsp;&nbsp;LcdUpdateByCore
<LI><a href="#[136]">&gt;&gt;</a>&nbsp;&nbsp;&nbsp;LcdWrite
<LI><a href="#[102]">&gt;&gt;</a>&nbsp;&nbsp;&nbsp;LcdUpdateBothByCore
</UL>

<P><STRONG><a name="[159]"></a>SSP_BRGInit</STRONG> (Thumb, 46 bytes, Stack size 8 bytes, mdr32f9qx_ssp.o(.text))
<BR><BR>[Stack]<UL><LI>Max Depth = 8<LI>Call Chain = SSP_BRGInit
</UL>
<BR>[Called By]<UL><LI><a href="#[a8]">&gt;&gt;</a>&nbsp;&nbsp;&nbsp;HW_SSPInit
<LI><a href="#[ae]">&gt;&gt;</a>&nbsp;&nbsp;&nbsp;HW_DMAInit
</UL>

<P><STRONG><a name="[103]"></a>PORT_DeInit</STRONG> (Thumb, 20 bytes, Stack size 0 bytes, mdr32f9qx_port.o(.text))
<BR><BR>[Called By]<UL><LI><a href="#[28]">&gt;&gt;</a>&nbsp;&nbsp;&nbsp;vTaskDispatcher
<LI><a href="#[ab]">&gt;&gt;</a>&nbsp;&nbsp;&nbsp;HW_PortInit
</UL>

<P><STRONG><a name="[156]"></a>PORT_Init</STRONG> (Thumb, 384 bytes, Stack size 52 bytes, mdr32f9qx_port.o(.text))
<BR><BR>[Stack]<UL><LI>Max Depth = 52<LI>Call Chain = PORT_Init
</UL>
<BR>[Called By]<UL><LI><a href="#[ab]">&gt;&gt;</a>&nbsp;&nbsp;&nbsp;HW_PortInit
</UL>

<P><STRONG><a name="[155]"></a>PORT_StructInit</STRONG> (Thumb, 28 bytes, Stack size 0 bytes, mdr32f9qx_port.o(.text))
<BR><BR>[Called By]<UL><LI><a href="#[ab]">&gt;&gt;</a>&nbsp;&nbsp;&nbsp;HW_PortInit
</UL>

<P><STRONG><a name="[2ef]"></a>PORT_ReadInputDataBit</STRONG> (Thumb, 14 bytes, Stack size 0 bytes, mdr32f9qx_port.o(.text), UNUSED)

<P><STRONG><a name="[2f0]"></a>PORT_ReadInputData</STRONG> (Thumb, 4 bytes, Stack size 0 bytes, mdr32f9qx_port.o(.text), UNUSED)

<P><STRONG><a name="[ca]"></a>PORT_SetBits</STRONG> (Thumb, 22 bytes, Stack size 0 bytes, mdr32f9qx_port.o(.text))
<BR><BR>[Called By]<UL><LI><a href="#[cd]">&gt;&gt;</a>&nbsp;&nbsp;&nbsp;SetOutputLoad
<LI><a href="#[cc]">&gt;&gt;</a>&nbsp;&nbsp;&nbsp;SetCurrentRange
<LI><a href="#[cb]">&gt;&gt;</a>&nbsp;&nbsp;&nbsp;SetFeedbackChannel
<LI><a href="#[c8]">&gt;&gt;</a>&nbsp;&nbsp;&nbsp;SetConverterState
<LI><a href="#[b0]">&gt;&gt;</a>&nbsp;&nbsp;&nbsp;LcdInit
<LI><a href="#[ab]">&gt;&gt;</a>&nbsp;&nbsp;&nbsp;HW_PortInit
<LI><a href="#[13a]">&gt;&gt;</a>&nbsp;&nbsp;&nbsp;LcdSelect
<LI><a href="#[fc]">&gt;&gt;</a>&nbsp;&nbsp;&nbsp;UpdateLEDs
</UL>

<P><STRONG><a name="[c9]"></a>PORT_ResetBits</STRONG> (Thumb, 22 bytes, Stack size 0 bytes, mdr32f9qx_port.o(.text))
<BR><BR>[Called By]<UL><LI><a href="#[cd]">&gt;&gt;</a>&nbsp;&nbsp;&nbsp;SetOutputLoad
<LI><a href="#[cc]">&gt;&gt;</a>&nbsp;&nbsp;&nbsp;SetCurrentRange
<LI><a href="#[cb]">&gt;&gt;</a>&nbsp;&nbsp;&nbsp;SetFeedbackChannel
<LI><a href="#[c8]">&gt;&gt;</a>&nbsp;&nbsp;&nbsp;SetConverterState
<LI><a href="#[b0]">&gt;&gt;</a>&nbsp;&nbsp;&nbsp;LcdInit
<LI><a href="#[13a]">&gt;&gt;</a>&nbsp;&nbsp;&nbsp;LcdSelect
<LI><a href="#[fc]">&gt;&gt;</a>&nbsp;&nbsp;&nbsp;UpdateLEDs
</UL>

<P><STRONG><a name="[2f1]"></a>PORT_WriteBit</STRONG> (Thumb, 32 bytes, Stack size 8 bytes, mdr32f9qx_port.o(.text), UNUSED)

<P><STRONG><a name="[2f2]"></a>PORT_Write</STRONG> (Thumb, 18 bytes, Stack size 0 bytes, mdr32f9qx_port.o(.text), UNUSED)

<P><STRONG><a name="[2f3]"></a>TIMER_DeInit</STRONG> (Thumb, 68 bytes, Stack size 0 bytes, mdr32f9qx_timer.o(.text), UNUSED)

<P><STRONG><a name="[16b]"></a>TIMER_CntInit</STRONG> (Thumb, 54 bytes, Stack size 8 bytes, mdr32f9qx_timer.o(.text))
<BR><BR>[Stack]<UL><LI>Max Depth = 8<LI>Call Chain = TIMER_CntInit
</UL>
<BR>[Called By]<UL><LI><a href="#[aa]">&gt;&gt;</a>&nbsp;&nbsp;&nbsp;HW_TimersInit
</UL>

<P><STRONG><a name="[16a]"></a>TIMER_CntStructInit</STRONG> (Thumb, 28 bytes, Stack size 0 bytes, mdr32f9qx_timer.o(.text))
<BR><BR>[Called By]<UL><LI><a href="#[aa]">&gt;&gt;</a>&nbsp;&nbsp;&nbsp;HW_TimersInit
</UL>

<P><STRONG><a name="[171]"></a>TIMER_Cmd</STRONG> (Thumb, 20 bytes, Stack size 0 bytes, mdr32f9qx_timer.o(.text))
<BR><BR>[Called By]<UL><LI><a href="#[aa]">&gt;&gt;</a>&nbsp;&nbsp;&nbsp;HW_TimersInit
</UL>

<P><STRONG><a name="[2f4]"></a>TIMER_SetCounter</STRONG> (Thumb, 4 bytes, Stack size 0 bytes, mdr32f9qx_timer.o(.text), UNUSED)

<P><STRONG><a name="[2f5]"></a>TIMER_SetCntPrescaler</STRONG> (Thumb, 4 bytes, Stack size 0 bytes, mdr32f9qx_timer.o(.text), UNUSED)

<P><STRONG><a name="[2f6]"></a>TIMER_SetCntAutoreload</STRONG> (Thumb, 4 bytes, Stack size 0 bytes, mdr32f9qx_timer.o(.text), UNUSED)

<P><STRONG><a name="[2f7]"></a>TIMER_CntAutoreloadConfig</STRONG> (Thumb, 14 bytes, Stack size 0 bytes, mdr32f9qx_timer.o(.text), UNUSED)

<P><STRONG><a name="[2f8]"></a>TIMER_GetCounter</STRONG> (Thumb, 6 bytes, Stack size 0 bytes, mdr32f9qx_timer.o(.text), UNUSED)

<P><STRONG><a name="[2f9]"></a>TIMER_CntEventSourceConfig</STRONG> (Thumb, 12 bytes, Stack size 0 bytes, mdr32f9qx_timer.o(.text), UNUSED)

<P><STRONG><a name="[2fa]"></a>TIMER_FilterSamplingConfig</STRONG> (Thumb, 12 bytes, Stack size 0 bytes, mdr32f9qx_timer.o(.text), UNUSED)

<P><STRONG><a name="[2fb]"></a>TIMER_CounterModeConfig</STRONG> (Thumb, 12 bytes, Stack size 0 bytes, mdr32f9qx_timer.o(.text), UNUSED)

<P><STRONG><a name="[2fc]"></a>TIMER_SetCounterDirection</STRONG> (Thumb, 12 bytes, Stack size 0 bytes, mdr32f9qx_timer.o(.text), UNUSED)

<P><STRONG><a name="[2fd]"></a>TIMER_ETRInputConfig</STRONG> (Thumb, 20 bytes, Stack size 8 bytes, mdr32f9qx_timer.o(.text), UNUSED)

<P><STRONG><a name="[2fe]"></a>TIMER_ETRFilterConfig</STRONG> (Thumb, 14 bytes, Stack size 0 bytes, mdr32f9qx_timer.o(.text), UNUSED)

<P><STRONG><a name="[2ff]"></a>TIMER_ETRPrescalerConfig</STRONG> (Thumb, 12 bytes, Stack size 0 bytes, mdr32f9qx_timer.o(.text), UNUSED)

<P><STRONG><a name="[300]"></a>TIMER_ETRPolarityConfig</STRONG> (Thumb, 12 bytes, Stack size 0 bytes, mdr32f9qx_timer.o(.text), UNUSED)

<P><STRONG><a name="[301]"></a>TIMER_BRKPolarityConfig</STRONG> (Thumb, 12 bytes, Stack size 0 bytes, mdr32f9qx_timer.o(.text), UNUSED)

<P><STRONG><a name="[302]"></a>TIMER_GetCounterDirection</STRONG> (Thumb, 16 bytes, Stack size 0 bytes, mdr32f9qx_timer.o(.text), UNUSED)

<P><STRONG><a name="[303]"></a>TIMER_GetCntWriteComplete</STRONG> (Thumb, 16 bytes, Stack size 0 bytes, mdr32f9qx_timer.o(.text), UNUSED)

<P><STRONG><a name="[16d]"></a>TIMER_ChnInit</STRONG> (Thumb, 64 bytes, Stack size 8 bytes, mdr32f9qx_timer.o(.text))
<BR><BR>[Stack]<UL><LI>Max Depth = 8<LI>Call Chain = TIMER_ChnInit
</UL>
<BR>[Called By]<UL><LI><a href="#[aa]">&gt;&gt;</a>&nbsp;&nbsp;&nbsp;HW_TimersInit
</UL>

<P><STRONG><a name="[16c]"></a>TIMER_ChnStructInit</STRONG> (Thumb, 28 bytes, Stack size 0 bytes, mdr32f9qx_timer.o(.text))
<BR><BR>[Called By]<UL><LI><a href="#[aa]">&gt;&gt;</a>&nbsp;&nbsp;&nbsp;HW_TimersInit
</UL>

<P><STRONG><a name="[304]"></a>TIMER_SetChnCompare</STRONG> (Thumb, 8 bytes, Stack size 0 bytes, mdr32f9qx_timer.o(.text), UNUSED)

<P><STRONG><a name="[305]"></a>TIMER_SetChnCompare1</STRONG> (Thumb, 8 bytes, Stack size 0 bytes, mdr32f9qx_timer.o(.text), UNUSED)

<P><STRONG><a name="[306]"></a>TIMER_ChnCompareConfig</STRONG> (Thumb, 24 bytes, Stack size 8 bytes, mdr32f9qx_timer.o(.text), UNUSED)

<P><STRONG><a name="[307]"></a>TIMER_ChnCompare1Config</STRONG> (Thumb, 24 bytes, Stack size 8 bytes, mdr32f9qx_timer.o(.text), UNUSED)

<P><STRONG><a name="[308]"></a>TIMER_GetChnCapture</STRONG> (Thumb, 10 bytes, Stack size 0 bytes, mdr32f9qx_timer.o(.text), UNUSED)

<P><STRONG><a name="[309]"></a>TIMER_GetChnCapture1</STRONG> (Thumb, 10 bytes, Stack size 0 bytes, mdr32f9qx_timer.o(.text), UNUSED)

<P><STRONG><a name="[30a]"></a>TIMER_ChnETR_Cmd</STRONG> (Thumb, 26 bytes, Stack size 0 bytes, mdr32f9qx_timer.o(.text), UNUSED)

<P><STRONG><a name="[30b]"></a>TIMER_ChnETRResetConfig</STRONG> (Thumb, 16 bytes, Stack size 0 bytes, mdr32f9qx_timer.o(.text), UNUSED)

<P><STRONG><a name="[30c]"></a>TIMER_ChnBRKResetConfig</STRONG> (Thumb, 16 bytes, Stack size 0 bytes, mdr32f9qx_timer.o(.text), UNUSED)

<P><STRONG><a name="[30d]"></a>TIMER_ChnREFFormatConfig</STRONG> (Thumb, 16 bytes, Stack size 0 bytes, mdr32f9qx_timer.o(.text), UNUSED)

<P><STRONG><a name="[30e]"></a>TIMER_ChnCapturePrescalerConfig</STRONG> (Thumb, 18 bytes, Stack size 0 bytes, mdr32f9qx_timer.o(.text), UNUSED)

<P><STRONG><a name="[30f]"></a>TIMER_ChnEventSourceConfig</STRONG> (Thumb, 16 bytes, Stack size 0 bytes, mdr32f9qx_timer.o(.text), UNUSED)

<P><STRONG><a name="[310]"></a>TIMER_ChnFilterConfig</STRONG> (Thumb, 16 bytes, Stack size 0 bytes, mdr32f9qx_timer.o(.text), UNUSED)

<P><STRONG><a name="[311]"></a>TIMER_GetChnWriteComplete</STRONG> (Thumb, 20 bytes, Stack size 0 bytes, mdr32f9qx_timer.o(.text), UNUSED)

<P><STRONG><a name="[312]"></a>TIMER_ChnCCR1_EventSourceConfig</STRONG> (Thumb, 16 bytes, Stack size 0 bytes, mdr32f9qx_timer.o(.text), UNUSED)

<P><STRONG><a name="[313]"></a>TIMER_ChnCCR1_Cmd</STRONG> (Thumb, 26 bytes, Stack size 0 bytes, mdr32f9qx_timer.o(.text), UNUSED)

<P><STRONG><a name="[16f]"></a>TIMER_ChnOutInit</STRONG> (Thumb, 58 bytes, Stack size 8 bytes, mdr32f9qx_timer.o(.text))
<BR><BR>[Stack]<UL><LI>Max Depth = 8<LI>Call Chain = TIMER_ChnOutInit
</UL>
<BR>[Called By]<UL><LI><a href="#[aa]">&gt;&gt;</a>&nbsp;&nbsp;&nbsp;HW_TimersInit
</UL>

<P><STRONG><a name="[16e]"></a>TIMER_ChnOutStructInit</STRONG> (Thumb, 22 bytes, Stack size 0 bytes, mdr32f9qx_timer.o(.text))
<BR><BR>[Called By]<UL><LI><a href="#[aa]">&gt;&gt;</a>&nbsp;&nbsp;&nbsp;HW_TimersInit
</UL>

<P><STRONG><a name="[314]"></a>TIMER_ChnOutConfig</STRONG> (Thumb, 28 bytes, Stack size 8 bytes, mdr32f9qx_timer.o(.text), UNUSED)

<P><STRONG><a name="[315]"></a>TIMER_ChnOutSourceConfig</STRONG> (Thumb, 18 bytes, Stack size 0 bytes, mdr32f9qx_timer.o(.text), UNUSED)

<P><STRONG><a name="[316]"></a>TIMER_ChnOutModeConfig</STRONG> (Thumb, 16 bytes, Stack size 0 bytes, mdr32f9qx_timer.o(.text), UNUSED)

<P><STRONG><a name="[317]"></a>TIMER_ChnOutPolarityConfig</STRONG> (Thumb, 18 bytes, Stack size 0 bytes, mdr32f9qx_timer.o(.text), UNUSED)

<P><STRONG><a name="[318]"></a>TIMER_ChnNOutConfig</STRONG> (Thumb, 30 bytes, Stack size 8 bytes, mdr32f9qx_timer.o(.text), UNUSED)

<P><STRONG><a name="[319]"></a>TIMER_ChnNOutSourceConfig</STRONG> (Thumb, 18 bytes, Stack size 0 bytes, mdr32f9qx_timer.o(.text), UNUSED)

<P><STRONG><a name="[31a]"></a>TIMER_ChnNOutModeConfig</STRONG> (Thumb, 18 bytes, Stack size 0 bytes, mdr32f9qx_timer.o(.text), UNUSED)

<P><STRONG><a name="[31b]"></a>TIMER_ChnNOutPolarityConfig</STRONG> (Thumb, 18 bytes, Stack size 0 bytes, mdr32f9qx_timer.o(.text), UNUSED)

<P><STRONG><a name="[31c]"></a>TIMER_ChnOutDTGConfig</STRONG> (Thumb, 18 bytes, Stack size 8 bytes, mdr32f9qx_timer.o(.text), UNUSED)

<P><STRONG><a name="[31d]"></a>TIMER_GetStatus</STRONG> (Thumb, 4 bytes, Stack size 0 bytes, mdr32f9qx_timer.o(.text), UNUSED)

<P><STRONG><a name="[31e]"></a>TIMER_GetFlagStatus</STRONG> (Thumb, 14 bytes, Stack size 0 bytes, mdr32f9qx_timer.o(.text), UNUSED)

<P><STRONG><a name="[178]"></a>TIMER_ClearFlag</STRONG> (Thumb, 8 bytes, Stack size 0 bytes, mdr32f9qx_timer.o(.text))
<BR><BR>[Called By]<UL><LI><a href="#[19]">&gt;&gt;</a>&nbsp;&nbsp;&nbsp;Timer2_IRQHandler
</UL>

<P><STRONG><a name="[31f]"></a>TIMER_DMACmd</STRONG> (Thumb, 16 bytes, Stack size 0 bytes, mdr32f9qx_timer.o(.text), UNUSED)

<P><STRONG><a name="[172]"></a>TIMER_ITConfig</STRONG> (Thumb, 16 bytes, Stack size 0 bytes, mdr32f9qx_timer.o(.text))
<BR><BR>[Called By]<UL><LI><a href="#[aa]">&gt;&gt;</a>&nbsp;&nbsp;&nbsp;HW_TimersInit
</UL>

<P><STRONG><a name="[320]"></a>TIMER_GetITStatus</STRONG> (Thumb, 20 bytes, Stack size 0 bytes, mdr32f9qx_timer.o(.text), UNUSED)

<P><STRONG><a name="[170]"></a>TIMER_BRGInit</STRONG> (Thumb, 66 bytes, Stack size 8 bytes, mdr32f9qx_timer.o(.text))
<BR><BR>[Stack]<UL><LI>Max Depth = 8<LI>Call Chain = TIMER_BRGInit
</UL>
<BR>[Called By]<UL><LI><a href="#[aa]">&gt;&gt;</a>&nbsp;&nbsp;&nbsp;HW_TimersInit
</UL>

<P><STRONG><a name="[321]"></a>I2C_DeInit</STRONG> (Thumb, 18 bytes, Stack size 0 bytes, mdr32f9qx_i2c.o(.text), UNUSED)

<P><STRONG><a name="[15f]"></a>I2C_Init</STRONG> (Thumb, 34 bytes, Stack size 0 bytes, mdr32f9qx_i2c.o(.text))
<BR><BR>[Called By]<UL><LI><a href="#[a9]">&gt;&gt;</a>&nbsp;&nbsp;&nbsp;HW_I2CInit
</UL>

<P><STRONG><a name="[322]"></a>I2C_StructInit</STRONG> (Thumb, 10 bytes, Stack size 0 bytes, mdr32f9qx_i2c.o(.text), UNUSED)

<P><STRONG><a name="[15e]"></a>I2C_Cmd</STRONG> (Thumb, 22 bytes, Stack size 0 bytes, mdr32f9qx_i2c.o(.text))
<BR><BR>[Called By]<UL><LI><a href="#[a9]">&gt;&gt;</a>&nbsp;&nbsp;&nbsp;HW_I2CInit
</UL>

<P><STRONG><a name="[323]"></a>I2C_ITConfig</STRONG> (Thumb, 22 bytes, Stack size 0 bytes, mdr32f9qx_i2c.o(.text), UNUSED)

<P><STRONG><a name="[324]"></a>I2C_GetITStatus</STRONG> (Thumb, 16 bytes, Stack size 0 bytes, mdr32f9qx_i2c.o(.text), UNUSED)

<P><STRONG><a name="[325]"></a>I2C_ClearITPendingBit</STRONG> (Thumb, 12 bytes, Stack size 0 bytes, mdr32f9qx_i2c.o(.text), UNUSED)

<P><STRONG><a name="[12d]"></a>I2C_Send7bitAddress</STRONG> (Thumb, 16 bytes, Stack size 0 bytes, mdr32f9qx_i2c.o(.text))
<BR><BR>[Called By]<UL><LI><a href="#[134]">&gt;&gt;</a>&nbsp;&nbsp;&nbsp;EEPROM_WriteSmallBlock
<LI><a href="#[132]">&gt;&gt;</a>&nbsp;&nbsp;&nbsp;EEPROM_IsReady
<LI><a href="#[12c]">&gt;&gt;</a>&nbsp;&nbsp;&nbsp;EEPROM_ReadSmallBlock
</UL>

<P><STRONG><a name="[12f]"></a>I2C_SendByte</STRONG> (Thumb, 10 bytes, Stack size 0 bytes, mdr32f9qx_i2c.o(.text))
<BR><BR>[Called By]<UL><LI><a href="#[134]">&gt;&gt;</a>&nbsp;&nbsp;&nbsp;EEPROM_WriteSmallBlock
<LI><a href="#[12c]">&gt;&gt;</a>&nbsp;&nbsp;&nbsp;EEPROM_ReadSmallBlock
</UL>

<P><STRONG><a name="[12e]"></a>I2C_SendSTOP</STRONG> (Thumb, 8 bytes, Stack size 0 bytes, mdr32f9qx_i2c.o(.text))
<BR><BR>[Called By]<UL><LI><a href="#[134]">&gt;&gt;</a>&nbsp;&nbsp;&nbsp;EEPROM_WriteSmallBlock
<LI><a href="#[132]">&gt;&gt;</a>&nbsp;&nbsp;&nbsp;EEPROM_IsReady
<LI><a href="#[12c]">&gt;&gt;</a>&nbsp;&nbsp;&nbsp;EEPROM_ReadSmallBlock
</UL>

<P><STRONG><a name="[130]"></a>I2C_StartReceiveData</STRONG> (Thumb, 10 bytes, Stack size 0 bytes, mdr32f9qx_i2c.o(.text))
<BR><BR>[Called By]<UL><LI><a href="#[12c]">&gt;&gt;</a>&nbsp;&nbsp;&nbsp;EEPROM_ReadSmallBlock
</UL>

<P><STRONG><a name="[131]"></a>I2C_GetReceivedData</STRONG> (Thumb, 8 bytes, Stack size 0 bytes, mdr32f9qx_i2c.o(.text))
<BR><BR>[Called By]<UL><LI><a href="#[12c]">&gt;&gt;</a>&nbsp;&nbsp;&nbsp;EEPROM_ReadSmallBlock
</UL>

<P><STRONG><a name="[8c]"></a>I2C_GetLastEvent</STRONG> (Thumb, 18 bytes, Stack size 0 bytes, mdr32f9qx_i2c.o(.text))
<BR><BR>[Called By]<UL><LI><a href="#[8d]">&gt;&gt;</a>&nbsp;&nbsp;&nbsp;I2C_GetFlagStatus
<LI><a href="#[8b]">&gt;&gt;</a>&nbsp;&nbsp;&nbsp;I2C_CheckEvent
</UL>

<P><STRONG><a name="[8b]"></a>I2C_CheckEvent</STRONG> (Thumb, 20 bytes, Stack size 4 bytes, mdr32f9qx_i2c.o(.text), UNUSED)
<BR><BR>[Calls]<UL><LI><a href="#[8c]">&gt;&gt;</a>&nbsp;&nbsp;&nbsp;I2C_GetLastEvent
</UL>

<P><STRONG><a name="[8d]"></a>I2C_GetFlagStatus</STRONG> (Thumb, 20 bytes, Stack size 4 bytes, mdr32f9qx_i2c.o(.text))
<BR><BR>[Stack]<UL><LI>Max Depth = 4<LI>Call Chain = I2C_GetFlagStatus
</UL>
<BR>[Calls]<UL><LI><a href="#[8c]">&gt;&gt;</a>&nbsp;&nbsp;&nbsp;I2C_GetLastEvent
</UL>
<BR>[Called By]<UL><LI><a href="#[134]">&gt;&gt;</a>&nbsp;&nbsp;&nbsp;EEPROM_WriteSmallBlock
<LI><a href="#[132]">&gt;&gt;</a>&nbsp;&nbsp;&nbsp;EEPROM_IsReady
<LI><a href="#[12c]">&gt;&gt;</a>&nbsp;&nbsp;&nbsp;EEPROM_ReadSmallBlock
</UL>

<P><STRONG><a name="[160]"></a>ADC_DeInit</STRONG> (Thumb, 30 bytes, Stack size 0 bytes, mdr32f9qx_adc.o(.text))
<BR><BR>[Called By]<UL><LI><a href="#[ac]">&gt;&gt;</a>&nbsp;&nbsp;&nbsp;HW_ADCInit
</UL>

<P><STRONG><a name="[162]"></a>ADC_Init</STRONG> (Thumb, 44 bytes, Stack size 0 bytes, mdr32f9qx_adc.o(.text))
<BR><BR>[Called By]<UL><LI><a href="#[ac]">&gt;&gt;</a>&nbsp;&nbsp;&nbsp;HW_ADCInit
</UL>

<P><STRONG><a name="[161]"></a>ADC_StructInit</STRONG> (Thumb, 18 bytes, Stack size 0 bytes, mdr32f9qx_adc.o(.text))
<BR><BR>[Called By]<UL><LI><a href="#[ac]">&gt;&gt;</a>&nbsp;&nbsp;&nbsp;HW_ADCInit
</UL>

<P><STRONG><a name="[326]"></a>ADC_SetTrim</STRONG> (Thumb, 16 bytes, Stack size 0 bytes, mdr32f9qx_adc.o(.text), UNUSED)

<P><STRONG><a name="[164]"></a>ADC1_Init</STRONG> (Thumb, 80 bytes, Stack size 12 bytes, mdr32f9qx_adc.o(.text))
<BR><BR>[Stack]<UL><LI>Max Depth = 12<LI>Call Chain = ADC1_Init
</UL>
<BR>[Called By]<UL><LI><a href="#[ac]">&gt;&gt;</a>&nbsp;&nbsp;&nbsp;HW_ADCInit
</UL>

<P><STRONG><a name="[165]"></a>ADC2_Init</STRONG> (Thumb, 70 bytes, Stack size 12 bytes, mdr32f9qx_adc.o(.text))
<BR><BR>[Stack]<UL><LI>Max Depth = 12<LI>Call Chain = ADC2_Init
</UL>
<BR>[Called By]<UL><LI><a href="#[ac]">&gt;&gt;</a>&nbsp;&nbsp;&nbsp;HW_ADCInit
</UL>

<P><STRONG><a name="[163]"></a>ADCx_StructInit</STRONG> (Thumb, 28 bytes, Stack size 0 bytes, mdr32f9qx_adc.o(.text))
<BR><BR>[Called By]<UL><LI><a href="#[ac]">&gt;&gt;</a>&nbsp;&nbsp;&nbsp;HW_ADCInit
</UL>

<P><STRONG><a name="[168]"></a>ADC1_Cmd</STRONG> (Thumb, 22 bytes, Stack size 0 bytes, mdr32f9qx_adc.o(.text))
<BR><BR>[Called By]<UL><LI><a href="#[ac]">&gt;&gt;</a>&nbsp;&nbsp;&nbsp;HW_ADCInit
</UL>

<P><STRONG><a name="[169]"></a>ADC2_Cmd</STRONG> (Thumb, 22 bytes, Stack size 0 bytes, mdr32f9qx_adc.o(.text))
<BR><BR>[Called By]<UL><LI><a href="#[ac]">&gt;&gt;</a>&nbsp;&nbsp;&nbsp;HW_ADCInit
</UL>

<P><STRONG><a name="[be]"></a>ADC1_SetChannel</STRONG> (Thumb, 16 bytes, Stack size 0 bytes, mdr32f9qx_adc.o(.text))
<BR><BR>[Called By]<UL><LI><a href="#[bc]">&gt;&gt;</a>&nbsp;&nbsp;&nbsp;Converter_HW_ADCProcess
</UL>

<P><STRONG><a name="[13e]"></a>ADC2_SetChannel</STRONG> (Thumb, 16 bytes, Stack size 0 bytes, mdr32f9qx_adc.o(.text))
<BR><BR>[Called By]<UL><LI><a href="#[27]">&gt;&gt;</a>&nbsp;&nbsp;&nbsp;vTaskService
</UL>

<P><STRONG><a name="[327]"></a>ADC1_SetChannels</STRONG> (Thumb, 6 bytes, Stack size 0 bytes, mdr32f9qx_adc.o(.text), UNUSED)

<P><STRONG><a name="[328]"></a>ADC2_SetChannels</STRONG> (Thumb, 6 bytes, Stack size 0 bytes, mdr32f9qx_adc.o(.text), UNUSED)

<P><STRONG><a name="[329]"></a>ADC1_OperationModeConfig</STRONG> (Thumb, 16 bytes, Stack size 0 bytes, mdr32f9qx_adc.o(.text), UNUSED)

<P><STRONG><a name="[32a]"></a>ADC2_OperationModeConfig</STRONG> (Thumb, 16 bytes, Stack size 0 bytes, mdr32f9qx_adc.o(.text), UNUSED)

<P><STRONG><a name="[32b]"></a>ADC1_SamplingModeConfig</STRONG> (Thumb, 14 bytes, Stack size 0 bytes, mdr32f9qx_adc.o(.text), UNUSED)

<P><STRONG><a name="[32c]"></a>ADC2_SamplingModeConfig</STRONG> (Thumb, 14 bytes, Stack size 0 bytes, mdr32f9qx_adc.o(.text), UNUSED)

<P><STRONG><a name="[32d]"></a>ADC1_ChannelSwithingConfig</STRONG> (Thumb, 14 bytes, Stack size 0 bytes, mdr32f9qx_adc.o(.text), UNUSED)

<P><STRONG><a name="[32e]"></a>ADC2_ChannelSwithingConfig</STRONG> (Thumb, 14 bytes, Stack size 0 bytes, mdr32f9qx_adc.o(.text), UNUSED)

<P><STRONG><a name="[32f]"></a>ADC1_LevelsConfig</STRONG> (Thumb, 20 bytes, Stack size 8 bytes, mdr32f9qx_adc.o(.text), UNUSED)

<P><STRONG><a name="[330]"></a>ADC2_LevelsConfig</STRONG> (Thumb, 20 bytes, Stack size 8 bytes, mdr32f9qx_adc.o(.text), UNUSED)

<P><STRONG><a name="[331]"></a>ADC1_SetLowLevel</STRONG> (Thumb, 6 bytes, Stack size 0 bytes, mdr32f9qx_adc.o(.text), UNUSED)

<P><STRONG><a name="[332]"></a>ADC2_SetLowLevel</STRONG> (Thumb, 6 bytes, Stack size 0 bytes, mdr32f9qx_adc.o(.text), UNUSED)

<P><STRONG><a name="[333]"></a>ADC1_SetHighLevel</STRONG> (Thumb, 6 bytes, Stack size 0 bytes, mdr32f9qx_adc.o(.text), UNUSED)

<P><STRONG><a name="[334]"></a>ADC2_SetHighLevel</STRONG> (Thumb, 6 bytes, Stack size 0 bytes, mdr32f9qx_adc.o(.text), UNUSED)

<P><STRONG><a name="[c0]"></a>ADC1_Start</STRONG> (Thumb, 12 bytes, Stack size 0 bytes, mdr32f9qx_adc.o(.text))
<BR><BR>[Called By]<UL><LI><a href="#[bc]">&gt;&gt;</a>&nbsp;&nbsp;&nbsp;Converter_HW_ADCProcess
</UL>

<P><STRONG><a name="[140]"></a>ADC2_Start</STRONG> (Thumb, 12 bytes, Stack size 0 bytes, mdr32f9qx_adc.o(.text))
<BR><BR>[Called By]<UL><LI><a href="#[27]">&gt;&gt;</a>&nbsp;&nbsp;&nbsp;vTaskService
</UL>

<P><STRONG><a name="[bf]"></a>ADC1_GetResult</STRONG> (Thumb, 6 bytes, Stack size 0 bytes, mdr32f9qx_adc.o(.text))
<BR><BR>[Called By]<UL><LI><a href="#[bc]">&gt;&gt;</a>&nbsp;&nbsp;&nbsp;Converter_HW_ADCProcess
</UL>

<P><STRONG><a name="[141]"></a>ADC2_GetResult</STRONG> (Thumb, 6 bytes, Stack size 0 bytes, mdr32f9qx_adc.o(.text))
<BR><BR>[Called By]<UL><LI><a href="#[27]">&gt;&gt;</a>&nbsp;&nbsp;&nbsp;vTaskService
</UL>

<P><STRONG><a name="[8f]"></a>ADC_GetStatus</STRONG> (Thumb, 12 bytes, Stack size 0 bytes, mdr32f9qx_adc.o(.text))
<BR><BR>[Called By]<UL><LI><a href="#[90]">&gt;&gt;</a>&nbsp;&nbsp;&nbsp;ADC_GetITStatus
<LI><a href="#[8e]">&gt;&gt;</a>&nbsp;&nbsp;&nbsp;ADC_GetFlagStatus
</UL>

<P><STRONG><a name="[335]"></a>ADC1_GetStatus</STRONG> (Thumb, 6 bytes, Stack size 0 bytes, mdr32f9qx_adc.o(.text), UNUSED)

<P><STRONG><a name="[336]"></a>ADC2_GetStatus</STRONG> (Thumb, 6 bytes, Stack size 0 bytes, mdr32f9qx_adc.o(.text), UNUSED)

<P><STRONG><a name="[8e]"></a>ADC_GetFlagStatus</STRONG> (Thumb, 20 bytes, Stack size 4 bytes, mdr32f9qx_adc.o(.text))
<BR><BR>[Stack]<UL><LI>Max Depth = 4<LI>Call Chain = ADC_GetFlagStatus
</UL>
<BR>[Calls]<UL><LI><a href="#[8f]">&gt;&gt;</a>&nbsp;&nbsp;&nbsp;ADC_GetStatus
</UL>
<BR>[Called By]<UL><LI><a href="#[27]">&gt;&gt;</a>&nbsp;&nbsp;&nbsp;vTaskService
</UL>

<P><STRONG><a name="[337]"></a>ADC1_GetFlagStatus</STRONG> (Thumb, 16 bytes, Stack size 0 bytes, mdr32f9qx_adc.o(.text), UNUSED)

<P><STRONG><a name="[338]"></a>ADC2_GetFlagStatus</STRONG> (Thumb, 16 bytes, Stack size 0 bytes, mdr32f9qx_adc.o(.text), UNUSED)

<P><STRONG><a name="[339]"></a>ADC1_ClearOverwriteFlag</STRONG> (Thumb, 12 bytes, Stack size 0 bytes, mdr32f9qx_adc.o(.text), UNUSED)

<P><STRONG><a name="[33a]"></a>ADC2_ClearOverwriteFlag</STRONG> (Thumb, 12 bytes, Stack size 0 bytes, mdr32f9qx_adc.o(.text), UNUSED)

<P><STRONG><a name="[33b]"></a>ADC1_ClearOutOfRangeFlag</STRONG> (Thumb, 12 bytes, Stack size 0 bytes, mdr32f9qx_adc.o(.text), UNUSED)

<P><STRONG><a name="[33c]"></a>ADC2_ClearOutOfRangeFlag</STRONG> (Thumb, 12 bytes, Stack size 0 bytes, mdr32f9qx_adc.o(.text), UNUSED)

<P><STRONG><a name="[33d]"></a>ADC_ITConfig</STRONG> (Thumb, 42 bytes, Stack size 16 bytes, mdr32f9qx_adc.o(.text), UNUSED)

<P><STRONG><a name="[166]"></a>ADC1_ITConfig</STRONG> (Thumb, 22 bytes, Stack size 0 bytes, mdr32f9qx_adc.o(.text))
<BR><BR>[Called By]<UL><LI><a href="#[ac]">&gt;&gt;</a>&nbsp;&nbsp;&nbsp;HW_ADCInit
</UL>

<P><STRONG><a name="[167]"></a>ADC2_ITConfig</STRONG> (Thumb, 22 bytes, Stack size 0 bytes, mdr32f9qx_adc.o(.text))
<BR><BR>[Called By]<UL><LI><a href="#[ac]">&gt;&gt;</a>&nbsp;&nbsp;&nbsp;HW_ADCInit
</UL>

<P><STRONG><a name="[90]"></a>ADC_GetITStatus</STRONG> (Thumb, 24 bytes, Stack size 4 bytes, mdr32f9qx_adc.o(.text), UNUSED)
<BR><BR>[Calls]<UL><LI><a href="#[8f]">&gt;&gt;</a>&nbsp;&nbsp;&nbsp;ADC_GetStatus
</UL>

<P><STRONG><a name="[33e]"></a>ADC1_GetITStatus</STRONG> (Thumb, 22 bytes, Stack size 0 bytes, mdr32f9qx_adc.o(.text), UNUSED)

<P><STRONG><a name="[33f]"></a>ADC2_GetITStatus</STRONG> (Thumb, 22 bytes, Stack size 0 bytes, mdr32f9qx_adc.o(.text), UNUSED)

<P><STRONG><a name="[1b7]"></a>UART_DeInit</STRONG> (Thumb, 34 bytes, Stack size 0 bytes, mdr32f9qx_uart.o(.text))
<BR><BR>[Called By]<UL><LI><a href="#[18a]">&gt;&gt;</a>&nbsp;&nbsp;&nbsp;UART_Enable
</UL>

<P><STRONG><a name="[91]"></a>UART_Init</STRONG> (Thumb, 140 bytes, Stack size 40 bytes, mdr32f9qx_uart.o(.text))
<BR><BR>[Stack]<UL><LI>Max Depth = 76<LI>Call Chain = UART_Init &rArr; RST_CLK_GetClocksFreq
</UL>
<BR>[Calls]<UL><LI><a href="#[92]">&gt;&gt;</a>&nbsp;&nbsp;&nbsp;RST_CLK_GetClocksFreq
</UL>
<BR>[Called By]<UL><LI><a href="#[18a]">&gt;&gt;</a>&nbsp;&nbsp;&nbsp;UART_Enable
</UL>

<P><STRONG><a name="[340]"></a>UART_StructInit</STRONG> (Thumb, 24 bytes, Stack size 0 bytes, mdr32f9qx_uart.o(.text), UNUSED)

<P><STRONG><a name="[1b9]"></a>UART_Cmd</STRONG> (Thumb, 26 bytes, Stack size 0 bytes, mdr32f9qx_uart.o(.text))
<BR><BR>[Called By]<UL><LI><a href="#[18a]">&gt;&gt;</a>&nbsp;&nbsp;&nbsp;UART_Enable
<LI><a href="#[18f]">&gt;&gt;</a>&nbsp;&nbsp;&nbsp;UART_Disable
</UL>

<P><STRONG><a name="[341]"></a>UART_ITConfig</STRONG> (Thumb, 20 bytes, Stack size 0 bytes, mdr32f9qx_uart.o(.text), UNUSED)

<P><STRONG><a name="[342]"></a>UART_GetITStatus</STRONG> (Thumb, 14 bytes, Stack size 0 bytes, mdr32f9qx_uart.o(.text), UNUSED)

<P><STRONG><a name="[343]"></a>UART_GetITStatusMasked</STRONG> (Thumb, 14 bytes, Stack size 0 bytes, mdr32f9qx_uart.o(.text), UNUSED)

<P><STRONG><a name="[344]"></a>UART_ClearITPendingBit</STRONG> (Thumb, 8 bytes, Stack size 0 bytes, mdr32f9qx_uart.o(.text), UNUSED)

<P><STRONG><a name="[1b8]"></a>UART_DMAConfig</STRONG> (Thumb, 8 bytes, Stack size 0 bytes, mdr32f9qx_uart.o(.text))
<BR><BR>[Called By]<UL><LI><a href="#[18a]">&gt;&gt;</a>&nbsp;&nbsp;&nbsp;UART_Enable
</UL>

<P><STRONG><a name="[1bb]"></a>UART_DMACmd</STRONG> (Thumb, 24 bytes, Stack size 0 bytes, mdr32f9qx_uart.o(.text))
<BR><BR>[Called By]<UL><LI><a href="#[18c]">&gt;&gt;</a>&nbsp;&nbsp;&nbsp;UART_Stop_RX
<LI><a href="#[18b]">&gt;&gt;</a>&nbsp;&nbsp;&nbsp;UART_Start_RX
<LI><a href="#[193]">&gt;&gt;</a>&nbsp;&nbsp;&nbsp;UART_Send_Data
</UL>

<P><STRONG><a name="[345]"></a>UART_SendData</STRONG> (Thumb, 8 bytes, Stack size 0 bytes, mdr32f9qx_uart.o(.text), UNUSED)

<P><STRONG><a name="[346]"></a>UART_ReceiveData</STRONG> (Thumb, 6 bytes, Stack size 0 bytes, mdr32f9qx_uart.o(.text), UNUSED)

<P><STRONG><a name="[347]"></a>UART_BreakLine</STRONG> (Thumb, 26 bytes, Stack size 0 bytes, mdr32f9qx_uart.o(.text), UNUSED)

<P><STRONG><a name="[93]"></a>UART_IrDAConfig</STRONG> (Thumb, 40 bytes, Stack size 32 bytes, mdr32f9qx_uart.o(.text), UNUSED)
<BR><BR>[Calls]<UL><LI><a href="#[92]">&gt;&gt;</a>&nbsp;&nbsp;&nbsp;RST_CLK_GetClocksFreq
</UL>

<P><STRONG><a name="[348]"></a>UART_IrDACmd</STRONG> (Thumb, 26 bytes, Stack size 0 bytes, mdr32f9qx_uart.o(.text), UNUSED)

<P><STRONG><a name="[1ba]"></a>UART_GetFlagStatus</STRONG> (Thumb, 14 bytes, Stack size 0 bytes, mdr32f9qx_uart.o(.text))
<BR><BR>[Called By]<UL><LI><a href="#[18f]">&gt;&gt;</a>&nbsp;&nbsp;&nbsp;UART_Disable
</UL>

<P><STRONG><a name="[157]"></a>UART_BRGInit</STRONG> (Thumb, 46 bytes, Stack size 8 bytes, mdr32f9qx_uart.o(.text))
<BR><BR>[Stack]<UL><LI>Max Depth = 8<LI>Call Chain = UART_BRGInit
</UL>
<BR>[Called By]<UL><LI><a href="#[ad]">&gt;&gt;</a>&nbsp;&nbsp;&nbsp;HW_UARTInit
</UL>

<P><STRONG><a name="[95]"></a>DMA_CtrlDataInit</STRONG> (Thumb, 108 bytes, Stack size 8 bytes, mdr32f9qx_dma.o(.text))
<BR><BR>[Stack]<UL><LI>Max Depth = 8<LI>Call Chain = DMA_CtrlDataInit
</UL>
<BR>[Called By]<UL><LI><a href="#[98]">&gt;&gt;</a>&nbsp;&nbsp;&nbsp;DMA_Init
<LI><a href="#[97]">&gt;&gt;</a>&nbsp;&nbsp;&nbsp;DMA_SG_Init
<LI><a href="#[96]">&gt;&gt;</a>&nbsp;&nbsp;&nbsp;DMA_SG_CtrlInit
<LI><a href="#[94]">&gt;&gt;</a>&nbsp;&nbsp;&nbsp;DMA_CtrlInit
<LI><a href="#[149]">&gt;&gt;</a>&nbsp;&nbsp;&nbsp;my_DMA_ChannelInit
</UL>

<P><STRONG><a name="[158]"></a>DMA_DeInit</STRONG> (Thumb, 28 bytes, Stack size 0 bytes, mdr32f9qx_dma.o(.text))
<BR><BR>[Called By]<UL><LI><a href="#[ae]">&gt;&gt;</a>&nbsp;&nbsp;&nbsp;HW_DMAInit
</UL>

<P><STRONG><a name="[94]"></a>DMA_CtrlInit</STRONG> (Thumb, 26 bytes, Stack size 0 bytes, mdr32f9qx_dma.o(.text))
<BR><BR>[Stack]<UL><LI>Max Depth = 8<LI>Call Chain = DMA_CtrlInit &rArr; DMA_CtrlDataInit
</UL>
<BR>[Calls]<UL><LI><a href="#[95]">&gt;&gt;</a>&nbsp;&nbsp;&nbsp;DMA_CtrlDataInit
</UL>
<BR>[Called By]<UL><LI><a href="#[193]">&gt;&gt;</a>&nbsp;&nbsp;&nbsp;UART_Send_Data
</UL>

<P><STRONG><a name="[96]"></a>DMA_SG_CtrlInit</STRONG> (Thumb, 8 bytes, Stack size 0 bytes, mdr32f9qx_dma.o(.text), UNUSED)
<BR><BR>[Calls]<UL><LI><a href="#[95]">&gt;&gt;</a>&nbsp;&nbsp;&nbsp;DMA_CtrlDataInit
</UL>

<P><STRONG><a name="[97]"></a>DMA_SG_Init</STRONG> (Thumb, 118 bytes, Stack size 56 bytes, mdr32f9qx_dma.o(.text), UNUSED)
<BR><BR>[Calls]<UL><LI><a href="#[95]">&gt;&gt;</a>&nbsp;&nbsp;&nbsp;DMA_CtrlDataInit
</UL>

<P><STRONG><a name="[98]"></a>DMA_Init</STRONG> (Thumb, 88 bytes, Stack size 16 bytes, mdr32f9qx_dma.o(.text), UNUSED)
<BR><BR>[Calls]<UL><LI><a href="#[95]">&gt;&gt;</a>&nbsp;&nbsp;&nbsp;DMA_CtrlDataInit
</UL>

<P><STRONG><a name="[349]"></a>DMA_StructInit</STRONG> (Thumb, 16 bytes, Stack size 0 bytes, mdr32f9qx_dma.o(.text), UNUSED)

<P><STRONG><a name="[34a]"></a>DMA_SG_StructInit</STRONG> (Thumb, 18 bytes, Stack size 0 bytes, mdr32f9qx_dma.o(.text), UNUSED)

<P><STRONG><a name="[1b6]"></a>DMA_Cmd</STRONG> (Thumb, 18 bytes, Stack size 0 bytes, mdr32f9qx_dma.o(.text))
<BR><BR>[Called By]<UL><LI><a href="#[187]">&gt;&gt;</a>&nbsp;&nbsp;&nbsp;UART_Initialize
<LI><a href="#[193]">&gt;&gt;</a>&nbsp;&nbsp;&nbsp;UART_Send_Data
</UL>

<P><STRONG><a name="[34b]"></a>DMA_Request</STRONG> (Thumb, 10 bytes, Stack size 0 bytes, mdr32f9qx_dma.o(.text), UNUSED)

<P><STRONG><a name="[1b2]"></a>DMA_ClearError</STRONG> (Thumb, 8 bytes, Stack size 0 bytes, mdr32f9qx_dma.o(.text))
<BR><BR>[Called By]<UL><LI><a href="#[11]">&gt;&gt;</a>&nbsp;&nbsp;&nbsp;DMA_IRQHandler
</UL>

<P><STRONG><a name="[34c]"></a>DMA_GetCurrTransferCounter</STRONG> (Thumb, 30 bytes, Stack size 0 bytes, mdr32f9qx_dma.o(.text), UNUSED)

<P><STRONG><a name="[1b1]"></a>DMA_GetFlagStatus</STRONG> (Thumb, 84 bytes, Stack size 8 bytes, mdr32f9qx_dma.o(.text))
<BR><BR>[Stack]<UL><LI>Max Depth = 8<LI>Call Chain = DMA_GetFlagStatus
</UL>
<BR>[Called By]<UL><LI><a href="#[11]">&gt;&gt;</a>&nbsp;&nbsp;&nbsp;DMA_IRQHandler
</UL>

<P><STRONG><a name="[9f]"></a>RST_CLK_PCLKcmd</STRONG> (Thumb, 22 bytes, Stack size 0 bytes, mdr32f9qx_rst_clk.o(.text))
<BR><BR>[Called By]<UL><LI><a href="#[a5]">&gt;&gt;</a>&nbsp;&nbsp;&nbsp;Setup_CPU_Clock
<LI><a href="#[ae]">&gt;&gt;</a>&nbsp;&nbsp;&nbsp;HW_DMAInit
<LI><a href="#[9e]">&gt;&gt;</a>&nbsp;&nbsp;&nbsp;RST_CLK_DeInit
</UL>

<P><STRONG><a name="[9d]"></a>RST_CLK_CPUclkSelection</STRONG> (Thumb, 14 bytes, Stack size 0 bytes, mdr32f9qx_rst_clk.o(.text))
<BR><BR>[Called By]<UL><LI><a href="#[a5]">&gt;&gt;</a>&nbsp;&nbsp;&nbsp;Setup_CPU_Clock
<LI><a href="#[9b]">&gt;&gt;</a>&nbsp;&nbsp;&nbsp;RST_CLK_WarmDeInit
</UL>

<P><STRONG><a name="[9a]"></a>RST_CLK_GetFlagStatus</STRONG> (Thumb, 38 bytes, Stack size 0 bytes, mdr32f9qx_rst_clk.o(.text))
<BR><BR>[Called By]<UL><LI><a href="#[a4]">&gt;&gt;</a>&nbsp;&nbsp;&nbsp;RST_CLK_USB_PLLstatus
<LI><a href="#[a3]">&gt;&gt;</a>&nbsp;&nbsp;&nbsp;RST_CLK_CPU_PLLstatus
<LI><a href="#[a2]">&gt;&gt;</a>&nbsp;&nbsp;&nbsp;RST_CLK_LSIstatus
<LI><a href="#[a1]">&gt;&gt;</a>&nbsp;&nbsp;&nbsp;RST_CLK_LSEstatus
<LI><a href="#[a0]">&gt;&gt;</a>&nbsp;&nbsp;&nbsp;RST_CLK_HSEstatus
<LI><a href="#[99]">&gt;&gt;</a>&nbsp;&nbsp;&nbsp;RST_CLK_HSIstatus
</UL>

<P><STRONG><a name="[99]"></a>RST_CLK_HSIstatus</STRONG> (Thumb, 48 bytes, Stack size 8 bytes, mdr32f9qx_rst_clk.o(.text), UNUSED)
<BR><BR>[Calls]<UL><LI><a href="#[9a]">&gt;&gt;</a>&nbsp;&nbsp;&nbsp;RST_CLK_GetFlagStatus
</UL>
<BR>[Called By]<UL><LI><a href="#[9b]">&gt;&gt;</a>&nbsp;&nbsp;&nbsp;RST_CLK_WarmDeInit
</UL>

<P><STRONG><a name="[9c]"></a>RST_CLK_HSIcmd</STRONG> (Thumb, 6 bytes, Stack size 0 bytes, mdr32f9qx_rst_clk.o(.text), UNUSED)
<BR><BR>[Called By]<UL><LI><a href="#[9b]">&gt;&gt;</a>&nbsp;&nbsp;&nbsp;RST_CLK_WarmDeInit
</UL>

<P><STRONG><a name="[9b]"></a>RST_CLK_WarmDeInit</STRONG> (Thumb, 52 bytes, Stack size 4 bytes, mdr32f9qx_rst_clk.o(.text), UNUSED)
<BR><BR>[Calls]<UL><LI><a href="#[9c]">&gt;&gt;</a>&nbsp;&nbsp;&nbsp;RST_CLK_HSIcmd
<LI><a href="#[99]">&gt;&gt;</a>&nbsp;&nbsp;&nbsp;RST_CLK_HSIstatus
<LI><a href="#[9d]">&gt;&gt;</a>&nbsp;&nbsp;&nbsp;RST_CLK_CPUclkSelection
</UL>
<BR>[Called By]<UL><LI><a href="#[9e]">&gt;&gt;</a>&nbsp;&nbsp;&nbsp;RST_CLK_DeInit
</UL>

<P><STRONG><a name="[9e]"></a>RST_CLK_DeInit</STRONG> (Thumb, 34 bytes, Stack size 4 bytes, mdr32f9qx_rst_clk.o(.text), UNUSED)
<BR><BR>[Calls]<UL><LI><a href="#[9b]">&gt;&gt;</a>&nbsp;&nbsp;&nbsp;RST_CLK_WarmDeInit
<LI><a href="#[9f]">&gt;&gt;</a>&nbsp;&nbsp;&nbsp;RST_CLK_PCLKcmd
</UL>

<P><STRONG><a name="[14a]"></a>RST_CLK_HSEconfig</STRONG> (Thumb, 38 bytes, Stack size 0 bytes, mdr32f9qx_rst_clk.o(.text))
<BR><BR>[Called By]<UL><LI><a href="#[a5]">&gt;&gt;</a>&nbsp;&nbsp;&nbsp;Setup_CPU_Clock
</UL>

<P><STRONG><a name="[a0]"></a>RST_CLK_HSEstatus</STRONG> (Thumb, 48 bytes, Stack size 8 bytes, mdr32f9qx_rst_clk.o(.text))
<BR><BR>[Stack]<UL><LI>Max Depth = 8<LI>Call Chain = RST_CLK_HSEstatus
</UL>
<BR>[Calls]<UL><LI><a href="#[9a]">&gt;&gt;</a>&nbsp;&nbsp;&nbsp;RST_CLK_GetFlagStatus
</UL>
<BR>[Called By]<UL><LI><a href="#[a5]">&gt;&gt;</a>&nbsp;&nbsp;&nbsp;Setup_CPU_Clock
</UL>

<P><STRONG><a name="[34d]"></a>RST_CLK_LSEconfig</STRONG> (Thumb, 38 bytes, Stack size 0 bytes, mdr32f9qx_rst_clk.o(.text), UNUSED)

<P><STRONG><a name="[a1]"></a>RST_CLK_LSEstatus</STRONG> (Thumb, 48 bytes, Stack size 8 bytes, mdr32f9qx_rst_clk.o(.text), UNUSED)
<BR><BR>[Calls]<UL><LI><a href="#[9a]">&gt;&gt;</a>&nbsp;&nbsp;&nbsp;RST_CLK_GetFlagStatus
</UL>

<P><STRONG><a name="[34e]"></a>RST_CLK_HSIadjust</STRONG> (Thumb, 16 bytes, Stack size 0 bytes, mdr32f9qx_rst_clk.o(.text), UNUSED)

<P><STRONG><a name="[34f]"></a>RST_CLK_LSIcmd</STRONG> (Thumb, 8 bytes, Stack size 0 bytes, mdr32f9qx_rst_clk.o(.text), UNUSED)

<P><STRONG><a name="[350]"></a>RST_CLK_LSIadjust</STRONG> (Thumb, 16 bytes, Stack size 0 bytes, mdr32f9qx_rst_clk.o(.text), UNUSED)

<P><STRONG><a name="[a2]"></a>RST_CLK_LSIstatus</STRONG> (Thumb, 48 bytes, Stack size 8 bytes, mdr32f9qx_rst_clk.o(.text), UNUSED)
<BR><BR>[Calls]<UL><LI><a href="#[9a]">&gt;&gt;</a>&nbsp;&nbsp;&nbsp;RST_CLK_GetFlagStatus
</UL>

<P><STRONG><a name="[14b]"></a>RST_CLK_CPU_PLLconfig</STRONG> (Thumb, 46 bytes, Stack size 0 bytes, mdr32f9qx_rst_clk.o(.text))
<BR><BR>[Called By]<UL><LI><a href="#[a5]">&gt;&gt;</a>&nbsp;&nbsp;&nbsp;Setup_CPU_Clock
</UL>

<P><STRONG><a name="[14e]"></a>RST_CLK_CPU_PLLuse</STRONG> (Thumb, 6 bytes, Stack size 0 bytes, mdr32f9qx_rst_clk.o(.text))
<BR><BR>[Called By]<UL><LI><a href="#[a5]">&gt;&gt;</a>&nbsp;&nbsp;&nbsp;Setup_CPU_Clock
</UL>

<P><STRONG><a name="[14c]"></a>RST_CLK_CPU_PLLcmd</STRONG> (Thumb, 6 bytes, Stack size 0 bytes, mdr32f9qx_rst_clk.o(.text))
<BR><BR>[Called By]<UL><LI><a href="#[a5]">&gt;&gt;</a>&nbsp;&nbsp;&nbsp;Setup_CPU_Clock
</UL>

<P><STRONG><a name="[a3]"></a>RST_CLK_CPU_PLLstatus</STRONG> (Thumb, 48 bytes, Stack size 8 bytes, mdr32f9qx_rst_clk.o(.text))
<BR><BR>[Stack]<UL><LI>Max Depth = 8<LI>Call Chain = RST_CLK_CPU_PLLstatus
</UL>
<BR>[Calls]<UL><LI><a href="#[9a]">&gt;&gt;</a>&nbsp;&nbsp;&nbsp;RST_CLK_GetFlagStatus
</UL>
<BR>[Called By]<UL><LI><a href="#[a5]">&gt;&gt;</a>&nbsp;&nbsp;&nbsp;Setup_CPU_Clock
</UL>

<P><STRONG><a name="[14d]"></a>RST_CLK_CPUclkPrescaler</STRONG> (Thumb, 16 bytes, Stack size 0 bytes, mdr32f9qx_rst_clk.o(.text))
<BR><BR>[Called By]<UL><LI><a href="#[a5]">&gt;&gt;</a>&nbsp;&nbsp;&nbsp;Setup_CPU_Clock
</UL>

<P><STRONG><a name="[351]"></a>RST_CLK_USB_PLLconfig</STRONG> (Thumb, 46 bytes, Stack size 0 bytes, mdr32f9qx_rst_clk.o(.text), UNUSED)

<P><STRONG><a name="[352]"></a>RST_CLK_USB_PLLuse</STRONG> (Thumb, 6 bytes, Stack size 0 bytes, mdr32f9qx_rst_clk.o(.text), UNUSED)

<P><STRONG><a name="[353]"></a>RST_CLK_USB_PLLcmd</STRONG> (Thumb, 6 bytes, Stack size 0 bytes, mdr32f9qx_rst_clk.o(.text), UNUSED)

<P><STRONG><a name="[a4]"></a>RST_CLK_USB_PLLstatus</STRONG> (Thumb, 48 bytes, Stack size 8 bytes, mdr32f9qx_rst_clk.o(.text), UNUSED)
<BR><BR>[Calls]<UL><LI><a href="#[9a]">&gt;&gt;</a>&nbsp;&nbsp;&nbsp;RST_CLK_GetFlagStatus
</UL>

<P><STRONG><a name="[354]"></a>RST_CLK_USBclkPrescaler</STRONG> (Thumb, 6 bytes, Stack size 0 bytes, mdr32f9qx_rst_clk.o(.text), UNUSED)

<P><STRONG><a name="[355]"></a>RST_CLK_USBclkEnable</STRONG> (Thumb, 6 bytes, Stack size 0 bytes, mdr32f9qx_rst_clk.o(.text), UNUSED)

<P><STRONG><a name="[14f]"></a>RST_CLK_ADCclkSelection</STRONG> (Thumb, 14 bytes, Stack size 0 bytes, mdr32f9qx_rst_clk.o(.text))
<BR><BR>[Called By]<UL><LI><a href="#[a5]">&gt;&gt;</a>&nbsp;&nbsp;&nbsp;Setup_CPU_Clock
</UL>

<P><STRONG><a name="[150]"></a>RST_CLK_ADCclkPrescaler</STRONG> (Thumb, 16 bytes, Stack size 0 bytes, mdr32f9qx_rst_clk.o(.text))
<BR><BR>[Called By]<UL><LI><a href="#[a5]">&gt;&gt;</a>&nbsp;&nbsp;&nbsp;Setup_CPU_Clock
</UL>

<P><STRONG><a name="[151]"></a>RST_CLK_ADCclkEnable</STRONG> (Thumb, 6 bytes, Stack size 0 bytes, mdr32f9qx_rst_clk.o(.text))
<BR><BR>[Called By]<UL><LI><a href="#[a5]">&gt;&gt;</a>&nbsp;&nbsp;&nbsp;Setup_CPU_Clock
</UL>

<P><STRONG><a name="[356]"></a>RST_CLK_HSIclkPrescaler</STRONG> (Thumb, 16 bytes, Stack size 0 bytes, mdr32f9qx_rst_clk.o(.text), UNUSED)

<P><STRONG><a name="[357]"></a>RST_CLK_RTC_HSIclkEnable</STRONG> (Thumb, 6 bytes, Stack size 0 bytes, mdr32f9qx_rst_clk.o(.text), UNUSED)

<P><STRONG><a name="[358]"></a>RST_CLK_HSEclkPrescaler</STRONG> (Thumb, 14 bytes, Stack size 0 bytes, mdr32f9qx_rst_clk.o(.text), UNUSED)

<P><STRONG><a name="[359]"></a>RST_CLK_RTC_HSEclkEnable</STRONG> (Thumb, 6 bytes, Stack size 0 bytes, mdr32f9qx_rst_clk.o(.text), UNUSED)

<P><STRONG><a name="[92]"></a>RST_CLK_GetClocksFreq</STRONG> (Thumb, 404 bytes, Stack size 36 bytes, mdr32f9qx_rst_clk.o(.text))
<BR><BR>[Stack]<UL><LI>Max Depth = 36<LI>Call Chain = RST_CLK_GetClocksFreq
</UL>
<BR>[Called By]<UL><LI><a href="#[93]">&gt;&gt;</a>&nbsp;&nbsp;&nbsp;UART_IrDAConfig
<LI><a href="#[91]">&gt;&gt;</a>&nbsp;&nbsp;&nbsp;UART_Init
</UL>

<P><STRONG><a name="[82]"></a>main</STRONG> (Thumb, 348 bytes, Stack size 24 bytes, main.o(.text))
<BR><BR>[Stack]<UL><LI>Max Depth = 224 + Unknown Stack Size
<LI>Call Chain = main &rArr; vTaskStartScheduler &rArr; xTimerCreateTimerTask &rArr; xTaskGenericCreate &rArr; prvAllocateTCBAndStack &rArr; pvPortMalloc &rArr; xTaskResumeAll &rArr; xTaskIncrementTick
</UL>
<BR>[Calls]<UL><LI><a href="#[b5]">&gt;&gt;</a>&nbsp;&nbsp;&nbsp;xTaskGenericCreate
<LI><a href="#[b8]">&gt;&gt;</a>&nbsp;&nbsp;&nbsp;vTaskStartScheduler
<LI><a href="#[b7]">&gt;&gt;</a>&nbsp;&nbsp;&nbsp;Synchronizer_Start
<LI><a href="#[b6]">&gt;&gt;</a>&nbsp;&nbsp;&nbsp;Synchronizer_Initialize
<LI><a href="#[a5]">&gt;&gt;</a>&nbsp;&nbsp;&nbsp;Setup_CPU_Clock
<LI><a href="#[b3]">&gt;&gt;</a>&nbsp;&nbsp;&nbsp;SetCoolerSpeed
<LI><a href="#[b4]">&gt;&gt;</a>&nbsp;&nbsp;&nbsp;LcdSetBacklight
<LI><a href="#[b0]">&gt;&gt;</a>&nbsp;&nbsp;&nbsp;LcdInit
<LI><a href="#[af]">&gt;&gt;</a>&nbsp;&nbsp;&nbsp;InitButtons
<LI><a href="#[ad]">&gt;&gt;</a>&nbsp;&nbsp;&nbsp;HW_UARTInit
<LI><a href="#[aa]">&gt;&gt;</a>&nbsp;&nbsp;&nbsp;HW_TimersInit
<LI><a href="#[a8]">&gt;&gt;</a>&nbsp;&nbsp;&nbsp;HW_SSPInit
<LI><a href="#[ab]">&gt;&gt;</a>&nbsp;&nbsp;&nbsp;HW_PortInit
<LI><a href="#[a6]">&gt;&gt;</a>&nbsp;&nbsp;&nbsp;HW_NVIC_init
<LI><a href="#[a9]">&gt;&gt;</a>&nbsp;&nbsp;&nbsp;HW_I2CInit
<LI><a href="#[ae]">&gt;&gt;</a>&nbsp;&nbsp;&nbsp;HW_DMAInit
<LI><a href="#[ac]">&gt;&gt;</a>&nbsp;&nbsp;&nbsp;HW_ADCInit
<LI><a href="#[b1]">&gt;&gt;</a>&nbsp;&nbsp;&nbsp;EE_GetReadyForSystemInit
<LI><a href="#[a7]">&gt;&gt;</a>&nbsp;&nbsp;&nbsp;DWT_Init
<LI><a href="#[b2]">&gt;&gt;</a>&nbsp;&nbsp;&nbsp;Converter_Init
</UL>
<BR>[Called By]<UL><LI><a href="#[81]">&gt;&gt;</a>&nbsp;&nbsp;&nbsp;__rt_entry_main
</UL>

<P><STRONG><a name="[199]"></a>ADC_GetVoltage</STRONG> (Thumb, 6 bytes, Stack size 0 bytes, adc.o(.text))
<BR><BR>[Called By]<UL><LI><a href="#[2c]">&gt;&gt;</a>&nbsp;&nbsp;&nbsp;vTaskUARTTransmitter
<LI><a href="#[117]">&gt;&gt;</a>&nbsp;&nbsp;&nbsp;guiUpdateAdcIndicators
</UL>

<P><STRONG><a name="[19a]"></a>ADC_GetCurrent</STRONG> (Thumb, 6 bytes, Stack size 0 bytes, adc.o(.text))
<BR><BR>[Called By]<UL><LI><a href="#[2c]">&gt;&gt;</a>&nbsp;&nbsp;&nbsp;vTaskUARTTransmitter
<LI><a href="#[117]">&gt;&gt;</a>&nbsp;&nbsp;&nbsp;guiUpdateAdcIndicators
</UL>

<P><STRONG><a name="[19b]"></a>ADC_GetPower</STRONG> (Thumb, 6 bytes, Stack size 0 bytes, adc.o(.text))
<BR><BR>[Called By]<UL><LI><a href="#[2c]">&gt;&gt;</a>&nbsp;&nbsp;&nbsp;vTaskUARTTransmitter
<LI><a href="#[117]">&gt;&gt;</a>&nbsp;&nbsp;&nbsp;guiUpdateAdcIndicators
</UL>

<P><STRONG><a name="[2a]"></a>vTaskADC</STRONG> (Thumb, 184 bytes, Stack size 8 bytes, adc.o(.text))
<BR><BR>[Stack]<UL><LI>Max Depth = 112<LI>Call Chain = vTaskADC &rArr; xQueueGenericSend &rArr; xTaskResumeAll &rArr; xTaskIncrementTick
</UL>
<BR>[Calls]<UL><LI><a href="#[ba]">&gt;&gt;</a>&nbsp;&nbsp;&nbsp;xQueueGenericSend
<LI><a href="#[bb]">&gt;&gt;</a>&nbsp;&nbsp;&nbsp;xQueueGenericReceive
<LI><a href="#[b9]">&gt;&gt;</a>&nbsp;&nbsp;&nbsp;xQueueGenericCreate
</UL>
<BR>[Address Reference Count : 1]<UL><LI> main.o(.text)
</UL>
[...]
</UL>
<BR>[Calls]<UL><LI><a href="#[121]">&gt;&gt;</a>&nbsp;&nbsp;&nbsp;guiTop_ApplyGuiCurrentLimit
<LI><a href="#[120]">&gt;&gt;</a>&nbsp;&nbsp;&nbsp;guiTop_ApplyGuiVoltageLimit
</UL>
<BR>[Address Reference Count : 1]<UL><LI> guisetuppanel.o(.text)
</UL>
<P><STRONG><a name="[4a]"></a>guiChSetupList_KeyTranslator</STRONG> (Thumb, 100 bytes, Stack size 0 bytes, guisetuppanel.o(.text))
<BR>[Address Reference Count : 1]<UL><LI> guisetuppanel.o(.text)
</UL>
<P><STRONG><a name="[49]"></a>guiChSetupList_onKeyEvent</STRONG> (Thumb, 94 bytes, Stack size 8 bytes, guisetuppanel.o(.text))
<BR><BR>[Stack]<UL><LI>Max Depth = 56<LI>Call Chain = guiChSetupList_onKeyEvent &rArr; guiCore_SetVisible &rArr; guiCore_CallEventHandler
</UL>
<BR>[Calls]<UL><LI><a href="#[229]">&gt;&gt;</a>&nbsp;&nbsp;&nbsp;guiCore_SetVisible
<LI><a href="#[211]">&gt;&gt;</a>&nbsp;&nbsp;&nbsp;guiCore_RequestFocusNextWidget
<LI><a href="#[204]">&gt;&gt;</a>&nbsp;&nbsp;&nbsp;guiCore_RequestFocusChange
</UL>
<BR>[Address Reference Count : 1]<UL><LI> guisetuppanel.o(.text)
</UL>
<P><STRONG><a name="[48]"></a>guiChSetupList_onFocusChanged</STRONG> (Thumb, 30 bytes, Stack size 8 bytes, guisetuppanel.o(.text))
<BR><BR>[Stack]<UL><LI>Max Depth = 64<LI>Call Chain = guiChSetupList_onFocusChanged &rArr; guiStringList_SetActive &rArr; guiStringList_SelectItem &rArr; guiCore_CallEventHandler
</UL>
<BR>[Calls]<UL><LI><a href="#[227]">&gt;&gt;</a>&nbsp;&nbsp;&nbsp;guiStringList_SetActive
</UL>
<BR>[Address Reference Count : 1]<UL><LI> guisetuppanel.o(.text)
</UL>
<P><STRONG><a name="[22a]"></a>setGuiLimitWidgets</STRONG> (Thumb, 62 bytes, Stack size 8 bytes, guisetuppanel.o(.text))
<BR><BR>[Stack]<UL><LI>Max Depth = 72<LI>Call Chain = setGuiLimitWidgets &rArr; guiSpinBox_SetValue &rArr; guiSpinBox_SetActiveDigit &rArr; guiCore_CallEventHandler
</UL>
<BR>[Calls]<UL><LI><a href="#[22b]">&gt;&gt;</a>&nbsp;&nbsp;&nbsp;guiCheckbox_SetChecked
<LI><a href="#[221]">&gt;&gt;</a>&nbsp;&nbsp;&nbsp;guiSpinBox_SetValue
</UL>
<BR>[Called By]<UL><LI><a href="#[114]">&gt;&gt;</a>&nbsp;&nbsp;&nbsp;guiUpdateVoltageLimit
<LI><a href="#[115]">&gt;&gt;</a>&nbsp;&nbsp;&nbsp;guiUpdateCurrentLimit
</UL>

<P><STRONG><a name="[46]"></a>guiChSetupList_onIndexChanged</STRONG> (Thumb, 206 bytes, Stack size 24 bytes, guisetuppanel.o(.text))
<BR><BR>[Stack]<UL><LI>Max Depth = 112<LI>Call Chain = guiChSetupList_onIndexChanged &rArr; guiUpdateVoltageLimit &rArr; setGuiLimitWidgets &rArr; guiSpinBox_SetValue &rArr; guiSpinBox_SetActiveDigit &rArr; guiCore_CallEventHandler
</UL>
<BR>[Calls]<UL><LI><a href="#[114]">&gt;&gt;</a>&nbsp;&nbsp;&nbsp;guiUpdateVoltageLimit
<LI><a href="#[115]">&gt;&gt;</a>&nbsp;&nbsp;&nbsp;guiUpdateCurrentLimit
<LI><a href="#[22c]">&gt;&gt;</a>&nbsp;&nbsp;&nbsp;guiCore_SetVisibleByTag
<LI><a href="#[229]">&gt;&gt;</a>&nbsp;&nbsp;&nbsp;guiCore_SetVisible
<LI><a href="#[22d]">&gt;&gt;</a>&nbsp;&nbsp;&nbsp;guiCheckBox_SetText
</UL>
<BR>[Called By]<UL><LI><a href="#[47]">&gt;&gt;</a>&nbsp;&nbsp;&nbsp;guiChSetupList_onVisibleChanged
</UL>
<BR>[Address Reference Count : 1]<UL><LI> guisetuppanel.o(.text)
</UL>
<P><STRONG><a name="[47]"></a>guiChSetupList_onVisibleChanged</STRONG> (Thumb, 68 bytes, Stack size 8 bytes, guisetuppanel.o(.text))
<BR><BR>[Stack]<UL><LI>Max Depth = 120<LI>Call Chain = guiChSetupList_onVisibleChanged &rArr; guiChSetupList_onIndexChanged &rArr; guiUpdateVoltageLimit &rArr; setGuiLimitWidgets &rArr; guiSpinBox_SetValue &rArr; guiSpinBox_SetActiveDigit &rArr; guiCore_CallEventHandler
</UL>
<BR>[Calls]<UL><LI><a href="#[22c]">&gt;&gt;</a>&nbsp;&nbsp;&nbsp;guiCore_SetVisibleByTag
<LI><a href="#[46]">&gt;&gt;</a>&nbsp;&nbsp;&nbsp;guiChSetupList_onIndexChanged
<LI><a href="#[224]">&gt;&gt;</a>&nbsp;&nbsp;&nbsp;guiTextLabel_SetText
</UL>
<BR>[Address Reference Count : 1]<UL><LI> guisetuppanel.o(.text)
</UL>
<P><STRONG><a name="[45]"></a>guiSetupList_KeyTranslator</STRONG> (Thumb, 74 bytes, Stack size 0 bytes, guisetuppanel.o(.text))
<BR>[Address Reference Count : 1]<UL><LI> guisetuppanel.o(.text)
</UL>
<P><STRONG><a name="[44]"></a>guiSetupList_onKeyEvent</STRONG> (Thumb, 114 bytes, Stack size 8 bytes, guisetuppanel.o(.text))
<BR><BR>[Stack]<UL><LI>Max Depth = 56<LI>Call Chain = guiSetupList_onKeyEvent &rArr; guiCore_SetVisible &rArr; guiCore_CallEventHandler
</UL>
<BR>[Calls]<UL><LI><a href="#[229]">&gt;&gt;</a>&nbsp;&nbsp;&nbsp;guiCore_SetVisible
<LI><a href="#[211]">&gt;&gt;</a>&nbsp;&nbsp;&nbsp;guiCore_RequestFocusNextWidget
<LI><a href="#[204]">&gt;&gt;</a>&nbsp;&nbsp;&nbsp;guiCore_RequestFocusChange
</UL>
<BR>[Address Reference Count : 1]<UL><LI> guisetuppanel.o(.text)
</UL>
<P><STRONG><a name="[43]"></a>guiSetupList_onFocusChanged</STRONG> (Thumb, 30 bytes, Stack size 8 bytes, guisetuppanel.o(.text))
<BR><BR>[Stack]<UL><LI>Max Depth = 64<LI>Call Chain = guiSetupList_onFocusChanged &rArr; guiStringList_SetActive &rArr; guiStringList_SelectItem &rArr; guiCore_CallEventHandler
</UL>
<BR>[Calls]<UL><LI><a href="#[227]">&gt;&gt;</a>&nbsp;&nbsp;&nbsp;guiStringList_SetActive
</UL>
<BR>[Address Reference Count : 1]<UL><LI> guisetuppanel.o(.text)
</UL>
<P><STRONG><a name="[41]"></a>guiSetupList_onIndexChanged</STRONG> (Thumb, 298 bytes, Stack size 24 bytes, guisetuppanel.o(.text))
<BR><BR>[Stack]<UL><LI>Max Depth = 80<LI>Call Chain = guiSetupList_onIndexChanged &rArr; guiUpdateUartSettings &rArr; guiSelectTextBox_SetIndex &rArr; guiCore_CallEventHandler
</UL>
<BR>[Calls]<UL><LI><a href="#[22c]">&gt;&gt;</a>&nbsp;&nbsp;&nbsp;guiCore_SetVisibleByTag
<LI><a href="#[229]">&gt;&gt;</a>&nbsp;&nbsp;&nbsp;guiCore_SetVisible
<LI><a href="#[22e]">&gt;&gt;</a>&nbsp;&nbsp;&nbsp;guiUpdateUartSettings
<LI><a href="#[224]">&gt;&gt;</a>&nbsp;&nbsp;&nbsp;guiTextLabel_SetText
</UL>
<BR>[Called By]<UL><LI><a href="#[42]">&gt;&gt;</a>&nbsp;&nbsp;&nbsp;guiSetupList_onVisibleChanged
</UL>
<BR>[Address Reference Count : 1]<UL><LI> guisetuppanel.o(.text)
</UL>
<P><STRONG><a name="[42]"></a>guiSetupList_onVisibleChanged</STRONG> (Thumb, 48 bytes, Stack size 8 bytes, guisetuppanel.o(.text))
<BR><BR>[Stack]<UL><LI>Max Depth = 88<LI>Call Chain = guiSetupList_onVisibleChanged &rArr; guiSetupList_onIndexChanged &rArr; guiUpdateUartSettings &rArr; guiSelectTextBox_SetIndex &rArr; guiCore_CallEventHandler
</UL>
<BR>[Calls]<UL><LI><a href="#[22c]">&gt;&gt;</a>&nbsp;&nbsp;&nbsp;guiCore_SetVisibleByTag
<LI><a href="#[41]">&gt;&gt;</a>&nbsp;&nbsp;&nbsp;guiSetupList_onIndexChanged
<LI><a href="#[224]">&gt;&gt;</a>&nbsp;&nbsp;&nbsp;guiTextLabel_SetText
</UL>
<BR>[Address Reference Count : 1]<UL><LI> guisetuppanel.o(.text)
</UL>
<P><STRONG><a name="[40]"></a>guiSetupPanel_onFocusChanged</STRONG> (Thumb, 40 bytes, Stack size 8 bytes, guisetuppanel.o(.text))
<BR><BR>[Stack]<UL><LI>Max Depth = 16<LI>Call Chain = guiSetupPanel_onFocusChanged &rArr; guiCore_AddMessageToQueue
</UL>
<BR>[Calls]<UL><LI><a href="#[10c]">&gt;&gt;</a>&nbsp;&nbsp;&nbsp;guiCore_AddMessageToQueue
<LI><a href="#[204]">&gt;&gt;</a>&nbsp;&nbsp;&nbsp;guiCore_RequestFocusChange
</UL>
<BR>[Address Reference Count : 1]<UL><LI> guisetuppanel.o(.text)
</UL>
<P><STRONG><a name="[3f]"></a>guiSetupPanel_onVisibleChanged</STRONG> (Thumb, 36 bytes, Stack size 8 bytes, guisetuppanel.o(.text))
<BR><BR>[Stack]<UL><LI>Max Depth = 56<LI>Call Chain = guiSetupPanel_onVisibleChanged &rArr; guiCore_SetVisible &rArr; guiCore_CallEventHandler
</UL>
<BR>[Calls]<UL><LI><a href="#[229]">&gt;&gt;</a>&nbsp;&nbsp;&nbsp;guiCore_SetVisible
</UL>
<BR>[Address Reference Count : 1]<UL><LI> guisetuppanel.o(.text)
</UL>
<P><STRONG><a name="[3e]"></a>guiSetupPanel_KeyTranslator</STRONG> (Thumb, 74 bytes, Stack size 0 bytes, guisetuppanel.o(.text))
<BR>[Address Reference Count : 1]<UL><LI> guisetuppanel.o(.text)
</UL>
<P><STRONG><a name="[237]"></a>setGuiOverloadSettings</STRONG> (Thumb, 44 bytes, Stack size 16 bytes, guisetuppanel.o(.text))
<BR><BR>[Stack]<UL><LI>Max Depth = 80<LI>Call Chain = setGuiOverloadSettings &rArr; guiSpinBox_SetValue &rArr; guiSpinBox_SetActiveDigit &rArr; guiCore_CallEventHandler
</UL>
<BR>[Calls]<UL><LI><a href="#[22b]">&gt;&gt;</a>&nbsp;&nbsp;&nbsp;guiCheckbox_SetChecked
<LI><a href="#[221]">&gt;&gt;</a>&nbsp;&nbsp;&nbsp;guiSpinBox_SetValue
</UL>
<BR>[Called By]<UL><LI><a href="#[107]">&gt;&gt;</a>&nbsp;&nbsp;&nbsp;guiUpdateOverloadSettings
</UL>

<P><STRONG><a name="[238]"></a>setGuiProfileSettings</STRONG> (Thumb, 30 bytes, Stack size 8 bytes, guisetuppanel.o(.text))
<BR><BR>[Stack]<UL><LI>Max Depth = 48<LI>Call Chain = setGuiProfileSettings &rArr; guiCheckbox_SetChecked &rArr; guiCore_CallEventHandler
</UL>
<BR>[Calls]<UL><LI><a href="#[22b]">&gt;&gt;</a>&nbsp;&nbsp;&nbsp;guiCheckbox_SetChecked
</UL>
<BR>[Called By]<UL><LI><a href="#[108]">&gt;&gt;</a>&nbsp;&nbsp;&nbsp;guiUpdateProfileSettings
</UL>

<P><STRONG><a name="[239]"></a>setGuiProfileRecordState</STRONG> (Thumb, 62 bytes, Stack size 16 bytes, guisetuppanel.o(.text))
<BR><BR>[Stack]<UL><LI>Max Depth = 144 + Unknown Stack Size
<LI>Call Chain = setGuiProfileRecordState &rArr; __2snprintf &rArr; _printf_char_common &rArr; __printf
</UL>
<BR>[Calls]<UL><LI><a href="#[1c0]">&gt;&gt;</a>&nbsp;&nbsp;&nbsp;__2snprintf
</UL>
<BR>[Called By]<UL><LI><a href="#[11a]">&gt;&gt;</a>&nbsp;&nbsp;&nbsp;guiUpdateProfileListRecord
<LI><a href="#[10b]">&gt;&gt;</a>&nbsp;&nbsp;&nbsp;guiUpdateProfileList
</UL>

<P><STRONG><a name="[23a]"></a>setGuiExtSwitchSettings</STRONG> (Thumb, 62 bytes, Stack size 16 bytes, guisetuppanel.o(.text))
<BR><BR>[Stack]<UL><LI>Max Depth = 80<LI>Call Chain = setGuiExtSwitchSettings &rArr; guiRadioButton_CheckExclusive &rArr; guiRadioButton_SetChecked &rArr; guiCore_CallEventHandler
</UL>
<BR>[Calls]<UL><LI><a href="#[23b]">&gt;&gt;</a>&nbsp;&nbsp;&nbsp;guiRadioButton_CheckExclusive
<LI><a href="#[22b]">&gt;&gt;</a>&nbsp;&nbsp;&nbsp;guiCheckbox_SetChecked
</UL>
<BR>[Called By]<UL><LI><a href="#[109]">&gt;&gt;</a>&nbsp;&nbsp;&nbsp;guiUpdateExtswitchSettings
</UL>

<P><STRONG><a name="[23c]"></a>setGuiDacSettings</STRONG> (Thumb, 44 bytes, Stack size 16 bytes, guisetuppanel.o(.text))
<BR><BR>[Stack]<UL><LI>Max Depth = 80<LI>Call Chain = setGuiDacSettings &rArr; guiSpinBox_SetValue &rArr; guiSpinBox_SetActiveDigit &rArr; guiCore_CallEventHandler
</UL>
<BR>[Calls]<UL><LI><a href="#[221]">&gt;&gt;</a>&nbsp;&nbsp;&nbsp;guiSpinBox_SetValue
</UL>
<BR>[Called By]<UL><LI><a href="#[10a]">&gt;&gt;</a>&nbsp;&nbsp;&nbsp;guiUpdateDacSettings
</UL>

<P><STRONG><a name="[5d]"></a>spinBox_KeyTranslator</STRONG> (Thumb, 72 bytes, Stack size 8 bytes, guieditpanel1.o(.text))
<BR><BR>[Stack]<UL><LI>Max Depth = 16<LI>Call Chain = spinBox_KeyTranslator &rArr; guiCore_AddMessageToQueue
</UL>
<BR>[Calls]<UL><LI><a href="#[10c]">&gt;&gt;</a>&nbsp;&nbsp;&nbsp;guiCore_AddMessageToQueue
</UL>
<BR>[Address Reference Count : 1]<UL><LI> guieditpanel1.o(.text)
</UL>
<P><STRONG><a name="[5c]"></a>guiEditPanel1_onFocusChanged</STRONG> (Thumb, 186 bytes, Stack size 24 bytes, guieditpanel1.o(.text))
<BR><BR>[Stack]<UL><LI>Max Depth = 88<LI>Call Chain = guiEditPanel1_onFocusChanged &rArr; guiSpinBox_SetValue &rArr; guiSpinBox_SetActiveDigit &rArr; guiCore_CallEventHandler
</UL>
<BR>[Calls]<UL><LI><a href="#[244]">&gt;&gt;</a>&nbsp;&nbsp;&nbsp;Converter_GetCurrentAbsMin
<LI><a href="#[243]">&gt;&gt;</a>&nbsp;&nbsp;&nbsp;Converter_GetCurrentAbsMax
<LI><a href="#[d8]">&gt;&gt;</a>&nbsp;&nbsp;&nbsp;Converter_GetCurrentSetting
<LI><a href="#[247]">&gt;&gt;</a>&nbsp;&nbsp;&nbsp;Converter_GetVoltageAbsMin
<LI><a href="#[246]">&gt;&gt;</a>&nbsp;&nbsp;&nbsp;Converter_GetVoltageAbsMax
<LI><a href="#[d5]">&gt;&gt;</a>&nbsp;&nbsp;&nbsp;Converter_GetVoltageSetting
<LI><a href="#[c7]">&gt;&gt;</a>&nbsp;&nbsp;&nbsp;vPortExitCritical
<LI><a href="#[c6]">&gt;&gt;</a>&nbsp;&nbsp;&nbsp;vPortEnterCritical
<LI><a href="#[10c]">&gt;&gt;</a>&nbsp;&nbsp;&nbsp;guiCore_AddMessageToQueue
<LI><a href="#[245]">&gt;&gt;</a>&nbsp;&nbsp;&nbsp;guiSpinBox_SetActiveDigit
<LI><a href="#[221]">&gt;&gt;</a>&nbsp;&nbsp;&nbsp;guiSpinBox_SetValue
<LI><a href="#[204]">&gt;&gt;</a>&nbsp;&nbsp;&nbsp;guiCore_RequestFocusChange
</UL>
<BR>[Address Reference Count : 1]<UL><LI> guieditpanel1.o(.text)
</UL>
<P><STRONG><a name="[5b]"></a>guiEditPanel1_onKey</STRONG> (Thumb, 110 bytes, Stack size 8 bytes, guieditpanel1.o(.text))
<BR><BR>[Stack]<UL><LI>Max Depth = 128<LI>Call Chain = guiEditPanel1_onKey &rArr; guiTop_ApplyCurrentSetting &rArr; xQueueGenericSend &rArr; xTaskResumeAll &rArr; xTaskIncrementTick
</UL>
<BR>[Calls]<UL><LI><a href="#[11f]">&gt;&gt;</a>&nbsp;&nbsp;&nbsp;guiTop_ApplyCurrentSetting
<LI><a href="#[11e]">&gt;&gt;</a>&nbsp;&nbsp;&nbsp;guiTop_ApplyGuiVoltageSetting
<LI><a href="#[218]">&gt;&gt;</a>&nbsp;&nbsp;&nbsp;hideEditPanel1
</UL>
<BR>[Address Reference Count : 1]<UL><LI> guieditpanel1.o(.text)
</UL>
<P><STRONG><a name="[5a]"></a>guiEditPanel1_onDraw</STRONG> (Thumb, 208 bytes, Stack size 16 bytes, guieditpanel1.o(.text))
<BR><BR>[Stack]<UL><LI>Max Depth = 120<LI>Call Chain = guiEditPanel1_onDraw &rArr; LCD_PrintString &rArr; LCD_DrawImage
</UL>
<BR>[Calls]<UL><LI><a href="#[ff]">&gt;&gt;</a>&nbsp;&nbsp;&nbsp;LCD_SetPixelOutputMode
<LI><a href="#[100]">&gt;&gt;</a>&nbsp;&nbsp;&nbsp;LCD_SetFont
<LI><a href="#[101]">&gt;&gt;</a>&nbsp;&nbsp;&nbsp;LCD_PrintString
<LI><a href="#[20e]">&gt;&gt;</a>&nbsp;&nbsp;&nbsp;LCD_SetLineStyle
<LI><a href="#[210]">&gt;&gt;</a>&nbsp;&nbsp;&nbsp;LCD_DrawVertLine
<LI><a href="#[20f]">&gt;&gt;</a>&nbsp;&nbsp;&nbsp;LCD_DrawHorLine
</UL>
<BR>[Address Reference Count : 1]<UL><LI> guieditpanel1.o(.text)
</UL>
<P><STRONG><a name="[60]"></a>guiMessagePanel1_onTimer</STRONG> (Thumb, 40 bytes, Stack size 8 bytes, guimessagepanel1.o(.text))
<BR><BR>[Stack]<UL><LI>Max Depth = 56<LI>Call Chain = guiMessagePanel1_onTimer &rArr; guiCore_SetVisible &rArr; guiCore_CallEventHandler
</UL>
<BR>[Calls]<UL><LI><a href="#[229]">&gt;&gt;</a>&nbsp;&nbsp;&nbsp;guiCore_SetVisible
<LI><a href="#[204]">&gt;&gt;</a>&nbsp;&nbsp;&nbsp;guiCore_RequestFocusChange
</UL>
<BR>[Called By]<UL><LI><a href="#[5e]">&gt;&gt;</a>&nbsp;&nbsp;&nbsp;guiMessagePanel1_KeyTranslator
</UL>
<BR>[Address Reference Count : 1]<UL><LI> guimessagepanel1.o(.text)
</UL>
<P><STRONG><a name="[5f]"></a>guiMessagePanel1_onDraw</STRONG> (Thumb, 434 bytes, Stack size 32 bytes, guimessagepanel1.o(.text))
<BR><BR>[Stack]<UL><LI>Max Depth = 136<LI>Call Chain = guiMessagePanel1_onDraw &rArr; LCD_PrintString &rArr; LCD_DrawImage
</UL>
<BR>[Calls]<UL><LI><a href="#[ff]">&gt;&gt;</a>&nbsp;&nbsp;&nbsp;LCD_SetPixelOutputMode
<LI><a href="#[100]">&gt;&gt;</a>&nbsp;&nbsp;&nbsp;LCD_SetFont
<LI><a href="#[101]">&gt;&gt;</a>&nbsp;&nbsp;&nbsp;LCD_PrintString
<LI><a href="#[248]">&gt;&gt;</a>&nbsp;&nbsp;&nbsp;LCD_DrawRect
<LI><a href="#[20e]">&gt;&gt;</a>&nbsp;&nbsp;&nbsp;LCD_SetLineStyle
<LI><a href="#[20f]">&gt;&gt;</a>&nbsp;&nbsp;&nbsp;LCD_DrawHorLine
<LI><a href="#[205]">&gt;&gt;</a>&nbsp;&nbsp;&nbsp;LCD_DrawImage
</UL>
<BR>[Address Reference Count : 1]<UL><LI> guimessagepanel1.o(.text)
</UL>
<P><STRONG><a name="[5e]"></a>guiMessagePanel1_KeyTranslator</STRONG> (Thumb, 36 bytes, Stack size 8 bytes, guimessagepanel1.o(.text))
<BR><BR>[Stack]<UL><LI>Max Depth = 64<LI>Call Chain = guiMessagePanel1_KeyTranslator &rArr; guiMessagePanel1_onTimer &rArr; guiCore_SetVisible &rArr; guiCore_CallEventHandler
</UL>
<BR>[Calls]<UL><LI><a href="#[60]">&gt;&gt;</a>&nbsp;&nbsp;&nbsp;guiMessagePanel1_onTimer
</UL>
<BR>[Address Reference Count : 1]<UL><LI> guimessagepanel1.o(.text)
</UL>
<P><STRONG><a name="[64]"></a>textSpinBox_KeyTranslator</STRONG> (Thumb, 74 bytes, Stack size 8 bytes, guieditpanel2.o(.text))
<BR><BR>[Stack]<UL><LI>Max Depth = 56<LI>Call Chain = textSpinBox_KeyTranslator &rArr; guiTextSpinBox_SetActiveChar &rArr; guiCore_CallEventHandler
</UL>
<BR>[Calls]<UL><LI><a href="#[24b]">&gt;&gt;</a>&nbsp;&nbsp;&nbsp;guiTextSpinBox_SetActiveChar
</UL>
<BR>[Address Reference Count : 1]<UL><LI> guieditpanel2.o(.text)
</UL>
<P><STRONG><a name="[63]"></a>guiEditPanel2_onFocusChanged</STRONG> (Thumb, 38 bytes, Stack size 8 bytes, guieditpanel2.o(.text))
<BR><BR>[Stack]<UL><LI>Max Depth = 16<LI>Call Chain = guiEditPanel2_onFocusChanged &rArr; guiCore_AddMessageToQueue
</UL>
<BR>[Calls]<UL><LI><a href="#[10c]">&gt;&gt;</a>&nbsp;&nbsp;&nbsp;guiCore_AddMessageToQueue
<LI><a href="#[204]">&gt;&gt;</a>&nbsp;&nbsp;&nbsp;guiCore_RequestFocusChange
</UL>
<BR>[Address Reference Count : 1]<UL><LI> guieditpanel2.o(.text)
</UL>
<P><STRONG><a name="[62]"></a>guiEditPanel2_onKey</STRONG> (Thumb, 84 bytes, Stack size 8 bytes, guieditpanel2.o(.text))
<BR><BR>[Stack]<UL><LI>Max Depth = 128<LI>Call Chain = guiEditPanel2_onKey &rArr; hideEditPanel2 &rArr; guiTop_SaveProfile &rArr; xQueueGenericSend &rArr; xTaskResumeAll &rArr; xTaskIncrementTick
</UL>
<BR>[Calls]<UL><LI><a href="#[236]">&gt;&gt;</a>&nbsp;&nbsp;&nbsp;hideEditPanel2
</UL>
<BR>[Address Reference Count : 1]<UL><LI> guieditpanel2.o(.text)
</UL>
<P><STRONG><a name="[61]"></a>guiEditPanel2_onDraw</STRONG> (Thumb, 76 bytes, Stack size 16 bytes, guieditpanel2.o(.text))
<BR><BR>[Stack]<UL><LI>Max Depth = 120<LI>Call Chain = guiEditPanel2_onDraw &rArr; LCD_PrintString &rArr; LCD_DrawImage
</UL>
<BR>[Calls]<UL><LI><a href="#[ff]">&gt;&gt;</a>&nbsp;&nbsp;&nbsp;LCD_SetPixelOutputMode
<LI><a href="#[100]">&gt;&gt;</a>&nbsp;&nbsp;&nbsp;LCD_SetFont
<LI><a href="#[101]">&gt;&gt;</a>&nbsp;&nbsp;&nbsp;LCD_PrintString
<LI><a href="#[248]">&gt;&gt;</a>&nbsp;&nbsp;&nbsp;LCD_DrawRect
<LI><a href="#[20e]">&gt;&gt;</a>&nbsp;&nbsp;&nbsp;LCD_SetLineStyle
</UL>
<BR>[Address Reference Count : 1]<UL><LI> guieditpanel2.o(.text)
</UL>
<P><STRONG><a name="[275]"></a>wrapIndex</STRONG> (Thumb, 28 bytes, Stack size 0 bytes, guistringlist.o(.text))
<BR><BR>[Called By]<UL><LI><a href="#[273]">&gt;&gt;</a>&nbsp;&nbsp;&nbsp;guiStringList_SelectNextItem
</UL>

<P><STRONG><a name="[273]"></a>guiStringList_SelectNextItem</STRONG> (Thumb, 228 bytes, Stack size 32 bytes, guistringlist.o(.text))
<BR><BR>[Stack]<UL><LI>Max Depth = 56<LI>Call Chain = guiStringList_SelectNextItem &rArr; guiCore_CallEventHandler
</UL>
<BR>[Calls]<UL><LI><a href="#[274]">&gt;&gt;</a>&nbsp;&nbsp;&nbsp;guiGraph_GetStringListVisibleItemCount
<LI><a href="#[275]">&gt;&gt;</a>&nbsp;&nbsp;&nbsp;wrapIndex
<LI><a href="#[25d]">&gt;&gt;</a>&nbsp;&nbsp;&nbsp;guiCore_CallEventHandler
</UL>
<BR>[Called By]<UL><LI><a href="#[276]">&gt;&gt;</a>&nbsp;&nbsp;&nbsp;guiStringList_ProcessKey
</UL>

<P><STRONG><a name="[2be]"></a>_dadd1</STRONG> (Thumb, 0 bytes, Stack size unknown bytes, daddsub_clz.o(x$fpl$dadd), UNUSED)
<BR><BR>[Called By]<UL><LI><a href="#[2bd]">&gt;&gt;</a>&nbsp;&nbsp;&nbsp;_dsub
</UL>

<P><STRONG><a name="[2b8]"></a>_dsub1</STRONG> (Thumb, 0 bytes, Stack size unknown bytes, daddsub_clz.o(x$fpl$dsub), UNUSED)
<BR><BR>[Called By]<UL><LI><a href="#[2b7]">&gt;&gt;</a>&nbsp;&nbsp;&nbsp;_dadd
</UL>

<P><STRONG><a name="[2a5]"></a>_fp_digits</STRONG> (Thumb, 426 bytes, Stack size 96 bytes, _printf_fp_dec.o(.text))
<BR><BR>[Stack]<UL><LI>Max Depth = 216<LI>Call Chain = _fp_digits &rArr; _btod_etento &rArr; _btod_emul &rArr; _e2e
</UL>
<BR>[Calls]<UL><LI><a href="#[2a6]">&gt;&gt;</a>&nbsp;&nbsp;&nbsp;_btod_etento
<LI><a href="#[2aa]">&gt;&gt;</a>&nbsp;&nbsp;&nbsp;_ll_udiv10
<LI><a href="#[2a9]">&gt;&gt;</a>&nbsp;&nbsp;&nbsp;_btod_emul
<LI><a href="#[2a8]">&gt;&gt;</a>&nbsp;&nbsp;&nbsp;_btod_ediv
<LI><a href="#[2a7]">&gt;&gt;</a>&nbsp;&nbsp;&nbsp;_btod_d2e
</UL>
<BR>[Called By]<UL><LI><a href="#[2ab]">&gt;&gt;</a>&nbsp;&nbsp;&nbsp;_printf_fp_dec_real
</UL>

<P><STRONG><a name="[68]"></a>_printf_input_char</STRONG> (Thumb, 10 bytes, Stack size 0 bytes, _printf_char_common.o(.text))
<BR>[Address Reference Count : 1]<UL><LI> _printf_char_common.o(.text)
</UL><P>
<H3>
Undefined Global Symbols
</H3><HR></body></html>
