<html>
<body>
<pre>
<h1>µVision Build Log</h1>
<h2>Project:</h2>
E:\EXlam\ARM Projects Keil\mdr32f9q-ps200w\MDR_200W.uvproj
Project File Date:  10/27/2013

<h2>Output:</h2>
Build target 'RAM'
compiling system_MDR32F9Qx.c...
..\Library\Libraries\CMSIS\CM3\DeviceSupport\MDR32F9Qx\startup\arm\system_MDR32F9Qx.c(37): error:  #5: cannot open source input file "MDR32F9Qx_config.h": No such file or directory
compiling MDR32F9Qx_rst_clk.c...
..\Library\Libraries\MDR32F9Qx_StdPeriph_Driver\src\MDR32F9Qx_rst_clk.c(25): error:  #5: cannot open source input file "MDR32F9Qx_config.h": No such file or directory
compiling MDR32F9Qx_ssp.c...
..\Library\Libraries\MDR32F9Qx_StdPeriph_Driver\src\MDR32F9Qx_ssp.c(26): error:  #5: cannot open source input file "MDR32F9Qx_config.h": No such file or directory
compiling MDR32F9Qx_port.c...
..\Library\Libraries\MDR32F9Qx_StdPeriph_Driver\inc\MDR32F9Qx_port.h(31): error:  #5: cannot open source input file "MDR32F9Qx_config.h": No such file or directory
compiling MDR32F9Qx_timer.c...
..\Library\Libraries\MDR32F9Qx_StdPeriph_Driver\src\MDR32F9Qx_timer.c(25): error:  #5: cannot open source input file "MDR32F9Qx_config.h": No such file or directory
compiling MDR32F9Qx_i2c.c...
..\Library\Libraries\MDR32F9Qx_StdPeriph_Driver\src\MDR32F9Qx_i2c.c(25): error:  #5: cannot open source input file "MDR32F9Qx_config.h": No such file or directory
compiling MDR32F9Qx_adc.c...
..\Library\Libraries\MDR32F9Qx_StdPeriph_Driver\src\MDR32F9Qx_adc.c(25): error:  #5: cannot open source input file "MDR32F9Qx_config.h": No such file or directory
compiling main.c...
..\Library\Libraries\MDR32F9Qx_StdPeriph_Driver\inc\MDR32F9Qx_port.h(31): error:  #5: cannot open source input file "MDR32F9Qx_config.h": No such file or directory
compiling systemfunc.c...
..\Library\Libraries\MDR32F9Qx_StdPeriph_Driver\inc\MDR32F9Qx_port.h(31): error:  #5: cannot open source input file "MDR32F9Qx_config.h": No such file or directory
compiling systick.c...
compiling lcd_1202.c...
..\Library\Libraries\MDR32F9Qx_StdPeriph_Driver\inc\MDR32F9Qx_port.h(31): error:  #5: cannot open source input file "MDR32F9Qx_config.h": No such file or directory
compiling buttons.c...
src\buttons.c(10): error:  #5: cannot open source input file "defines.h": No such file or directory
compiling led.c...
..\Library\Libraries\MDR32F9Qx_StdPeriph_Driver\inc\MDR32F9Qx_port.h(31): error:  #5: cannot open source input file "MDR32F9Qx_config.h": No such file or directory
compiling encoder.c...
src\encoder.c(12): error:  #5: cannot open source input file "defines.h": No such file or directory
compiling i2c_eeprom.c...
src\i2c_eeprom.c(12): error:  #5: cannot open source input file "defines.h": No such file or directory
compiling dwt_delay.c...
compiling control.c...
..\Library\Libraries\MDR32F9Qx_StdPeriph_Driver\inc\MDR32F9Qx_port.h(31): error:  #5: cannot open source input file "MDR32F9Qx_config.h": No such file or directory
compiling lcd_func.c...
compiling converter.c...
..\Library\Libraries\MDR32F9Qx_StdPeriph_Driver\inc\MDR32F9Qx_port.h(31): error:  #5: cannot open source input file "MDR32F9Qx_config.h": No such file or directory
compiling font_8x12.c...
compiling font_32x19.c...
compiling font_16x10.c...
compiling images.c...
Target not created
Build target 'RAM'
compiling system_MDR32F9Qx.c...
compiling MDR32F9Qx_rst_clk.c...
compiling MDR32F9Qx_ssp.c...
compiling MDR32F9Qx_port.c...
compiling MDR32F9Qx_timer.c...
compiling MDR32F9Qx_i2c.c...
compiling MDR32F9Qx_adc.c...
compiling main.c...
compiling systemfunc.c...
compiling systick.c...
compiling lcd_1202.c...
compiling buttons.c...
compiling led.c...
compiling encoder.c...
compiling i2c_eeprom.c...
compiling dwt_delay.c...
compiling control.c...
compiling lcd_func.c...
compiling converter.c...
compiling font_8x12.c...
compiling font_32x19.c...
compiling font_16x10.c...
compiling images.c...
linking...
Program Size: Code=16664 RO-data=5904 RW-data=72 ZI-data=4480  
".\RAM\MDR_200W.axf" - 0 Error(s), 0 Warning(s).
Build target 'RAM'
compiling main.c...
linking...
Program Size: Code=16668 RO-data=5904 RW-data=72 ZI-data=4480  
".\RAM\MDR_200W.axf" - 0 Error(s), 0 Warning(s).
Build target 'RAM'
compiling main.c...
linking...
Program Size: Code=16668 RO-data=5904 RW-data=72 ZI-data=4480  
".\RAM\MDR_200W.axf" - 0 Error(s), 0 Warning(s).
Build target 'RAM'
compiling main.c...
.\src\converter.h(27): error:  #11-D: unrecognized preprocessing directive
.\src\converter.h(28): error:  #11-D: unrecognized preprocessing directive
compiling systick.c...
src\converter.h(27): error:  #11-D: unrecognized preprocessing directive
src\converter.h(28): error:  #11-D: unrecognized preprocessing directive
compiling converter.c...
src\converter.h(27): error:  #11-D: unrecognized preprocessing directive
src\converter.h(28): error:  #11-D: unrecognized preprocessing directive
src\converter.c(98): error:  #20: identifier "SET_FB_5V" is undefined
src\converter.c(100): error:  #20: identifier "SET_FB_12V" is undefined
src\converter.c(111): error:  #20: identifier "SET_CLIM_40A" is undefined
src\converter.c(113): error:  #20: identifier "SET_CLIM_20A" is undefined
src\converter.c(120): error:  #20: identifier "CMD_TURN_ON" is undefined
src\converter.c(125): error:  #20: identifier "CMD_TURN_OFF" is undefined
src\converter.c(167): error:  #20: identifier "SET_FB_5V" is undefined
src\converter.c(171): error:  #20: identifier "SET_FB_12V" is undefined
src\converter.c(171): error:  #20: identifier "SET_CLIM_20A" is undefined
src\converter.c(171): error:  #20: identifier "SET_CLIM_40A" is undefined
src\converter.c(175): error:  #20: identifier "SET_FB_12V" is undefined
src\converter.c(179): error:  #20: identifier "SET_CLIM_20A" is undefined
src\converter.c(179): error:  #20: identifier "SET_CLIM_40A" is undefined
src\converter.c(183): error:  #20: identifier "SET_CLIM_20A" is undefined
src\converter.c(189): error:  #20: identifier "SET_CLIM_40A" is undefined
Target not created
Build target 'RAM'
compiling main.c...
.\src\converter.h(27): error:  #11-D: unrecognized preprocessing directive
.\src\converter.h(28): error:  #11-D: unrecognized preprocessing directive
compiling systick.c...
src\converter.h(27): error:  #11-D: unrecognized preprocessing directive
src\converter.h(28): error:  #11-D: unrecognized preprocessing directive
compiling converter.c...
src\converter.h(27): error:  #11-D: unrecognized preprocessing directive
src\converter.h(28): error:  #11-D: unrecognized preprocessing directive
src\converter.c(120): error:  #20: identifier "CMD_TURN_ON" is undefined
src\converter.c(125): error:  #20: identifier "CMD_TURN_OFF" is undefined
src\converter.c(167): error:  #20: identifier "SET_FB_5V" is undefined
src\converter.c(171): error:  #20: identifier "SET_FB_12V" is undefined
src\converter.c(171): error:  #20: identifier "SET_CLIM_20A" is undefined
src\converter.c(171): error:  #20: identifier "SET_CLIM_40A" is undefined
src\converter.c(175): error:  #20: identifier "SET_FB_12V" is undefined
src\converter.c(179): error:  #20: identifier "SET_CLIM_20A" is undefined
src\converter.c(179): error:  #20: identifier "SET_CLIM_40A" is undefined
src\converter.c(183): error:  #20: identifier "SET_CLIM_20A" is undefined
src\converter.c(189): error:  #20: identifier "SET_CLIM_40A" is undefined
Target not created
Build target 'RAM'
compiling main.c...
compiling systick.c...
compiling converter.c...
src\converter.c(167): error:  #20: identifier "SET_FB_5V" is undefined
src\converter.c(171): error:  #20: identifier "SET_FB_12V" is undefined
src\converter.c(171): error:  #20: identifier "SET_CLIM_20A" is undefined
src\converter.c(171): error:  #20: identifier "SET_CLIM_40A" is undefined
src\converter.c(175): error:  #20: identifier "SET_FB_12V" is undefined
src\converter.c(179): error:  #20: identifier "SET_CLIM_20A" is undefined
src\converter.c(179): error:  #20: identifier "SET_CLIM_40A" is undefined
src\converter.c(183): error:  #20: identifier "SET_CLIM_20A" is undefined
src\converter.c(189): error:  #20: identifier "SET_CLIM_40A" is undefined
Target not created
Build target 'RAM'
compiling main.c...
compiling systick.c...
compiling converter.c...
src\converter.c(222): error:  #20: identifier "SET_FB_5V" is undefined
src\converter.c(222): error:  #20: identifier "SET_FB_12V" is undefined
Target not created
Build target 'RAM'
compiling converter.c...
linking...
Program Size: Code=16668 RO-data=5904 RW-data=72 ZI-data=4480  
".\RAM\MDR_200W.axf" - 0 Error(s), 0 Warning(s).
Build target 'RAM'
compiling converter.c...
src\converter.c(292): warning:  #550-D: variable "temp" was set but never used
linking...
Program Size: Code=16672 RO-data=5904 RW-data=72 ZI-data=4480  
".\RAM\MDR_200W.axf" - 0 Error(s), 1 Warning(s).
Build target 'RAM'
compiling converter.c...
linking...
Program Size: Code=16660 RO-data=5904 RW-data=72 ZI-data=4480  
".\RAM\MDR_200W.axf" - 0 Error(s), 0 Warning(s).
Build target 'RAM'
compiling converter.c...
linking...
Program Size: Code=16664 RO-data=5904 RW-data=72 ZI-data=4480  
".\RAM\MDR_200W.axf" - 0 Error(s), 0 Warning(s).
Build target 'RAM'
compiling converter.c...
linking...
Program Size: Code=16672 RO-data=5904 RW-data=72 ZI-data=4480  
".\RAM\MDR_200W.axf" - 0 Error(s), 0 Warning(s).
Build target 'RAM'
compiling systemfunc.c...
compiling control.c...
compiling converter.c...
linking...
Program Size: Code=16672 RO-data=5904 RW-data=72 ZI-data=4480  
".\RAM\MDR_200W.axf" - 0 Error(s), 0 Warning(s).
Build target 'RAM'
compiling converter.c...
linking...
Program Size: Code=16680 RO-data=5904 RW-data=72 ZI-data=4480  
".\RAM\MDR_200W.axf" - 0 Error(s), 0 Warning(s).
Build target 'RAM'
compiling main.c...
compiling converter.c...
linking...
Program Size: Code=16680 RO-data=5904 RW-data=72 ZI-data=4480  
".\RAM\MDR_200W.axf" - 0 Error(s), 0 Warning(s).
Build target 'RAM'
compiling main.c...
compiling converter.c...
linking...
Program Size: Code=16680 RO-data=5904 RW-data=72 ZI-data=4480  
".\RAM\MDR_200W.axf" - 0 Error(s), 0 Warning(s).
Build target 'RAM'
compiling main.c...
linking...
Program Size: Code=16680 RO-data=5904 RW-data=72 ZI-data=4480  
".\RAM\MDR_200W.axf" - 0 Error(s), 0 Warning(s).
Build target 'RAM'
compiling main.c...
linking...
Program Size: Code=16680 RO-data=5904 RW-data=72 ZI-data=4480  
".\RAM\MDR_200W.axf" - 0 Error(s), 0 Warning(s).
Build target 'RAM'
compiling main.c...
compiling systick.c...
compiling converter.c...
linking...
Program Size: Code=16676 RO-data=5904 RW-data=80 ZI-data=4480  
".\RAM\MDR_200W.axf" - 0 Error(s), 0 Warning(s).
Build target 'RAM'
compiling converter.c...
linking...
Program Size: Code=16672 RO-data=5904 RW-data=80 ZI-data=4480  
".\RAM\MDR_200W.axf" - 0 Error(s), 0 Warning(s).
Build target 'RAM'
compiling main.c...
main.c(397): error:  #20: identifier "power_adc" is undefined
Target not created
Build target 'RAM'
compiling main.c...
main.c(397): error:  #20: identifier "power_adc" is undefined
Target not created
Build target 'RAM'
compiling main.c...
compiling systick.c...
compiling converter.c...
linking...
Program Size: Code=16736 RO-data=5904 RW-data=80 ZI-data=4480  
".\RAM\MDR_200W.axf" - 0 Error(s), 0 Warning(s).
Build target 'RAM'
compiling main.c...
main.c(205): error:  #20: identifier "cooler_speed" is undefined
compiling systemfunc.c...
src\systemfunc.c(618): error:  #268: declaration may not appear after executable statement in block
src\systemfunc.c(618): error:  #67: expected a "}"
src\systemfunc.c(620): error:  #20: identifier "TSTATE_IDLE" is undefined
src\systemfunc.c(622): warning:  #260-D: explicit type is missing ("int" assumed)
src\systemfunc.c(626): error:  #20: identifier "TSTATE_START_EXTERNAL" is undefined
src\systemfunc.c(630): error:  #20: identifier "TSTATE_GET_EXTERNAL" is undefined
src\systemfunc.c(643): error:  #20: identifier "TSTATE_DONE_EXTERNAL" is undefined
src\systemfunc.c(646): error:  #20: identifier "TSTATE_DONE_EXTERNAL" is undefined
src\systemfunc.c(689): error:  #169: expected a declaration
src\systemfunc.c(693): warning: At end of source:  #12-D: parsing restarts here after previous syntax error
compiling systick.c...
compiling led.c...
compiling control.c...
compiling converter.c...
Target not created
Build target 'RAM'
compiling main.c...
main.c(205): error:  #20: identifier "cooler_speed" is undefined
compiling systemfunc.c...
src\systemfunc.c(618): error:  #268: declaration may not appear after executable statement in block
src\systemfunc.c(618): error:  #67: expected a "}"
src\systemfunc.c(622): warning:  #260-D: explicit type is missing ("int" assumed)
src\systemfunc.c(689): error:  #169: expected a declaration
src\systemfunc.c(693): warning: At end of source:  #12-D: parsing restarts here after previous syntax error
compiling systick.c...
compiling led.c...
compiling converter.c...
Target not created
Build target 'RAM'
compiling main.c...
compiling systemfunc.c...
src\systemfunc.c(618): error:  #268: declaration may not appear after executable statement in block
src\systemfunc.c(618): error:  #67: expected a "}"
src\systemfunc.c(622): warning:  #260-D: explicit type is missing ("int" assumed)
src\systemfunc.c(689): error:  #169: expected a declaration
src\systemfunc.c(693): warning: At end of source:  #12-D: parsing restarts here after previous syntax error
Target not created
Build target 'RAM'
compiling systemfunc.c...
src\systemfunc.c(623): warning:  #260-D: explicit type is missing ("int" assumed)
src\systemfunc.c(690): error:  #169: expected a declaration
src\systemfunc.c(694): warning: At end of source:  #12-D: parsing restarts here after previous syntax error
Target not created
Build target 'RAM'
compiling systemfunc.c...
src\systemfunc.c(690): error:  #169: expected a declaration
src\systemfunc.c(694): warning: At end of source:  #12-D: parsing restarts here after previous syntax error
Target not created
Build target 'RAM'
compiling systemfunc.c...
linking...
Program Size: Code=16656 RO-data=5904 RW-data=88 ZI-data=4480  
".\RAM\MDR_200W.axf" - 0 Error(s), 0 Warning(s).
Build target 'RAM'
compiling main.c...
compiling systemfunc.c...
linking...
Program Size: Code=16656 RO-data=5904 RW-data=88 ZI-data=4480  
".\RAM\MDR_200W.axf" - 0 Error(s), 0 Warning(s).
Build target 'RAM'
compiling systemfunc.c...
linking...
Program Size: Code=16656 RO-data=5904 RW-data=88 ZI-data=4480  
".\RAM\MDR_200W.axf" - 0 Error(s), 0 Warning(s).
Build target 'RAM'
compiling main.c...
compiling systemfunc.c...
linking...
Program Size: Code=16656 RO-data=5904 RW-data=88 ZI-data=4480  
".\RAM\MDR_200W.axf" - 0 Error(s), 0 Warning(s).
Build target 'RAM'
compiling main.c...
compiling systemfunc.c...
compiling systick.c...
compiling lcd_1202.c...
compiling buttons.c...
compiling led.c...
compiling encoder.c...
compiling i2c_eeprom.c...
compiling control.c...
compiling converter.c...
linking...
Program Size: Code=16660 RO-data=5904 RW-data=88 ZI-data=4480  
".\RAM\MDR_200W.axf" - 0 Error(s), 0 Warning(s).
Build target 'RAM'
linking...
Program Size: Code=16660 RO-data=5904 RW-data=88 ZI-data=4480  
".\RAM\MDR_200W.axf" - 0 Error(s), 0 Warning(s).
Build target 'RAM'
compiling main.c...
.\src\converter.h(102): error:  #20: identifier "converter_state_t" is undefined
main.c(266): error:  #20: identifier "CURRENT_LIM_MAX" is undefined
main.c(268): error:  #20: identifier "CURRENT_LIM_MIN" is undefined
main.c(353): error:  #20: identifier "CURRENT_LIM_MAX" is undefined
compiling systemfunc.c...
compiling systick.c...
src\converter.h(102): error:  #20: identifier "converter_state_t" is undefined
compiling control.c...
compiling converter.c...
src\converter.h(102): error:  #20: identifier "converter_state_t" is undefined
src\converter.c(141): error:  #20: identifier "SET_LOW_VOLTAGE_SOFT_LIMIT" is undefined
src\converter.c(146): error:  #20: identifier "SET_HIGH_VOLTAGE_SOFT_LIMIT" is undefined
src\converter.c(151): error:  #20: identifier "SET_LOW_CURRENT_SOFT_LIMIT" is undefined
src\converter.c(156): error:  #20: identifier "SET_HIGH_CURRENT_SOFT_LIMIT" is undefined
src\converter.c(215): error:  #147: declaration is incompatible with "void Converter_SetVoltage(int32_t)" (declared at line 110 of "src\converter.h")
src\converter.c(226): error:  #147: declaration is incompatible with "void Converter_SetCurrent(int32_t)" (declared at line 111 of "src\converter.h")
Target not created
Build target 'RAM'
compiling main.c...
.\src\converter.h(102): error:  #20: identifier "converter_state_t" is undefined
main.c(353): error:  #20: identifier "CURRENT_LIM_MAX" is undefined
compiling systemfunc.c...
compiling systick.c...
src\converter.h(102): error:  #20: identifier "converter_state_t" is undefined
compiling control.c...
compiling converter.c...
src\converter.h(102): error:  #20: identifier "converter_state_t" is undefined
src\converter.c(141): error:  #20: identifier "SET_LOW_VOLTAGE_SOFT_LIMIT" is undefined
src\converter.c(146): error:  #20: identifier "SET_HIGH_VOLTAGE_SOFT_LIMIT" is undefined
src\converter.c(151): error:  #20: identifier "SET_LOW_CURRENT_SOFT_LIMIT" is undefined
src\converter.c(156): error:  #20: identifier "SET_HIGH_CURRENT_SOFT_LIMIT" is undefined
src\converter.c(215): error:  #147: declaration is incompatible with "void Converter_SetVoltage(int32_t)" (declared at line 110 of "src\converter.h")
src\converter.c(226): error:  #147: declaration is incompatible with "void Converter_SetCurrent(int32_t)" (declared at line 111 of "src\converter.h")
Target not created
Build target 'RAM'
compiling main.c...
.\src\converter.h(102): error:  #20: identifier "converter_state_t" is undefined
compiling systick.c...
src\converter.h(102): error:  #20: identifier "converter_state_t" is undefined
compiling converter.c...
src\converter.h(102): error:  #20: identifier "converter_state_t" is undefined
src\converter.c(141): error:  #20: identifier "SET_LOW_VOLTAGE_SOFT_LIMIT" is undefined
src\converter.c(146): error:  #20: identifier "SET_HIGH_VOLTAGE_SOFT_LIMIT" is undefined
src\converter.c(151): error:  #20: identifier "SET_LOW_CURRENT_SOFT_LIMIT" is undefined
src\converter.c(156): error:  #20: identifier "SET_HIGH_CURRENT_SOFT_LIMIT" is undefined
src\converter.c(215): error:  #147: declaration is incompatible with "void Converter_SetVoltage(int32_t)" (declared at line 110 of "src\converter.h")
src\converter.c(226): error:  #147: declaration is incompatible with "void Converter_SetCurrent(int32_t)" (declared at line 111 of "src\converter.h")
Target not created
Build target 'RAM'
compiling main.c...
main.c(336): error:  #20: identifier "converter_state" is undefined
compiling systick.c...
compiling converter.c...
src\converter.c(141): error:  #20: identifier "SET_LOW_VOLTAGE_SOFT_LIMIT" is undefined
src\converter.c(146): error:  #20: identifier "SET_HIGH_VOLTAGE_SOFT_LIMIT" is undefined
src\converter.c(151): error:  #20: identifier "SET_LOW_CURRENT_SOFT_LIMIT" is undefined
src\converter.c(156): error:  #20: identifier "SET_HIGH_CURRENT_SOFT_LIMIT" is undefined
src\converter.c(215): error:  #147: declaration is incompatible with "void Converter_SetVoltage(int32_t)" (declared at line 110 of "src\converter.h")
src\converter.c(226): error:  #147: declaration is incompatible with "void Converter_SetCurrent(int32_t)" (declared at line 111 of "src\converter.h")
Target not created
Build target 'RAM'
compiling main.c...
compiling converter.c...
src\converter.c(141): error:  #20: identifier "SET_LOW_VOLTAGE_SOFT_LIMIT" is undefined
src\converter.c(146): error:  #20: identifier "SET_HIGH_VOLTAGE_SOFT_LIMIT" is undefined
src\converter.c(151): error:  #20: identifier "SET_LOW_CURRENT_SOFT_LIMIT" is undefined
src\converter.c(156): error:  #20: identifier "SET_HIGH_CURRENT_SOFT_LIMIT" is undefined
src\converter.c(215): error:  #147: declaration is incompatible with "void Converter_SetVoltage(int32_t)" (declared at line 110 of "src\converter.h")
src\converter.c(226): error:  #147: declaration is incompatible with "void Converter_SetCurrent(int32_t)" (declared at line 111 of "src\converter.h")
Target not created
Build target 'RAM'
compiling main.c...
compiling systick.c...
compiling converter.c...
src\converter.c(215): error:  #147: declaration is incompatible with "void Converter_SetVoltage(int32_t)" (declared at line 116 of "src\converter.h")
src\converter.c(226): error:  #147: declaration is incompatible with "void Converter_SetCurrent(int32_t)" (declared at line 117 of "src\converter.h")
Target not created
Build target 'RAM'
compiling main.c...
.\src\converter.h(117): error:  #130: expected a "{"
.\src\fonts\image_defs.h(13): warning:  #12-D: parsing restarts here after previous syntax error
.\src\fonts\image_defs.h(17): warning:  #940-D: missing return statement at end of non-void function "Converter_SetVoltage"
.\src\fonts\image_defs.h(14): warning:  #177-D: variable "width" was declared but never referenced
.\src\fonts\image_defs.h(15): warning:  #177-D: variable "height" was declared but never referenced
.\src\fonts\image_defs.h(16): warning:  #177-D: variable "data" was declared but never referenced
.\src\fonts\image_defs.h(17): error:  #77-D: this declaration has no storage class or type specifier
.\src\fonts\images.h(3): error:  #757: variable "tImage" is not a type name
.\src\fonts\images.h(4): error:  #757: variable "tImage" is not a type name
main.c(104): warning:  #223-D: function "Converter_Init" declared implicitly
main.c(230): warning:  #223-D: function "Converter_Disable" declared implicitly
main.c(234): warning:  #223-D: function "Converter_Enable" declared implicitly
main.c(262): warning:  #223-D: function "Converter_SetCurrent" declared implicitly
main.c(266): warning:  #223-D: function "Converter_SetCurrentLimit" declared implicitly
main.c(276): warning:  #223-D: function "Converter_SetFeedbackChannel" declared implicitly
main.c(299): error:  #20: identifier "font_32x19" is undefined
main.c(303): error:  #20: identifier "font_8x12" is undefined
main.c(304): error:  #20: identifier "font_16x10" is undefined
main.c(395): warning:  #223-D: function "Converter_Process" declared implicitly
compiling systick.c...
src\converter.h(117): error:  #130: expected a "{"
src\systick.c(23): warning:  #12-D: parsing restarts here after previous syntax error
src\systick.c(24): error:  #20: identifier "sysTicks" is undefined
src\systick.c(26): error:  #20: identifier "beep_cnt" is undefined
src\systick.c(32): warning:  #223-D: function "Converter_HWProcess" declared implicitly
src\systick.c(34): warning:  #940-D: missing return statement at end of non-void function "Converter_SetVoltage"
src\systick.c(53): error:  #20: identifier "sysTicks" is undefined
src\systick.c(67): error:  #20: identifier "beep_cnt" is undefined
src\systick.c(82): error:  #20: identifier "beep_cnt" is undefined
src\systick.c(87): error:  #20: identifier "beep_cnt" is undefined
compiling converter.c...
src\converter.h(117): error:  #130: expected a "{"
src\converter.c(47): warning:  #12-D: parsing restarts here after previous syntax error
src\converter.c(53): error:  #20: identifier "new_set_voltage" is undefined
src\converter.c(66): error:  #20: identifier "new_set_voltage" is undefined
src\converter.c(77): error:  #20: identifier "err_code" is undefined
src\converter.c(199): error:  #20: identifier "adc_voltage_counts" is undefined
src\converter.c(202): error:  #20: identifier "adc_current_counts" is undefined
src\converter.c(215): error:  #247: function "Converter_SetVoltage" has already been defined
src\converter.c(218): warning:  #223-D: function "CheckSetVoltageRange" declared implicitly
src\converter.c(239): error:  #20: identifier "HW_request" is undefined
src\converter.c(251): error:  #20: identifier "HW_request" is undefined
src\converter.c(260): error:  #20: identifier "HW_request" is undefined
src\converter.c(265): error:  #20: identifier "HW_request" is undefined
src\converter.c(279): error:  #20: identifier "channel_5v_setting" is undefined
src\converter.c(306): error:  #20: identifier "channel_12v_setting" is undefined
src\converter.c(344): error:  #20: identifier "HW_request" is undefined
src\converter.c(347): error:  #20: identifier "channel_5v_setting" is undefined
src\converter.c(353): error:  #20: identifier "channel_12v_setting" is undefined
src\converter.c(389): error:  #20: identifier "state_HWProcess" is undefined
src\converter.c(415): error:  #20: identifier "channel_12v_setting" is undefined
src\converter.c(419): warning:  #223-D: function "CheckSetVoltageRange" declared implicitly
src\converter.c(426): error:  #20: identifier "ctrl_HWProcess" is undefined
src\converter.c(430): error:  #20: identifier "state_HWProcess" is undefined
src\converter.c(480): error:  #20: identifier "state_HWProcess" is undefined
src\converter.c(503): error:  #20: identifier "ctrl_HWProcess" is undefined
src\converter.c(549): error:  #20: identifier "adc_voltage_counts" is undefined
src\converter.c(550): error:  #20: identifier "adc_current_counts" is undefined
Target not created
Build target 'RAM'
compiling main.c...
compiling systick.c...
compiling converter.c...
linking...
Program Size: Code=17056 RO-data=5904 RW-data=72 ZI-data=4560  
".\RAM\MDR_200W.axf" - 0 Error(s), 0 Warning(s).
Build target 'RAM'
compiling converter.c...
linking...
Program Size: Code=17056 RO-data=5904 RW-data=72 ZI-data=4560  
".\RAM\MDR_200W.axf" - 0 Error(s), 0 Warning(s).
Build target 'RAM'
compiling converter.c...
linking...
Program Size: Code=17068 RO-data=5904 RW-data=72 ZI-data=4560  
".\RAM\MDR_200W.axf" - 0 Error(s), 0 Warning(s).
Build target 'RAM'
compiling converter.c...
linking...
Program Size: Code=17068 RO-data=5904 RW-data=72 ZI-data=4560  
".\RAM\MDR_200W.axf" - 0 Error(s), 0 Warning(s).
Build target 'RAM'
compiling converter.c...
linking...
Program Size: Code=17072 RO-data=5904 RW-data=72 ZI-data=4560  
".\RAM\MDR_200W.axf" - 0 Error(s), 0 Warning(s).
Build target 'RAM'
compiling main.c...
main.c(229): error:  #20: identifier "BUTTON_OFF" is undefined
main.c(233): error:  #20: identifier "BUTTON_ON" is undefined
main.c(246): error:  #20: identifier "BUTTON_ENCODER" is undefined
main.c(275): error:  #20: identifier "MODE_SWITCH" is undefined
compiling systick.c...
compiling buttons.c...
src\buttons.c(35): error:  #20: identifier "BUTTON_ENCODER" is undefined
src\buttons.c(40): error:  #20: identifier "BUTTON_ESC" is undefined
src\buttons.c(42): error:  #20: identifier "BUTTON_LEFT" is undefined
src\buttons.c(44): error:  #20: identifier "BUTTON_RIGHT" is undefined
src\buttons.c(46): error:  #20: identifier "BUTTON_OK" is undefined
src\buttons.c(48): error:  #20: identifier "MODE_SWITCH" is undefined
src\buttons.c(57): error:  #20: identifier "BUTTON_ON" is undefined
src\buttons.c(59): error:  #20: identifier "BUTTON_OFF" is undefined
compiling control.c...
compiling converter.c...
Target not created
Build target 'RAM'
compiling main.c...
main.c(275): error:  #20: identifier "MODE_SWITCH" is undefined
compiling buttons.c...
src\buttons.c(35): error:  #20: identifier "BUTTON_ENCODER" is undefined
src\buttons.c(40): error:  #20: identifier "BUTTON_ESC" is undefined
src\buttons.c(42): error:  #20: identifier "BUTTON_LEFT" is undefined
src\buttons.c(44): error:  #20: identifier "BUTTON_RIGHT" is undefined
src\buttons.c(46): error:  #20: identifier "BUTTON_OK" is undefined
src\buttons.c(48): error:  #20: identifier "MODE_SWITCH" is undefined
src\buttons.c(57): error:  #20: identifier "BUTTON_ON" is undefined
src\buttons.c(59): error:  #20: identifier "BUTTON_OFF" is undefined
Target not created
Build target 'RAM'
compiling main.c...
compiling buttons.c...
src\buttons.c(35): error:  #20: identifier "BUTTON_ENCODER" is undefined
src\buttons.c(40): error:  #20: identifier "BUTTON_ESC" is undefined
src\buttons.c(42): error:  #20: identifier "BUTTON_LEFT" is undefined
src\buttons.c(44): error:  #20: identifier "BUTTON_RIGHT" is undefined
src\buttons.c(46): error:  #20: identifier "BUTTON_OK" is undefined
src\buttons.c(48): error:  #20: identifier "MODE_SWITCH" is undefined
src\buttons.c(57): error:  #20: identifier "BUTTON_ON" is undefined
src\buttons.c(59): error:  #20: identifier "BUTTON_OFF" is undefined
Target not created
Build target 'RAM'
compiling buttons.c...
src\buttons.c(48): error:  #20: identifier "MODE_SWITCH" is undefined
Target not created
Build target 'RAM'
compiling buttons.c...
linking...
.\RAM\MDR_200W.axf: Error: L6218E: Undefined symbol buttons (referred from main.o).
Target not created
Build target 'RAM'
linking...
.\RAM\MDR_200W.axf: Error: L6218E: Undefined symbol buttons (referred from main.o).
Target not created
Build target 'RAM'
linking...
.\RAM\MDR_200W.axf: Error: L6218E: Undefined symbol buttons (referred from main.o).
Target not created
Build target 'RAM'
compiling buttons.c...
linking...
Program Size: Code=17132 RO-data=5904 RW-data=80 ZI-data=4560  
".\RAM\MDR_200W.axf" - 0 Error(s), 0 Warning(s).
Build target 'RAM'
linking...
Program Size: Code=17132 RO-data=5904 RW-data=80 ZI-data=4560  
".\RAM\MDR_200W.axf" - 0 Error(s), 0 Warning(s).
