<html>
<body>
<pre>
<h1>µVision Build Log</h1>
<h2>Project:</h2>
E:\EXlam\ARM Projects Keil\mdr32f9q-ps200w\MDR_200W.uvproj
Project File Date:  10/27/2013

<h2>Output:</h2>
Build target 'RAM'
compiling system_MDR32F9Qx.c...
..\Library\Libraries\CMSIS\CM3\DeviceSupport\MDR32F9Qx\startup\arm\system_MDR32F9Qx.c(37): error:  #5: cannot open source input file "MDR32F9Qx_config.h": No such file or directory
compiling MDR32F9Qx_rst_clk.c...
..\Library\Libraries\MDR32F9Qx_StdPeriph_Driver\src\MDR32F9Qx_rst_clk.c(25): error:  #5: cannot open source input file "MDR32F9Qx_config.h": No such file or directory
compiling MDR32F9Qx_ssp.c...
..\Library\Libraries\MDR32F9Qx_StdPeriph_Driver\src\MDR32F9Qx_ssp.c(26): error:  #5: cannot open source input file "MDR32F9Qx_config.h": No such file or directory
compiling MDR32F9Qx_port.c...
..\Library\Libraries\MDR32F9Qx_StdPeriph_Driver\inc\MDR32F9Qx_port.h(31): error:  #5: cannot open source input file "MDR32F9Qx_config.h": No such file or directory
compiling MDR32F9Qx_timer.c...
..\Library\Libraries\MDR32F9Qx_StdPeriph_Driver\src\MDR32F9Qx_timer.c(25): error:  #5: cannot open source input file "MDR32F9Qx_config.h": No such file or directory
compiling MDR32F9Qx_i2c.c...
..\Library\Libraries\MDR32F9Qx_StdPeriph_Driver\src\MDR32F9Qx_i2c.c(25): error:  #5: cannot open source input file "MDR32F9Qx_config.h": No such file or directory
compiling MDR32F9Qx_adc.c...
..\Library\Libraries\MDR32F9Qx_StdPeriph_Driver\src\MDR32F9Qx_adc.c(25): error:  #5: cannot open source input file "MDR32F9Qx_config.h": No such file or directory
compiling main.c...
..\Library\Libraries\MDR32F9Qx_StdPeriph_Driver\inc\MDR32F9Qx_port.h(31): error:  #5: cannot open source input file "MDR32F9Qx_config.h": No such file or directory
compiling systemfunc.c...
..\Library\Libraries\MDR32F9Qx_StdPeriph_Driver\inc\MDR32F9Qx_port.h(31): error:  #5: cannot open source input file "MDR32F9Qx_config.h": No such file or directory
compiling systick.c...
compiling lcd_1202.c...
..\Library\Libraries\MDR32F9Qx_StdPeriph_Driver\inc\MDR32F9Qx_port.h(31): error:  #5: cannot open source input file "MDR32F9Qx_config.h": No such file or directory
compiling buttons.c...
src\buttons.c(10): error:  #5: cannot open source input file "defines.h": No such file or directory
compiling led.c...
..\Library\Libraries\MDR32F9Qx_StdPeriph_Driver\inc\MDR32F9Qx_port.h(31): error:  #5: cannot open source input file "MDR32F9Qx_config.h": No such file or directory
compiling encoder.c...
src\encoder.c(12): error:  #5: cannot open source input file "defines.h": No such file or directory
compiling i2c_eeprom.c...
src\i2c_eeprom.c(12): error:  #5: cannot open source input file "defines.h": No such file or directory
compiling dwt_delay.c...
compiling control.c...
..\Library\Libraries\MDR32F9Qx_StdPeriph_Driver\inc\MDR32F9Qx_port.h(31): error:  #5: cannot open source input file "MDR32F9Qx_config.h": No such file or directory
compiling lcd_func.c...
compiling converter.c...
..\Library\Libraries\MDR32F9Qx_StdPeriph_Driver\inc\MDR32F9Qx_port.h(31): error:  #5: cannot open source input file "MDR32F9Qx_config.h": No such file or directory
compiling font_8x12.c...
compiling font_32x19.c...
compiling font_16x10.c...
compiling images.c...
Target not created
Build target 'RAM'
compiling system_MDR32F9Qx.c...
compiling MDR32F9Qx_rst_clk.c...
compiling MDR32F9Qx_ssp.c...
compiling MDR32F9Qx_port.c...
compiling MDR32F9Qx_timer.c...
compiling MDR32F9Qx_i2c.c...
compiling MDR32F9Qx_adc.c...
compiling main.c...
compiling systemfunc.c...
compiling systick.c...
compiling lcd_1202.c...
compiling buttons.c...
compiling led.c...
compiling encoder.c...
compiling i2c_eeprom.c...
compiling dwt_delay.c...
compiling control.c...
compiling lcd_func.c...
compiling converter.c...
compiling font_8x12.c...
compiling font_32x19.c...
compiling font_16x10.c...
compiling images.c...
linking...
Program Size: Code=16664 RO-data=5904 RW-data=72 ZI-data=4480  
".\RAM\MDR_200W.axf" - 0 Error(s), 0 Warning(s).
Build target 'RAM'
compiling main.c...
linking...
Program Size: Code=16668 RO-data=5904 RW-data=72 ZI-data=4480  
".\RAM\MDR_200W.axf" - 0 Error(s), 0 Warning(s).
Build target 'RAM'
compiling main.c...
linking...
Program Size: Code=16668 RO-data=5904 RW-data=72 ZI-data=4480  
".\RAM\MDR_200W.axf" - 0 Error(s), 0 Warning(s).
Build target 'RAM'
compiling main.c...
.\src\converter.h(27): error:  #11-D: unrecognized preprocessing directive
.\src\converter.h(28): error:  #11-D: unrecognized preprocessing directive
compiling systick.c...
src\converter.h(27): error:  #11-D: unrecognized preprocessing directive
src\converter.h(28): error:  #11-D: unrecognized preprocessing directive
compiling converter.c...
src\converter.h(27): error:  #11-D: unrecognized preprocessing directive
src\converter.h(28): error:  #11-D: unrecognized preprocessing directive
src\converter.c(98): error:  #20: identifier "SET_FB_5V" is undefined
src\converter.c(100): error:  #20: identifier "SET_FB_12V" is undefined
src\converter.c(111): error:  #20: identifier "SET_CLIM_40A" is undefined
src\converter.c(113): error:  #20: identifier "SET_CLIM_20A" is undefined
src\converter.c(120): error:  #20: identifier "CMD_TURN_ON" is undefined
src\converter.c(125): error:  #20: identifier "CMD_TURN_OFF" is undefined
src\converter.c(167): error:  #20: identifier "SET_FB_5V" is undefined
src\converter.c(171): error:  #20: identifier "SET_FB_12V" is undefined
src\converter.c(171): error:  #20: identifier "SET_CLIM_20A" is undefined
src\converter.c(171): error:  #20: identifier "SET_CLIM_40A" is undefined
src\converter.c(175): error:  #20: identifier "SET_FB_12V" is undefined
src\converter.c(179): error:  #20: identifier "SET_CLIM_20A" is undefined
src\converter.c(179): error:  #20: identifier "SET_CLIM_40A" is undefined
src\converter.c(183): error:  #20: identifier "SET_CLIM_20A" is undefined
src\converter.c(189): error:  #20: identifier "SET_CLIM_40A" is undefined
Target not created
Build target 'RAM'
compiling main.c...
.\src\converter.h(27): error:  #11-D: unrecognized preprocessing directive
.\src\converter.h(28): error:  #11-D: unrecognized preprocessing directive
compiling systick.c...
src\converter.h(27): error:  #11-D: unrecognized preprocessing directive
src\converter.h(28): error:  #11-D: unrecognized preprocessing directive
compiling converter.c...
src\converter.h(27): error:  #11-D: unrecognized preprocessing directive
src\converter.h(28): error:  #11-D: unrecognized preprocessing directive
src\converter.c(120): error:  #20: identifier "CMD_TURN_ON" is undefined
src\converter.c(125): error:  #20: identifier "CMD_TURN_OFF" is undefined
src\converter.c(167): error:  #20: identifier "SET_FB_5V" is undefined
src\converter.c(171): error:  #20: identifier "SET_FB_12V" is undefined
src\converter.c(171): error:  #20: identifier "SET_CLIM_20A" is undefined
src\converter.c(171): error:  #20: identifier "SET_CLIM_40A" is undefined
src\converter.c(175): error:  #20: identifier "SET_FB_12V" is undefined
src\converter.c(179): error:  #20: identifier "SET_CLIM_20A" is undefined
src\converter.c(179): error:  #20: identifier "SET_CLIM_40A" is undefined
src\converter.c(183): error:  #20: identifier "SET_CLIM_20A" is undefined
src\converter.c(189): error:  #20: identifier "SET_CLIM_40A" is undefined
Target not created
Build target 'RAM'
compiling main.c...
compiling systick.c...
compiling converter.c...
src\converter.c(167): error:  #20: identifier "SET_FB_5V" is undefined
src\converter.c(171): error:  #20: identifier "SET_FB_12V" is undefined
src\converter.c(171): error:  #20: identifier "SET_CLIM_20A" is undefined
src\converter.c(171): error:  #20: identifier "SET_CLIM_40A" is undefined
src\converter.c(175): error:  #20: identifier "SET_FB_12V" is undefined
src\converter.c(179): error:  #20: identifier "SET_CLIM_20A" is undefined
src\converter.c(179): error:  #20: identifier "SET_CLIM_40A" is undefined
src\converter.c(183): error:  #20: identifier "SET_CLIM_20A" is undefined
src\converter.c(189): error:  #20: identifier "SET_CLIM_40A" is undefined
Target not created
Build target 'RAM'
compiling main.c...
compiling systick.c...
compiling converter.c...
src\converter.c(222): error:  #20: identifier "SET_FB_5V" is undefined
src\converter.c(222): error:  #20: identifier "SET_FB_12V" is undefined
Target not created
Build target 'RAM'
compiling converter.c...
linking...
Program Size: Code=16668 RO-data=5904 RW-data=72 ZI-data=4480  
".\RAM\MDR_200W.axf" - 0 Error(s), 0 Warning(s).
Build target 'RAM'
compiling converter.c...
src\converter.c(292): warning:  #550-D: variable "temp" was set but never used
linking...
Program Size: Code=16672 RO-data=5904 RW-data=72 ZI-data=4480  
".\RAM\MDR_200W.axf" - 0 Error(s), 1 Warning(s).
Build target 'RAM'
compiling converter.c...
linking...
Program Size: Code=16660 RO-data=5904 RW-data=72 ZI-data=4480  
".\RAM\MDR_200W.axf" - 0 Error(s), 0 Warning(s).
Build target 'RAM'
compiling converter.c...
linking...
Program Size: Code=16664 RO-data=5904 RW-data=72 ZI-data=4480  
".\RAM\MDR_200W.axf" - 0 Error(s), 0 Warning(s).
Build target 'RAM'
compiling converter.c...
linking...
Program Size: Code=16672 RO-data=5904 RW-data=72 ZI-data=4480  
".\RAM\MDR_200W.axf" - 0 Error(s), 0 Warning(s).
Build target 'RAM'
compiling systemfunc.c...
compiling control.c...
compiling converter.c...
linking...
Program Size: Code=16672 RO-data=5904 RW-data=72 ZI-data=4480  
".\RAM\MDR_200W.axf" - 0 Error(s), 0 Warning(s).
Build target 'RAM'
compiling converter.c...
linking...
Program Size: Code=16680 RO-data=5904 RW-data=72 ZI-data=4480  
".\RAM\MDR_200W.axf" - 0 Error(s), 0 Warning(s).
Build target 'RAM'
compiling main.c...
compiling converter.c...
linking...
Program Size: Code=16680 RO-data=5904 RW-data=72 ZI-data=4480  
".\RAM\MDR_200W.axf" - 0 Error(s), 0 Warning(s).
Build target 'RAM'
compiling main.c...
compiling converter.c...
linking...
Program Size: Code=16680 RO-data=5904 RW-data=72 ZI-data=4480  
".\RAM\MDR_200W.axf" - 0 Error(s), 0 Warning(s).
Build target 'RAM'
compiling main.c...
linking...
Program Size: Code=16680 RO-data=5904 RW-data=72 ZI-data=4480  
".\RAM\MDR_200W.axf" - 0 Error(s), 0 Warning(s).
Build target 'RAM'
compiling main.c...
linking...
Program Size: Code=16680 RO-data=5904 RW-data=72 ZI-data=4480  
".\RAM\MDR_200W.axf" - 0 Error(s), 0 Warning(s).
Build target 'RAM'
compiling main.c...
compiling systick.c...
compiling converter.c...
linking...
Program Size: Code=16676 RO-data=5904 RW-data=80 ZI-data=4480  
".\RAM\MDR_200W.axf" - 0 Error(s), 0 Warning(s).
Build target 'RAM'
compiling converter.c...
linking...
Program Size: Code=16672 RO-data=5904 RW-data=80 ZI-data=4480  
".\RAM\MDR_200W.axf" - 0 Error(s), 0 Warning(s).
Build target 'RAM'
compiling main.c...
main.c(397): error:  #20: identifier "power_adc" is undefined
Target not created
Build target 'RAM'
compiling main.c...
main.c(397): error:  #20: identifier "power_adc" is undefined
Target not created
Build target 'RAM'
compiling main.c...
compiling systick.c...
compiling converter.c...
linking...
Program Size: Code=16736 RO-data=5904 RW-data=80 ZI-data=4480  
".\RAM\MDR_200W.axf" - 0 Error(s), 0 Warning(s).
Build target 'RAM'
compiling main.c...
main.c(205): error:  #20: identifier "cooler_speed" is undefined
compiling systemfunc.c...
src\systemfunc.c(618): error:  #268: declaration may not appear after executable statement in block
src\systemfunc.c(618): error:  #67: expected a "}"
src\systemfunc.c(620): error:  #20: identifier "TSTATE_IDLE" is undefined
src\systemfunc.c(622): warning:  #260-D: explicit type is missing ("int" assumed)
src\systemfunc.c(626): error:  #20: identifier "TSTATE_START_EXTERNAL" is undefined
src\systemfunc.c(630): error:  #20: identifier "TSTATE_GET_EXTERNAL" is undefined
src\systemfunc.c(643): error:  #20: identifier "TSTATE_DONE_EXTERNAL" is undefined
src\systemfunc.c(646): error:  #20: identifier "TSTATE_DONE_EXTERNAL" is undefined
src\systemfunc.c(689): error:  #169: expected a declaration
src\systemfunc.c(693): warning: At end of source:  #12-D: parsing restarts here after previous syntax error
compiling systick.c...
compiling led.c...
compiling control.c...
compiling converter.c...
Target not created
Build target 'RAM'
compiling main.c...
main.c(205): error:  #20: identifier "cooler_speed" is undefined
compiling systemfunc.c...
src\systemfunc.c(618): error:  #268: declaration may not appear after executable statement in block
src\systemfunc.c(618): error:  #67: expected a "}"
src\systemfunc.c(622): warning:  #260-D: explicit type is missing ("int" assumed)
src\systemfunc.c(689): error:  #169: expected a declaration
src\systemfunc.c(693): warning: At end of source:  #12-D: parsing restarts here after previous syntax error
compiling systick.c...
compiling led.c...
compiling converter.c...
Target not created
Build target 'RAM'
compiling main.c...
compiling systemfunc.c...
src\systemfunc.c(618): error:  #268: declaration may not appear after executable statement in block
src\systemfunc.c(618): error:  #67: expected a "}"
src\systemfunc.c(622): warning:  #260-D: explicit type is missing ("int" assumed)
src\systemfunc.c(689): error:  #169: expected a declaration
src\systemfunc.c(693): warning: At end of source:  #12-D: parsing restarts here after previous syntax error
Target not created
Build target 'RAM'
compiling systemfunc.c...
src\systemfunc.c(623): warning:  #260-D: explicit type is missing ("int" assumed)
src\systemfunc.c(690): error:  #169: expected a declaration
src\systemfunc.c(694): warning: At end of source:  #12-D: parsing restarts here after previous syntax error
Target not created
Build target 'RAM'
compiling systemfunc.c...
src\systemfunc.c(690): error:  #169: expected a declaration
src\systemfunc.c(694): warning: At end of source:  #12-D: parsing restarts here after previous syntax error
Target not created
Build target 'RAM'
compiling systemfunc.c...
linking...
Program Size: Code=16656 RO-data=5904 RW-data=88 ZI-data=4480  
".\RAM\MDR_200W.axf" - 0 Error(s), 0 Warning(s).
Build target 'RAM'
compiling main.c...
compiling systemfunc.c...
linking...
Program Size: Code=16656 RO-data=5904 RW-data=88 ZI-data=4480  
".\RAM\MDR_200W.axf" - 0 Error(s), 0 Warning(s).
Build target 'RAM'
compiling systemfunc.c...
linking...
Program Size: Code=16656 RO-data=5904 RW-data=88 ZI-data=4480  
".\RAM\MDR_200W.axf" - 0 Error(s), 0 Warning(s).
Build target 'RAM'
compiling main.c...
compiling systemfunc.c...
linking...
Program Size: Code=16656 RO-data=5904 RW-data=88 ZI-data=4480  
".\RAM\MDR_200W.axf" - 0 Error(s), 0 Warning(s).
Build target 'RAM'
compiling main.c...
compiling systemfunc.c...
compiling systick.c...
compiling lcd_1202.c...
compiling buttons.c...
compiling led.c...
compiling encoder.c...
compiling i2c_eeprom.c...
compiling control.c...
compiling converter.c...
linking...
Program Size: Code=16660 RO-data=5904 RW-data=88 ZI-data=4480  
".\RAM\MDR_200W.axf" - 0 Error(s), 0 Warning(s).
