<html>
<body>
<pre>
<h1>µVision Build Log</h1>
<h2>Project:</h2>
E:\EXlam\ARM Projects Keil\mdr32f9q-ps200w\MDR_200W.uvproj
Project File Date:  12/25/2013

<h2>Output:</h2>
Build target 'FLASH'
assembling startup_MDR32F9x.s...
compiling system_MDR32F9Qx.c...
compiling MDR32F9Qx_rst_clk.c...
compiling MDR32F9Qx_ssp.c...
compiling MDR32F9Qx_port.c...
compiling MDR32F9Qx_timer.c...
compiling MDR32F9Qx_i2c.c...
compiling MDR32F9Qx_adc.c...
compiling MDR32F9Qx_uart.c...
compiling MDR32F9Qx_dma.c...
compiling main.c...
compiling systemfunc.c...
src\systemfunc.c(402): warning:  #550-D: variable "initStatus" was set but never used
compiling systick.c...
src\systick.c(145): warning:  #177-D: variable "hw_uart2_rx_counter" was declared but never referenced
src\systick.c(146): warning:  #177-D: variable "hw_uart2_tx_counter" was declared but never referenced
compiling lcd_1202.c...
compiling buttons.c...
compiling led.c...
compiling encoder.c...
compiling i2c_eeprom.c...
compiling dwt_delay.c...
compiling control.c...
compiling converter.c...
compiling service.c...
compiling dispatcher.c...
src\dispatcher.c(41): warning: C3017W: encoder_delta may be used before being set
compiling adc.c...
compiling uart.c...
src\uart.c(215): warning:  #177-D: variable "i" was declared but never referenced
src\uart.c(216): warning:  #177-D: variable "temp32u" was declared but never referenced
src\uart.c(440): warning:  #177-D: function "UART_sendStr" was declared but never referenced
compiling sound_driver.c...
src\sound_driver.c(84): warning: C3017W: current_tone_duration may be used before being set
src\sound_driver.c(82): warning: C3017W: tone_repeats may be used before being set
src\sound_driver.c(81): warning: C3017W: current_tone_record may be used before being set
src\sound_driver.c(80): warning: C3017W: ptone may be used before being set
src\sound_driver.c(79): warning: C3017W: psample may be used before being set
src\sound_driver.c(76): warning: C3017W: state may be used before being set
compiling sound_samples.c...
compiling port.c...
compiling croutine.c...
compiling list.c...
compiling queue.c...
compiling tasks.c...
compiling timers.c...
compiling heap_4.c...
compiling guiMainForm.c...
compiling guiMasterPanel.c...
src\gui\guiMasterPanel.c(390): warning:  #177-D: variable "label" was declared but never referenced
compiling guiSetupPanel.c...
compiling guiTop.c...
compiling guiCore.c...
compiling guiPanel.c...
compiling guiSpinBox.c...
compiling guiTextLabel.c...
compiling font_6x8_mono.c...
compiling font_h10.c...
compiling font_h10_bold.c...
compiling font_h11.c...
compiling font_h16.c...
compiling font_h32.c...
compiling guiGraphHAL.c...
compiling guiGraphPrimitives.c...
src\gui\guiGraphics\guiGraphPrimitives.c(135): warning:  #1293-D: assignment in condition
src\gui\guiGraphics\guiGraphPrimitives.c(159): warning:  #1293-D: assignment in condition
src\gui\guiGraphics\guiGraphPrimitives.c(218): warning:  #1293-D: assignment in condition
compiling guiGraphWidgets.c...
compiling widget_images.c...
compiling utils.c...
linking...
Program Size: Code=36600 RO-data=9308 RW-data=276 ZI-data=24444  
FromELF: creating hex file...
".\FLASH\MDR_200W.axf" - 0 Error(s), 17 Warning(s).
Load "E:\\EXlam\\ARM Projects Keil\\mdr32f9q-ps200w\\FLASH\\MDR_200W.AXF" 
Set JLink Project File to "E:\EXlam\ARM Projects Keil\mdr32f9q-ps200w\JLinkSettings.ini"
 
JLink info:
------------
DLL: V4.40c, compiled Jan 24 2012 09:30:33
Firmware: J-Link ARM V7 compiled Jun 20 2012 19:45:53
Hardware: V7.00
S/N : 11111117 
Feature(s) : RDI, FlashBP, FlashDL, JFlash, GDBFull 
 
* JLink Info: Found SWD-DP with ID 0x2BA01477
* JLink Info: TPIU fitted.
* JLink Info:   FPUnit: 6 code (BP) slots and 2 literal slots
* JLink Info: Found Cortex-M3 r2p0, Little endian.
ROMTableAddr = 0xE00FF003
* JLink Info: Found SWD-DP with ID 0x2BA01477
* JLink Info: TPIU fitted.
* JLink Info:   FPUnit: 6 code (BP) slots and 2 literal slots
* JLink Info: Found Cortex-M3 r2p0, Little endian.
 
Target info:
------------
Device: MDR32F9Q2I
VTarget = 2.517V
State of Pins: 
TCK: 0, TDI: 1, TDO: 0, TMS: 0, TRES: 1, TRST: 1
Hardware-Breakpoints: 6
Software-Breakpoints: 8192
Watchpoints:          4
JTAG speed: 2000 kHz
 
Erase Done.
Programming Done.
Verify OK.
Build target 'FLASH'
compiling uart.c...
src\uart.c(215): warning:  #177-D: variable "i" was declared but never referenced
src\uart.c(216): warning:  #177-D: variable "temp32u" was declared but never referenced
src\uart.c(440): warning:  #177-D: function "UART_sendStr" was declared but never referenced
linking...
Program Size: Code=36600 RO-data=9308 RW-data=276 ZI-data=24444  
FromELF: creating hex file...
".\FLASH\MDR_200W.axf" - 0 Error(s), 3 Warning(s).
Load "E:\\EXlam\\ARM Projects Keil\\mdr32f9q-ps200w\\FLASH\\MDR_200W.AXF" 
Set JLink Project File to "E:\EXlam\ARM Projects Keil\mdr32f9q-ps200w\JLinkSettings.ini"
 
JLink info:
------------
DLL: V4.40c, compiled Jan 24 2012 09:30:33
Firmware: J-Link ARM V7 compiled Jun 20 2012 19:45:53
Hardware: V7.00
S/N : 11111117 
Feature(s) : RDI, FlashBP, FlashDL, JFlash, GDBFull 
 
* JLink Info: Found SWD-DP with ID 0x2BA01477
* JLink Info: TPIU fitted.
* JLink Info:   FPUnit: 6 code (BP) slots and 2 literal slots
* JLink Info: Found Cortex-M3 r2p0, Little endian.
ROMTableAddr = 0xE00FF003
* JLink Info: Found SWD-DP with ID 0x2BA01477
* JLink Info: TPIU fitted.
* JLink Info:   FPUnit: 6 code (BP) slots and 2 literal slots
* JLink Info: Found Cortex-M3 r2p0, Little endian.
 
Target info:
------------
Device: MDR32F9Q2I
VTarget = 2.523V
State of Pins: 
TCK: 0, TDI: 1, TDO: 0, TMS: 0, TRES: 1, TRST: 1
Hardware-Breakpoints: 6
Software-Breakpoints: 8192
Watchpoints:          4
JTAG speed: 2000 kHz
 
Erase Done.
Programming Done.
Verify OK.
Build target 'FLASH'
compiling uart.c...
src\uart.c(215): warning:  #177-D: variable "i" was declared but never referenced
src\uart.c(216): warning:  #177-D: variable "temp32u" was declared but never referenced
src\uart.c(440): warning:  #177-D: function "UART_sendStr" was declared but never referenced
linking...
Program Size: Code=36600 RO-data=9308 RW-data=276 ZI-data=24444  
FromELF: creating hex file...
".\FLASH\MDR_200W.axf" - 0 Error(s), 3 Warning(s).
Load "E:\\EXlam\\ARM Projects Keil\\mdr32f9q-ps200w\\FLASH\\MDR_200W.AXF" 
Set JLink Project File to "E:\EXlam\ARM Projects Keil\mdr32f9q-ps200w\JLinkSettings.ini"
 
JLink info:
------------
DLL: V4.40c, compiled Jan 24 2012 09:30:33
Firmware: J-Link ARM V7 compiled Jun 20 2012 19:45:53
Hardware: V7.00
S/N : 11111117 
Feature(s) : RDI, FlashBP, FlashDL, JFlash, GDBFull 
 
* JLink Info: Found SWD-DP with ID 0x2BA01477
* JLink Info: TPIU fitted.
* JLink Info:   FPUnit: 6 code (BP) slots and 2 literal slots
* JLink Info: Found Cortex-M3 r2p0, Little endian.
ROMTableAddr = 0xE00FF003
* JLink Info: Found SWD-DP with ID 0x2BA01477
* JLink Info: TPIU fitted.
* JLink Info:   FPUnit: 6 code (BP) slots and 2 literal slots
* JLink Info: Found Cortex-M3 r2p0, Little endian.
 
Target info:
------------
Device: MDR32F9Q2I
VTarget = 2.517V
State of Pins: 
TCK: 0, TDI: 1, TDO: 0, TMS: 0, TRES: 1, TRST: 1
Hardware-Breakpoints: 6
Software-Breakpoints: 8192
Watchpoints:          4
JTAG speed: 2000 kHz
 
Erase Done.
Programming Done.
Verify OK.
Build target 'FLASH'
compiling dispatcher.c...
linking...
Program Size: Code=36608 RO-data=9308 RW-data=276 ZI-data=24444  
FromELF: creating hex file...
".\FLASH\MDR_200W.axf" - 0 Error(s), 0 Warning(s).
Load "E:\\EXlam\\ARM Projects Keil\\mdr32f9q-ps200w\\FLASH\\MDR_200W.AXF" 
Set JLink Project File to "E:\EXlam\ARM Projects Keil\mdr32f9q-ps200w\JLinkSettings.ini"
 
JLink info:
------------
DLL: V4.40c, compiled Jan 24 2012 09:30:33
Firmware: J-Link ARM V7 compiled Jun 20 2012 19:45:53
Hardware: V7.00
S/N : 11111117 
Feature(s) : RDI, FlashBP, FlashDL, JFlash, GDBFull 
 
* JLink Info: Found SWD-DP with ID 0x2BA01477
* JLink Info: TPIU fitted.
* JLink Info:   FPUnit: 6 code (BP) slots and 2 literal slots
* JLink Info: Found Cortex-M3 r2p0, Little endian.
ROMTableAddr = 0xE00FF003
* JLink Info: Found SWD-DP with ID 0x2BA01477
* JLink Info: TPIU fitted.
* JLink Info:   FPUnit: 6 code (BP) slots and 2 literal slots
* JLink Info: Found Cortex-M3 r2p0, Little endian.
 
Target info:
------------
Device: MDR32F9Q2I
VTarget = 2.543V
State of Pins: 
TCK: 0, TDI: 1, TDO: 0, TMS: 0, TRES: 1, TRST: 1
Hardware-Breakpoints: 6
Software-Breakpoints: 8192
Watchpoints:          4
JTAG speed: 2000 kHz
 
Erase Done.
Programming Done.
Verify OK.
