<!doctype html public "-//w3c//dtd html 4.0 transitional//en">
<html><head>
<title>Static Call Graph - [.\FLASH\MDR_200W.axf]</title></head>
<body><HR>
<H1>Static Call Graph for image .\FLASH\MDR_200W.axf</H1><HR>
<BR><P>#&#060CALLGRAPH&#062# ARM Linker, 4.1 [Build 894]: Last Updated: Wed Oct 30 22:52:32 2013
<BR><P>
<H3>Maximum Stack Usage =        216 bytes + Unknown(Functions without stacksize, Cycles, Untraceable Function Pointers)</H3><H3>
Call chain for Maximum Stack Depth:</H3>
__rt_entry_main &rArr; main &rArr; vTaskStartScheduler &rArr; xTaskGenericCreate &rArr; prvAllocateTCBAndStack &rArr; pvPortMalloc &rArr; xTaskResumeAll &rArr; xTaskIncrementTick
<P>
<H3>
Functions with no stack information
</H3><UL>
 <LI><a href="#[27]">__user_initial_stackheap</a>
</UL>
</UL>
<P>
<H3>
Mutually Recursive functions
</H3> <LI><a href="#[3]">NMI_Handler</a>&nbsp;&nbsp;&nbsp;&rArr;&nbsp;&nbsp;&nbsp;<a href="#[3]">NMI_Handler</a><BR>
 <LI><a href="#[4]">HardFault_Handler</a>&nbsp;&nbsp;&nbsp;&rArr;&nbsp;&nbsp;&nbsp;<a href="#[4]">HardFault_Handler</a><BR>
 <LI><a href="#[5]">MemManage_Handler</a>&nbsp;&nbsp;&nbsp;&rArr;&nbsp;&nbsp;&nbsp;<a href="#[5]">MemManage_Handler</a><BR>
 <LI><a href="#[6]">BusFault_Handler</a>&nbsp;&nbsp;&nbsp;&rArr;&nbsp;&nbsp;&nbsp;<a href="#[6]">BusFault_Handler</a><BR>
 <LI><a href="#[7]">UsageFault_Handler</a>&nbsp;&nbsp;&nbsp;&rArr;&nbsp;&nbsp;&nbsp;<a href="#[7]">UsageFault_Handler</a><BR>
 <LI><a href="#[9]">DebugMon_Handler</a>&nbsp;&nbsp;&nbsp;&rArr;&nbsp;&nbsp;&nbsp;<a href="#[9]">DebugMon_Handler</a><BR>
 <LI><a href="#[19]">ADC_IRQHandler</a>&nbsp;&nbsp;&nbsp;&rArr;&nbsp;&nbsp;&nbsp;<a href="#[19]">ADC_IRQHandler</a><BR>
</UL>
<P>
<H3>
Function Pointers
</H3><UL>
 <LI><a href="#[19]">ADC_IRQHandler</a> from startup_mdr32f9x.o(.text) referenced from startup_mdr32f9x.o(RESET)
 <LI><a href="#[1c]">BACKUP_IRQHandler</a> from startup_mdr32f9x.o(.text) referenced from startup_mdr32f9x.o(RESET)
 <LI><a href="#[6]">BusFault_Handler</a> from startup_mdr32f9x.o(.text) referenced from startup_mdr32f9x.o(RESET)
 <LI><a href="#[c]">CAN1_IRQHandler</a> from startup_mdr32f9x.o(.text) referenced from startup_mdr32f9x.o(RESET)
 <LI><a href="#[d]">CAN2_IRQHandler</a> from startup_mdr32f9x.o(.text) referenced from startup_mdr32f9x.o(RESET)
 <LI><a href="#[1a]">COMPARATOR_IRQHandler</a> from startup_mdr32f9x.o(.text) referenced from startup_mdr32f9x.o(RESET)
 <LI><a href="#[f]">DMA_IRQHandler</a> from startup_mdr32f9x.o(.text) referenced from startup_mdr32f9x.o(RESET)
 <LI><a href="#[9]">DebugMon_Handler</a> from startup_mdr32f9x.o(.text) referenced from startup_mdr32f9x.o(RESET)
 <LI><a href="#[1d]">EXT_INT1_IRQHandler</a> from startup_mdr32f9x.o(.text) referenced from startup_mdr32f9x.o(RESET)
 <LI><a href="#[1e]">EXT_INT2_IRQHandler</a> from startup_mdr32f9x.o(.text) referenced from startup_mdr32f9x.o(RESET)
 <LI><a href="#[1f]">EXT_INT3_IRQHandler</a> from startup_mdr32f9x.o(.text) referenced from startup_mdr32f9x.o(RESET)
 <LI><a href="#[20]">EXT_INT4_IRQHandler</a> from startup_mdr32f9x.o(.text) referenced from startup_mdr32f9x.o(RESET)
 <LI><a href="#[4]">HardFault_Handler</a> from startup_mdr32f9x.o(.text) referenced from startup_mdr32f9x.o(RESET)
 <LI><a href="#[13]">I2C_IRQHandler</a> from startup_mdr32f9x.o(.text) referenced from startup_mdr32f9x.o(RESET)
 <LI><a href="#[5]">MemManage_Handler</a> from startup_mdr32f9x.o(.text) referenced from startup_mdr32f9x.o(RESET)
 <LI><a href="#[3]">NMI_Handler</a> from startup_mdr32f9x.o(.text) referenced from startup_mdr32f9x.o(RESET)
 <LI><a href="#[14]">POWER_IRQHandler</a> from startup_mdr32f9x.o(.text) referenced from startup_mdr32f9x.o(RESET)
 <LI><a href="#[a]">PendSV_Handler</a> from port.o(.emb_text) referenced from startup_mdr32f9x.o(RESET)
 <LI><a href="#[25]">Reset_Handler</a> from startup_mdr32f9x.o(.text) referenced from startup_mdr32f9x.o(RESET)
 <LI><a href="#[12]">SSP1_IRQHandler</a> from startup_mdr32f9x.o(.text) referenced from startup_mdr32f9x.o(RESET)
 <LI><a href="#[1b]">SSP2_IRQHandler</a> from startup_mdr32f9x.o(.text) referenced from startup_mdr32f9x.o(RESET)
 <LI><a href="#[8]">SVC_Handler</a> from port.o(.emb_text) referenced from startup_mdr32f9x.o(RESET)
 <LI><a href="#[b]">SysTick_Handler</a> from port.o(.text) referenced from startup_mdr32f9x.o(RESET)
 <LI><a href="#[21]">SystemInit</a> from system_mdr32f9qx.o(.text) referenced from startup_mdr32f9x.o(.text)
 <LI><a href="#[16]">Timer1_IRQHandler</a> from startup_mdr32f9x.o(.text) referenced from startup_mdr32f9x.o(RESET)
 <LI><a href="#[17]">Timer2_IRQHandler</a> from startup_mdr32f9x.o(.text) referenced from startup_mdr32f9x.o(RESET)
 <LI><a href="#[18]">Timer3_IRQHandler</a> from startup_mdr32f9x.o(.text) referenced from startup_mdr32f9x.o(RESET)
 <LI><a href="#[10]">UART1_IRQHandler</a> from startup_mdr32f9x.o(.text) referenced from startup_mdr32f9x.o(RESET)
 <LI><a href="#[11]">UART2_IRQHandler</a> from startup_mdr32f9x.o(.text) referenced from startup_mdr32f9x.o(RESET)
 <LI><a href="#[e]">USB_IRQHandler</a> from startup_mdr32f9x.o(.text) referenced from startup_mdr32f9x.o(RESET)
 <LI><a href="#[7]">UsageFault_Handler</a> from startup_mdr32f9x.o(.text) referenced from startup_mdr32f9x.o(RESET)
 <LI><a href="#[15]">WWDG_IRQHandler</a> from startup_mdr32f9x.o(.text) referenced from startup_mdr32f9x.o(RESET)
 <LI><a href="#[26]">__main</a> from __main.o(!!!main) referenced from startup_mdr32f9x.o(.text)
 <LI><a href="#[24]">prvIdleTask</a> from tasks.o(.text) referenced from tasks.o(.text)
 <LI><a href="#[23]">prvTaskExitError</a> from port.o(.text) referenced from port.o(.text)
 <LI><a href="#[4e]">vTaskLED1</a> from main.o(.text) referenced from main.o(.text)
 <LI><a href="#[53]">vTaskLED2</a> from main.o(.text) referenced from main.o(.text)
</UL>
<P>
<H3>
Global Symbols
</H3>
<P><STRONG><a name="[26]"></a>__main</STRONG> (Thumb, 8 bytes, Stack size 0 bytes, __main.o(!!!main))
<BR><BR>[Calls]<UL><LI><a href="#[29]">&gt;&gt;</a>&nbsp;&nbsp;&nbsp;__rt_entry
<LI><a href="#[28]">&gt;&gt;</a>&nbsp;&nbsp;&nbsp;__scatterload
</UL>

<P><STRONG><a name="[28]"></a>__scatterload</STRONG> (Thumb, 0 bytes, Stack size unknown bytes, __scatter.o(!!!scatter))
<BR><BR>[Called By]<UL><LI><a href="#[26]">&gt;&gt;</a>&nbsp;&nbsp;&nbsp;__main
</UL>

<P><STRONG><a name="[2a]"></a>__scatterload_rt2</STRONG> (Thumb, 44 bytes, Stack size unknown bytes, __scatter.o(!!!scatter), UNUSED)
<BR><BR>[Calls]<UL><LI><a href="#[29]">&gt;&gt;</a>&nbsp;&nbsp;&nbsp;__rt_entry
</UL>

<P><STRONG><a name="[fa]"></a>__scatterload_rt2_thumb_only</STRONG> (Thumb, 0 bytes, Stack size unknown bytes, __scatter.o(!!!scatter), UNUSED)

<P><STRONG><a name="[fb]"></a>__scatterload_null</STRONG> (Thumb, 0 bytes, Stack size unknown bytes, __scatter.o(!!!scatter), UNUSED)

<P><STRONG><a name="[2b]"></a>__scatterload_copy</STRONG> (Thumb, 26 bytes, Stack size unknown bytes, __scatter_copy.o(!!handler_copy), UNUSED)
<BR><BR>[Calls]<UL><LI><a href="#[2b]">&gt;&gt;</a>&nbsp;&nbsp;&nbsp;__scatterload_copy
</UL>
<BR>[Called By]<UL><LI><a href="#[2b]">&gt;&gt;</a>&nbsp;&nbsp;&nbsp;__scatterload_copy
</UL>

<P><STRONG><a name="[fc]"></a>__scatterload_zeroinit</STRONG> (Thumb, 28 bytes, Stack size unknown bytes, __scatter_zi.o(!!handler_zi), UNUSED)

<P><STRONG><a name="[2c]"></a>__rt_lib_init</STRONG> (Thumb, 0 bytes, Stack size unknown bytes, libinit.o(.ARM.Collect$$libinit$$00000000))
<BR><BR>[Stack]<UL><LI>Max Depth = 8 + Unknown Stack Size
<LI>Call Chain = __rt_lib_init &rArr; _fp_init
</UL>
<BR>[Calls]<UL><LI><a href="#[2d]">&gt;&gt;</a>&nbsp;&nbsp;&nbsp;_fp_init
</UL>
<BR>[Called By]<UL><LI><a href="#[30]">&gt;&gt;</a>&nbsp;&nbsp;&nbsp;__rt_entry_li
</UL>

<P><STRONG><a name="[fd]"></a>__rt_lib_init_alloca_1</STRONG> (Thumb, 0 bytes, Stack size unknown bytes, libinit2.o(.ARM.Collect$$libinit$$0000002A))

<P><STRONG><a name="[fe]"></a>__rt_lib_init_argv_1</STRONG> (Thumb, 0 bytes, Stack size unknown bytes, libinit2.o(.ARM.Collect$$libinit$$00000028))

<P><STRONG><a name="[ff]"></a>__rt_lib_init_atexit_1</STRONG> (Thumb, 0 bytes, Stack size unknown bytes, libinit2.o(.ARM.Collect$$libinit$$00000017))

<P><STRONG><a name="[100]"></a>__rt_lib_init_clock_1</STRONG> (Thumb, 0 bytes, Stack size unknown bytes, libinit2.o(.ARM.Collect$$libinit$$0000001D))

<P><STRONG><a name="[101]"></a>__rt_lib_init_cpp_1</STRONG> (Thumb, 0 bytes, Stack size unknown bytes, libinit2.o(.ARM.Collect$$libinit$$0000002E))

<P><STRONG><a name="[102]"></a>__rt_lib_init_exceptions_1</STRONG> (Thumb, 0 bytes, Stack size unknown bytes, libinit2.o(.ARM.Collect$$libinit$$0000002C))

<P><STRONG><a name="[103]"></a>__rt_lib_init_fp_trap_1</STRONG> (Thumb, 0 bytes, Stack size unknown bytes, libinit2.o(.ARM.Collect$$libinit$$0000001B))

<P><STRONG><a name="[104]"></a>__rt_lib_init_getenv_1</STRONG> (Thumb, 0 bytes, Stack size unknown bytes, libinit2.o(.ARM.Collect$$libinit$$0000001F))

<P><STRONG><a name="[105]"></a>__rt_lib_init_heap_1</STRONG> (Thumb, 0 bytes, Stack size unknown bytes, libinit2.o(.ARM.Collect$$libinit$$00000006))

<P><STRONG><a name="[106]"></a>__rt_lib_init_lc_collate_1</STRONG> (Thumb, 0 bytes, Stack size unknown bytes, libinit2.o(.ARM.Collect$$libinit$$0000000D))

<P><STRONG><a name="[107]"></a>__rt_lib_init_lc_ctype_1</STRONG> (Thumb, 0 bytes, Stack size unknown bytes, libinit2.o(.ARM.Collect$$libinit$$0000000F))

<P><STRONG><a name="[108]"></a>__rt_lib_init_lc_monetary_1</STRONG> (Thumb, 0 bytes, Stack size unknown bytes, libinit2.o(.ARM.Collect$$libinit$$00000011))

<P><STRONG><a name="[109]"></a>__rt_lib_init_lc_numeric_1</STRONG> (Thumb, 0 bytes, Stack size unknown bytes, libinit2.o(.ARM.Collect$$libinit$$00000013))

<P><STRONG><a name="[10a]"></a>__rt_lib_init_lc_time_1</STRONG> (Thumb, 0 bytes, Stack size unknown bytes, libinit2.o(.ARM.Collect$$libinit$$00000015))

<P><STRONG><a name="[10b]"></a>__rt_lib_init_rand_1</STRONG> (Thumb, 0 bytes, Stack size unknown bytes, libinit2.o(.ARM.Collect$$libinit$$0000000A))

<P><STRONG><a name="[10c]"></a>__rt_lib_init_return</STRONG> (Thumb, 0 bytes, Stack size unknown bytes, libinit2.o(.ARM.Collect$$libinit$$0000002F))

<P><STRONG><a name="[10d]"></a>__rt_lib_init_signal_1</STRONG> (Thumb, 0 bytes, Stack size unknown bytes, libinit2.o(.ARM.Collect$$libinit$$00000019))

<P><STRONG><a name="[10e]"></a>__rt_lib_init_stdio_1</STRONG> (Thumb, 0 bytes, Stack size unknown bytes, libinit2.o(.ARM.Collect$$libinit$$00000021))

<P><STRONG><a name="[10f]"></a>__rt_lib_init_user_alloc_1</STRONG> (Thumb, 0 bytes, Stack size unknown bytes, libinit2.o(.ARM.Collect$$libinit$$00000008))

<P><STRONG><a name="[35]"></a>__rt_lib_shutdown</STRONG> (Thumb, 0 bytes, Stack size unknown bytes, libshutdown.o(.ARM.Collect$$libshutdown$$00000000))
<BR><BR>[Called By]<UL><LI><a href="#[34]">&gt;&gt;</a>&nbsp;&nbsp;&nbsp;__rt_exit_ls
</UL>

<P><STRONG><a name="[110]"></a>__rt_lib_shutdown_fp_trap_1</STRONG> (Thumb, 0 bytes, Stack size unknown bytes, libshutdown2.o(.ARM.Collect$$libshutdown$$00000006))

<P><STRONG><a name="[111]"></a>__rt_lib_shutdown_heap_1</STRONG> (Thumb, 0 bytes, Stack size unknown bytes, libshutdown2.o(.ARM.Collect$$libshutdown$$0000000E))

<P><STRONG><a name="[112]"></a>__rt_lib_shutdown_return</STRONG> (Thumb, 0 bytes, Stack size unknown bytes, libshutdown2.o(.ARM.Collect$$libshutdown$$0000000F))

<P><STRONG><a name="[113]"></a>__rt_lib_shutdown_signal_1</STRONG> (Thumb, 0 bytes, Stack size unknown bytes, libshutdown2.o(.ARM.Collect$$libshutdown$$00000009))

<P><STRONG><a name="[114]"></a>__rt_lib_shutdown_stdio_1</STRONG> (Thumb, 0 bytes, Stack size unknown bytes, libshutdown2.o(.ARM.Collect$$libshutdown$$00000003))

<P><STRONG><a name="[115]"></a>__rt_lib_shutdown_user_alloc_1</STRONG> (Thumb, 0 bytes, Stack size unknown bytes, libshutdown2.o(.ARM.Collect$$libshutdown$$0000000B))

<P><STRONG><a name="[29]"></a>__rt_entry</STRONG> (Thumb, 0 bytes, Stack size unknown bytes, rtentry.o(.ARM.Collect$$rtentry$$00000000))
<BR><BR>[Called By]<UL><LI><a href="#[26]">&gt;&gt;</a>&nbsp;&nbsp;&nbsp;__main
<LI><a href="#[2a]">&gt;&gt;</a>&nbsp;&nbsp;&nbsp;__scatterload_rt2
</UL>

<P><STRONG><a name="[116]"></a>__rt_entry_presh_1</STRONG> (Thumb, 0 bytes, Stack size unknown bytes, rtentry2.o(.ARM.Collect$$rtentry$$00000002))

<P><STRONG><a name="[2e]"></a>__rt_entry_sh</STRONG> (Thumb, 0 bytes, Stack size unknown bytes, rtentry4.o(.ARM.Collect$$rtentry$$00000004))
<BR><BR>[Stack]<UL><LI>Max Depth = 8 + Unknown Stack Size
<LI>Call Chain = __rt_entry_sh &rArr; __user_setup_stackheap
</UL>
<BR>[Calls]<UL><LI><a href="#[2f]">&gt;&gt;</a>&nbsp;&nbsp;&nbsp;__user_setup_stackheap
</UL>

<P><STRONG><a name="[30]"></a>__rt_entry_li</STRONG> (Thumb, 0 bytes, Stack size unknown bytes, rtentry2.o(.ARM.Collect$$rtentry$$0000000A))
<BR><BR>[Stack]<UL><LI>Max Depth = 8 + Unknown Stack Size
<LI>Call Chain = __rt_entry_li &rArr; __rt_lib_init &rArr; _fp_init
</UL>
<BR>[Calls]<UL><LI><a href="#[2c]">&gt;&gt;</a>&nbsp;&nbsp;&nbsp;__rt_lib_init
</UL>

<P><STRONG><a name="[117]"></a>__rt_entry_postsh_1</STRONG> (Thumb, 0 bytes, Stack size unknown bytes, rtentry2.o(.ARM.Collect$$rtentry$$00000009))

<P><STRONG><a name="[31]"></a>__rt_entry_main</STRONG> (Thumb, 0 bytes, Stack size unknown bytes, rtentry2.o(.ARM.Collect$$rtentry$$0000000D))
<BR><BR>[Stack]<UL><LI>Max Depth = 216 + Unknown Stack Size
<LI>Call Chain = __rt_entry_main &rArr; main &rArr; vTaskStartScheduler &rArr; xTaskGenericCreate &rArr; prvAllocateTCBAndStack &rArr; pvPortMalloc &rArr; xTaskResumeAll &rArr; xTaskIncrementTick
</UL>
<BR>[Calls]<UL><LI><a href="#[32]">&gt;&gt;</a>&nbsp;&nbsp;&nbsp;main
<LI><a href="#[33]">&gt;&gt;</a>&nbsp;&nbsp;&nbsp;exit
</UL>

<P><STRONG><a name="[118]"></a>__rt_entry_postli_1</STRONG> (Thumb, 0 bytes, Stack size unknown bytes, rtentry2.o(.ARM.Collect$$rtentry$$0000000C))

<P><STRONG><a name="[ee]"></a>__rt_exit</STRONG> (Thumb, 0 bytes, Stack size unknown bytes, rtexit.o(.ARM.Collect$$rtexit$$00000000))
<BR><BR>[Called By]<UL><LI><a href="#[33]">&gt;&gt;</a>&nbsp;&nbsp;&nbsp;exit
</UL>

<P><STRONG><a name="[34]"></a>__rt_exit_ls</STRONG> (Thumb, 0 bytes, Stack size unknown bytes, rtexit2.o(.ARM.Collect$$rtexit$$00000003))
<BR><BR>[Calls]<UL><LI><a href="#[35]">&gt;&gt;</a>&nbsp;&nbsp;&nbsp;__rt_lib_shutdown
</UL>

<P><STRONG><a name="[119]"></a>__rt_exit_prels_1</STRONG> (Thumb, 0 bytes, Stack size unknown bytes, rtexit2.o(.ARM.Collect$$rtexit$$00000002))

<P><STRONG><a name="[36]"></a>__rt_exit_exit</STRONG> (Thumb, 0 bytes, Stack size unknown bytes, rtexit2.o(.ARM.Collect$$rtexit$$00000004))
<BR><BR>[Calls]<UL><LI><a href="#[37]">&gt;&gt;</a>&nbsp;&nbsp;&nbsp;_sys_exit
</UL>

<P><STRONG><a name="[8]"></a>SVC_Handler</STRONG> (Thumb, 28 bytes, Stack size 0 bytes, port.o(.emb_text))
<BR>[Address Reference Count : 1]<UL><LI> startup_mdr32f9x.o(RESET)
</UL>
<P><STRONG><a name="[c3]"></a>__asm___6_port_c_39a90d8d__prvStartFirstTask</STRONG> (Thumb, 16 bytes, Stack size 0 bytes, port.o(.emb_text))
<BR><BR>[Called By]<UL><LI><a href="#[c1]">&gt;&gt;</a>&nbsp;&nbsp;&nbsp;xPortStartScheduler
</UL>

<P><STRONG><a name="[a]"></a>PendSV_Handler</STRONG> (Thumb, 56 bytes, Stack size 0 bytes, port.o(.emb_text))
<BR><BR>[Calls]<UL><LI><a href="#[38]">&gt;&gt;</a>&nbsp;&nbsp;&nbsp;vTaskSwitchContext
</UL>
<BR>[Address Reference Count : 1]<UL><LI> startup_mdr32f9x.o(RESET)
</UL>
<P><STRONG><a name="[c0]"></a>ulPortSetInterruptMask</STRONG> (Thumb, 14 bytes, Stack size 0 bytes, port.o(.emb_text))
<BR><BR>[Called By]<UL><LI><a href="#[64]">&gt;&gt;</a>&nbsp;&nbsp;&nbsp;vTaskStartScheduler
<LI><a href="#[e5]">&gt;&gt;</a>&nbsp;&nbsp;&nbsp;xTaskGetTickCountFromISR
<LI><a href="#[e3]">&gt;&gt;</a>&nbsp;&nbsp;&nbsp;vTaskEndScheduler
<LI><a href="#[e0]">&gt;&gt;</a>&nbsp;&nbsp;&nbsp;xTaskResumeFromISR
<LI><a href="#[b]">&gt;&gt;</a>&nbsp;&nbsp;&nbsp;SysTick_Handler
<LI><a href="#[c4]">&gt;&gt;</a>&nbsp;&nbsp;&nbsp;vPortEnterCritical
<LI><a href="#[23]">&gt;&gt;</a>&nbsp;&nbsp;&nbsp;prvTaskExitError
</UL>

<P><STRONG><a name="[c6]"></a>vPortClearInterruptMask</STRONG> (Thumb, 6 bytes, Stack size 0 bytes, port.o(.emb_text))
<BR><BR>[Called By]<UL><LI><a href="#[e5]">&gt;&gt;</a>&nbsp;&nbsp;&nbsp;xTaskGetTickCountFromISR
<LI><a href="#[e0]">&gt;&gt;</a>&nbsp;&nbsp;&nbsp;xTaskResumeFromISR
<LI><a href="#[b]">&gt;&gt;</a>&nbsp;&nbsp;&nbsp;SysTick_Handler
<LI><a href="#[c5]">&gt;&gt;</a>&nbsp;&nbsp;&nbsp;vPortExitCritical
</UL>

<P><STRONG><a name="[11a]"></a>vPortGetIPSR</STRONG> (Thumb, 6 bytes, Stack size 0 bytes, port.o(.emb_text), UNUSED)

<P><STRONG><a name="[25]"></a>Reset_Handler</STRONG> (Thumb, 8 bytes, Stack size 0 bytes, startup_mdr32f9x.o(.text))

<P><STRONG><a name="[3]"></a>NMI_Handler</STRONG> (Thumb, 2 bytes, Stack size 0 bytes, startup_mdr32f9x.o(.text))
<BR><BR>[Calls]<UL><LI><a href="#[3]">&gt;&gt;</a>&nbsp;&nbsp;&nbsp;NMI_Handler
</UL>
<BR>[Called By]<UL><LI><a href="#[3]">&gt;&gt;</a>&nbsp;&nbsp;&nbsp;NMI_Handler
</UL>
<BR>[Address Reference Count : 1]<UL><LI> startup_mdr32f9x.o(RESET)
</UL>
<P><STRONG><a name="[4]"></a>HardFault_Handler</STRONG> (Thumb, 2 bytes, Stack size 0 bytes, startup_mdr32f9x.o(.text))
<BR><BR>[Calls]<UL><LI><a href="#[4]">&gt;&gt;</a>&nbsp;&nbsp;&nbsp;HardFault_Handler
</UL>
<BR>[Called By]<UL><LI><a href="#[4]">&gt;&gt;</a>&nbsp;&nbsp;&nbsp;HardFault_Handler
</UL>
<BR>[Address Reference Count : 1]<UL><LI> startup_mdr32f9x.o(RESET)
</UL>
<P><STRONG><a name="[5]"></a>MemManage_Handler</STRONG> (Thumb, 2 bytes, Stack size 0 bytes, startup_mdr32f9x.o(.text))
<BR><BR>[Calls]<UL><LI><a href="#[5]">&gt;&gt;</a>&nbsp;&nbsp;&nbsp;MemManage_Handler
</UL>
<BR>[Called By]<UL><LI><a href="#[5]">&gt;&gt;</a>&nbsp;&nbsp;&nbsp;MemManage_Handler
</UL>
<BR>[Address Reference Count : 1]<UL><LI> startup_mdr32f9x.o(RESET)
</UL>
<P><STRONG><a name="[6]"></a>BusFault_Handler</STRONG> (Thumb, 2 bytes, Stack size 0 bytes, startup_mdr32f9x.o(.text))
<BR><BR>[Calls]<UL><LI><a href="#[6]">&gt;&gt;</a>&nbsp;&nbsp;&nbsp;BusFault_Handler
</UL>
<BR>[Called By]<UL><LI><a href="#[6]">&gt;&gt;</a>&nbsp;&nbsp;&nbsp;BusFault_Handler
</UL>
<BR>[Address Reference Count : 1]<UL><LI> startup_mdr32f9x.o(RESET)
</UL>
<P><STRONG><a name="[7]"></a>UsageFault_Handler</STRONG> (Thumb, 2 bytes, Stack size 0 bytes, startup_mdr32f9x.o(.text))
<BR><BR>[Calls]<UL><LI><a href="#[7]">&gt;&gt;</a>&nbsp;&nbsp;&nbsp;UsageFault_Handler
</UL>
<BR>[Called By]<UL><LI><a href="#[7]">&gt;&gt;</a>&nbsp;&nbsp;&nbsp;UsageFault_Handler
</UL>
<BR>[Address Reference Count : 1]<UL><LI> startup_mdr32f9x.o(RESET)
</UL>
<P><STRONG><a name="[9]"></a>DebugMon_Handler</STRONG> (Thumb, 2 bytes, Stack size 0 bytes, startup_mdr32f9x.o(.text))
<BR><BR>[Calls]<UL><LI><a href="#[9]">&gt;&gt;</a>&nbsp;&nbsp;&nbsp;DebugMon_Handler
</UL>
<BR>[Called By]<UL><LI><a href="#[9]">&gt;&gt;</a>&nbsp;&nbsp;&nbsp;DebugMon_Handler
</UL>
<BR>[Address Reference Count : 1]<UL><LI> startup_mdr32f9x.o(RESET)
</UL>
<P><STRONG><a name="[19]"></a>ADC_IRQHandler</STRONG> (Thumb, 0 bytes, Stack size 0 bytes, startup_mdr32f9x.o(.text))
<BR><BR>[Calls]<UL><LI><a href="#[19]">&gt;&gt;</a>&nbsp;&nbsp;&nbsp;ADC_IRQHandler
</UL>
<BR>[Called By]<UL><LI><a href="#[19]">&gt;&gt;</a>&nbsp;&nbsp;&nbsp;ADC_IRQHandler
</UL>
<BR>[Address Reference Count : 1]<UL><LI> startup_mdr32f9x.o(RESET)
</UL>
<P><STRONG><a name="[1c]"></a>BACKUP_IRQHandler</STRONG> (Thumb, 0 bytes, Stack size 0 bytes, startup_mdr32f9x.o(.text))
<BR>[Address Reference Count : 1]<UL><LI> startup_mdr32f9x.o(RESET)
</UL>
<P><STRONG><a name="[c]"></a>CAN1_IRQHandler</STRONG> (Thumb, 0 bytes, Stack size 0 bytes, startup_mdr32f9x.o(.text))
<BR>[Address Reference Count : 1]<UL><LI> startup_mdr32f9x.o(RESET)
</UL>
<P><STRONG><a name="[d]"></a>CAN2_IRQHandler</STRONG> (Thumb, 0 bytes, Stack size 0 bytes, startup_mdr32f9x.o(.text))
<BR>[Address Reference Count : 1]<UL><LI> startup_mdr32f9x.o(RESET)
</UL>
<P><STRONG><a name="[1a]"></a>COMPARATOR_IRQHandler</STRONG> (Thumb, 0 bytes, Stack size 0 bytes, startup_mdr32f9x.o(.text))
<BR>[Address Reference Count : 1]<UL><LI> startup_mdr32f9x.o(RESET)
</UL>
<P><STRONG><a name="[f]"></a>DMA_IRQHandler</STRONG> (Thumb, 0 bytes, Stack size 0 bytes, startup_mdr32f9x.o(.text))
<BR>[Address Reference Count : 1]<UL><LI> startup_mdr32f9x.o(RESET)
</UL>
<P><STRONG><a name="[1d]"></a>EXT_INT1_IRQHandler</STRONG> (Thumb, 0 bytes, Stack size 0 bytes, startup_mdr32f9x.o(.text))
<BR>[Address Reference Count : 1]<UL><LI> startup_mdr32f9x.o(RESET)
</UL>
<P><STRONG><a name="[1e]"></a>EXT_INT2_IRQHandler</STRONG> (Thumb, 0 bytes, Stack size 0 bytes, startup_mdr32f9x.o(.text))
<BR>[Address Reference Count : 1]<UL><LI> startup_mdr32f9x.o(RESET)
</UL>
<P><STRONG><a name="[1f]"></a>EXT_INT3_IRQHandler</STRONG> (Thumb, 0 bytes, Stack size 0 bytes, startup_mdr32f9x.o(.text))
<BR>[Address Reference Count : 1]<UL><LI> startup_mdr32f9x.o(RESET)
</UL>
<P><STRONG><a name="[20]"></a>EXT_INT4_IRQHandler</STRONG> (Thumb, 0 bytes, Stack size 0 bytes, startup_mdr32f9x.o(.text))
<BR>[Address Reference Count : 1]<UL><LI> startup_mdr32f9x.o(RESET)
</UL>
<P><STRONG><a name="[13]"></a>I2C_IRQHandler</STRONG> (Thumb, 0 bytes, Stack size 0 bytes, startup_mdr32f9x.o(.text))
<BR>[Address Reference Count : 1]<UL><LI> startup_mdr32f9x.o(RESET)
</UL>
<P><STRONG><a name="[14]"></a>POWER_IRQHandler</STRONG> (Thumb, 0 bytes, Stack size 0 bytes, startup_mdr32f9x.o(.text))
<BR>[Address Reference Count : 1]<UL><LI> startup_mdr32f9x.o(RESET)
</UL>
<P><STRONG><a name="[12]"></a>SSP1_IRQHandler</STRONG> (Thumb, 0 bytes, Stack size 0 bytes, startup_mdr32f9x.o(.text))
<BR>[Address Reference Count : 1]<UL><LI> startup_mdr32f9x.o(RESET)
</UL>
<P><STRONG><a name="[1b]"></a>SSP2_IRQHandler</STRONG> (Thumb, 0 bytes, Stack size 0 bytes, startup_mdr32f9x.o(.text))
<BR>[Address Reference Count : 1]<UL><LI> startup_mdr32f9x.o(RESET)
</UL>
<P><STRONG><a name="[16]"></a>Timer1_IRQHandler</STRONG> (Thumb, 0 bytes, Stack size 0 bytes, startup_mdr32f9x.o(.text))
<BR>[Address Reference Count : 1]<UL><LI> startup_mdr32f9x.o(RESET)
</UL>
<P><STRONG><a name="[17]"></a>Timer2_IRQHandler</STRONG> (Thumb, 0 bytes, Stack size 0 bytes, startup_mdr32f9x.o(.text))
<BR>[Address Reference Count : 1]<UL><LI> startup_mdr32f9x.o(RESET)
</UL>
<P><STRONG><a name="[18]"></a>Timer3_IRQHandler</STRONG> (Thumb, 0 bytes, Stack size 0 bytes, startup_mdr32f9x.o(.text))
<BR>[Address Reference Count : 1]<UL><LI> startup_mdr32f9x.o(RESET)
</UL>
<P><STRONG><a name="[10]"></a>UART1_IRQHandler</STRONG> (Thumb, 0 bytes, Stack size 0 bytes, startup_mdr32f9x.o(.text))
<BR>[Address Reference Count : 1]<UL><LI> startup_mdr32f9x.o(RESET)
</UL>
<P><STRONG><a name="[11]"></a>UART2_IRQHandler</STRONG> (Thumb, 0 bytes, Stack size 0 bytes, startup_mdr32f9x.o(.text))
<BR>[Address Reference Count : 1]<UL><LI> startup_mdr32f9x.o(RESET)
</UL>
<P><STRONG><a name="[e]"></a>USB_IRQHandler</STRONG> (Thumb, 0 bytes, Stack size 0 bytes, startup_mdr32f9x.o(.text))
<BR>[Address Reference Count : 1]<UL><LI> startup_mdr32f9x.o(RESET)
</UL>
<P><STRONG><a name="[15]"></a>WWDG_IRQHandler</STRONG> (Thumb, 0 bytes, Stack size 0 bytes, startup_mdr32f9x.o(.text))
<BR>[Address Reference Count : 1]<UL><LI> startup_mdr32f9x.o(RESET)
</UL>
<P><STRONG><a name="[27]"></a>__user_initial_stackheap</STRONG> (Thumb, 0 bytes, Stack size unknown bytes, startup_mdr32f9x.o(.text))
<BR><BR>[Called By]<UL><LI><a href="#[2f]">&gt;&gt;</a>&nbsp;&nbsp;&nbsp;__user_setup_stackheap
</UL>

<P><STRONG><a name="[39]"></a>SystemCoreClockUpdate</STRONG> (Thumb, 132 bytes, Stack size 12 bytes, system_mdr32f9qx.o(.text))
<BR><BR>[Stack]<UL><LI>Max Depth = 12<LI>Call Chain = SystemCoreClockUpdate
</UL>
<BR>[Called By]<UL><LI><a href="#[55]">&gt;&gt;</a>&nbsp;&nbsp;&nbsp;Setup_CPU_Clock
<LI><a href="#[21]">&gt;&gt;</a>&nbsp;&nbsp;&nbsp;SystemInit
</UL>

<P><STRONG><a name="[21]"></a>SystemInit</STRONG> (Thumb, 54 bytes, Stack size 4 bytes, system_mdr32f9qx.o(.text))
<BR><BR>[Stack]<UL><LI>Max Depth = 16<LI>Call Chain = SystemInit &rArr; SystemCoreClockUpdate
</UL>
<BR>[Calls]<UL><LI><a href="#[39]">&gt;&gt;</a>&nbsp;&nbsp;&nbsp;SystemCoreClockUpdate
</UL>
<BR>[Address Reference Count : 1]<UL><LI> startup_mdr32f9x.o(.text)
</UL>
<P><STRONG><a name="[40]"></a>RST_CLK_PCLKcmd</STRONG> (Thumb, 26 bytes, Stack size 0 bytes, mdr32f9qx_rst_clk.o(.text))
<BR><BR>[Called By]<UL><LI><a href="#[55]">&gt;&gt;</a>&nbsp;&nbsp;&nbsp;Setup_CPU_Clock
<LI><a href="#[3f]">&gt;&gt;</a>&nbsp;&nbsp;&nbsp;RST_CLK_DeInit
</UL>

<P><STRONG><a name="[3e]"></a>RST_CLK_CPUclkSelection</STRONG> (Thumb, 16 bytes, Stack size 0 bytes, mdr32f9qx_rst_clk.o(.text))
<BR><BR>[Called By]<UL><LI><a href="#[55]">&gt;&gt;</a>&nbsp;&nbsp;&nbsp;Setup_CPU_Clock
<LI><a href="#[3c]">&gt;&gt;</a>&nbsp;&nbsp;&nbsp;RST_CLK_WarmDeInit
</UL>

<P><STRONG><a name="[3b]"></a>RST_CLK_GetFlagStatus</STRONG> (Thumb, 42 bytes, Stack size 8 bytes, mdr32f9qx_rst_clk.o(.text))
<BR><BR>[Stack]<UL><LI>Max Depth = 8<LI>Call Chain = RST_CLK_GetFlagStatus
</UL>
<BR>[Called By]<UL><LI><a href="#[45]">&gt;&gt;</a>&nbsp;&nbsp;&nbsp;RST_CLK_USB_PLLstatus
<LI><a href="#[44]">&gt;&gt;</a>&nbsp;&nbsp;&nbsp;RST_CLK_CPU_PLLstatus
<LI><a href="#[43]">&gt;&gt;</a>&nbsp;&nbsp;&nbsp;RST_CLK_LSIstatus
<LI><a href="#[42]">&gt;&gt;</a>&nbsp;&nbsp;&nbsp;RST_CLK_LSEstatus
<LI><a href="#[41]">&gt;&gt;</a>&nbsp;&nbsp;&nbsp;RST_CLK_HSEstatus
<LI><a href="#[3a]">&gt;&gt;</a>&nbsp;&nbsp;&nbsp;RST_CLK_HSIstatus
</UL>

<P><STRONG><a name="[3a]"></a>RST_CLK_HSIstatus</STRONG> (Thumb, 44 bytes, Stack size 16 bytes, mdr32f9qx_rst_clk.o(.text), UNUSED)
<BR><BR>[Calls]<UL><LI><a href="#[3b]">&gt;&gt;</a>&nbsp;&nbsp;&nbsp;RST_CLK_GetFlagStatus
</UL>
<BR>[Called By]<UL><LI><a href="#[3c]">&gt;&gt;</a>&nbsp;&nbsp;&nbsp;RST_CLK_WarmDeInit
</UL>

<P><STRONG><a name="[3d]"></a>RST_CLK_HSIcmd</STRONG> (Thumb, 14 bytes, Stack size 0 bytes, mdr32f9qx_rst_clk.o(.text), UNUSED)
<BR><BR>[Called By]<UL><LI><a href="#[3c]">&gt;&gt;</a>&nbsp;&nbsp;&nbsp;RST_CLK_WarmDeInit
</UL>

<P><STRONG><a name="[3c]"></a>RST_CLK_WarmDeInit</STRONG> (Thumb, 74 bytes, Stack size 4 bytes, mdr32f9qx_rst_clk.o(.text), UNUSED)
<BR><BR>[Calls]<UL><LI><a href="#[3d]">&gt;&gt;</a>&nbsp;&nbsp;&nbsp;RST_CLK_HSIcmd
<LI><a href="#[3a]">&gt;&gt;</a>&nbsp;&nbsp;&nbsp;RST_CLK_HSIstatus
<LI><a href="#[3e]">&gt;&gt;</a>&nbsp;&nbsp;&nbsp;RST_CLK_CPUclkSelection
</UL>
<BR>[Called By]<UL><LI><a href="#[3f]">&gt;&gt;</a>&nbsp;&nbsp;&nbsp;RST_CLK_DeInit
</UL>

<P><STRONG><a name="[3f]"></a>RST_CLK_DeInit</STRONG> (Thumb, 38 bytes, Stack size 4 bytes, mdr32f9qx_rst_clk.o(.text), UNUSED)
<BR><BR>[Calls]<UL><LI><a href="#[3c]">&gt;&gt;</a>&nbsp;&nbsp;&nbsp;RST_CLK_WarmDeInit
<LI><a href="#[40]">&gt;&gt;</a>&nbsp;&nbsp;&nbsp;RST_CLK_PCLKcmd
</UL>

<P><STRONG><a name="[65]"></a>RST_CLK_HSEconfig</STRONG> (Thumb, 56 bytes, Stack size 0 bytes, mdr32f9qx_rst_clk.o(.text))
<BR><BR>[Called By]<UL><LI><a href="#[55]">&gt;&gt;</a>&nbsp;&nbsp;&nbsp;Setup_CPU_Clock
</UL>

<P><STRONG><a name="[41]"></a>RST_CLK_HSEstatus</STRONG> (Thumb, 44 bytes, Stack size 16 bytes, mdr32f9qx_rst_clk.o(.text))
<BR><BR>[Stack]<UL><LI>Max Depth = 24<LI>Call Chain = RST_CLK_HSEstatus &rArr; RST_CLK_GetFlagStatus
</UL>
<BR>[Calls]<UL><LI><a href="#[3b]">&gt;&gt;</a>&nbsp;&nbsp;&nbsp;RST_CLK_GetFlagStatus
</UL>
<BR>[Called By]<UL><LI><a href="#[55]">&gt;&gt;</a>&nbsp;&nbsp;&nbsp;Setup_CPU_Clock
</UL>

<P><STRONG><a name="[11b]"></a>RST_CLK_LSEconfig</STRONG> (Thumb, 56 bytes, Stack size 0 bytes, mdr32f9qx_rst_clk.o(.text), UNUSED)

<P><STRONG><a name="[42]"></a>RST_CLK_LSEstatus</STRONG> (Thumb, 44 bytes, Stack size 16 bytes, mdr32f9qx_rst_clk.o(.text), UNUSED)
<BR><BR>[Calls]<UL><LI><a href="#[3b]">&gt;&gt;</a>&nbsp;&nbsp;&nbsp;RST_CLK_GetFlagStatus
</UL>

<P><STRONG><a name="[11c]"></a>RST_CLK_HSIadjust</STRONG> (Thumb, 18 bytes, Stack size 0 bytes, mdr32f9qx_rst_clk.o(.text), UNUSED)

<P><STRONG><a name="[11d]"></a>RST_CLK_LSIcmd</STRONG> (Thumb, 14 bytes, Stack size 0 bytes, mdr32f9qx_rst_clk.o(.text), UNUSED)

<P><STRONG><a name="[11e]"></a>RST_CLK_LSIadjust</STRONG> (Thumb, 18 bytes, Stack size 0 bytes, mdr32f9qx_rst_clk.o(.text), UNUSED)

<P><STRONG><a name="[43]"></a>RST_CLK_LSIstatus</STRONG> (Thumb, 44 bytes, Stack size 16 bytes, mdr32f9qx_rst_clk.o(.text), UNUSED)
<BR><BR>[Calls]<UL><LI><a href="#[3b]">&gt;&gt;</a>&nbsp;&nbsp;&nbsp;RST_CLK_GetFlagStatus
</UL>

<P><STRONG><a name="[66]"></a>RST_CLK_CPU_PLLconfig</STRONG> (Thumb, 68 bytes, Stack size 12 bytes, mdr32f9qx_rst_clk.o(.text))
<BR><BR>[Stack]<UL><LI>Max Depth = 12<LI>Call Chain = RST_CLK_CPU_PLLconfig
</UL>
<BR>[Called By]<UL><LI><a href="#[55]">&gt;&gt;</a>&nbsp;&nbsp;&nbsp;Setup_CPU_Clock
</UL>

<P><STRONG><a name="[69]"></a>RST_CLK_CPU_PLLuse</STRONG> (Thumb, 16 bytes, Stack size 0 bytes, mdr32f9qx_rst_clk.o(.text))
<BR><BR>[Called By]<UL><LI><a href="#[55]">&gt;&gt;</a>&nbsp;&nbsp;&nbsp;Setup_CPU_Clock
</UL>

<P><STRONG><a name="[67]"></a>RST_CLK_CPU_PLLcmd</STRONG> (Thumb, 14 bytes, Stack size 0 bytes, mdr32f9qx_rst_clk.o(.text))
<BR><BR>[Called By]<UL><LI><a href="#[55]">&gt;&gt;</a>&nbsp;&nbsp;&nbsp;Setup_CPU_Clock
</UL>

<P><STRONG><a name="[44]"></a>RST_CLK_CPU_PLLstatus</STRONG> (Thumb, 44 bytes, Stack size 16 bytes, mdr32f9qx_rst_clk.o(.text))
<BR><BR>[Stack]<UL><LI>Max Depth = 24<LI>Call Chain = RST_CLK_CPU_PLLstatus &rArr; RST_CLK_GetFlagStatus
</UL>
<BR>[Calls]<UL><LI><a href="#[3b]">&gt;&gt;</a>&nbsp;&nbsp;&nbsp;RST_CLK_GetFlagStatus
</UL>
<BR>[Called By]<UL><LI><a href="#[55]">&gt;&gt;</a>&nbsp;&nbsp;&nbsp;Setup_CPU_Clock
</UL>

<P><STRONG><a name="[68]"></a>RST_CLK_CPUclkPrescaler</STRONG> (Thumb, 18 bytes, Stack size 0 bytes, mdr32f9qx_rst_clk.o(.text))
<BR><BR>[Called By]<UL><LI><a href="#[55]">&gt;&gt;</a>&nbsp;&nbsp;&nbsp;Setup_CPU_Clock
</UL>

<P><STRONG><a name="[11f]"></a>RST_CLK_USB_PLLconfig</STRONG> (Thumb, 68 bytes, Stack size 12 bytes, mdr32f9qx_rst_clk.o(.text), UNUSED)

<P><STRONG><a name="[120]"></a>RST_CLK_USB_PLLuse</STRONG> (Thumb, 16 bytes, Stack size 0 bytes, mdr32f9qx_rst_clk.o(.text), UNUSED)

<P><STRONG><a name="[121]"></a>RST_CLK_USB_PLLcmd</STRONG> (Thumb, 14 bytes, Stack size 0 bytes, mdr32f9qx_rst_clk.o(.text), UNUSED)

<P><STRONG><a name="[45]"></a>RST_CLK_USB_PLLstatus</STRONG> (Thumb, 44 bytes, Stack size 16 bytes, mdr32f9qx_rst_clk.o(.text), UNUSED)
<BR><BR>[Calls]<UL><LI><a href="#[3b]">&gt;&gt;</a>&nbsp;&nbsp;&nbsp;RST_CLK_GetFlagStatus
</UL>

<P><STRONG><a name="[122]"></a>RST_CLK_USBclkPrescaler</STRONG> (Thumb, 16 bytes, Stack size 0 bytes, mdr32f9qx_rst_clk.o(.text), UNUSED)

<P><STRONG><a name="[123]"></a>RST_CLK_USBclkEnable</STRONG> (Thumb, 16 bytes, Stack size 0 bytes, mdr32f9qx_rst_clk.o(.text), UNUSED)

<P><STRONG><a name="[124]"></a>RST_CLK_ADCclkSelection</STRONG> (Thumb, 16 bytes, Stack size 0 bytes, mdr32f9qx_rst_clk.o(.text), UNUSED)

<P><STRONG><a name="[125]"></a>RST_CLK_ADCclkPrescaler</STRONG> (Thumb, 18 bytes, Stack size 0 bytes, mdr32f9qx_rst_clk.o(.text), UNUSED)

<P><STRONG><a name="[126]"></a>RST_CLK_ADCclkEnable</STRONG> (Thumb, 16 bytes, Stack size 0 bytes, mdr32f9qx_rst_clk.o(.text), UNUSED)

<P><STRONG><a name="[127]"></a>RST_CLK_HSIclkPrescaler</STRONG> (Thumb, 18 bytes, Stack size 0 bytes, mdr32f9qx_rst_clk.o(.text), UNUSED)

<P><STRONG><a name="[128]"></a>RST_CLK_RTC_HSIclkEnable</STRONG> (Thumb, 16 bytes, Stack size 0 bytes, mdr32f9qx_rst_clk.o(.text), UNUSED)

<P><STRONG><a name="[129]"></a>RST_CLK_HSEclkPrescaler</STRONG> (Thumb, 16 bytes, Stack size 0 bytes, mdr32f9qx_rst_clk.o(.text), UNUSED)

<P><STRONG><a name="[12a]"></a>RST_CLK_RTC_HSEclkEnable</STRONG> (Thumb, 38 bytes, Stack size 0 bytes, mdr32f9qx_rst_clk.o(.text), UNUSED)

<P><STRONG><a name="[12b]"></a>RST_CLK_GetClocksFreq</STRONG> (Thumb, 644 bytes, Stack size 44 bytes, mdr32f9qx_rst_clk.o(.text), UNUSED)

<P><STRONG><a name="[12c]"></a>SSP_DeInit</STRONG> (Thumb, 18 bytes, Stack size 0 bytes, mdr32f9qx_ssp.o(.text), UNUSED)

<P><STRONG><a name="[6f]"></a>SSP_Init</STRONG> (Thumb, 38 bytes, Stack size 8 bytes, mdr32f9qx_ssp.o(.text))
<BR><BR>[Stack]<UL><LI>Max Depth = 8<LI>Call Chain = SSP_Init
</UL>
<BR>[Called By]<UL><LI><a href="#[57]">&gt;&gt;</a>&nbsp;&nbsp;&nbsp;SSPInit
</UL>

<P><STRONG><a name="[6d]"></a>SSP_StructInit</STRONG> (Thumb, 26 bytes, Stack size 0 bytes, mdr32f9qx_ssp.o(.text))
<BR><BR>[Called By]<UL><LI><a href="#[57]">&gt;&gt;</a>&nbsp;&nbsp;&nbsp;SSPInit
</UL>

<P><STRONG><a name="[70]"></a>SSP_Cmd</STRONG> (Thumb, 24 bytes, Stack size 0 bytes, mdr32f9qx_ssp.o(.text))
<BR><BR>[Called By]<UL><LI><a href="#[57]">&gt;&gt;</a>&nbsp;&nbsp;&nbsp;SSPInit
</UL>

<P><STRONG><a name="[12d]"></a>SSP_ITConfig</STRONG> (Thumb, 18 bytes, Stack size 0 bytes, mdr32f9qx_ssp.o(.text), UNUSED)

<P><STRONG><a name="[12e]"></a>SSP_GetITStatus</STRONG> (Thumb, 18 bytes, Stack size 0 bytes, mdr32f9qx_ssp.o(.text), UNUSED)

<P><STRONG><a name="[12f]"></a>SSP_GetITStatusMasked</STRONG> (Thumb, 16 bytes, Stack size 0 bytes, mdr32f9qx_ssp.o(.text), UNUSED)

<P><STRONG><a name="[130]"></a>SSP_ClearITPendingBit</STRONG> (Thumb, 8 bytes, Stack size 0 bytes, mdr32f9qx_ssp.o(.text), UNUSED)

<P><STRONG><a name="[131]"></a>SSP_DMACmd</STRONG> (Thumb, 24 bytes, Stack size 8 bytes, mdr32f9qx_ssp.o(.text), UNUSED)

<P><STRONG><a name="[9f]"></a>SSP_SendData</STRONG> (Thumb, 4 bytes, Stack size 0 bytes, mdr32f9qx_ssp.o(.text))
<BR><BR>[Called By]<UL><LI><a href="#[9d]">&gt;&gt;</a>&nbsp;&nbsp;&nbsp;LcdWrite
</UL>

<P><STRONG><a name="[132]"></a>SSP_ReceiveData</STRONG> (Thumb, 8 bytes, Stack size 0 bytes, mdr32f9qx_ssp.o(.text), UNUSED)

<P><STRONG><a name="[9e]"></a>SSP_GetFlagStatus</STRONG> (Thumb, 16 bytes, Stack size 0 bytes, mdr32f9qx_ssp.o(.text))
<BR><BR>[Called By]<UL><LI><a href="#[9d]">&gt;&gt;</a>&nbsp;&nbsp;&nbsp;LcdWrite
<LI><a href="#[5c]">&gt;&gt;</a>&nbsp;&nbsp;&nbsp;LcdInit
</UL>

<P><STRONG><a name="[6e]"></a>SSP_BRGInit</STRONG> (Thumb, 48 bytes, Stack size 0 bytes, mdr32f9qx_ssp.o(.text))
<BR><BR>[Called By]<UL><LI><a href="#[57]">&gt;&gt;</a>&nbsp;&nbsp;&nbsp;SSPInit
</UL>

<P><STRONG><a name="[6a]"></a>PORT_DeInit</STRONG> (Thumb, 20 bytes, Stack size 0 bytes, mdr32f9qx_port.o(.text))
<BR><BR>[Called By]<UL><LI><a href="#[83]">&gt;&gt;</a>&nbsp;&nbsp;&nbsp;ProcessPowerOff
<LI><a href="#[5a]">&gt;&gt;</a>&nbsp;&nbsp;&nbsp;PortInit
</UL>

<P><STRONG><a name="[6c]"></a>PORT_Init</STRONG> (Thumb, 446 bytes, Stack size 48 bytes, mdr32f9qx_port.o(.text))
<BR><BR>[Stack]<UL><LI>Max Depth = 48<LI>Call Chain = PORT_Init
</UL>
<BR>[Called By]<UL><LI><a href="#[5a]">&gt;&gt;</a>&nbsp;&nbsp;&nbsp;PortInit
</UL>

<P><STRONG><a name="[6b]"></a>PORT_StructInit</STRONG> (Thumb, 28 bytes, Stack size 0 bytes, mdr32f9qx_port.o(.text))
<BR><BR>[Called By]<UL><LI><a href="#[5a]">&gt;&gt;</a>&nbsp;&nbsp;&nbsp;PortInit
</UL>

<P><STRONG><a name="[133]"></a>PORT_ReadInputDataBit</STRONG> (Thumb, 16 bytes, Stack size 0 bytes, mdr32f9qx_port.o(.text), UNUSED)

<P><STRONG><a name="[134]"></a>PORT_ReadInputData</STRONG> (Thumb, 6 bytes, Stack size 0 bytes, mdr32f9qx_port.o(.text), UNUSED)

<P><STRONG><a name="[52]"></a>PORT_SetBits</STRONG> (Thumb, 22 bytes, Stack size 0 bytes, mdr32f9qx_port.o(.text))
<BR><BR>[Called By]<UL><LI><a href="#[a6]">&gt;&gt;</a>&nbsp;&nbsp;&nbsp;UpdateLEDs
<LI><a href="#[a1]">&gt;&gt;</a>&nbsp;&nbsp;&nbsp;LcdSelect
<LI><a href="#[8f]">&gt;&gt;</a>&nbsp;&nbsp;&nbsp;SetOutputLoad
<LI><a href="#[8d]">&gt;&gt;</a>&nbsp;&nbsp;&nbsp;SetFeedbackChannel
<LI><a href="#[8e]">&gt;&gt;</a>&nbsp;&nbsp;&nbsp;SetCurrentLimit
<LI><a href="#[85]">&gt;&gt;</a>&nbsp;&nbsp;&nbsp;SetConverterState
<LI><a href="#[5a]">&gt;&gt;</a>&nbsp;&nbsp;&nbsp;PortInit
<LI><a href="#[5c]">&gt;&gt;</a>&nbsp;&nbsp;&nbsp;LcdInit
<LI><a href="#[53]">&gt;&gt;</a>&nbsp;&nbsp;&nbsp;vTaskLED2
<LI><a href="#[4e]">&gt;&gt;</a>&nbsp;&nbsp;&nbsp;vTaskLED1
</UL>

<P><STRONG><a name="[50]"></a>PORT_ResetBits</STRONG> (Thumb, 22 bytes, Stack size 0 bytes, mdr32f9qx_port.o(.text))
<BR><BR>[Called By]<UL><LI><a href="#[a6]">&gt;&gt;</a>&nbsp;&nbsp;&nbsp;UpdateLEDs
<LI><a href="#[a1]">&gt;&gt;</a>&nbsp;&nbsp;&nbsp;LcdSelect
<LI><a href="#[8f]">&gt;&gt;</a>&nbsp;&nbsp;&nbsp;SetOutputLoad
<LI><a href="#[8d]">&gt;&gt;</a>&nbsp;&nbsp;&nbsp;SetFeedbackChannel
<LI><a href="#[8e]">&gt;&gt;</a>&nbsp;&nbsp;&nbsp;SetCurrentLimit
<LI><a href="#[85]">&gt;&gt;</a>&nbsp;&nbsp;&nbsp;SetConverterState
<LI><a href="#[5c]">&gt;&gt;</a>&nbsp;&nbsp;&nbsp;LcdInit
<LI><a href="#[53]">&gt;&gt;</a>&nbsp;&nbsp;&nbsp;vTaskLED2
<LI><a href="#[4e]">&gt;&gt;</a>&nbsp;&nbsp;&nbsp;vTaskLED1
</UL>

<P><STRONG><a name="[135]"></a>PORT_WriteBit</STRONG> (Thumb, 40 bytes, Stack size 12 bytes, mdr32f9qx_port.o(.text), UNUSED)

<P><STRONG><a name="[136]"></a>PORT_Write</STRONG> (Thumb, 20 bytes, Stack size 0 bytes, mdr32f9qx_port.o(.text), UNUSED)

<P><STRONG><a name="[137]"></a>TIMER_DeInit</STRONG> (Thumb, 68 bytes, Stack size 0 bytes, mdr32f9qx_timer.o(.text), UNUSED)

<P><STRONG><a name="[7c]"></a>TIMER_CntInit</STRONG> (Thumb, 54 bytes, Stack size 12 bytes, mdr32f9qx_timer.o(.text))
<BR><BR>[Stack]<UL><LI>Max Depth = 12<LI>Call Chain = TIMER_CntInit
</UL>
<BR>[Called By]<UL><LI><a href="#[59]">&gt;&gt;</a>&nbsp;&nbsp;&nbsp;TimersInit
</UL>

<P><STRONG><a name="[7b]"></a>TIMER_CntStructInit</STRONG> (Thumb, 28 bytes, Stack size 0 bytes, mdr32f9qx_timer.o(.text))
<BR><BR>[Called By]<UL><LI><a href="#[59]">&gt;&gt;</a>&nbsp;&nbsp;&nbsp;TimersInit
</UL>

<P><STRONG><a name="[82]"></a>TIMER_Cmd</STRONG> (Thumb, 20 bytes, Stack size 0 bytes, mdr32f9qx_timer.o(.text))
<BR><BR>[Called By]<UL><LI><a href="#[59]">&gt;&gt;</a>&nbsp;&nbsp;&nbsp;TimersInit
</UL>

<P><STRONG><a name="[138]"></a>TIMER_SetCounter</STRONG> (Thumb, 4 bytes, Stack size 0 bytes, mdr32f9qx_timer.o(.text), UNUSED)

<P><STRONG><a name="[139]"></a>TIMER_SetCntPrescaler</STRONG> (Thumb, 4 bytes, Stack size 0 bytes, mdr32f9qx_timer.o(.text), UNUSED)

<P><STRONG><a name="[13a]"></a>TIMER_SetCntAutoreload</STRONG> (Thumb, 4 bytes, Stack size 0 bytes, mdr32f9qx_timer.o(.text), UNUSED)

<P><STRONG><a name="[13b]"></a>TIMER_CntAutoreloadConfig</STRONG> (Thumb, 18 bytes, Stack size 8 bytes, mdr32f9qx_timer.o(.text), UNUSED)

<P><STRONG><a name="[13c]"></a>TIMER_GetCounter</STRONG> (Thumb, 8 bytes, Stack size 0 bytes, mdr32f9qx_timer.o(.text), UNUSED)

<P><STRONG><a name="[13d]"></a>TIMER_CntEventSourceConfig</STRONG> (Thumb, 14 bytes, Stack size 0 bytes, mdr32f9qx_timer.o(.text), UNUSED)

<P><STRONG><a name="[13e]"></a>TIMER_FilterSamplingConfig</STRONG> (Thumb, 14 bytes, Stack size 0 bytes, mdr32f9qx_timer.o(.text), UNUSED)

<P><STRONG><a name="[13f]"></a>TIMER_CounterModeConfig</STRONG> (Thumb, 14 bytes, Stack size 0 bytes, mdr32f9qx_timer.o(.text), UNUSED)

<P><STRONG><a name="[140]"></a>TIMER_SetCounterDirection</STRONG> (Thumb, 14 bytes, Stack size 0 bytes, mdr32f9qx_timer.o(.text), UNUSED)

<P><STRONG><a name="[141]"></a>TIMER_ETRInputConfig</STRONG> (Thumb, 22 bytes, Stack size 12 bytes, mdr32f9qx_timer.o(.text), UNUSED)

<P><STRONG><a name="[142]"></a>TIMER_ETRFilterConfig</STRONG> (Thumb, 16 bytes, Stack size 0 bytes, mdr32f9qx_timer.o(.text), UNUSED)

<P><STRONG><a name="[143]"></a>TIMER_ETRPrescalerConfig</STRONG> (Thumb, 14 bytes, Stack size 0 bytes, mdr32f9qx_timer.o(.text), UNUSED)

<P><STRONG><a name="[144]"></a>TIMER_ETRPolarityConfig</STRONG> (Thumb, 14 bytes, Stack size 0 bytes, mdr32f9qx_timer.o(.text), UNUSED)

<P><STRONG><a name="[145]"></a>TIMER_BRKPolarityConfig</STRONG> (Thumb, 14 bytes, Stack size 0 bytes, mdr32f9qx_timer.o(.text), UNUSED)

<P><STRONG><a name="[146]"></a>TIMER_GetCounterDirection</STRONG> (Thumb, 18 bytes, Stack size 0 bytes, mdr32f9qx_timer.o(.text), UNUSED)

<P><STRONG><a name="[147]"></a>TIMER_GetCntWriteComplete</STRONG> (Thumb, 18 bytes, Stack size 0 bytes, mdr32f9qx_timer.o(.text), UNUSED)

<P><STRONG><a name="[7e]"></a>TIMER_ChnInit</STRONG> (Thumb, 70 bytes, Stack size 16 bytes, mdr32f9qx_timer.o(.text))
<BR><BR>[Stack]<UL><LI>Max Depth = 16<LI>Call Chain = TIMER_ChnInit
</UL>
<BR>[Called By]<UL><LI><a href="#[59]">&gt;&gt;</a>&nbsp;&nbsp;&nbsp;TimersInit
</UL>

<P><STRONG><a name="[7d]"></a>TIMER_ChnStructInit</STRONG> (Thumb, 28 bytes, Stack size 0 bytes, mdr32f9qx_timer.o(.text))
<BR><BR>[Called By]<UL><LI><a href="#[59]">&gt;&gt;</a>&nbsp;&nbsp;&nbsp;TimersInit
</UL>

<P><STRONG><a name="[148]"></a>TIMER_SetChnCompare</STRONG> (Thumb, 14 bytes, Stack size 8 bytes, mdr32f9qx_timer.o(.text), UNUSED)

<P><STRONG><a name="[149]"></a>TIMER_SetChnCompare1</STRONG> (Thumb, 14 bytes, Stack size 8 bytes, mdr32f9qx_timer.o(.text), UNUSED)

<P><STRONG><a name="[14a]"></a>TIMER_ChnCompareConfig</STRONG> (Thumb, 32 bytes, Stack size 20 bytes, mdr32f9qx_timer.o(.text), UNUSED)

<P><STRONG><a name="[14b]"></a>TIMER_ChnCompare1Config</STRONG> (Thumb, 32 bytes, Stack size 20 bytes, mdr32f9qx_timer.o(.text), UNUSED)

<P><STRONG><a name="[14c]"></a>TIMER_GetChnCapture</STRONG> (Thumb, 18 bytes, Stack size 8 bytes, mdr32f9qx_timer.o(.text), UNUSED)

<P><STRONG><a name="[14d]"></a>TIMER_GetChnCapture1</STRONG> (Thumb, 18 bytes, Stack size 8 bytes, mdr32f9qx_timer.o(.text), UNUSED)

<P><STRONG><a name="[14e]"></a>TIMER_ChnETR_Cmd</STRONG> (Thumb, 30 bytes, Stack size 12 bytes, mdr32f9qx_timer.o(.text), UNUSED)

<P><STRONG><a name="[14f]"></a>TIMER_ChnETRResetConfig</STRONG> (Thumb, 24 bytes, Stack size 12 bytes, mdr32f9qx_timer.o(.text), UNUSED)

<P><STRONG><a name="[150]"></a>TIMER_ChnBRKResetConfig</STRONG> (Thumb, 24 bytes, Stack size 12 bytes, mdr32f9qx_timer.o(.text), UNUSED)

<P><STRONG><a name="[151]"></a>TIMER_ChnREFFormatConfig</STRONG> (Thumb, 24 bytes, Stack size 12 bytes, mdr32f9qx_timer.o(.text), UNUSED)

<P><STRONG><a name="[152]"></a>TIMER_ChnCapturePrescalerConfig</STRONG> (Thumb, 26 bytes, Stack size 12 bytes, mdr32f9qx_timer.o(.text), UNUSED)

<P><STRONG><a name="[153]"></a>TIMER_ChnEventSourceConfig</STRONG> (Thumb, 24 bytes, Stack size 12 bytes, mdr32f9qx_timer.o(.text), UNUSED)

<P><STRONG><a name="[154]"></a>TIMER_ChnFilterConfig</STRONG> (Thumb, 24 bytes, Stack size 12 bytes, mdr32f9qx_timer.o(.text), UNUSED)

<P><STRONG><a name="[155]"></a>TIMER_GetChnWriteComplete</STRONG> (Thumb, 28 bytes, Stack size 8 bytes, mdr32f9qx_timer.o(.text), UNUSED)

<P><STRONG><a name="[156]"></a>TIMER_ChnCCR1_EventSourceConfig</STRONG> (Thumb, 24 bytes, Stack size 12 bytes, mdr32f9qx_timer.o(.text), UNUSED)

<P><STRONG><a name="[157]"></a>TIMER_ChnCCR1_Cmd</STRONG> (Thumb, 30 bytes, Stack size 12 bytes, mdr32f9qx_timer.o(.text), UNUSED)

<P><STRONG><a name="[80]"></a>TIMER_ChnOutInit</STRONG> (Thumb, 66 bytes, Stack size 16 bytes, mdr32f9qx_timer.o(.text))
<BR><BR>[Stack]<UL><LI>Max Depth = 16<LI>Call Chain = TIMER_ChnOutInit
</UL>
<BR>[Called By]<UL><LI><a href="#[59]">&gt;&gt;</a>&nbsp;&nbsp;&nbsp;TimersInit
</UL>

<P><STRONG><a name="[7f]"></a>TIMER_ChnOutStructInit</STRONG> (Thumb, 22 bytes, Stack size 0 bytes, mdr32f9qx_timer.o(.text))
<BR><BR>[Called By]<UL><LI><a href="#[59]">&gt;&gt;</a>&nbsp;&nbsp;&nbsp;TimersInit
</UL>

<P><STRONG><a name="[158]"></a>TIMER_ChnOutConfig</STRONG> (Thumb, 34 bytes, Stack size 20 bytes, mdr32f9qx_timer.o(.text), UNUSED)

<P><STRONG><a name="[159]"></a>TIMER_ChnOutSourceConfig</STRONG> (Thumb, 26 bytes, Stack size 12 bytes, mdr32f9qx_timer.o(.text), UNUSED)

<P><STRONG><a name="[15a]"></a>TIMER_ChnOutModeConfig</STRONG> (Thumb, 24 bytes, Stack size 12 bytes, mdr32f9qx_timer.o(.text), UNUSED)

<P><STRONG><a name="[15b]"></a>TIMER_ChnOutPolarityConfig</STRONG> (Thumb, 26 bytes, Stack size 12 bytes, mdr32f9qx_timer.o(.text), UNUSED)

<P><STRONG><a name="[15c]"></a>TIMER_ChnNOutConfig</STRONG> (Thumb, 36 bytes, Stack size 20 bytes, mdr32f9qx_timer.o(.text), UNUSED)

<P><STRONG><a name="[15d]"></a>TIMER_ChnNOutSourceConfig</STRONG> (Thumb, 26 bytes, Stack size 12 bytes, mdr32f9qx_timer.o(.text), UNUSED)

<P><STRONG><a name="[15e]"></a>TIMER_ChnNOutModeConfig</STRONG> (Thumb, 26 bytes, Stack size 12 bytes, mdr32f9qx_timer.o(.text), UNUSED)

<P><STRONG><a name="[15f]"></a>TIMER_ChnNOutPolarityConfig</STRONG> (Thumb, 26 bytes, Stack size 12 bytes, mdr32f9qx_timer.o(.text), UNUSED)

<P><STRONG><a name="[160]"></a>TIMER_ChnOutDTGConfig</STRONG> (Thumb, 20 bytes, Stack size 16 bytes, mdr32f9qx_timer.o(.text), UNUSED)

<P><STRONG><a name="[161]"></a>TIMER_GetStatus</STRONG> (Thumb, 6 bytes, Stack size 0 bytes, mdr32f9qx_timer.o(.text), UNUSED)

<P><STRONG><a name="[162]"></a>TIMER_GetFlagStatus</STRONG> (Thumb, 16 bytes, Stack size 0 bytes, mdr32f9qx_timer.o(.text), UNUSED)

<P><STRONG><a name="[163]"></a>TIMER_ClearFlag</STRONG> (Thumb, 8 bytes, Stack size 0 bytes, mdr32f9qx_timer.o(.text), UNUSED)

<P><STRONG><a name="[164]"></a>TIMER_DMACmd</STRONG> (Thumb, 18 bytes, Stack size 8 bytes, mdr32f9qx_timer.o(.text), UNUSED)

<P><STRONG><a name="[165]"></a>TIMER_ITConfig</STRONG> (Thumb, 18 bytes, Stack size 8 bytes, mdr32f9qx_timer.o(.text), UNUSED)

<P><STRONG><a name="[166]"></a>TIMER_GetITStatus</STRONG> (Thumb, 24 bytes, Stack size 12 bytes, mdr32f9qx_timer.o(.text), UNUSED)

<P><STRONG><a name="[81]"></a>TIMER_BRGInit</STRONG> (Thumb, 68 bytes, Stack size 0 bytes, mdr32f9qx_timer.o(.text))
<BR><BR>[Called By]<UL><LI><a href="#[59]">&gt;&gt;</a>&nbsp;&nbsp;&nbsp;TimersInit
</UL>

<P><STRONG><a name="[167]"></a>I2C_DeInit</STRONG> (Thumb, 20 bytes, Stack size 0 bytes, mdr32f9qx_i2c.o(.text), UNUSED)

<P><STRONG><a name="[72]"></a>I2C_Init</STRONG> (Thumb, 38 bytes, Stack size 8 bytes, mdr32f9qx_i2c.o(.text))
<BR><BR>[Stack]<UL><LI>Max Depth = 8<LI>Call Chain = I2C_Init
</UL>
<BR>[Called By]<UL><LI><a href="#[58]">&gt;&gt;</a>&nbsp;&nbsp;&nbsp;I2CInit
</UL>

<P><STRONG><a name="[168]"></a>I2C_StructInit</STRONG> (Thumb, 10 bytes, Stack size 0 bytes, mdr32f9qx_i2c.o(.text), UNUSED)

<P><STRONG><a name="[71]"></a>I2C_Cmd</STRONG> (Thumb, 22 bytes, Stack size 0 bytes, mdr32f9qx_i2c.o(.text))
<BR><BR>[Called By]<UL><LI><a href="#[58]">&gt;&gt;</a>&nbsp;&nbsp;&nbsp;I2CInit
</UL>

<P><STRONG><a name="[169]"></a>I2C_ITConfig</STRONG> (Thumb, 22 bytes, Stack size 0 bytes, mdr32f9qx_i2c.o(.text), UNUSED)

<P><STRONG><a name="[16a]"></a>I2C_GetITStatus</STRONG> (Thumb, 20 bytes, Stack size 0 bytes, mdr32f9qx_i2c.o(.text), UNUSED)

<P><STRONG><a name="[16b]"></a>I2C_ClearITPendingBit</STRONG> (Thumb, 12 bytes, Stack size 0 bytes, mdr32f9qx_i2c.o(.text), UNUSED)

<P><STRONG><a name="[a7]"></a>I2C_Send7bitAddress</STRONG> (Thumb, 16 bytes, Stack size 0 bytes, mdr32f9qx_i2c.o(.text), UNUSED)
<BR><BR>[Called By]<UL><LI><a href="#[ad]">&gt;&gt;</a>&nbsp;&nbsp;&nbsp;EEPROMReady
<LI><a href="#[ac]">&gt;&gt;</a>&nbsp;&nbsp;&nbsp;EEPROMWriteBlock
<LI><a href="#[4d]">&gt;&gt;</a>&nbsp;&nbsp;&nbsp;EEPROMReadBlock
</UL>

<P><STRONG><a name="[a8]"></a>I2C_SendByte</STRONG> (Thumb, 12 bytes, Stack size 0 bytes, mdr32f9qx_i2c.o(.text), UNUSED)
<BR><BR>[Called By]<UL><LI><a href="#[ac]">&gt;&gt;</a>&nbsp;&nbsp;&nbsp;EEPROMWriteBlock
<LI><a href="#[4d]">&gt;&gt;</a>&nbsp;&nbsp;&nbsp;EEPROMReadBlock
</UL>

<P><STRONG><a name="[ab]"></a>I2C_SendSTOP</STRONG> (Thumb, 8 bytes, Stack size 0 bytes, mdr32f9qx_i2c.o(.text), UNUSED)
<BR><BR>[Called By]<UL><LI><a href="#[ad]">&gt;&gt;</a>&nbsp;&nbsp;&nbsp;EEPROMReady
<LI><a href="#[ac]">&gt;&gt;</a>&nbsp;&nbsp;&nbsp;EEPROMWriteBlock
<LI><a href="#[4d]">&gt;&gt;</a>&nbsp;&nbsp;&nbsp;EEPROMReadBlock
</UL>

<P><STRONG><a name="[a9]"></a>I2C_StartReceiveData</STRONG> (Thumb, 10 bytes, Stack size 0 bytes, mdr32f9qx_i2c.o(.text), UNUSED)
<BR><BR>[Called By]<UL><LI><a href="#[4d]">&gt;&gt;</a>&nbsp;&nbsp;&nbsp;EEPROMReadBlock
</UL>

<P><STRONG><a name="[aa]"></a>I2C_GetReceivedData</STRONG> (Thumb, 8 bytes, Stack size 0 bytes, mdr32f9qx_i2c.o(.text), UNUSED)
<BR><BR>[Called By]<UL><LI><a href="#[4d]">&gt;&gt;</a>&nbsp;&nbsp;&nbsp;EEPROMReadBlock
</UL>

<P><STRONG><a name="[47]"></a>I2C_GetLastEvent</STRONG> (Thumb, 18 bytes, Stack size 0 bytes, mdr32f9qx_i2c.o(.text), UNUSED)
<BR><BR>[Called By]<UL><LI><a href="#[48]">&gt;&gt;</a>&nbsp;&nbsp;&nbsp;I2C_GetFlagStatus
<LI><a href="#[46]">&gt;&gt;</a>&nbsp;&nbsp;&nbsp;I2C_CheckEvent
</UL>

<P><STRONG><a name="[46]"></a>I2C_CheckEvent</STRONG> (Thumb, 24 bytes, Stack size 12 bytes, mdr32f9qx_i2c.o(.text), UNUSED)
<BR><BR>[Calls]<UL><LI><a href="#[47]">&gt;&gt;</a>&nbsp;&nbsp;&nbsp;I2C_GetLastEvent
</UL>

<P><STRONG><a name="[48]"></a>I2C_GetFlagStatus</STRONG> (Thumb, 22 bytes, Stack size 12 bytes, mdr32f9qx_i2c.o(.text), UNUSED)
<BR><BR>[Calls]<UL><LI><a href="#[47]">&gt;&gt;</a>&nbsp;&nbsp;&nbsp;I2C_GetLastEvent
</UL>
<BR>[Called By]<UL><LI><a href="#[ad]">&gt;&gt;</a>&nbsp;&nbsp;&nbsp;EEPROMReady
<LI><a href="#[ac]">&gt;&gt;</a>&nbsp;&nbsp;&nbsp;EEPROMWriteBlock
<LI><a href="#[4d]">&gt;&gt;</a>&nbsp;&nbsp;&nbsp;EEPROMReadBlock
</UL>

<P><STRONG><a name="[73]"></a>ADC_DeInit</STRONG> (Thumb, 36 bytes, Stack size 0 bytes, mdr32f9qx_adc.o(.text))
<BR><BR>[Called By]<UL><LI><a href="#[5b]">&gt;&gt;</a>&nbsp;&nbsp;&nbsp;ADCInit
</UL>

<P><STRONG><a name="[75]"></a>ADC_Init</STRONG> (Thumb, 48 bytes, Stack size 8 bytes, mdr32f9qx_adc.o(.text))
<BR><BR>[Stack]<UL><LI>Max Depth = 8<LI>Call Chain = ADC_Init
</UL>
<BR>[Called By]<UL><LI><a href="#[5b]">&gt;&gt;</a>&nbsp;&nbsp;&nbsp;ADCInit
</UL>

<P><STRONG><a name="[74]"></a>ADC_StructInit</STRONG> (Thumb, 18 bytes, Stack size 0 bytes, mdr32f9qx_adc.o(.text))
<BR><BR>[Called By]<UL><LI><a href="#[5b]">&gt;&gt;</a>&nbsp;&nbsp;&nbsp;ADCInit
</UL>

<P><STRONG><a name="[16c]"></a>ADC_SetTrim</STRONG> (Thumb, 18 bytes, Stack size 0 bytes, mdr32f9qx_adc.o(.text), UNUSED)

<P><STRONG><a name="[77]"></a>ADC1_Init</STRONG> (Thumb, 84 bytes, Stack size 8 bytes, mdr32f9qx_adc.o(.text))
<BR><BR>[Stack]<UL><LI>Max Depth = 8<LI>Call Chain = ADC1_Init
</UL>
<BR>[Called By]<UL><LI><a href="#[5b]">&gt;&gt;</a>&nbsp;&nbsp;&nbsp;ADCInit
</UL>

<P><STRONG><a name="[78]"></a>ADC2_Init</STRONG> (Thumb, 70 bytes, Stack size 0 bytes, mdr32f9qx_adc.o(.text))
<BR><BR>[Called By]<UL><LI><a href="#[5b]">&gt;&gt;</a>&nbsp;&nbsp;&nbsp;ADCInit
</UL>

<P><STRONG><a name="[76]"></a>ADCx_StructInit</STRONG> (Thumb, 28 bytes, Stack size 0 bytes, mdr32f9qx_adc.o(.text))
<BR><BR>[Called By]<UL><LI><a href="#[5b]">&gt;&gt;</a>&nbsp;&nbsp;&nbsp;ADCInit
</UL>

<P><STRONG><a name="[79]"></a>ADC1_Cmd</STRONG> (Thumb, 24 bytes, Stack size 0 bytes, mdr32f9qx_adc.o(.text))
<BR><BR>[Called By]<UL><LI><a href="#[5b]">&gt;&gt;</a>&nbsp;&nbsp;&nbsp;ADCInit
</UL>

<P><STRONG><a name="[7a]"></a>ADC2_Cmd</STRONG> (Thumb, 24 bytes, Stack size 0 bytes, mdr32f9qx_adc.o(.text))
<BR><BR>[Called By]<UL><LI><a href="#[5b]">&gt;&gt;</a>&nbsp;&nbsp;&nbsp;ADCInit
</UL>

<P><STRONG><a name="[bd]"></a>ADC1_SetChannel</STRONG> (Thumb, 18 bytes, Stack size 0 bytes, mdr32f9qx_adc.o(.text), UNUSED)
<BR><BR>[Called By]<UL><LI><a href="#[bc]">&gt;&gt;</a>&nbsp;&nbsp;&nbsp;Converter_HW_ADCProcess
</UL>

<P><STRONG><a name="[92]"></a>ADC2_SetChannel</STRONG> (Thumb, 18 bytes, Stack size 0 bytes, mdr32f9qx_adc.o(.text), UNUSED)
<BR><BR>[Called By]<UL><LI><a href="#[91]">&gt;&gt;</a>&nbsp;&nbsp;&nbsp;ProcessTemperature
</UL>

<P><STRONG><a name="[16d]"></a>ADC1_SetChannels</STRONG> (Thumb, 6 bytes, Stack size 0 bytes, mdr32f9qx_adc.o(.text), UNUSED)

<P><STRONG><a name="[16e]"></a>ADC2_SetChannels</STRONG> (Thumb, 6 bytes, Stack size 0 bytes, mdr32f9qx_adc.o(.text), UNUSED)

<P><STRONG><a name="[16f]"></a>ADC1_OperationModeConfig</STRONG> (Thumb, 20 bytes, Stack size 0 bytes, mdr32f9qx_adc.o(.text), UNUSED)

<P><STRONG><a name="[170]"></a>ADC2_OperationModeConfig</STRONG> (Thumb, 20 bytes, Stack size 0 bytes, mdr32f9qx_adc.o(.text), UNUSED)

<P><STRONG><a name="[171]"></a>ADC1_SamplingModeConfig</STRONG> (Thumb, 16 bytes, Stack size 0 bytes, mdr32f9qx_adc.o(.text), UNUSED)

<P><STRONG><a name="[172]"></a>ADC2_SamplingModeConfig</STRONG> (Thumb, 16 bytes, Stack size 0 bytes, mdr32f9qx_adc.o(.text), UNUSED)

<P><STRONG><a name="[173]"></a>ADC1_ChannelSwithingConfig</STRONG> (Thumb, 16 bytes, Stack size 0 bytes, mdr32f9qx_adc.o(.text), UNUSED)

<P><STRONG><a name="[174]"></a>ADC2_ChannelSwithingConfig</STRONG> (Thumb, 16 bytes, Stack size 0 bytes, mdr32f9qx_adc.o(.text), UNUSED)

<P><STRONG><a name="[175]"></a>ADC1_LevelsConfig</STRONG> (Thumb, 22 bytes, Stack size 8 bytes, mdr32f9qx_adc.o(.text), UNUSED)

<P><STRONG><a name="[176]"></a>ADC2_LevelsConfig</STRONG> (Thumb, 22 bytes, Stack size 8 bytes, mdr32f9qx_adc.o(.text), UNUSED)

<P><STRONG><a name="[177]"></a>ADC1_SetLowLevel</STRONG> (Thumb, 6 bytes, Stack size 0 bytes, mdr32f9qx_adc.o(.text), UNUSED)

<P><STRONG><a name="[178]"></a>ADC2_SetLowLevel</STRONG> (Thumb, 6 bytes, Stack size 0 bytes, mdr32f9qx_adc.o(.text), UNUSED)

<P><STRONG><a name="[179]"></a>ADC1_SetHighLevel</STRONG> (Thumb, 6 bytes, Stack size 0 bytes, mdr32f9qx_adc.o(.text), UNUSED)

<P><STRONG><a name="[17a]"></a>ADC2_SetHighLevel</STRONG> (Thumb, 6 bytes, Stack size 0 bytes, mdr32f9qx_adc.o(.text), UNUSED)

<P><STRONG><a name="[bf]"></a>ADC1_Start</STRONG> (Thumb, 14 bytes, Stack size 0 bytes, mdr32f9qx_adc.o(.text), UNUSED)
<BR><BR>[Called By]<UL><LI><a href="#[bc]">&gt;&gt;</a>&nbsp;&nbsp;&nbsp;Converter_HW_ADCProcess
</UL>

<P><STRONG><a name="[93]"></a>ADC2_Start</STRONG> (Thumb, 14 bytes, Stack size 0 bytes, mdr32f9qx_adc.o(.text), UNUSED)
<BR><BR>[Called By]<UL><LI><a href="#[91]">&gt;&gt;</a>&nbsp;&nbsp;&nbsp;ProcessTemperature
</UL>

<P><STRONG><a name="[be]"></a>ADC1_GetResult</STRONG> (Thumb, 6 bytes, Stack size 0 bytes, mdr32f9qx_adc.o(.text), UNUSED)
<BR><BR>[Called By]<UL><LI><a href="#[bc]">&gt;&gt;</a>&nbsp;&nbsp;&nbsp;Converter_HW_ADCProcess
</UL>

<P><STRONG><a name="[94]"></a>ADC2_GetResult</STRONG> (Thumb, 6 bytes, Stack size 0 bytes, mdr32f9qx_adc.o(.text), UNUSED)
<BR><BR>[Called By]<UL><LI><a href="#[91]">&gt;&gt;</a>&nbsp;&nbsp;&nbsp;ProcessTemperature
</UL>

<P><STRONG><a name="[4a]"></a>ADC_GetStatus</STRONG> (Thumb, 14 bytes, Stack size 0 bytes, mdr32f9qx_adc.o(.text), UNUSED)
<BR><BR>[Called By]<UL><LI><a href="#[4b]">&gt;&gt;</a>&nbsp;&nbsp;&nbsp;ADC_GetITStatus
<LI><a href="#[49]">&gt;&gt;</a>&nbsp;&nbsp;&nbsp;ADC_GetFlagStatus
</UL>

<P><STRONG><a name="[17b]"></a>ADC1_GetStatus</STRONG> (Thumb, 6 bytes, Stack size 0 bytes, mdr32f9qx_adc.o(.text), UNUSED)

<P><STRONG><a name="[17c]"></a>ADC2_GetStatus</STRONG> (Thumb, 6 bytes, Stack size 0 bytes, mdr32f9qx_adc.o(.text), UNUSED)

<P><STRONG><a name="[49]"></a>ADC_GetFlagStatus</STRONG> (Thumb, 22 bytes, Stack size 4 bytes, mdr32f9qx_adc.o(.text), UNUSED)
<BR><BR>[Calls]<UL><LI><a href="#[4a]">&gt;&gt;</a>&nbsp;&nbsp;&nbsp;ADC_GetStatus
</UL>

<P><STRONG><a name="[17d]"></a>ADC1_GetFlagStatus</STRONG> (Thumb, 18 bytes, Stack size 0 bytes, mdr32f9qx_adc.o(.text), UNUSED)

<P><STRONG><a name="[17e]"></a>ADC2_GetFlagStatus</STRONG> (Thumb, 18 bytes, Stack size 0 bytes, mdr32f9qx_adc.o(.text), UNUSED)

<P><STRONG><a name="[17f]"></a>ADC1_ClearOverwriteFlag</STRONG> (Thumb, 14 bytes, Stack size 0 bytes, mdr32f9qx_adc.o(.text), UNUSED)

<P><STRONG><a name="[180]"></a>ADC2_ClearOverwriteFlag</STRONG> (Thumb, 14 bytes, Stack size 0 bytes, mdr32f9qx_adc.o(.text), UNUSED)

<P><STRONG><a name="[181]"></a>ADC1_ClearOutOfRangeFlag</STRONG> (Thumb, 14 bytes, Stack size 0 bytes, mdr32f9qx_adc.o(.text), UNUSED)

<P><STRONG><a name="[182]"></a>ADC2_ClearOutOfRangeFlag</STRONG> (Thumb, 14 bytes, Stack size 0 bytes, mdr32f9qx_adc.o(.text), UNUSED)

<P><STRONG><a name="[183]"></a>ADC_ITConfig</STRONG> (Thumb, 42 bytes, Stack size 12 bytes, mdr32f9qx_adc.o(.text), UNUSED)

<P><STRONG><a name="[184]"></a>ADC1_ITConfig</STRONG> (Thumb, 24 bytes, Stack size 0 bytes, mdr32f9qx_adc.o(.text), UNUSED)

<P><STRONG><a name="[185]"></a>ADC2_ITConfig</STRONG> (Thumb, 24 bytes, Stack size 0 bytes, mdr32f9qx_adc.o(.text), UNUSED)

<P><STRONG><a name="[4b]"></a>ADC_GetITStatus</STRONG> (Thumb, 28 bytes, Stack size 8 bytes, mdr32f9qx_adc.o(.text), UNUSED)
<BR><BR>[Calls]<UL><LI><a href="#[4a]">&gt;&gt;</a>&nbsp;&nbsp;&nbsp;ADC_GetStatus
</UL>

<P><STRONG><a name="[186]"></a>ADC1_GetITStatus</STRONG> (Thumb, 22 bytes, Stack size 0 bytes, mdr32f9qx_adc.o(.text), UNUSED)

<P><STRONG><a name="[187]"></a>ADC2_GetITStatus</STRONG> (Thumb, 22 bytes, Stack size 0 bytes, mdr32f9qx_adc.o(.text), UNUSED)

<P><STRONG><a name="[4c]"></a>EEPROM_test</STRONG> (Thumb, 58 bytes, Stack size 16 bytes, main.o(.text), UNUSED)
<BR><BR>[Calls]<UL><LI><a href="#[4d]">&gt;&gt;</a>&nbsp;&nbsp;&nbsp;EEPROMReadBlock
</UL>

<P><STRONG><a name="[4e]"></a>vTaskLED1</STRONG> (Thumb, 44 bytes, Stack size 8 bytes, main.o(.text))
<BR><BR>[Stack]<UL><LI>Max Depth = 80<LI>Call Chain = vTaskLED1 &rArr; vTaskDelayUntil &rArr; xTaskResumeAll &rArr; xTaskIncrementTick
</UL>
<BR>[Calls]<UL><LI><a href="#[4f]">&gt;&gt;</a>&nbsp;&nbsp;&nbsp;xTaskGetTickCount
<LI><a href="#[51]">&gt;&gt;</a>&nbsp;&nbsp;&nbsp;vTaskDelayUntil
<LI><a href="#[50]">&gt;&gt;</a>&nbsp;&nbsp;&nbsp;PORT_ResetBits
<LI><a href="#[52]">&gt;&gt;</a>&nbsp;&nbsp;&nbsp;PORT_SetBits
</UL>
<BR>[Address Reference Count : 1]<UL><LI> main.o(.text)
</UL>
<P><STRONG><a name="[53]"></a>vTaskLED2</STRONG> (Thumb, 44 bytes, Stack size 8 bytes, main.o(.text))
<BR><BR>[Stack]<UL><LI>Max Depth = 80<LI>Call Chain = vTaskLED2 &rArr; vTaskDelayUntil &rArr; xTaskResumeAll &rArr; xTaskIncrementTick
</UL>
<BR>[Calls]<UL><LI><a href="#[4f]">&gt;&gt;</a>&nbsp;&nbsp;&nbsp;xTaskGetTickCount
<LI><a href="#[51]">&gt;&gt;</a>&nbsp;&nbsp;&nbsp;vTaskDelayUntil
<LI><a href="#[50]">&gt;&gt;</a>&nbsp;&nbsp;&nbsp;PORT_ResetBits
<LI><a href="#[52]">&gt;&gt;</a>&nbsp;&nbsp;&nbsp;PORT_SetBits
</UL>
<BR>[Address Reference Count : 1]<UL><LI> main.o(.text)
</UL>
<P><STRONG><a name="[32]"></a>main</STRONG> (Thumb, 184 bytes, Stack size 56 bytes, main.o(.text))
<BR><BR>[Stack]<UL><LI>Max Depth = 216 + Unknown Stack Size
<LI>Call Chain = main &rArr; vTaskStartScheduler &rArr; xTaskGenericCreate &rArr; prvAllocateTCBAndStack &rArr; pvPortMalloc &rArr; xTaskResumeAll &rArr; xTaskIncrementTick
</UL>
<BR>[Calls]<UL><LI><a href="#[63]">&gt;&gt;</a>&nbsp;&nbsp;&nbsp;xTaskGenericCreate
<LI><a href="#[64]">&gt;&gt;</a>&nbsp;&nbsp;&nbsp;vTaskStartScheduler
<LI><a href="#[59]">&gt;&gt;</a>&nbsp;&nbsp;&nbsp;TimersInit
<LI><a href="#[55]">&gt;&gt;</a>&nbsp;&nbsp;&nbsp;Setup_CPU_Clock
<LI><a href="#[5f]">&gt;&gt;</a>&nbsp;&nbsp;&nbsp;SetCoolerSpeed
<LI><a href="#[57]">&gt;&gt;</a>&nbsp;&nbsp;&nbsp;SSPInit
<LI><a href="#[5a]">&gt;&gt;</a>&nbsp;&nbsp;&nbsp;PortInit
<LI><a href="#[62]">&gt;&gt;</a>&nbsp;&nbsp;&nbsp;LcdUpdateByCore
<LI><a href="#[60]">&gt;&gt;</a>&nbsp;&nbsp;&nbsp;LcdSetBacklight
<LI><a href="#[61]">&gt;&gt;</a>&nbsp;&nbsp;&nbsp;LcdPutNormalStr
<LI><a href="#[5c]">&gt;&gt;</a>&nbsp;&nbsp;&nbsp;LcdInit
<LI><a href="#[5d]">&gt;&gt;</a>&nbsp;&nbsp;&nbsp;InitButtons
<LI><a href="#[58]">&gt;&gt;</a>&nbsp;&nbsp;&nbsp;I2CInit
<LI><a href="#[56]">&gt;&gt;</a>&nbsp;&nbsp;&nbsp;DWTCounterInit
<LI><a href="#[5e]">&gt;&gt;</a>&nbsp;&nbsp;&nbsp;Converter_Init
<LI><a href="#[5b]">&gt;&gt;</a>&nbsp;&nbsp;&nbsp;ADCInit
<LI><a href="#[54]">&gt;&gt;</a>&nbsp;&nbsp;&nbsp;__aeabi_memcpy4
</UL>
<BR>[Called By]<UL><LI><a href="#[31]">&gt;&gt;</a>&nbsp;&nbsp;&nbsp;__rt_entry_main
</UL>

<P><STRONG><a name="[55]"></a>Setup_CPU_Clock</STRONG> (Thumb, 88 bytes, Stack size 8 bytes, systemfunc.o(.text))
<BR><BR>[Stack]<UL><LI>Max Depth = 32<LI>Call Chain = Setup_CPU_Clock &rArr; RST_CLK_CPU_PLLstatus &rArr; RST_CLK_GetFlagStatus
</UL>
<BR>[Calls]<UL><LI><a href="#[68]">&gt;&gt;</a>&nbsp;&nbsp;&nbsp;RST_CLK_CPUclkPrescaler
<LI><a href="#[44]">&gt;&gt;</a>&nbsp;&nbsp;&nbsp;RST_CLK_CPU_PLLstatus
<LI><a href="#[67]">&gt;&gt;</a>&nbsp;&nbsp;&nbsp;RST_CLK_CPU_PLLcmd
<LI><a href="#[69]">&gt;&gt;</a>&nbsp;&nbsp;&nbsp;RST_CLK_CPU_PLLuse
<LI><a href="#[66]">&gt;&gt;</a>&nbsp;&nbsp;&nbsp;RST_CLK_CPU_PLLconfig
<LI><a href="#[41]">&gt;&gt;</a>&nbsp;&nbsp;&nbsp;RST_CLK_HSEstatus
<LI><a href="#[65]">&gt;&gt;</a>&nbsp;&nbsp;&nbsp;RST_CLK_HSEconfig
<LI><a href="#[3e]">&gt;&gt;</a>&nbsp;&nbsp;&nbsp;RST_CLK_CPUclkSelection
<LI><a href="#[40]">&gt;&gt;</a>&nbsp;&nbsp;&nbsp;RST_CLK_PCLKcmd
<LI><a href="#[39]">&gt;&gt;</a>&nbsp;&nbsp;&nbsp;SystemCoreClockUpdate
</UL>
<BR>[Called By]<UL><LI><a href="#[32]">&gt;&gt;</a>&nbsp;&nbsp;&nbsp;main
</UL>

<P><STRONG><a name="[5a]"></a>PortInit</STRONG> (Thumb, 452 bytes, Stack size 16 bytes, systemfunc.o(.text))
<BR><BR>[Stack]<UL><LI>Max Depth = 64<LI>Call Chain = PortInit &rArr; PORT_Init
</UL>
<BR>[Calls]<UL><LI><a href="#[52]">&gt;&gt;</a>&nbsp;&nbsp;&nbsp;PORT_SetBits
<LI><a href="#[6b]">&gt;&gt;</a>&nbsp;&nbsp;&nbsp;PORT_StructInit
<LI><a href="#[6c]">&gt;&gt;</a>&nbsp;&nbsp;&nbsp;PORT_Init
<LI><a href="#[6a]">&gt;&gt;</a>&nbsp;&nbsp;&nbsp;PORT_DeInit
</UL>
<BR>[Called By]<UL><LI><a href="#[32]">&gt;&gt;</a>&nbsp;&nbsp;&nbsp;main
</UL>

<P><STRONG><a name="[57]"></a>SSPInit</STRONG> (Thumb, 78 bytes, Stack size 24 bytes, systemfunc.o(.text))
<BR><BR>[Stack]<UL><LI>Max Depth = 32<LI>Call Chain = SSPInit &rArr; SSP_Init
</UL>
<BR>[Calls]<UL><LI><a href="#[6e]">&gt;&gt;</a>&nbsp;&nbsp;&nbsp;SSP_BRGInit
<LI><a href="#[70]">&gt;&gt;</a>&nbsp;&nbsp;&nbsp;SSP_Cmd
<LI><a href="#[6d]">&gt;&gt;</a>&nbsp;&nbsp;&nbsp;SSP_StructInit
<LI><a href="#[6f]">&gt;&gt;</a>&nbsp;&nbsp;&nbsp;SSP_Init
</UL>
<BR>[Called By]<UL><LI><a href="#[32]">&gt;&gt;</a>&nbsp;&nbsp;&nbsp;main
</UL>

<P><STRONG><a name="[58]"></a>I2CInit</STRONG> (Thumb, 24 bytes, Stack size 16 bytes, systemfunc.o(.text))
<BR><BR>[Stack]<UL><LI>Max Depth = 24<LI>Call Chain = I2CInit &rArr; I2C_Init
</UL>
<BR>[Calls]<UL><LI><a href="#[71]">&gt;&gt;</a>&nbsp;&nbsp;&nbsp;I2C_Cmd
<LI><a href="#[72]">&gt;&gt;</a>&nbsp;&nbsp;&nbsp;I2C_Init
</UL>
<BR>[Called By]<UL><LI><a href="#[32]">&gt;&gt;</a>&nbsp;&nbsp;&nbsp;main
</UL>

<P><STRONG><a name="[5b]"></a>ADCInit</STRONG> (Thumb, 130 bytes, Stack size 80 bytes, systemfunc.o(.text))
<BR><BR>[Stack]<UL><LI>Max Depth = 88<LI>Call Chain = ADCInit &rArr; ADC1_Init
</UL>
<BR>[Calls]<UL><LI><a href="#[7a]">&gt;&gt;</a>&nbsp;&nbsp;&nbsp;ADC2_Cmd
<LI><a href="#[79]">&gt;&gt;</a>&nbsp;&nbsp;&nbsp;ADC1_Cmd
<LI><a href="#[76]">&gt;&gt;</a>&nbsp;&nbsp;&nbsp;ADCx_StructInit
<LI><a href="#[78]">&gt;&gt;</a>&nbsp;&nbsp;&nbsp;ADC2_Init
<LI><a href="#[77]">&gt;&gt;</a>&nbsp;&nbsp;&nbsp;ADC1_Init
<LI><a href="#[74]">&gt;&gt;</a>&nbsp;&nbsp;&nbsp;ADC_StructInit
<LI><a href="#[75]">&gt;&gt;</a>&nbsp;&nbsp;&nbsp;ADC_Init
<LI><a href="#[73]">&gt;&gt;</a>&nbsp;&nbsp;&nbsp;ADC_DeInit
</UL>
<BR>[Called By]<UL><LI><a href="#[32]">&gt;&gt;</a>&nbsp;&nbsp;&nbsp;main
</UL>

<P><STRONG><a name="[59]"></a>TimersInit</STRONG> (Thumb, 518 bytes, Stack size 72 bytes, systemfunc.o(.text))
<BR><BR>[Stack]<UL><LI>Max Depth = 88<LI>Call Chain = TimersInit &rArr; TIMER_ChnOutInit
</UL>
<BR>[Calls]<UL><LI><a href="#[81]">&gt;&gt;</a>&nbsp;&nbsp;&nbsp;TIMER_BRGInit
<LI><a href="#[7f]">&gt;&gt;</a>&nbsp;&nbsp;&nbsp;TIMER_ChnOutStructInit
<LI><a href="#[80]">&gt;&gt;</a>&nbsp;&nbsp;&nbsp;TIMER_ChnOutInit
<LI><a href="#[7d]">&gt;&gt;</a>&nbsp;&nbsp;&nbsp;TIMER_ChnStructInit
<LI><a href="#[7e]">&gt;&gt;</a>&nbsp;&nbsp;&nbsp;TIMER_ChnInit
<LI><a href="#[82]">&gt;&gt;</a>&nbsp;&nbsp;&nbsp;TIMER_Cmd
<LI><a href="#[7b]">&gt;&gt;</a>&nbsp;&nbsp;&nbsp;TIMER_CntStructInit
<LI><a href="#[7c]">&gt;&gt;</a>&nbsp;&nbsp;&nbsp;TIMER_CntInit
</UL>
<BR>[Called By]<UL><LI><a href="#[32]">&gt;&gt;</a>&nbsp;&nbsp;&nbsp;main
</UL>

<P><STRONG><a name="[89]"></a>SetVoltagePWMPeriod</STRONG> (Thumb, 6 bytes, Stack size 0 bytes, systemfunc.o(.text), UNUSED)
<BR><BR>[Called By]<UL><LI><a href="#[83]">&gt;&gt;</a>&nbsp;&nbsp;&nbsp;ProcessPowerOff
<LI><a href="#[b4]">&gt;&gt;</a>&nbsp;&nbsp;&nbsp;apply_regulation
</UL>

<P><STRONG><a name="[8a]"></a>SetCurrentPWMPeriod</STRONG> (Thumb, 6 bytes, Stack size 0 bytes, systemfunc.o(.text), UNUSED)
<BR><BR>[Called By]<UL><LI><a href="#[83]">&gt;&gt;</a>&nbsp;&nbsp;&nbsp;ProcessPowerOff
<LI><a href="#[b4]">&gt;&gt;</a>&nbsp;&nbsp;&nbsp;apply_regulation
</UL>

<P><STRONG><a name="[188]"></a>SetBuzzerFreq</STRONG> (Thumb, 18 bytes, Stack size 0 bytes, systemfunc.o(.text), UNUSED)

<P><STRONG><a name="[5f]"></a>SetCoolerSpeed</STRONG> (Thumb, 6 bytes, Stack size 0 bytes, systemfunc.o(.text))
<BR><BR>[Called By]<UL><LI><a href="#[9a]">&gt;&gt;</a>&nbsp;&nbsp;&nbsp;ProcessCooler
<LI><a href="#[83]">&gt;&gt;</a>&nbsp;&nbsp;&nbsp;ProcessPowerOff
<LI><a href="#[32]">&gt;&gt;</a>&nbsp;&nbsp;&nbsp;main
</UL>

<P><STRONG><a name="[60]"></a>LcdSetBacklight</STRONG> (Thumb, 12 bytes, Stack size 0 bytes, systemfunc.o(.text))
<BR><BR>[Called By]<UL><LI><a href="#[83]">&gt;&gt;</a>&nbsp;&nbsp;&nbsp;ProcessPowerOff
<LI><a href="#[32]">&gt;&gt;</a>&nbsp;&nbsp;&nbsp;main
</UL>

<P><STRONG><a name="[83]"></a>ProcessPowerOff</STRONG> (Thumb, 194 bytes, Stack size 8 bytes, systemfunc.o(.text), UNUSED)
<BR><BR>[Calls]<UL><LI><a href="#[86]">&gt;&gt;</a>&nbsp;&nbsp;&nbsp;SysTickStop
<LI><a href="#[87]">&gt;&gt;</a>&nbsp;&nbsp;&nbsp;StopBeep
<LI><a href="#[8f]">&gt;&gt;</a>&nbsp;&nbsp;&nbsp;SetOutputLoad
<LI><a href="#[8d]">&gt;&gt;</a>&nbsp;&nbsp;&nbsp;SetFeedbackChannel
<LI><a href="#[8e]">&gt;&gt;</a>&nbsp;&nbsp;&nbsp;SetCurrentLimit
<LI><a href="#[85]">&gt;&gt;</a>&nbsp;&nbsp;&nbsp;SetConverterState
<LI><a href="#[8b]">&gt;&gt;</a>&nbsp;&nbsp;&nbsp;LcdFillBuffer
<LI><a href="#[84]">&gt;&gt;</a>&nbsp;&nbsp;&nbsp;GetACLineStatus
<LI><a href="#[88]">&gt;&gt;</a>&nbsp;&nbsp;&nbsp;DWTStartDelayUs
<LI><a href="#[90]">&gt;&gt;</a>&nbsp;&nbsp;&nbsp;DWTDelayUs
<LI><a href="#[8c]">&gt;&gt;</a>&nbsp;&nbsp;&nbsp;DWTDelayInProgress
<LI><a href="#[8a]">&gt;&gt;</a>&nbsp;&nbsp;&nbsp;SetCurrentPWMPeriod
<LI><a href="#[89]">&gt;&gt;</a>&nbsp;&nbsp;&nbsp;SetVoltagePWMPeriod
<LI><a href="#[5f]">&gt;&gt;</a>&nbsp;&nbsp;&nbsp;SetCoolerSpeed
<LI><a href="#[62]">&gt;&gt;</a>&nbsp;&nbsp;&nbsp;LcdUpdateByCore
<LI><a href="#[60]">&gt;&gt;</a>&nbsp;&nbsp;&nbsp;LcdSetBacklight
<LI><a href="#[61]">&gt;&gt;</a>&nbsp;&nbsp;&nbsp;LcdPutNormalStr
<LI><a href="#[6a]">&gt;&gt;</a>&nbsp;&nbsp;&nbsp;PORT_DeInit
</UL>

<P><STRONG><a name="[91]"></a>ProcessTemperature</STRONG> (Thumb, 180 bytes, Stack size 40 bytes, systemfunc.o(.text), UNUSED)
<BR><BR>[Calls]<UL><LI><a href="#[90]">&gt;&gt;</a>&nbsp;&nbsp;&nbsp;DWTDelayUs
<LI><a href="#[94]">&gt;&gt;</a>&nbsp;&nbsp;&nbsp;ADC2_GetResult
<LI><a href="#[93]">&gt;&gt;</a>&nbsp;&nbsp;&nbsp;ADC2_Start
<LI><a href="#[92]">&gt;&gt;</a>&nbsp;&nbsp;&nbsp;ADC2_SetChannel
<LI><a href="#[95]">&gt;&gt;</a>&nbsp;&nbsp;&nbsp;__aeabi_ui2f
<LI><a href="#[96]">&gt;&gt;</a>&nbsp;&nbsp;&nbsp;__aeabi_f2d
<LI><a href="#[97]">&gt;&gt;</a>&nbsp;&nbsp;&nbsp;__aeabi_dmul
<LI><a href="#[99]">&gt;&gt;</a>&nbsp;&nbsp;&nbsp;__aeabi_d2iz
<LI><a href="#[98]">&gt;&gt;</a>&nbsp;&nbsp;&nbsp;__aeabi_dadd
</UL>

<P><STRONG><a name="[9a]"></a>ProcessCooler</STRONG> (Thumb, 34 bytes, Stack size 4 bytes, systemfunc.o(.text), UNUSED)
<BR><BR>[Calls]<UL><LI><a href="#[5f]">&gt;&gt;</a>&nbsp;&nbsp;&nbsp;SetCoolerSpeed
</UL>

<P><STRONG><a name="[189]"></a>SysTickStart</STRONG> (Thumb, 84 bytes, Stack size 16 bytes, systick.o(.text), UNUSED)

<P><STRONG><a name="[86]"></a>SysTickStop</STRONG> (Thumb, 18 bytes, Stack size 0 bytes, systick.o(.text), UNUSED)
<BR><BR>[Called By]<UL><LI><a href="#[83]">&gt;&gt;</a>&nbsp;&nbsp;&nbsp;ProcessPowerOff
</UL>

<P><STRONG><a name="[18a]"></a>SysTickDelay</STRONG> (Thumb, 18 bytes, Stack size 0 bytes, systick.o(.text), UNUSED)

<P><STRONG><a name="[9c]"></a>StartBeep</STRONG> (Thumb, 28 bytes, Stack size 0 bytes, systick.o(.text), UNUSED)
<BR><BR>[Called By]<UL><LI><a href="#[9b]">&gt;&gt;</a>&nbsp;&nbsp;&nbsp;Beep
</UL>

<P><STRONG><a name="[87]"></a>StopBeep</STRONG> (Thumb, 22 bytes, Stack size 0 bytes, systick.o(.text), UNUSED)
<BR><BR>[Called By]<UL><LI><a href="#[83]">&gt;&gt;</a>&nbsp;&nbsp;&nbsp;ProcessPowerOff
</UL>

<P><STRONG><a name="[9b]"></a>Beep</STRONG> (Thumb, 22 bytes, Stack size 4 bytes, systick.o(.text), UNUSED)
<BR><BR>[Calls]<UL><LI><a href="#[9c]">&gt;&gt;</a>&nbsp;&nbsp;&nbsp;StartBeep
</UL>

<P><STRONG><a name="[18b]"></a>WaitBeep</STRONG> (Thumb, 12 bytes, Stack size 0 bytes, systick.o(.text), UNUSED)

<P><STRONG><a name="[9d]"></a>LcdWrite</STRONG> (Thumb, 40 bytes, Stack size 16 bytes, lcd_1202.o(.text))
<BR><BR>[Stack]<UL><LI>Max Depth = 16<LI>Call Chain = LcdWrite
</UL>
<BR>[Calls]<UL><LI><a href="#[9e]">&gt;&gt;</a>&nbsp;&nbsp;&nbsp;SSP_GetFlagStatus
<LI><a href="#[9f]">&gt;&gt;</a>&nbsp;&nbsp;&nbsp;SSP_SendData
</UL>
<BR>[Called By]<UL><LI><a href="#[a2]">&gt;&gt;</a>&nbsp;&nbsp;&nbsp;LcdSingleInit
<LI><a href="#[62]">&gt;&gt;</a>&nbsp;&nbsp;&nbsp;LcdUpdateByCore
</UL>

<P><STRONG><a name="[a0]"></a>LcdDelayUs</STRONG> (Thumb, 12 bytes, Stack size 8 bytes, lcd_1202.o(.text))
<BR><BR>[Stack]<UL><LI>Max Depth = 8<LI>Call Chain = LcdDelayUs
</UL>
<BR>[Calls]<UL><LI><a href="#[90]">&gt;&gt;</a>&nbsp;&nbsp;&nbsp;DWTDelayUs
</UL>
<BR>[Called By]<UL><LI><a href="#[a1]">&gt;&gt;</a>&nbsp;&nbsp;&nbsp;LcdSelect
<LI><a href="#[5c]">&gt;&gt;</a>&nbsp;&nbsp;&nbsp;LcdInit
</UL>

<P><STRONG><a name="[a1]"></a>LcdSelect</STRONG> (Thumb, 34 bytes, Stack size 8 bytes, lcd_1202.o(.text))
<BR><BR>[Stack]<UL><LI>Max Depth = 16<LI>Call Chain = LcdSelect &rArr; LcdDelayUs
</UL>
<BR>[Calls]<UL><LI><a href="#[a0]">&gt;&gt;</a>&nbsp;&nbsp;&nbsp;LcdDelayUs
<LI><a href="#[50]">&gt;&gt;</a>&nbsp;&nbsp;&nbsp;PORT_ResetBits
<LI><a href="#[52]">&gt;&gt;</a>&nbsp;&nbsp;&nbsp;PORT_SetBits
</UL>
<BR>[Called By]<UL><LI><a href="#[62]">&gt;&gt;</a>&nbsp;&nbsp;&nbsp;LcdUpdateByCore
<LI><a href="#[5c]">&gt;&gt;</a>&nbsp;&nbsp;&nbsp;LcdInit
</UL>

<P><STRONG><a name="[a2]"></a>LcdSingleInit</STRONG> (Thumb, 188 bytes, Stack size 8 bytes, lcd_1202.o(.text))
<BR><BR>[Stack]<UL><LI>Max Depth = 24<LI>Call Chain = LcdSingleInit &rArr; LcdWrite
</UL>
<BR>[Calls]<UL><LI><a href="#[9d]">&gt;&gt;</a>&nbsp;&nbsp;&nbsp;LcdWrite
</UL>
<BR>[Called By]<UL><LI><a href="#[5c]">&gt;&gt;</a>&nbsp;&nbsp;&nbsp;LcdInit
</UL>

<P><STRONG><a name="[5c]"></a>LcdInit</STRONG> (Thumb, 70 bytes, Stack size 8 bytes, lcd_1202.o(.text))
<BR><BR>[Stack]<UL><LI>Max Depth = 32<LI>Call Chain = LcdInit &rArr; LcdSingleInit &rArr; LcdWrite
</UL>
<BR>[Calls]<UL><LI><a href="#[a2]">&gt;&gt;</a>&nbsp;&nbsp;&nbsp;LcdSingleInit
<LI><a href="#[a1]">&gt;&gt;</a>&nbsp;&nbsp;&nbsp;LcdSelect
<LI><a href="#[a0]">&gt;&gt;</a>&nbsp;&nbsp;&nbsp;LcdDelayUs
<LI><a href="#[50]">&gt;&gt;</a>&nbsp;&nbsp;&nbsp;PORT_ResetBits
<LI><a href="#[52]">&gt;&gt;</a>&nbsp;&nbsp;&nbsp;PORT_SetBits
<LI><a href="#[9e]">&gt;&gt;</a>&nbsp;&nbsp;&nbsp;SSP_GetFlagStatus
</UL>
<BR>[Called By]<UL><LI><a href="#[32]">&gt;&gt;</a>&nbsp;&nbsp;&nbsp;main
</UL>

<P><STRONG><a name="[62]"></a>LcdUpdateByCore</STRONG> (Thumb, 64 bytes, Stack size 16 bytes, lcd_1202.o(.text))
<BR><BR>[Stack]<UL><LI>Max Depth = 32<LI>Call Chain = LcdUpdateByCore &rArr; LcdSelect &rArr; LcdDelayUs
</UL>
<BR>[Calls]<UL><LI><a href="#[a1]">&gt;&gt;</a>&nbsp;&nbsp;&nbsp;LcdSelect
<LI><a href="#[9d]">&gt;&gt;</a>&nbsp;&nbsp;&nbsp;LcdWrite
</UL>
<BR>[Called By]<UL><LI><a href="#[83]">&gt;&gt;</a>&nbsp;&nbsp;&nbsp;ProcessPowerOff
<LI><a href="#[32]">&gt;&gt;</a>&nbsp;&nbsp;&nbsp;main
</UL>

<P><STRONG><a name="[5d]"></a>InitButtons</STRONG> (Thumb, 28 bytes, Stack size 8 bytes, buttons.o(.text))
<BR><BR>[Stack]<UL><LI>Max Depth = 8<LI>Call Chain = InitButtons
</UL>
<BR>[Calls]<UL><LI><a href="#[a4]">&gt;&gt;</a>&nbsp;&nbsp;&nbsp;ResetButtonEvents
</UL>
<BR>[Called By]<UL><LI><a href="#[32]">&gt;&gt;</a>&nbsp;&nbsp;&nbsp;main
</UL>

<P><STRONG><a name="[a5]"></a>ProcessButtons</STRONG> (Thumb, 106 bytes, Stack size 24 bytes, buttons.o(.text), UNUSED)
<BR><BR>[Calls]<UL><LI><a href="#[a4]">&gt;&gt;</a>&nbsp;&nbsp;&nbsp;ResetButtonEvents
<LI><a href="#[a3]">&gt;&gt;</a>&nbsp;&nbsp;&nbsp;UpdateRawButtonState
</UL>

<P><STRONG><a name="[a6]"></a>UpdateLEDs</STRONG> (Thumb, 60 bytes, Stack size 8 bytes, led.o(.text), UNUSED)
<BR><BR>[Calls]<UL><LI><a href="#[50]">&gt;&gt;</a>&nbsp;&nbsp;&nbsp;PORT_ResetBits
<LI><a href="#[52]">&gt;&gt;</a>&nbsp;&nbsp;&nbsp;PORT_SetBits
</UL>
<BR>[Called By]<UL><LI><a href="#[b9]">&gt;&gt;</a>&nbsp;&nbsp;&nbsp;Converter_Process
</UL>

<P><STRONG><a name="[4d]"></a>EEPROMReadBlock</STRONG> (Thumb, 210 bytes, Stack size 24 bytes, i2c_eeprom.o(.text), UNUSED)
<BR><BR>[Calls]<UL><LI><a href="#[48]">&gt;&gt;</a>&nbsp;&nbsp;&nbsp;I2C_GetFlagStatus
<LI><a href="#[aa]">&gt;&gt;</a>&nbsp;&nbsp;&nbsp;I2C_GetReceivedData
<LI><a href="#[a9]">&gt;&gt;</a>&nbsp;&nbsp;&nbsp;I2C_StartReceiveData
<LI><a href="#[ab]">&gt;&gt;</a>&nbsp;&nbsp;&nbsp;I2C_SendSTOP
<LI><a href="#[a8]">&gt;&gt;</a>&nbsp;&nbsp;&nbsp;I2C_SendByte
<LI><a href="#[a7]">&gt;&gt;</a>&nbsp;&nbsp;&nbsp;I2C_Send7bitAddress
</UL>
<BR>[Called By]<UL><LI><a href="#[4c]">&gt;&gt;</a>&nbsp;&nbsp;&nbsp;EEPROM_test
</UL>

<P><STRONG><a name="[ac]"></a>EEPROMWriteBlock</STRONG> (Thumb, 172 bytes, Stack size 24 bytes, i2c_eeprom.o(.text), UNUSED)
<BR><BR>[Calls]<UL><LI><a href="#[48]">&gt;&gt;</a>&nbsp;&nbsp;&nbsp;I2C_GetFlagStatus
<LI><a href="#[ab]">&gt;&gt;</a>&nbsp;&nbsp;&nbsp;I2C_SendSTOP
<LI><a href="#[a8]">&gt;&gt;</a>&nbsp;&nbsp;&nbsp;I2C_SendByte
<LI><a href="#[a7]">&gt;&gt;</a>&nbsp;&nbsp;&nbsp;I2C_Send7bitAddress
</UL>

<P><STRONG><a name="[ad]"></a>EEPROMReady</STRONG> (Thumb, 60 bytes, Stack size 8 bytes, i2c_eeprom.o(.text), UNUSED)
<BR><BR>[Calls]<UL><LI><a href="#[48]">&gt;&gt;</a>&nbsp;&nbsp;&nbsp;I2C_GetFlagStatus
<LI><a href="#[ab]">&gt;&gt;</a>&nbsp;&nbsp;&nbsp;I2C_SendSTOP
<LI><a href="#[a7]">&gt;&gt;</a>&nbsp;&nbsp;&nbsp;I2C_Send7bitAddress
</UL>

<P><STRONG><a name="[56]"></a>DWTCounterInit</STRONG> (Thumb, 40 bytes, Stack size 0 bytes, dwt_delay.o(.text))
<BR><BR>[Called By]<UL><LI><a href="#[32]">&gt;&gt;</a>&nbsp;&nbsp;&nbsp;main
</UL>

<P><STRONG><a name="[88]"></a>DWTStartDelayUs</STRONG> (Thumb, 24 bytes, Stack size 0 bytes, dwt_delay.o(.text), UNUSED)
<BR><BR>[Called By]<UL><LI><a href="#[a3]">&gt;&gt;</a>&nbsp;&nbsp;&nbsp;UpdateRawButtonState
<LI><a href="#[83]">&gt;&gt;</a>&nbsp;&nbsp;&nbsp;ProcessPowerOff
</UL>

<P><STRONG><a name="[8c]"></a>DWTDelayInProgress</STRONG> (Thumb, 14 bytes, Stack size 0 bytes, dwt_delay.o(.text), UNUSED)
<BR><BR>[Called By]<UL><LI><a href="#[a3]">&gt;&gt;</a>&nbsp;&nbsp;&nbsp;UpdateRawButtonState
<LI><a href="#[83]">&gt;&gt;</a>&nbsp;&nbsp;&nbsp;ProcessPowerOff
</UL>

<P><STRONG><a name="[90]"></a>DWTDelayUs</STRONG> (Thumb, 30 bytes, Stack size 0 bytes, dwt_delay.o(.text))
<BR><BR>[Called By]<UL><LI><a href="#[a0]">&gt;&gt;</a>&nbsp;&nbsp;&nbsp;LcdDelayUs
<LI><a href="#[91]">&gt;&gt;</a>&nbsp;&nbsp;&nbsp;ProcessTemperature
<LI><a href="#[83]">&gt;&gt;</a>&nbsp;&nbsp;&nbsp;ProcessPowerOff
</UL>

<P><STRONG><a name="[bb]"></a>GetOverloadStatus</STRONG> (Thumb, 10 bytes, Stack size 0 bytes, control.o(.text), UNUSED)
<BR><BR>[Called By]<UL><LI><a href="#[ba]">&gt;&gt;</a>&nbsp;&nbsp;&nbsp;Converter_HWProcess
</UL>

<P><STRONG><a name="[84]"></a>GetACLineStatus</STRONG> (Thumb, 12 bytes, Stack size 0 bytes, control.o(.text), UNUSED)
<BR><BR>[Called By]<UL><LI><a href="#[83]">&gt;&gt;</a>&nbsp;&nbsp;&nbsp;ProcessPowerOff
</UL>

<P><STRONG><a name="[85]"></a>SetConverterState</STRONG> (Thumb, 28 bytes, Stack size 8 bytes, control.o(.text), UNUSED)
<BR><BR>[Calls]<UL><LI><a href="#[50]">&gt;&gt;</a>&nbsp;&nbsp;&nbsp;PORT_ResetBits
<LI><a href="#[52]">&gt;&gt;</a>&nbsp;&nbsp;&nbsp;PORT_SetBits
</UL>
<BR>[Called By]<UL><LI><a href="#[83]">&gt;&gt;</a>&nbsp;&nbsp;&nbsp;ProcessPowerOff
<LI><a href="#[ba]">&gt;&gt;</a>&nbsp;&nbsp;&nbsp;Converter_HWProcess
</UL>

<P><STRONG><a name="[8d]"></a>SetFeedbackChannel</STRONG> (Thumb, 28 bytes, Stack size 8 bytes, control.o(.text), UNUSED)
<BR><BR>[Calls]<UL><LI><a href="#[50]">&gt;&gt;</a>&nbsp;&nbsp;&nbsp;PORT_ResetBits
<LI><a href="#[52]">&gt;&gt;</a>&nbsp;&nbsp;&nbsp;PORT_SetBits
</UL>
<BR>[Called By]<UL><LI><a href="#[83]">&gt;&gt;</a>&nbsp;&nbsp;&nbsp;ProcessPowerOff
<LI><a href="#[b9]">&gt;&gt;</a>&nbsp;&nbsp;&nbsp;Converter_Process
</UL>

<P><STRONG><a name="[8e]"></a>SetCurrentLimit</STRONG> (Thumb, 28 bytes, Stack size 8 bytes, control.o(.text), UNUSED)
<BR><BR>[Calls]<UL><LI><a href="#[50]">&gt;&gt;</a>&nbsp;&nbsp;&nbsp;PORT_ResetBits
<LI><a href="#[52]">&gt;&gt;</a>&nbsp;&nbsp;&nbsp;PORT_SetBits
</UL>
<BR>[Called By]<UL><LI><a href="#[83]">&gt;&gt;</a>&nbsp;&nbsp;&nbsp;ProcessPowerOff
<LI><a href="#[b9]">&gt;&gt;</a>&nbsp;&nbsp;&nbsp;Converter_Process
</UL>

<P><STRONG><a name="[8f]"></a>SetOutputLoad</STRONG> (Thumb, 28 bytes, Stack size 8 bytes, control.o(.text), UNUSED)
<BR><BR>[Calls]<UL><LI><a href="#[50]">&gt;&gt;</a>&nbsp;&nbsp;&nbsp;PORT_ResetBits
<LI><a href="#[52]">&gt;&gt;</a>&nbsp;&nbsp;&nbsp;PORT_SetBits
</UL>
<BR>[Called By]<UL><LI><a href="#[83]">&gt;&gt;</a>&nbsp;&nbsp;&nbsp;ProcessPowerOff
<LI><a href="#[b9]">&gt;&gt;</a>&nbsp;&nbsp;&nbsp;Converter_Process
</UL>

<P><STRONG><a name="[af]"></a>LcdPutPixel</STRONG> (Thumb, 114 bytes, Stack size 24 bytes, lcd_func.o(.text), UNUSED)
<BR><BR>[Called By]<UL><LI><a href="#[b0]">&gt;&gt;</a>&nbsp;&nbsp;&nbsp;LcdPutVertLine
<LI><a href="#[ae]">&gt;&gt;</a>&nbsp;&nbsp;&nbsp;LcdPutHorLine
</UL>

<P><STRONG><a name="[ae]"></a>LcdPutHorLine</STRONG> (Thumb, 48 bytes, Stack size 28 bytes, lcd_func.o(.text), UNUSED)
<BR><BR>[Calls]<UL><LI><a href="#[af]">&gt;&gt;</a>&nbsp;&nbsp;&nbsp;LcdPutPixel
</UL>

<P><STRONG><a name="[b0]"></a>LcdPutVertLine</STRONG> (Thumb, 48 bytes, Stack size 28 bytes, lcd_func.o(.text), UNUSED)
<BR><BR>[Calls]<UL><LI><a href="#[af]">&gt;&gt;</a>&nbsp;&nbsp;&nbsp;LcdPutPixel
</UL>

<P><STRONG><a name="[8b]"></a>LcdFillBuffer</STRONG> (Thumb, 22 bytes, Stack size 0 bytes, lcd_func.o(.text), UNUSED)
<BR><BR>[Called By]<UL><LI><a href="#[83]">&gt;&gt;</a>&nbsp;&nbsp;&nbsp;ProcessPowerOff
</UL>

<P><STRONG><a name="[b3]"></a>LcdPutImage</STRONG> (Thumb, 310 bytes, Stack size 60 bytes, lcd_func.o(.text))
<BR><BR>[Stack]<UL><LI>Max Depth = 60<LI>Call Chain = LcdPutImage
</UL>
<BR>[Called By]<UL><LI><a href="#[61]">&gt;&gt;</a>&nbsp;&nbsp;&nbsp;LcdPutNormalStr
<LI><a href="#[b1]">&gt;&gt;</a>&nbsp;&nbsp;&nbsp;LcdPutSpecialStr
</UL>

<P><STRONG><a name="[b2]"></a>GetFontItem</STRONG> (Thumb, 54 bytes, Stack size 12 bytes, lcd_func.o(.text), UNUSED)
<BR><BR>[Called By]<UL><LI><a href="#[b1]">&gt;&gt;</a>&nbsp;&nbsp;&nbsp;LcdPutSpecialStr
</UL>

<P><STRONG><a name="[b1]"></a>LcdPutSpecialStr</STRONG> (Thumb, 88 bytes, Stack size 44 bytes, lcd_func.o(.text), UNUSED)
<BR><BR>[Calls]<UL><LI><a href="#[b2]">&gt;&gt;</a>&nbsp;&nbsp;&nbsp;GetFontItem
<LI><a href="#[b3]">&gt;&gt;</a>&nbsp;&nbsp;&nbsp;LcdPutImage
</UL>

<P><STRONG><a name="[61]"></a>LcdPutNormalStr</STRONG> (Thumb, 78 bytes, Stack size 40 bytes, lcd_func.o(.text))
<BR><BR>[Stack]<UL><LI>Max Depth = 100<LI>Call Chain = LcdPutNormalStr &rArr; LcdPutImage
</UL>
<BR>[Calls]<UL><LI><a href="#[b3]">&gt;&gt;</a>&nbsp;&nbsp;&nbsp;LcdPutImage
</UL>
<BR>[Called By]<UL><LI><a href="#[83]">&gt;&gt;</a>&nbsp;&nbsp;&nbsp;ProcessPowerOff
<LI><a href="#[32]">&gt;&gt;</a>&nbsp;&nbsp;&nbsp;main
</UL>

[...]
</UL>

<P><STRONG><a name="[df]"></a>xTaskIsTaskSuspended</STRONG> (Thumb, 56 bytes, Stack size 8 bytes, tasks.o(.text), UNUSED)
<BR><BR>[Called By]<UL><LI><a href="#[e0]">&gt;&gt;</a>&nbsp;&nbsp;&nbsp;xTaskResumeFromISR
<LI><a href="#[de]">&gt;&gt;</a>&nbsp;&nbsp;&nbsp;vTaskResume
</UL>

<P><STRONG><a name="[de]"></a>vTaskResume</STRONG> (Thumb, 92 bytes, Stack size 16 bytes, tasks.o(.text), UNUSED)
<BR><BR>[Calls]<UL><LI><a href="#[df]">&gt;&gt;</a>&nbsp;&nbsp;&nbsp;xTaskIsTaskSuspended
<LI><a href="#[d4]">&gt;&gt;</a>&nbsp;&nbsp;&nbsp;vListInsertEnd
<LI><a href="#[d7]">&gt;&gt;</a>&nbsp;&nbsp;&nbsp;uxListRemove
<LI><a href="#[c5]">&gt;&gt;</a>&nbsp;&nbsp;&nbsp;vPortExitCritical
<LI><a href="#[c4]">&gt;&gt;</a>&nbsp;&nbsp;&nbsp;vPortEnterCritical
<LI><a href="#[d5]">&gt;&gt;</a>&nbsp;&nbsp;&nbsp;vPortYield
</UL>

<P><STRONG><a name="[e0]"></a>xTaskResumeFromISR</STRONG> (Thumb, 110 bytes, Stack size 24 bytes, tasks.o(.text), UNUSED)
<BR><BR>[Calls]<UL><LI><a href="#[df]">&gt;&gt;</a>&nbsp;&nbsp;&nbsp;xTaskIsTaskSuspended
<LI><a href="#[d4]">&gt;&gt;</a>&nbsp;&nbsp;&nbsp;vListInsertEnd
<LI><a href="#[d7]">&gt;&gt;</a>&nbsp;&nbsp;&nbsp;uxListRemove
<LI><a href="#[c6]">&gt;&gt;</a>&nbsp;&nbsp;&nbsp;vPortClearInterruptMask
<LI><a href="#[c0]">&gt;&gt;</a>&nbsp;&nbsp;&nbsp;ulPortSetInterruptMask
</UL>

<P><STRONG><a name="[64]"></a>vTaskStartScheduler</STRONG> (Thumb, 122 bytes, Stack size 24 bytes, tasks.o(.text))
<BR><BR>[Stack]<UL><LI>Max Depth = 160 + Unknown Stack Size
<LI>Call Chain = vTaskStartScheduler &rArr; xTaskGenericCreate &rArr; prvAllocateTCBAndStack &rArr; pvPortMalloc &rArr; xTaskResumeAll &rArr; xTaskIncrementTick
</UL>
<BR>[Calls]<UL><LI><a href="#[63]">&gt;&gt;</a>&nbsp;&nbsp;&nbsp;xTaskGenericCreate
<LI><a href="#[c1]">&gt;&gt;</a>&nbsp;&nbsp;&nbsp;xPortStartScheduler
<LI><a href="#[c0]">&gt;&gt;</a>&nbsp;&nbsp;&nbsp;ulPortSetInterruptMask
</UL>
<BR>[Called By]<UL><LI><a href="#[32]">&gt;&gt;</a>&nbsp;&nbsp;&nbsp;main
</UL>

<P><STRONG><a name="[e3]"></a>vTaskEndScheduler</STRONG> (Thumb, 18 bytes, Stack size 8 bytes, tasks.o(.text), UNUSED)
<BR><BR>[Calls]<UL><LI><a href="#[e4]">&gt;&gt;</a>&nbsp;&nbsp;&nbsp;vPortEndScheduler
<LI><a href="#[c0]">&gt;&gt;</a>&nbsp;&nbsp;&nbsp;ulPortSetInterruptMask
</UL>

<P><STRONG><a name="[4f]"></a>xTaskGetTickCount</STRONG> (Thumb, 18 bytes, Stack size 8 bytes, tasks.o(.text))
<BR><BR>[Stack]<UL><LI>Max Depth = 16<LI>Call Chain = xTaskGetTickCount &rArr; vPortExitCritical
</UL>
<BR>[Calls]<UL><LI><a href="#[c5]">&gt;&gt;</a>&nbsp;&nbsp;&nbsp;vPortExitCritical
<LI><a href="#[c4]">&gt;&gt;</a>&nbsp;&nbsp;&nbsp;vPortEnterCritical
</UL>
<BR>[Called By]<UL><LI><a href="#[53]">&gt;&gt;</a>&nbsp;&nbsp;&nbsp;vTaskLED2
<LI><a href="#[4e]">&gt;&gt;</a>&nbsp;&nbsp;&nbsp;vTaskLED1
</UL>

<P><STRONG><a name="[e5]"></a>xTaskGetTickCountFromISR</STRONG> (Thumb, 22 bytes, Stack size 16 bytes, tasks.o(.text), UNUSED)
<BR><BR>[Calls]<UL><LI><a href="#[c6]">&gt;&gt;</a>&nbsp;&nbsp;&nbsp;vPortClearInterruptMask
<LI><a href="#[c0]">&gt;&gt;</a>&nbsp;&nbsp;&nbsp;ulPortSetInterruptMask
</UL>

<P><STRONG><a name="[195]"></a>uxTaskGetNumberOfTasks</STRONG> (Thumb, 6 bytes, Stack size 0 bytes, tasks.o(.text), UNUSED)

<P><STRONG><a name="[e6]"></a>vTaskPlaceOnEventList</STRONG> (Thumb, 60 bytes, Stack size 16 bytes, tasks.o(.text), UNUSED)
<BR><BR>[Calls]<UL><LI><a href="#[d8]">&gt;&gt;</a>&nbsp;&nbsp;&nbsp;prvAddCurrentTaskToDelayedList
<LI><a href="#[d4]">&gt;&gt;</a>&nbsp;&nbsp;&nbsp;vListInsertEnd
<LI><a href="#[d9]">&gt;&gt;</a>&nbsp;&nbsp;&nbsp;vListInsert
<LI><a href="#[d7]">&gt;&gt;</a>&nbsp;&nbsp;&nbsp;uxListRemove
</UL>

<P><STRONG><a name="[e7]"></a>xTaskRemoveFromEventList</STRONG> (Thumb, 102 bytes, Stack size 16 bytes, tasks.o(.text), UNUSED)
<BR><BR>[Calls]<UL><LI><a href="#[d4]">&gt;&gt;</a>&nbsp;&nbsp;&nbsp;vListInsertEnd
<LI><a href="#[d7]">&gt;&gt;</a>&nbsp;&nbsp;&nbsp;uxListRemove
</UL>

<P><STRONG><a name="[e9]"></a>vTaskSetTimeOutState</STRONG> (Thumb, 14 bytes, Stack size 0 bytes, tasks.o(.text), UNUSED)
<BR><BR>[Called By]<UL><LI><a href="#[e8]">&gt;&gt;</a>&nbsp;&nbsp;&nbsp;xTaskCheckForTimeOut
</UL>

<P><STRONG><a name="[e8]"></a>xTaskCheckForTimeOut</STRONG> (Thumb, 84 bytes, Stack size 16 bytes, tasks.o(.text), UNUSED)
<BR><BR>[Calls]<UL><LI><a href="#[e9]">&gt;&gt;</a>&nbsp;&nbsp;&nbsp;vTaskSetTimeOutState
<LI><a href="#[c5]">&gt;&gt;</a>&nbsp;&nbsp;&nbsp;vPortExitCritical
<LI><a href="#[c4]">&gt;&gt;</a>&nbsp;&nbsp;&nbsp;vPortEnterCritical
</UL>

<P><STRONG><a name="[196]"></a>vTaskMissedYield</STRONG> (Thumb, 8 bytes, Stack size 0 bytes, tasks.o(.text), UNUSED)

<P><STRONG><a name="[54]"></a>__aeabi_memcpy4</STRONG> (Thumb, 0 bytes, Stack size 8 bytes, rt_memcpy_w.o(.text))
<BR><BR>[Stack]<UL><LI>Max Depth = 8<LI>Call Chain = __aeabi_memcpy4
</UL>
<BR>[Called By]<UL><LI><a href="#[32]">&gt;&gt;</a>&nbsp;&nbsp;&nbsp;main
</UL>

<P><STRONG><a name="[197]"></a>__aeabi_memcpy8</STRONG> (Thumb, 0 bytes, Stack size 8 bytes, rt_memcpy_w.o(.text), UNUSED)

<P><STRONG><a name="[198]"></a>__rt_memcpy_w</STRONG> (Thumb, 100 bytes, Stack size 8 bytes, rt_memcpy_w.o(.text), UNUSED)

<P><STRONG><a name="[199]"></a>_memcpy_lastbytes_aligned</STRONG> (Thumb, 0 bytes, Stack size unknown bytes, rt_memcpy_w.o(.text), UNUSED)

<P><STRONG><a name="[d2]"></a>__aeabi_memset</STRONG> (Thumb, 16 bytes, Stack size 0 bytes, aeabi_memset.o(.text))
<BR><BR>[Calls]<UL><LI><a href="#[ea]">&gt;&gt;</a>&nbsp;&nbsp;&nbsp;_memset
</UL>
<BR>[Called By]<UL><LI><a href="#[d1]">&gt;&gt;</a>&nbsp;&nbsp;&nbsp;prvAllocateTCBAndStack
</UL>

<P><STRONG><a name="[19a]"></a>__use_two_region_memory</STRONG> (Thumb, 2 bytes, Stack size 0 bytes, heapauxi.o(.text), UNUSED)

<P><STRONG><a name="[19b]"></a>__rt_heap_escrow$2region</STRONG> (Thumb, 2 bytes, Stack size 0 bytes, heapauxi.o(.text), UNUSED)

<P><STRONG><a name="[19c]"></a>__rt_heap_expand$2region</STRONG> (Thumb, 2 bytes, Stack size 0 bytes, heapauxi.o(.text), UNUSED)

<P><STRONG><a name="[19d]"></a>__aeabi_memclr</STRONG> (Thumb, 0 bytes, Stack size 0 bytes, rt_memclr.o(.text), UNUSED)

<P><STRONG><a name="[eb]"></a>__rt_memclr</STRONG> (Thumb, 68 bytes, Stack size 0 bytes, rt_memclr.o(.text), UNUSED)
<BR><BR>[Calls]<UL><LI><a href="#[ec]">&gt;&gt;</a>&nbsp;&nbsp;&nbsp;_memset_w
</UL>

<P><STRONG><a name="[ea]"></a>_memset</STRONG> (Thumb, 0 bytes, Stack size unknown bytes, rt_memclr.o(.text))
<BR><BR>[Called By]<UL><LI><a href="#[d2]">&gt;&gt;</a>&nbsp;&nbsp;&nbsp;__aeabi_memset
</UL>

<P><STRONG><a name="[19e]"></a>__aeabi_memclr4</STRONG> (Thumb, 0 bytes, Stack size 4 bytes, rt_memclr_w.o(.text), UNUSED)

<P><STRONG><a name="[19f]"></a>__aeabi_memclr8</STRONG> (Thumb, 0 bytes, Stack size 4 bytes, rt_memclr_w.o(.text), UNUSED)

<P><STRONG><a name="[1a0]"></a>__rt_memclr_w</STRONG> (Thumb, 78 bytes, Stack size 4 bytes, rt_memclr_w.o(.text), UNUSED)

<P><STRONG><a name="[ec]"></a>_memset_w</STRONG> (Thumb, 0 bytes, Stack size unknown bytes, rt_memclr_w.o(.text), UNUSED)
<BR><BR>[Called By]<UL><LI><a href="#[eb]">&gt;&gt;</a>&nbsp;&nbsp;&nbsp;__rt_memclr
</UL>

<P><STRONG><a name="[2f]"></a>__user_setup_stackheap</STRONG> (Thumb, 74 bytes, Stack size 8 bytes, sys_stackheap_outer.o(.text))
<BR><BR>[Stack]<UL><LI>Max Depth = 8 + Unknown Stack Size
<LI>Call Chain = __user_setup_stackheap
</UL>
<BR>[Calls]<UL><LI><a href="#[27]">&gt;&gt;</a>&nbsp;&nbsp;&nbsp;__user_initial_stackheap
<LI><a href="#[ed]">&gt;&gt;</a>&nbsp;&nbsp;&nbsp;__user_perproc_libspace
</UL>
<BR>[Called By]<UL><LI><a href="#[2e]">&gt;&gt;</a>&nbsp;&nbsp;&nbsp;__rt_entry_sh
</UL>

<P><STRONG><a name="[33]"></a>exit</STRONG> (Thumb, 12 bytes, Stack size 0 bytes, exit.o(.text))
<BR><BR>[Calls]<UL><LI><a href="#[ee]">&gt;&gt;</a>&nbsp;&nbsp;&nbsp;__rt_exit
</UL>
<BR>[Called By]<UL><LI><a href="#[31]">&gt;&gt;</a>&nbsp;&nbsp;&nbsp;__rt_entry_main
</UL>

<P><STRONG><a name="[1a1]"></a>__user_libspace</STRONG> (Thumb, 8 bytes, Stack size 0 bytes, libspace.o(.text), UNUSED)

<P><STRONG><a name="[ed]"></a>__user_perproc_libspace</STRONG> (Thumb, 0 bytes, Stack size 0 bytes, libspace.o(.text))
<BR><BR>[Called By]<UL><LI><a href="#[2f]">&gt;&gt;</a>&nbsp;&nbsp;&nbsp;__user_setup_stackheap
</UL>

<P><STRONG><a name="[1a2]"></a>__user_perthread_libspace</STRONG> (Thumb, 0 bytes, Stack size 0 bytes, libspace.o(.text), UNUSED)

<P><STRONG><a name="[f9]"></a>__rt_fp_status_addr</STRONG> (Thumb, 8 bytes, Stack size 0 bytes, rt_fp_status_addr_intlibspace.o(.text))
<BR><BR>[Called By]<UL><LI><a href="#[2d]">&gt;&gt;</a>&nbsp;&nbsp;&nbsp;_fp_init
</UL>

<P><STRONG><a name="[37]"></a>_sys_exit</STRONG> (Thumb, 8 bytes, Stack size 0 bytes, sys_exit.o(.text))
<BR><BR>[Called By]<UL><LI><a href="#[36]">&gt;&gt;</a>&nbsp;&nbsp;&nbsp;__rt_exit_exit
</UL>

<P><STRONG><a name="[1a3]"></a>__I$use$semihosting</STRONG> (Thumb, 0 bytes, Stack size 0 bytes, use_no_semi.o(.text), UNUSED)

<P><STRONG><a name="[1a4]"></a>__use_no_semihosting_swi</STRONG> (Thumb, 2 bytes, Stack size 0 bytes, use_no_semi.o(.text), UNUSED)

<P><STRONG><a name="[1a5]"></a>__semihosting_library_function</STRONG> (Thumb, 0 bytes, Stack size unknown bytes, indicate_semi.o(.text), UNUSED)

<P><STRONG><a name="[98]"></a>__aeabi_dadd</STRONG> (Thumb, 0 bytes, Stack size 16 bytes, daddsub_clz.o(x$fpl$dadd), UNUSED)
<BR><BR>[Called By]<UL><LI><a href="#[91]">&gt;&gt;</a>&nbsp;&nbsp;&nbsp;ProcessTemperature
</UL>

<P><STRONG><a name="[ef]"></a>_dadd</STRONG> (Thumb, 332 bytes, Stack size 16 bytes, daddsub_clz.o(x$fpl$dadd), UNUSED)
<BR><BR>[Calls]<UL><LI><a href="#[f1]">&gt;&gt;</a>&nbsp;&nbsp;&nbsp;__fpl_dretinf
<LI><a href="#[f2]">&gt;&gt;</a>&nbsp;&nbsp;&nbsp;__fpl_dnaninf
<LI><a href="#[f0]">&gt;&gt;</a>&nbsp;&nbsp;&nbsp;_dsub1
</UL>

<P><STRONG><a name="[99]"></a>__aeabi_d2iz</STRONG> (Thumb, 0 bytes, Stack size 32 bytes, dfix.o(x$fpl$dfix), UNUSED)
<BR><BR>[Called By]<UL><LI><a href="#[91]">&gt;&gt;</a>&nbsp;&nbsp;&nbsp;ProcessTemperature
</UL>

<P><STRONG><a name="[f3]"></a>_dfix</STRONG> (Thumb, 94 bytes, Stack size 32 bytes, dfix.o(x$fpl$dfix), UNUSED)
<BR><BR>[Calls]<UL><LI><a href="#[f2]">&gt;&gt;</a>&nbsp;&nbsp;&nbsp;__fpl_dnaninf
</UL>

<P><STRONG><a name="[97]"></a>__aeabi_dmul</STRONG> (Thumb, 0 bytes, Stack size 32 bytes, dmul.o(x$fpl$dmul), UNUSED)
<BR><BR>[Called By]<UL><LI><a href="#[91]">&gt;&gt;</a>&nbsp;&nbsp;&nbsp;ProcessTemperature
</UL>

<P><STRONG><a name="[f4]"></a>_dmul</STRONG> (Thumb, 332 bytes, Stack size 32 bytes, dmul.o(x$fpl$dmul), UNUSED)
<BR><BR>[Calls]<UL><LI><a href="#[f1]">&gt;&gt;</a>&nbsp;&nbsp;&nbsp;__fpl_dretinf
<LI><a href="#[f2]">&gt;&gt;</a>&nbsp;&nbsp;&nbsp;__fpl_dnaninf
</UL>

<P><STRONG><a name="[f2]"></a>__fpl_dnaninf</STRONG> (Thumb, 156 bytes, Stack size 16 bytes, dnaninf.o(x$fpl$dnaninf), UNUSED)
<BR><BR>[Called By]<UL><LI><a href="#[f4]">&gt;&gt;</a>&nbsp;&nbsp;&nbsp;_dmul
<LI><a href="#[f3]">&gt;&gt;</a>&nbsp;&nbsp;&nbsp;_dfix
<LI><a href="#[f5]">&gt;&gt;</a>&nbsp;&nbsp;&nbsp;_dsub
<LI><a href="#[ef]">&gt;&gt;</a>&nbsp;&nbsp;&nbsp;_dadd
</UL>

<P><STRONG><a name="[f1]"></a>__fpl_dretinf</STRONG> (Thumb, 12 bytes, Stack size 0 bytes, dretinf.o(x$fpl$dretinf), UNUSED)
<BR><BR>[Called By]<UL><LI><a href="#[f7]">&gt;&gt;</a>&nbsp;&nbsp;&nbsp;_f2d
<LI><a href="#[f4]">&gt;&gt;</a>&nbsp;&nbsp;&nbsp;_dmul
<LI><a href="#[ef]">&gt;&gt;</a>&nbsp;&nbsp;&nbsp;_dadd
</UL>

<P><STRONG><a name="[1a6]"></a>__aeabi_dsub</STRONG> (Thumb, 0 bytes, Stack size 32 bytes, daddsub_clz.o(x$fpl$dsub), UNUSED)

<P><STRONG><a name="[f5]"></a>_dsub</STRONG> (Thumb, 464 bytes, Stack size 32 bytes, daddsub_clz.o(x$fpl$dsub), UNUSED)
<BR><BR>[Calls]<UL><LI><a href="#[f2]">&gt;&gt;</a>&nbsp;&nbsp;&nbsp;__fpl_dnaninf
<LI><a href="#[f6]">&gt;&gt;</a>&nbsp;&nbsp;&nbsp;_dadd1
</UL>

<P><STRONG><a name="[96]"></a>__aeabi_f2d</STRONG> (Thumb, 0 bytes, Stack size 16 bytes, f2d.o(x$fpl$f2d), UNUSED)
<BR><BR>[Called By]<UL><LI><a href="#[91]">&gt;&gt;</a>&nbsp;&nbsp;&nbsp;ProcessTemperature
</UL>

<P><STRONG><a name="[f7]"></a>_f2d</STRONG> (Thumb, 86 bytes, Stack size 16 bytes, f2d.o(x$fpl$f2d), UNUSED)
<BR><BR>[Calls]<UL><LI><a href="#[f8]">&gt;&gt;</a>&nbsp;&nbsp;&nbsp;__fpl_fnaninf
<LI><a href="#[f1]">&gt;&gt;</a>&nbsp;&nbsp;&nbsp;__fpl_dretinf
</UL>

<P><STRONG><a name="[95]"></a>__aeabi_ui2f</STRONG> (Thumb, 0 bytes, Stack size 0 bytes, fflt_clz.o(x$fpl$ffltu), UNUSED)
<BR><BR>[Called By]<UL><LI><a href="#[91]">&gt;&gt;</a>&nbsp;&nbsp;&nbsp;ProcessTemperature
</UL>

<P><STRONG><a name="[1a7]"></a>_ffltu</STRONG> (Thumb, 38 bytes, Stack size 0 bytes, fflt_clz.o(x$fpl$ffltu), UNUSED)

<P><STRONG><a name="[f8]"></a>__fpl_fnaninf</STRONG> (Thumb, 140 bytes, Stack size 8 bytes, fnaninf.o(x$fpl$fnaninf), UNUSED)
<BR><BR>[Called By]<UL><LI><a href="#[f7]">&gt;&gt;</a>&nbsp;&nbsp;&nbsp;_f2d
</UL>

<P><STRONG><a name="[2d]"></a>_fp_init</STRONG> (Thumb, 14 bytes, Stack size 8 bytes, fpinit.o(x$fpl$fpinit))
<BR><BR>[Stack]<UL><LI>Max Depth = 8<LI>Call Chain = _fp_init
</UL>
<BR>[Calls]<UL><LI><a href="#[f9]">&gt;&gt;</a>&nbsp;&nbsp;&nbsp;__rt_fp_status_addr
</UL>
<BR>[Called By]<UL><LI><a href="#[2c]">&gt;&gt;</a>&nbsp;&nbsp;&nbsp;__rt_lib_init
</UL>

<P><STRONG><a name="[1a8]"></a>__fplib_config_pureend_doubles</STRONG> (Thumb, 0 bytes, Stack size unknown bytes, fpinit.o(x$fpl$fpinit), UNUSED)

<P><STRONG><a name="[1a9]"></a>__I$use$fp</STRONG> (Thumb, 0 bytes, Stack size unknown bytes, usenofp.o(x$fpl$usenofp), UNUSED)
<P>
<H3>
Local Symbols
</H3>
<P><STRONG><a name="[a3]"></a>UpdateRawButtonState</STRONG> (Thumb, 150 bytes, Stack size 16 bytes, buttons.o(.text), UNUSED)
<BR><BR>[Calls]<UL><LI><a href="#[88]">&gt;&gt;</a>&nbsp;&nbsp;&nbsp;DWTStartDelayUs
<LI><a href="#[8c]">&gt;&gt;</a>&nbsp;&nbsp;&nbsp;DWTDelayInProgress
</UL>
<BR>[Called By]<UL><LI><a href="#[a5]">&gt;&gt;</a>&nbsp;&nbsp;&nbsp;ProcessButtons
</UL>

<P><STRONG><a name="[a4]"></a>ResetButtonEvents</STRONG> (Thumb, 10 bytes, Stack size 0 bytes, buttons.o(.text))
<BR><BR>[Called By]<UL><LI><a href="#[a5]">&gt;&gt;</a>&nbsp;&nbsp;&nbsp;ProcessButtons
<LI><a href="#[5d]">&gt;&gt;</a>&nbsp;&nbsp;&nbsp;InitButtons
</UL>

<P><STRONG><a name="[b6]"></a>CheckSetVoltageRange</STRONG> (Thumb, 94 bytes, Stack size 0 bytes, converter.o(.text), UNUSED)
<BR><BR>[Called By]<UL><LI><a href="#[b9]">&gt;&gt;</a>&nbsp;&nbsp;&nbsp;Converter_Process
<LI><a href="#[b5]">&gt;&gt;</a>&nbsp;&nbsp;&nbsp;Converter_SetVoltage
</UL>

<P><STRONG><a name="[b8]"></a>CheckSetCurrentRange</STRONG> (Thumb, 116 bytes, Stack size 12 bytes, converter.o(.text), UNUSED)
<BR><BR>[Called By]<UL><LI><a href="#[b9]">&gt;&gt;</a>&nbsp;&nbsp;&nbsp;Converter_Process
<LI><a href="#[b7]">&gt;&gt;</a>&nbsp;&nbsp;&nbsp;Converter_SetCurrent
</UL>

<P><STRONG><a name="[b4]"></a>apply_regulation</STRONG> (Thumb, 70 bytes, Stack size 8 bytes, converter.o(.text), UNUSED)
<BR><BR>[Calls]<UL><LI><a href="#[8a]">&gt;&gt;</a>&nbsp;&nbsp;&nbsp;SetCurrentPWMPeriod
<LI><a href="#[89]">&gt;&gt;</a>&nbsp;&nbsp;&nbsp;SetVoltagePWMPeriod
</UL>
<BR>[Called By]<UL><LI><a href="#[b9]">&gt;&gt;</a>&nbsp;&nbsp;&nbsp;Converter_Process
</UL>

<P><STRONG><a name="[23]"></a>prvTaskExitError</STRONG> (Thumb, 8 bytes, Stack size 0 bytes, port.o(.text))
<BR><BR>[Calls]<UL><LI><a href="#[c0]">&gt;&gt;</a>&nbsp;&nbsp;&nbsp;ulPortSetInterruptMask
</UL>
<BR>[Address Reference Count : 1]<UL><LI> port.o(.text)
</UL>
<P><STRONG><a name="[ca]"></a>prvHeapInit</STRONG> (Thumb, 42 bytes, Stack size 0 bytes, heap_2.o(.text))
<BR><BR>[Called By]<UL><LI><a href="#[c8]">&gt;&gt;</a>&nbsp;&nbsp;&nbsp;pvPortMalloc
</UL>

<P><STRONG><a name="[cd]"></a>prvInitialiseTaskLists</STRONG> (Thumb, 70 bytes, Stack size 8 bytes, tasks.o(.text))
<BR><BR>[Stack]<UL><LI>Max Depth = 8<LI>Call Chain = prvInitialiseTaskLists
</UL>
<BR>[Calls]<UL><LI><a href="#[ce]">&gt;&gt;</a>&nbsp;&nbsp;&nbsp;vListInitialise
</UL>
<BR>[Called By]<UL><LI><a href="#[63]">&gt;&gt;</a>&nbsp;&nbsp;&nbsp;xTaskGenericCreate
</UL>

<P><STRONG><a name="[cf]"></a>prvInitialiseTCBVariables</STRONG> (Thumb, 84 bytes, Stack size 32 bytes, tasks.o(.text))
<BR><BR>[Stack]<UL><LI>Max Depth = 32<LI>Call Chain = prvInitialiseTCBVariables
</UL>
<BR>[Calls]<UL><LI><a href="#[d0]">&gt;&gt;</a>&nbsp;&nbsp;&nbsp;vListInitialiseItem
</UL>
<BR>[Called By]<UL><LI><a href="#[63]">&gt;&gt;</a>&nbsp;&nbsp;&nbsp;xTaskGenericCreate
</UL>

<P><STRONG><a name="[d1]"></a>prvAllocateTCBAndStack</STRONG> (Thumb, 58 bytes, Stack size 16 bytes, tasks.o(.text))
<BR><BR>[Stack]<UL><LI>Max Depth = 80 + Unknown Stack Size
<LI>Call Chain = prvAllocateTCBAndStack &rArr; pvPortMalloc &rArr; xTaskResumeAll &rArr; xTaskIncrementTick
</UL>
<BR>[Calls]<UL><LI><a href="#[d2]">&gt;&gt;</a>&nbsp;&nbsp;&nbsp;__aeabi_memset
<LI><a href="#[cc]">&gt;&gt;</a>&nbsp;&nbsp;&nbsp;vPortFree
<LI><a href="#[c8]">&gt;&gt;</a>&nbsp;&nbsp;&nbsp;pvPortMalloc
</UL>
<BR>[Called By]<UL><LI><a href="#[63]">&gt;&gt;</a>&nbsp;&nbsp;&nbsp;xTaskGenericCreate
</UL>

<P><STRONG><a name="[d8]"></a>prvAddCurrentTaskToDelayedList</STRONG> (Thumb, 144 bytes, Stack size 8 bytes, tasks.o(.text))
<BR><BR>[Stack]<UL><LI>Max Depth = 16<LI>Call Chain = prvAddCurrentTaskToDelayedList &rArr; vListInsert
</UL>
<BR>[Calls]<UL><LI><a href="#[d9]">&gt;&gt;</a>&nbsp;&nbsp;&nbsp;vListInsert
</UL>
<BR>[Called By]<UL><LI><a href="#[51]">&gt;&gt;</a>&nbsp;&nbsp;&nbsp;vTaskDelayUntil
<LI><a href="#[da]">&gt;&gt;</a>&nbsp;&nbsp;&nbsp;vTaskDelay
<LI><a href="#[e6]">&gt;&gt;</a>&nbsp;&nbsp;&nbsp;vTaskPlaceOnEventList
</UL>

<P><STRONG><a name="[e1]"></a>prvDeleteTCB</STRONG> (Thumb, 18 bytes, Stack size 8 bytes, tasks.o(.text))
<BR><BR>[Stack]<UL><LI>Max Depth = 64<LI>Call Chain = prvDeleteTCB &rArr; vPortFree &rArr; xTaskResumeAll &rArr; xTaskIncrementTick
</UL>
<BR>[Calls]<UL><LI><a href="#[cc]">&gt;&gt;</a>&nbsp;&nbsp;&nbsp;vPortFree
</UL>
<BR>[Called By]<UL><LI><a href="#[e2]">&gt;&gt;</a>&nbsp;&nbsp;&nbsp;prvCheckTasksWaitingTermination
</UL>

<P><STRONG><a name="[e2]"></a>prvCheckTasksWaitingTermination</STRONG> (Thumb, 86 bytes, Stack size 16 bytes, tasks.o(.text))
<BR><BR>[Stack]<UL><LI>Max Depth = 80<LI>Call Chain = prvCheckTasksWaitingTermination &rArr; prvDeleteTCB &rArr; vPortFree &rArr; xTaskResumeAll &rArr; xTaskIncrementTick
</UL>
<BR>[Calls]<UL><LI><a href="#[e1]">&gt;&gt;</a>&nbsp;&nbsp;&nbsp;prvDeleteTCB
<LI><a href="#[d7]">&gt;&gt;</a>&nbsp;&nbsp;&nbsp;uxListRemove
<LI><a href="#[cb]">&gt;&gt;</a>&nbsp;&nbsp;&nbsp;xTaskResumeAll
<LI><a href="#[c9]">&gt;&gt;</a>&nbsp;&nbsp;&nbsp;vTaskSuspendAll
<LI><a href="#[c5]">&gt;&gt;</a>&nbsp;&nbsp;&nbsp;vPortExitCritical
<LI><a href="#[c4]">&gt;&gt;</a>&nbsp;&nbsp;&nbsp;vPortEnterCritical
</UL>
<BR>[Called By]<UL><LI><a href="#[24]">&gt;&gt;</a>&nbsp;&nbsp;&nbsp;prvIdleTask
</UL>

<P><STRONG><a name="[24]"></a>prvIdleTask</STRONG> (Thumb, 20 bytes, Stack size 0 bytes, tasks.o(.text))
<BR><BR>[Stack]<UL><LI>Max Depth = 80<LI>Call Chain = prvIdleTask &rArr; prvCheckTasksWaitingTermination &rArr; prvDeleteTCB &rArr; vPortFree &rArr; xTaskResumeAll &rArr; xTaskIncrementTick
</UL>
<BR>[Calls]<UL><LI><a href="#[e2]">&gt;&gt;</a>&nbsp;&nbsp;&nbsp;prvCheckTasksWaitingTermination
<LI><a href="#[d5]">&gt;&gt;</a>&nbsp;&nbsp;&nbsp;vPortYield
</UL>
<BR>[Address Reference Count : 1]<UL><LI> tasks.o(.text)
</UL>
<P><STRONG><a name="[f6]"></a>_dadd1</STRONG> (Thumb, 0 bytes, Stack size unknown bytes, daddsub_clz.o(x$fpl$dadd), UNUSED)
<BR><BR>[Called By]<UL><LI><a href="#[f5]">&gt;&gt;</a>&nbsp;&nbsp;&nbsp;_dsub
</UL>

<P><STRONG><a name="[f0]"></a>_dsub1</STRONG> (Thumb, 0 bytes, Stack size unknown bytes, daddsub_clz.o(x$fpl$dsub), UNUSED)
<BR><BR>[Called By]<UL><LI><a href="#[ef]">&gt;&gt;</a>&nbsp;&nbsp;&nbsp;_dadd
</UL>
<P>
<H3>
Undefined Global Symbols
</H3><HR></body></html>
