<html>
<body>
<pre>
<h1>µVision Build Log</h1>
<h2>Project:</h2>
E:\EXlam\ARM Projects Keil\mdr32f9q-ps200w\MDR_200W.uvproj
Project File Date:  11/06/2013

<h2>Output:</h2>
Build target 'FLASH'
compiling system_MDR32F9Qx.c...
compiling MDR32F9Qx_rst_clk.c...
compiling MDR32F9Qx_ssp.c...
compiling MDR32F9Qx_port.c...
compiling MDR32F9Qx_timer.c...
compiling MDR32F9Qx_i2c.c...
compiling MDR32F9Qx_adc.c...
compiling main.c...
compiling systemfunc.c...
compiling systick.c...
compiling lcd_1202.c...
compiling buttons.c...
compiling led.c...
compiling encoder.c...
compiling i2c_eeprom.c...
compiling dwt_delay.c...
compiling control.c...
compiling lcd_func.c...
compiling converter.c...
src\converter.c(424): error:  #29: expected an expression
src\converter.c(429): warning:  #12-D: parsing restarts here after previous syntax error
src\converter.c(532): warning:  #177-D: variable "xHigherPriorityTaskWokenByPost" was declared but never referenced
compiling gui_top.c...
compiling service.c...
compiling dispatcher.c...
src\dispatcher.c(39): warning:  #177-D: variable "encoder_delta" was declared but never referenced
compiling adc.c...
compiling font_8x12.c...
compiling font_32x19.c...
compiling font_16x10.c...
compiling images.c...
compiling port.c...
compiling heap_2.c...
compiling croutine.c...
compiling list.c...
compiling queue.c...
compiling tasks.c...
compiling timers.c...
Target not created
Build target 'FLASH'
compiling converter.c...
src\converter.c(425): error:  #18: expected a ")"
src\converter.c(433): warning:  #12-D: parsing restarts here after previous syntax error
src\converter.c(433): error:  #127: expected a statement
Target not created
Build target 'FLASH'
compiling converter.c...
linking...
Program Size: Code=26072 RO-data=6104 RW-data=192 ZI-data=22792  
FromELF: creating hex file...
".\FLASH\MDR_200W.axf" - 0 Error(s), 0 Warning(s).
Load "E:\\EXlam\\ARM Projects Keil\\mdr32f9q-ps200w\\FLASH\\MDR_200W.AXF" 
Set JLink Project File to "E:\EXlam\ARM Projects Keil\mdr32f9q-ps200w\JLinkSettings.ini"
 
JLink info:
------------
DLL: V4.40c, compiled Jan 24 2012 09:30:33
Firmware: J-Link ARM V7 compiled Jun 20 2012 19:45:53
Hardware: V7.00
S/N : 11111117 
Feature(s) : RDI, FlashBP, FlashDL, JFlash, GDBFull 
 
* JLink Info: TotalIRLen = 4, IRPrint = 0x01
* JLink Info: Found Cortex-M3 r2p0, Little endian.
* JLink Info: TPIU fitted.
* JLink Info:   FPUnit: 6 code (BP) slots and 2 literal slots
ROMTableAddr = 0xE00FF003
* JLink Info: TotalIRLen = 4, IRPrint = 0x01
* JLink Info: Found Cortex-M3 r2p0, Little endian.
* JLink Info: TPIU fitted.
* JLink Info:   FPUnit: 6 code (BP) slots and 2 literal slots
* JLink Info: Found Cortex-M3 r2p0, Little endian.
* JLink Info: TPIU fitted.
* JLink Info:   FPUnit: 6 code (BP) slots and 2 literal slots
**JLink Warning: Could not set S_RESET_ST
 
Target info:
------------
Device: MDR32F9Q2I
VTarget = 2.769V
State of Pins: 
TCK: 1, TDI: 0, TDO: 1, TMS: 0, TRES: 1, TRST: 1
Hardware-Breakpoints: 6
Software-Breakpoints: 8192
Watchpoints:          4
JTAG speed: 500 kHz
 
Erase Done.
Programming Done.
Verify OK.
Build target 'FLASH'
compiling converter.c...
linking...
Program Size: Code=26072 RO-data=6104 RW-data=192 ZI-data=22792  
FromELF: creating hex file...
".\FLASH\MDR_200W.axf" - 0 Error(s), 0 Warning(s).
Load "E:\\EXlam\\ARM Projects Keil\\mdr32f9q-ps200w\\FLASH\\MDR_200W.AXF" 
Set JLink Project File to "E:\EXlam\ARM Projects Keil\mdr32f9q-ps200w\JLinkSettings.ini"
 
JLink info:
------------
DLL: V4.40c, compiled Jan 24 2012 09:30:33
Firmware: J-Link ARM V7 compiled Jun 20 2012 19:45:53
Hardware: V7.00
S/N : 11111117 
Feature(s) : RDI, FlashBP, FlashDL, JFlash, GDBFull 
 
* JLink Info: TotalIRLen = 4, IRPrint = 0x01
* JLink Info: Found Cortex-M3 r2p0, Little endian.
* JLink Info: TPIU fitted.
* JLink Info:   FPUnit: 6 code (BP) slots and 2 literal slots
ROMTableAddr = 0xE00FF003
* JLink Info: TotalIRLen = 4, IRPrint = 0x01
* JLink Info: Found Cortex-M3 r2p0, Little endian.
* JLink Info: TPIU fitted.
* JLink Info:   FPUnit: 6 code (BP) slots and 2 literal slots
* JLink Info: Found Cortex-M3 r2p0, Little endian.
* JLink Info: TPIU fitted.
* JLink Info:   FPUnit: 6 code (BP) slots and 2 literal slots
**JLink Warning: Could not set S_RESET_ST
 
Target info:
------------
Device: MDR32F9Q2I
VTarget = 2.672V
State of Pins: 
TCK: 1, TDI: 0, TDO: 1, TMS: 0, TRES: 1, TRST: 1
Hardware-Breakpoints: 6
Software-Breakpoints: 8192
Watchpoints:          4
JTAG speed: 500 kHz
 
Erase Done.
Programming Done.
Verify OK.
Build target 'FLASH'
compiling main.c...
.\src\converter.h(108): error:  #35: #error directive: "Either CMD_HAS_PRIORITY or ERROR_HAS_PRIORITY options must be set"
compiling systemfunc.c...
compiling systick.c...
src\converter.h(108): error:  #35: #error directive: "Either CMD_HAS_PRIORITY or ERROR_HAS_PRIORITY options must be set"
compiling encoder.c...
compiling converter.c...
src\converter.h(108): error:  #35: #error directive: "Either CMD_HAS_PRIORITY or ERROR_HAS_PRIORITY options must be set"
compiling gui_top.c...
src\converter.h(108): error:  #35: #error directive: "Either CMD_HAS_PRIORITY or ERROR_HAS_PRIORITY options must be set"
compiling dispatcher.c...
src\converter.h(108): error:  #35: #error directive: "Either CMD_HAS_PRIORITY or ERROR_HAS_PRIORITY options must be set"
compiling adc.c...
src\converter.h(108): error:  #35: #error directive: "Either CMD_HAS_PRIORITY or ERROR_HAS_PRIORITY options must be set"
Target not created
Build target 'FLASH'
compiling main.c...
.\src\converter.h(108): error:  #35: #error directive: "Either CMD_HAS_PRIORITY or ERROR_HAS_PRIORITY options must be set"
compiling systick.c...
src\converter.h(108): error:  #35: #error directive: "Either CMD_HAS_PRIORITY or ERROR_HAS_PRIORITY options must be set"
compiling converter.c...
src\converter.h(108): error:  #35: #error directive: "Either CMD_HAS_PRIORITY or ERROR_HAS_PRIORITY options must be set"
compiling gui_top.c...
src\converter.h(108): error:  #35: #error directive: "Either CMD_HAS_PRIORITY or ERROR_HAS_PRIORITY options must be set"
compiling dispatcher.c...
src\converter.h(108): error:  #35: #error directive: "Either CMD_HAS_PRIORITY or ERROR_HAS_PRIORITY options must be set"
compiling adc.c...
src\converter.h(108): error:  #35: #error directive: "Either CMD_HAS_PRIORITY or ERROR_HAS_PRIORITY options must be set"
Target not created
Build target 'FLASH'
compiling main.c...
compiling systick.c...
compiling converter.c...
compiling gui_top.c...
compiling dispatcher.c...
src\dispatcher.c(39): warning:  #177-D: variable "encoder_delta" was declared but never referenced
compiling adc.c...
linking...
Program Size: Code=26048 RO-data=6104 RW-data=192 ZI-data=22792  
FromELF: creating hex file...
".\FLASH\MDR_200W.axf" - 0 Error(s), 1 Warning(s).
Load "E:\\EXlam\\ARM Projects Keil\\mdr32f9q-ps200w\\FLASH\\MDR_200W.AXF" 
Set JLink Project File to "E:\EXlam\ARM Projects Keil\mdr32f9q-ps200w\JLinkSettings.ini"
 
JLink info:
------------
DLL: V4.40c, compiled Jan 24 2012 09:30:33
Firmware: J-Link ARM V7 compiled Jun 20 2012 19:45:53
Hardware: V7.00
S/N : 11111117 
Feature(s) : RDI, FlashBP, FlashDL, JFlash, GDBFull 
 
* JLink Info: TotalIRLen = 4, IRPrint = 0x01
* JLink Info: Found Cortex-M3 r2p0, Little endian.
* JLink Info: TPIU fitted.
* JLink Info:   FPUnit: 6 code (BP) slots and 2 literal slots
ROMTableAddr = 0xE00FF003
* JLink Info: TotalIRLen = 4, IRPrint = 0x01
* JLink Info: Found Cortex-M3 r2p0, Little endian.
* JLink Info: TPIU fitted.
* JLink Info:   FPUnit: 6 code (BP) slots and 2 literal slots
* JLink Info: Found Cortex-M3 r2p0, Little endian.
* JLink Info: TPIU fitted.
* JLink Info:   FPUnit: 6 code (BP) slots and 2 literal slots
**JLink Warning: Could not set S_RESET_ST
 
Target info:
------------
Device: MDR32F9Q2I
VTarget = 2.769V
State of Pins: 
TCK: 1, TDI: 0, TDO: 1, TMS: 0, TRES: 1, TRST: 1
Hardware-Breakpoints: 6
Software-Breakpoints: 8192
Watchpoints:          4
JTAG speed: 500 kHz
 
Erase Done.
Programming Done.
Verify OK.
